19:58:11 **** Incremental Build of configuration Debug for project Blinkinh_CM4 ****
make -j20 all 
arm-none-eabi-gcc "../Core/Src/main.c" -mcpu=cortex-m4 -std=gnu11 -g3 -DDEBUG -DCORE_CM4 -DUSE_HAL_DRIVER -DSTM32H745xx -c -I../Core/Inc -I../../Drivers/STM32H7xx_HAL_Driver/Inc -I../../Drivers/STM32H7xx_HAL_Driver/Inc/Legacy -I../../Drivers/CMSIS/Device/ST/STM32H7xx/Include -I../../Drivers/CMSIS/Include -O0 -ffunction-sections -fdata-sections -Wall -fstack-usage -MMD -MP -MF"Core/Src/main.d" -MT"Core/Src/main.o" --specs=nano.specs -mfpu=fpv4-sp-d16 -mfloat-abi=hard -mthumb -o "Core/Src/main.o"
arm-none-eabi-gcc -o "Blinkinh_CM4.elf" @"objects.list"   -mcpu=cortex-m4 -T"C:\Users\saksh\STM32CubeIDE\workspace_1.10.1\Blinkinh\CM4\STM32H745ZITX_FLASH.ld" --specs=nosys.specs -Wl,-Map="Blinkinh_CM4.map" -Wl,--gc-sections -static --specs=nano.specs -mfpu=fpv4-sp-d16 -mfloat-abi=hard -mthumb -Wl,--start-group -lc -lm -Wl,--end-group
Finished building target: Blinkinh_CM4.elf
 
arm-none-eabi-size   Blinkinh_CM4.elf 
arm-none-eabi-objdump -h -S  Blinkinh_CM4.elf  > "Blinkinh_CM4.list"
   text	   data	    bss	    dec	    hex	filename
  13552	    284	   1732	  15568	   3cd0	Blinkinh_CM4.elf
Finished building: default.size.stdout
 
Finished building: Blinkinh_CM4.list
 

19:58:12 Build Finished. 0 errors, 0 warnings. (took 528ms)

