20:01:28 **** Incremental Build of configuration Debug for project LU ****
make -j20 all 
arm-none-eabi-gcc "../Core/Src/main.c" -mcpu=cortex-m3 -std=gnu11 -g3 -DDEBUG -DUSE_HAL_DRIVER -DSTM32F103xB -c -I../Core/Inc -I../Drivers/STM32F1xx_HAL_Driver/Inc/Legacy -I../Drivers/STM32F1xx_HAL_Driver/Inc -I../Drivers/CMSIS/Device/ST/STM32F1xx/Include -I../Drivers/CMSIS/Include -O0 -ffunction-sections -fdata-sections -Wall -fstack-usage -MMD -MP -MF"Core/Src/main.d" -MT"Core/Src/main.o" --specs=nano.specs -mfloat-abi=soft -mthumb -o "Core/Src/main.o"
../Core/Src/main.c: In function 'main':
../Core/Src/main.c:133:32: warning: passing argument 2 of 'HAL_UART_Receive' from incompatible pointer type [-Wincompatible-pointer-types]
  133 |    if(HAL_UART_Receive(&huart1,con_sig,sizeof(con_sig),10)) {
      |                                ^~~~~~~
      |                                |
      |                                uint32_t * {aka long unsigned int *}
In file included from ../Core/Inc/stm32f1xx_hal_conf.h:338,
                 from ../Drivers/STM32F1xx_HAL_Driver/Inc/stm32f1xx_hal.h:29,
                 from ../Core/Inc/main.h:30,
                 from ../Core/Src/main.c:20:
../Drivers/STM32F1xx_HAL_Driver/Inc/stm32f1xx_hal_uart.h:750:72: note: expected 'uint8_t *' {aka 'unsigned char *'} but argument is of type 'uint32_t *' {aka 'long unsigned int *'}
  750 | HAL_StatusTypeDef HAL_UART_Receive(UART_HandleTypeDef *huart, uint8_t *pData, uint16_t Size, uint32_t Timeout);
      |                                                               ~~~~~~~~~^~~~~
../Core/Src/main.c:138:27: warning: passing argument 1 of 'atof' from incompatible pointer type [-Wincompatible-pointer-types]
  138 |    targetCurrentma = atof(con_sig);
      |                           ^~~~~~~
      |                           |
      |                           uint32_t * {aka long unsigned int *}
In file included from ../Core/Src/main.c:24:
c:\st\stm32cubeide_1.10.1\stm32cubeide\plugins\com.st.stm32cube.ide.mcu.externaltools.gnu-tools-for-stm32.10.3-2021.10.win32_1.0.0.202111181127\tools\arm-none-eabi\include\stdlib.h:77:26: note: expected 'const char *' but argument is of type 'uint32_t *' {aka 'long unsigned int *'}
   77 | double atof (const char *__nptr);
      |              ~~~~~~~~~~~~^~~~~~
arm-none-eabi-gcc -o "LU.elf" @"objects.list"   -mcpu=cortex-m3 -T"D:\Download\Vegapod\Vegapod 24\STM IDE\Inverter_Workspace\LU\STM32F103C8TX_FLASH.ld" --specs=nosys.specs -Wl,-Map="LU.map" -Wl,--gc-sections -static --specs=nano.specs -mfloat-abi=soft -mthumb -Wl,--start-group -lc -lm -Wl,--end-group
Finished building target: LU.elf
 
arm-none-eabi-size   LU.elf 
arm-none-eabi-objdump -h -S  LU.elf  > "LU.list"
   text	   data	    bss	    dec	    hex	filename
  30900	    492	   1908	  33300	   8214	LU.elf
Finished building: default.size.stdout
 
Finished building: LU.list
 
20:01:32 **** Incremental Build of configuration Debug for project LU ****
make -j20 all 
arm-none-eabi-size   LU.elf 
   text	   data	    bss	    dec	    hex	filename
  30900	    492	   1908	  33300	   8214	LU.elf
Finished building: default.size.stdout
 
