Archive member included to satisfy reference by file (symbol)

c:/st/stm32cubeide_1.10.1/stm32cubeide/plugins/com.st.stm32cube.ide.mcu.externaltools.gnu-tools-for-stm32.10.3-2021.10.win32_1.0.0.202111181127/tools/bin/../lib/gcc/arm-none-eabi/10.3.1/../../../../arm-none-eabi/lib/thumb/v7e-m+dp/hard\libc_nano.a(lib_a-errno.o)
                              ./Core/Src/syscalls.o (__errno)
c:/st/stm32cubeide_1.10.1/stm32cubeide/plugins/com.st.stm32cube.ide.mcu.externaltools.gnu-tools-for-stm32.10.3-2021.10.win32_1.0.0.202111181127/tools/bin/../lib/gcc/arm-none-eabi/10.3.1/../../../../arm-none-eabi/lib/thumb/v7e-m+dp/hard\libc_nano.a(lib_a-exit.o)
                              c:/st/stm32cubeide_1.10.1/stm32cubeide/plugins/com.st.stm32cube.ide.mcu.externaltools.gnu-tools-for-stm32.10.3-2021.10.win32_1.0.0.202111181127/tools/bin/../lib/gcc/arm-none-eabi/10.3.1/../../../../arm-none-eabi/lib/thumb/v7e-m+dp/hard/crt0.o (exit)
c:/st/stm32cubeide_1.10.1/stm32cubeide/plugins/com.st.stm32cube.ide.mcu.externaltools.gnu-tools-for-stm32.10.3-2021.10.win32_1.0.0.202111181127/tools/bin/../lib/gcc/arm-none-eabi/10.3.1/../../../../arm-none-eabi/lib/thumb/v7e-m+dp/hard\libc_nano.a(lib_a-impure.o)
                              c:/st/stm32cubeide_1.10.1/stm32cubeide/plugins/com.st.stm32cube.ide.mcu.externaltools.gnu-tools-for-stm32.10.3-2021.10.win32_1.0.0.202111181127/tools/bin/../lib/gcc/arm-none-eabi/10.3.1/../../../../arm-none-eabi/lib/thumb/v7e-m+dp/hard\libc_nano.a(lib_a-exit.o) (_global_impure_ptr)
c:/st/stm32cubeide_1.10.1/stm32cubeide/plugins/com.st.stm32cube.ide.mcu.externaltools.gnu-tools-for-stm32.10.3-2021.10.win32_1.0.0.202111181127/tools/bin/../lib/gcc/arm-none-eabi/10.3.1/../../../../arm-none-eabi/lib/thumb/v7e-m+dp/hard\libc_nano.a(lib_a-init.o)
                              c:/st/stm32cubeide_1.10.1/stm32cubeide/plugins/com.st.stm32cube.ide.mcu.externaltools.gnu-tools-for-stm32.10.3-2021.10.win32_1.0.0.202111181127/tools/bin/../lib/gcc/arm-none-eabi/10.3.1/../../../../arm-none-eabi/lib/thumb/v7e-m+dp/hard/crt0.o (__libc_init_array)
c:/st/stm32cubeide_1.10.1/stm32cubeide/plugins/com.st.stm32cube.ide.mcu.externaltools.gnu-tools-for-stm32.10.3-2021.10.win32_1.0.0.202111181127/tools/bin/../lib/gcc/arm-none-eabi/10.3.1/../../../../arm-none-eabi/lib/thumb/v7e-m+dp/hard\libc_nano.a(lib_a-memset.o)
                              c:/st/stm32cubeide_1.10.1/stm32cubeide/plugins/com.st.stm32cube.ide.mcu.externaltools.gnu-tools-for-stm32.10.3-2021.10.win32_1.0.0.202111181127/tools/bin/../lib/gcc/arm-none-eabi/10.3.1/../../../../arm-none-eabi/lib/thumb/v7e-m+dp/hard/crt0.o (memset)
c:/st/stm32cubeide_1.10.1/stm32cubeide/plugins/com.st.stm32cube.ide.mcu.externaltools.gnu-tools-for-stm32.10.3-2021.10.win32_1.0.0.202111181127/tools/bin/../lib/gcc/arm-none-eabi/10.3.1/thumb/v7e-m+dp/hard\libgcc.a(_aeabi_uldivmod.o)
                              ./Drivers/STM32H7xx_HAL_Driver/Src/stm32h7xx_hal_uart.o (__aeabi_uldivmod)
c:/st/stm32cubeide_1.10.1/stm32cubeide/plugins/com.st.stm32cube.ide.mcu.externaltools.gnu-tools-for-stm32.10.3-2021.10.win32_1.0.0.202111181127/tools/bin/../lib/gcc/arm-none-eabi/10.3.1/thumb/v7e-m+dp/hard\libgcc.a(_udivmoddi4.o)
                              c:/st/stm32cubeide_1.10.1/stm32cubeide/plugins/com.st.stm32cube.ide.mcu.externaltools.gnu-tools-for-stm32.10.3-2021.10.win32_1.0.0.202111181127/tools/bin/../lib/gcc/arm-none-eabi/10.3.1/thumb/v7e-m+dp/hard\libgcc.a(_aeabi_uldivmod.o) (__udivmoddi4)
c:/st/stm32cubeide_1.10.1/stm32cubeide/plugins/com.st.stm32cube.ide.mcu.externaltools.gnu-tools-for-stm32.10.3-2021.10.win32_1.0.0.202111181127/tools/bin/../lib/gcc/arm-none-eabi/10.3.1/thumb/v7e-m+dp/hard\libgcc.a(_dvmd_tls.o)
                              c:/st/stm32cubeide_1.10.1/stm32cubeide/plugins/com.st.stm32cube.ide.mcu.externaltools.gnu-tools-for-stm32.10.3-2021.10.win32_1.0.0.202111181127/tools/bin/../lib/gcc/arm-none-eabi/10.3.1/thumb/v7e-m+dp/hard\libgcc.a(_aeabi_uldivmod.o) (__aeabi_ldiv0)

Discarded input sections

 .text          0x0000000000000000        0x0 c:/st/stm32cubeide_1.10.1/stm32cubeide/plugins/com.st.stm32cube.ide.mcu.externaltools.gnu-tools-for-stm32.10.3-2021.10.win32_1.0.0.202111181127/tools/bin/../lib/gcc/arm-none-eabi/10.3.1/thumb/v7e-m+dp/hard/crti.o
 .data          0x0000000000000000        0x0 c:/st/stm32cubeide_1.10.1/stm32cubeide/plugins/com.st.stm32cube.ide.mcu.externaltools.gnu-tools-for-stm32.10.3-2021.10.win32_1.0.0.202111181127/tools/bin/../lib/gcc/arm-none-eabi/10.3.1/thumb/v7e-m+dp/hard/crti.o
 .bss           0x0000000000000000        0x0 c:/st/stm32cubeide_1.10.1/stm32cubeide/plugins/com.st.stm32cube.ide.mcu.externaltools.gnu-tools-for-stm32.10.3-2021.10.win32_1.0.0.202111181127/tools/bin/../lib/gcc/arm-none-eabi/10.3.1/thumb/v7e-m+dp/hard/crti.o
[...]
Memory Configuration

Name             Origin             Length             Attributes
ITCMRAM          0x0000000000000000 0x0000000000010000 xrw
FLASH            0x0000000008000000 0x0000000000200000 xr
DTCMRAM1         0x0000000020000000 0x0000000000010000 xrw
DTCMRAM2         0x0000000020010000 0x0000000000010000 xrw
RAM              0x0000000024000000 0x0000000000100000 xrw
RAM_CD           0x0000000030000000 0x0000000000020000 xrw
RAM_SRD          0x0000000038000000 0x0000000000008000 xrw
*default*        0x0000000000000000 0xffffffffffffffff

Linker script and memory map

LOAD c:/st/stm32cubeide_1.10.1/stm32cubeide/plugins/com.st.stm32cube.ide.mcu.externaltools.gnu-tools-for-stm32.10.3-2021.10.win32_1.0.0.202111181127/tools/bin/../lib/gcc/arm-none-eabi/10.3.1/thumb/v7e-m+dp/hard/crti.o
LOAD c:/st/stm32cubeide_1.10.1/stm32cubeide/plugins/com.st.stm32cube.ide.mcu.externaltools.gnu-tools-for-stm32.10.3-2021.10.win32_1.0.0.202111181127/tools/bin/../lib/gcc/arm-none-eabi/10.3.1/thumb/v7e-m+dp/hard/crtbegin.o
LOAD c:/st/stm32cubeide_1.10.1/stm32cubeide/plugins/com.st.stm32cube.ide.mcu.externaltools.gnu-tools-for-stm32.10.3-2021.10.win32_1.0.0.202111181127/tools/bin/../lib/gcc/arm-none-eabi/10.3.1/../../../../arm-none-eabi/lib/thumb/v7e-m+dp/hard/crt0.o
LOAD ./Core/Src/main.o
LOAD ./Core/Src/stm32h7xx_hal_msp.o
LOAD ./Core/Src/stm32h7xx_it.o
LOAD ./Core/Src/syscalls.o
LOAD ./Core/Src/sysmem.o
LOAD ./Core/Src/system_stm32h7xx.o
LOAD ./Core/Startup/startup_stm32h7a3zitxq.o
LOAD ./Drivers/STM32H7xx_HAL_Driver/Src/stm32h7xx_hal.o
LOAD ./Drivers/STM32H7xx_HAL_Driver/Src/stm32h7xx_hal_cortex.o
LOAD ./Drivers/STM32H7xx_HAL_Driver/Src/stm32h7xx_hal_dma.o
LOAD ./Drivers/STM32H7xx_HAL_Driver/Src/stm32h7xx_hal_dma_ex.o
LOAD ./Drivers/STM32H7xx_HAL_Driver/Src/stm32h7xx_hal_exti.o
LOAD ./Drivers/STM32H7xx_HAL_Driver/Src/stm32h7xx_hal_flash.o
LOAD ./Drivers/STM32H7xx_HAL_Driver/Src/stm32h7xx_hal_flash_ex.o
LOAD ./Drivers/STM32H7xx_HAL_Driver/Src/stm32h7xx_hal_gpio.o
LOAD ./Drivers/STM32H7xx_HAL_Driver/Src/stm32h7xx_hal_hsem.o
LOAD ./Drivers/STM32H7xx_HAL_Driver/Src/stm32h7xx_hal_i2c.o
LOAD ./Drivers/STM32H7xx_HAL_Driver/Src/stm32h7xx_hal_i2c_ex.o
LOAD ./Drivers/STM32H7xx_HAL_Driver/Src/stm32h7xx_hal_mdma.o
LOAD ./Drivers/STM32H7xx_HAL_Driver/Src/stm32h7xx_hal_pwr.o
LOAD ./Drivers/STM32H7xx_HAL_Driver/Src/stm32h7xx_hal_pwr_ex.o
LOAD ./Drivers/STM32H7xx_HAL_Driver/Src/stm32h7xx_hal_rcc.o
LOAD ./Drivers/STM32H7xx_HAL_Driver/Src/stm32h7xx_hal_rcc_ex.o
LOAD ./Drivers/STM32H7xx_HAL_Driver/Src/stm32h7xx_hal_tim.o
LOAD ./Drivers/STM32H7xx_HAL_Driver/Src/stm32h7xx_hal_tim_ex.o
LOAD ./Drivers/STM32H7xx_HAL_Driver/Src/stm32h7xx_hal_uart.o
LOAD ./Drivers/STM32H7xx_HAL_Driver/Src/stm32h7xx_hal_uart_ex.o
START GROUP
LOAD c:/st/stm32cubeide_1.10.1/stm32cubeide/plugins/com.st.stm32cube.ide.mcu.externaltools.gnu-tools-for-stm32.10.3-2021.10.win32_1.0.0.202111181127/tools/bin/../lib/gcc/arm-none-eabi/10.3.1/../../../../arm-none-eabi/lib/thumb/v7e-m+dp/hard\libc_nano.a
LOAD c:/st/stm32cubeide_1.10.1/stm32cubeide/plugins/com.st.stm32cube.ide.mcu.externaltools.gnu-tools-for-stm32.10.3-2021.10.win32_1.0.0.202111181127/tools/bin/../lib/gcc/arm-none-eabi/10.3.1/../../../../arm-none-eabi/lib/thumb/v7e-m+dp/hard\libm.a
END GROUP
START GROUP
LOAD c:/st/stm32cubeide_1.10.1/stm32cubeide/plugins/com.st.stm32cube.ide.mcu.externaltools.gnu-tools-for-stm32.10.3-2021.10.win32_1.0.0.202111181127/tools/bin/../lib/gcc/arm-none-eabi/10.3.1/thumb/v7e-m+dp/hard\libgcc.a
LOAD c:/st/stm32cubeide_1.10.1/stm32cubeide/plugins/com.st.stm32cube.ide.mcu.externaltools.gnu-tools-for-stm32.10.3-2021.10.win32_1.0.0.202111181127/tools/bin/../lib/gcc/arm-none-eabi/10.3.1/../../../../arm-none-eabi/lib/thumb/v7e-m+dp/hard\libc_nano.a
END GROUP
START GROUP
LOAD c:/st/stm32cubeide_1.10.1/stm32cubeide/plugins/com.st.stm32cube.ide.mcu.externaltools.gnu-tools-for-stm32.10.3-2021.10.win32_1.0.0.202111181127/tools/bin/../lib/gcc/arm-none-eabi/10.3.1/thumb/v7e-m+dp/hard\libgcc.a
LOAD c:/st/stm32cubeide_1.10.1/stm32cubeide/plugins/com.st.stm32cube.ide.mcu.externaltools.gnu-tools-for-stm32.10.3-2021.10.win32_1.0.0.202111181127/tools/bin/../lib/gcc/arm-none-eabi/10.3.1/../../../../arm-none-eabi/lib/thumb/v7e-m+dp/hard\libc_nano.a
LOAD c:/st/stm32cubeide_1.10.1/stm32cubeide/plugins/com.st.stm32cube.ide.mcu.externaltools.gnu-tools-for-stm32.10.3-2021.10.win32_1.0.0.202111181127/tools/bin/../lib/gcc/arm-none-eabi/10.3.1/../../../../arm-none-eabi/lib/thumb/v7e-m+dp/hard\libnosys.a
END GROUP
START GROUP
LOAD c:/st/stm32cubeide_1.10.1/stm32cubeide/plugins/com.st.stm32cube.ide.mcu.externaltools.gnu-tools-for-stm32.10.3-2021.10.win32_1.0.0.202111181127/tools/bin/../lib/gcc/arm-none-eabi/10.3.1/thumb/v7e-m+dp/hard\libgcc.a
LOAD c:/st/stm32cubeide_1.10.1/stm32cubeide/plugins/com.st.stm32cube.ide.mcu.externaltools.gnu-tools-for-stm32.10.3-2021.10.win32_1.0.0.202111181127/tools/bin/../lib/gcc/arm-none-eabi/10.3.1/../../../../arm-none-eabi/lib/thumb/v7e-m+dp/hard\libc_nano.a
LOAD c:/st/stm32cubeide_1.10.1/stm32cubeide/plugins/com.st.stm32cube.ide.mcu.externaltools.gnu-tools-for-stm32.10.3-2021.10.win32_1.0.0.202111181127/tools/bin/../lib/gcc/arm-none-eabi/10.3.1/../../../../arm-none-eabi/lib/thumb/v7e-m+dp/hard\libnosys.a
END GROUP
LOAD c:/st/stm32cubeide_1.10.1/stm32cubeide/plugins/com.st.stm32cube.ide.mcu.externaltools.gnu-tools-for-stm32.10.3-2021.10.win32_1.0.0.202111181127/tools/bin/../lib/gcc/arm-none-eabi/10.3.1/thumb/v7e-m+dp/hard/crtend.o
LOAD c:/st/stm32cubeide_1.10.1/stm32cubeide/plugins/com.st.stm32cube.ide.mcu.externaltools.gnu-tools-for-stm32.10.3-2021.10.win32_1.0.0.202111181127/tools/bin/../lib/gcc/arm-none-eabi/10.3.1/thumb/v7e-m+dp/hard/crtn.o
                0x0000000024100000                _estack = (ORIGIN (RAM) + LENGTH (RAM))
                0x0000000000000200                _Min_Heap_Size = 0x200
                0x0000000000000400                _Min_Stack_Size = 0x400

.isr_vector     0x0000000008000000      0x2ac
                0x0000000008000000                . = ALIGN (0x4)
 *(.isr_vector)
 .isr_vector    0x0000000008000000      0x2ac ./Core/Startup/startup_stm32h7a3zitxq.o
                0x0000000008000000                g_pfnVectors
                0x00000000080002ac                . = ALIGN (0x4)

.text           0x00000000080002ac     0x6144
                0x00000000080002ac                . = ALIGN (0x4)
 *(.text)
 .text          0x00000000080002ac       0x40 c:/st/stm32cubeide_1.10.1/stm32cubeide/plugins/com.st.stm32cube.ide.mcu.externaltools.gnu-tools-for-stm32.10.3-2021.10.win32_1.0.0.202111181127/tools/bin/../lib/gcc/arm-none-eabi/10.3.1/thumb/v7e-m+dp/hard/crtbegin.o
 .text          0x00000000080002ec       0x30 c:/st/stm32cubeide_1.10.1/stm32cubeide/plugins/com.st.stm32cube.ide.mcu.externaltools.gnu-tools-for-stm32.10.3-2021.10.win32_1.0.0.202111181127/tools/bin/../lib/gcc/arm-none-eabi/10.3.1/thumb/v7e-m+dp/hard\libgcc.a(_aeabi_uldivmod.o)
                0x00000000080002ec                __aeabi_uldivmod
 .text          0x000000000800031c      0x2d0 c:/st/stm32cubeide_1.10.1/stm32cubeide/plugins/com.st.stm32cube.ide.mcu.externaltools.gnu-tools-for-stm32.10.3-2021.10.win32_1.0.0.202111181127/tools/bin/../lib/gcc/arm-none-eabi/10.3.1/thumb/v7e-m+dp/hard\libgcc.a(_udivmoddi4.o)
                0x000000000800031c                __udivmoddi4
 .text          0x00000000080005ec        0x4 c:/st/stm32cubeide_1.10.1/stm32cubeide/plugins/com.st.stm32cube.ide.mcu.externaltools.gnu-tools-for-stm32.10.3-2021.10.win32_1.0.0.202111181127/tools/bin/../lib/gcc/arm-none-eabi/10.3.1/thumb/v7e-m+dp/hard\libgcc.a(_dvmd_tls.o)
                0x00000000080005ec                __aeabi_idiv0
                0x00000000080005ec                __aeabi_ldiv0
 *(.text*)
 .text.main     0x00000000080005f0       0x50 ./Core/Src/main.o
                0x00000000080005f0                main
 .text.SystemClock_Config
                0x0000000008000640       0xec ./Core/Src/main.o
                0x0000000008000640                SystemClock_Config
 .text.MX_UART4_Init
                0x000000000800072c       0x98 ./Core/Src/main.o
 .text.MX_USART3_UART_Init
                0x00000000080007c4       0x98 ./Core/Src/main.o
 .text.MX_USB_OTG_HS_USB_Init
                0x000000000800085c        0xe ./Core/Src/main.o
 *fill*         0x000000000800086a        0x2 
 .text.MX_GPIO_Init
                0x000000000800086c      0x234 ./Core/Src/main.o
 .text.Error_Handler
                0x0000000008000aa0        0xa ./Core/Src/main.o
                0x0000000008000aa0                Error_Handler
 *fill*         0x0000000008000aaa        0x2 
 .text.HAL_MspInit
                0x0000000008000aac       0x34 ./Core/Src/stm32h7xx_hal_msp.o
                0x0000000008000aac                HAL_MspInit
 .text.HAL_UART_MspInit
                0x0000000008000ae0      0x1c0 ./Core/Src/stm32h7xx_hal_msp.o
                0x0000000008000ae0                HAL_UART_MspInit
 .text.NMI_Handler
                0x0000000008000ca0        0x6 ./Core/Src/stm32h7xx_it.o
                0x0000000008000ca0                NMI_Handler
 .text.HardFault_Handler
                0x0000000008000ca6        0x6 ./Core/Src/stm32h7xx_it.o
                0x0000000008000ca6                HardFault_Handler
 .text.MemManage_Handler
                0x0000000008000cac        0x6 ./Core/Src/stm32h7xx_it.o
                0x0000000008000cac                MemManage_Handler
 .text.BusFault_Handler
                0x0000000008000cb2        0x6 ./Core/Src/stm32h7xx_it.o
                0x0000000008000cb2                BusFault_Handler
 .text.UsageFault_Handler
                0x0000000008000cb8        0x6 ./Core/Src/stm32h7xx_it.o
                0x0000000008000cb8                UsageFault_Handler
 .text.SVC_Handler
                0x0000000008000cbe        0xe ./Core/Src/stm32h7xx_it.o
                0x0000000008000cbe                SVC_Handler
 .text.DebugMon_Handler
                0x0000000008000ccc        0xe ./Core/Src/stm32h7xx_it.o
                0x0000000008000ccc                DebugMon_Handler
 .text.PendSV_Handler
                0x0000000008000cda        0xe ./Core/Src/stm32h7xx_it.o
                0x0000000008000cda                PendSV_Handler
 .text.SysTick_Handler
                0x0000000008000ce8        0xc ./Core/Src/stm32h7xx_it.o
                0x0000000008000ce8                SysTick_Handler
 .text.UART4_IRQHandler
                0x0000000008000cf4       0x14 ./Core/Src/stm32h7xx_it.o
                0x0000000008000cf4                UART4_IRQHandler
 .text.SystemInit
                0x0000000008000d08       0xf0 ./Core/Src/system_stm32h7xx.o
                0x0000000008000d08                SystemInit
 .text.Reset_Handler
                0x0000000008000df8       0x50 ./Core/Startup/startup_stm32h7a3zitxq.o
                0x0000000008000df8                Reset_Handler
 .text.Default_Handler
                0x0000000008000e48        0x2 ./Core/Startup/startup_stm32h7a3zitxq.o
                0x0000000008000e48                RTC_Alarm_IRQHandler
                0x0000000008000e48                EXTI2_IRQHandler
                0x0000000008000e48                TIM8_CC_IRQHandler
                0x0000000008000e48                UART8_IRQHandler
                0x0000000008000e48                BDMA2_Channel1_IRQHandler
                0x0000000008000e48                SPI4_IRQHandler
                0x0000000008000e48                BDMA2_Channel0_IRQHandler
                0x0000000008000e48                TIM1_CC_IRQHandler
                0x0000000008000e48                DMA2_Stream5_IRQHandler
                0x0000000008000e48                JPEG_IRQHandler
                0x0000000008000e48                DMA1_Stream5_IRQHandler
                0x0000000008000e48                EXTI3_IRQHandler
                0x0000000008000e48                LPTIM4_IRQHandler
                0x0000000008000e48                TIM8_TRG_COM_TIM14_IRQHandler
                0x0000000008000e48                LPTIM2_IRQHandler
                0x0000000008000e48                DFSDM1_FLT1_IRQHandler
                0x0000000008000e48                DMAMUX2_OVR_IRQHandler
                0x0000000008000e48                GFXMMU_IRQHandler
                0x0000000008000e48                TIM8_UP_TIM13_IRQHandler
                0x0000000008000e48                I2C3_ER_IRQHandler
                0x0000000008000e48                DFSDM1_FLT2_IRQHandler
                0x0000000008000e48                USART10_IRQHandler
                0x0000000008000e48                MDMA_IRQHandler
                0x0000000008000e48                LPTIM3_IRQHandler
                0x0000000008000e48                BDMA2_Channel3_IRQHandler
                0x0000000008000e48                HSEM1_IRQHandler
                0x0000000008000e48                EXTI0_IRQHandler
                0x0000000008000e48                I2C2_EV_IRQHandler
                0x0000000008000e48                DAC2_IRQHandler
                0x0000000008000e48                DMA1_Stream2_IRQHandler
                0x0000000008000e48                FPU_IRQHandler
                0x0000000008000e48                OTG_HS_WKUP_IRQHandler
                0x0000000008000e48                FDCAN1_IT1_IRQHandler
                0x0000000008000e48                LTDC_ER_IRQHandler
                0x0000000008000e48                DMA2_Stream2_IRQHandler
                0x0000000008000e48                SPI1_IRQHandler
                0x0000000008000e48                OCTOSPI1_IRQHandler
                0x0000000008000e48                TIM6_DAC_IRQHandler
                0x0000000008000e48                BDMA2_Channel6_IRQHandler
                0x0000000008000e48                DMA2_Stream3_IRQHandler
                0x0000000008000e48                OCTOSPI2_IRQHandler
                0x0000000008000e48                SAI2_IRQHandler
                0x0000000008000e48                BDMA1_IRQHandler
                0x0000000008000e48                DFSDM1_FLT3_IRQHandler
                0x0000000008000e48                USART6_IRQHandler
                0x0000000008000e48                TIM17_IRQHandler
                0x0000000008000e48                USART3_IRQHandler
                0x0000000008000e48                LPTIM5_IRQHandler
                0x0000000008000e48                UART5_IRQHandler
                0x0000000008000e48                DMA2_Stream0_IRQHandler
                0x0000000008000e48                TIM4_IRQHandler
                0x0000000008000e48                I2C1_EV_IRQHandler
                0x0000000008000e48                DMA1_Stream6_IRQHandler
                0x0000000008000e48                DMAMUX1_OVR_IRQHandler
                0x0000000008000e48                DMA1_Stream1_IRQHandler
                0x0000000008000e48                TIM16_IRQHandler
                0x0000000008000e48                TIM3_IRQHandler
                0x0000000008000e48                RCC_IRQHandler
                0x0000000008000e48                UART9_IRQHandler
                0x0000000008000e48                TIM8_BRK_TIM12_IRQHandler
                0x0000000008000e48                TIM1_TRG_COM_IRQHandler
                0x0000000008000e48                Default_Handler
                0x0000000008000e48                ECC_IRQHandler
                0x0000000008000e48                BDMA2_Channel2_IRQHandler
                0x0000000008000e48                CEC_IRQHandler
                0x0000000008000e48                EXTI15_10_IRQHandler
                0x0000000008000e48                DFSDM1_FLT4_IRQHandler
                0x0000000008000e48                ADC_IRQHandler
                0x0000000008000e48                DMA1_Stream7_IRQHandler
                0x0000000008000e48                SPI5_IRQHandler
                0x0000000008000e48                TIM7_IRQHandler
                0x0000000008000e48                SDMMC1_IRQHandler
                0x0000000008000e48                TIM5_IRQHandler
                0x0000000008000e48                DMA2_Stream7_IRQHandler
                0x0000000008000e48                TIM15_IRQHandler
                0x0000000008000e48                I2C3_EV_IRQHandler
                0x0000000008000e48                DFSDM2_IRQHandler
                0x0000000008000e48                EXTI9_5_IRQHandler
                0x0000000008000e48                RTC_WKUP_IRQHandler
                0x0000000008000e48                LTDC_IRQHandler
                0x0000000008000e48                SPDIF_RX_IRQHandler
                0x0000000008000e48                PVD_PVM_IRQHandler
                0x0000000008000e48                SPI2_IRQHandler
                0x0000000008000e48                OTG_HS_EP1_IN_IRQHandler
                0x0000000008000e48                DFSDM1_FLT5_IRQHandler
                0x0000000008000e48                DMA1_Stream0_IRQHandler
                0x0000000008000e48                CRS_IRQHandler
                0x0000000008000e48                EXTI4_IRQHandler
                0x0000000008000e48                DFSDM1_FLT6_IRQHandler
                0x0000000008000e48                RNG_IRQHandler
                0x0000000008000e48                FDCAN2_IT1_IRQHandler
                0x0000000008000e48                COMP_IRQHandler
                0x0000000008000e48                TIM1_UP_IRQHandler
                0x0000000008000e48                OTG_HS_EP1_OUT_IRQHandler
                0x0000000008000e48                WWDG_IRQHandler
                0x0000000008000e48                SPI6_IRQHandler
                0x0000000008000e48                MDIOS_IRQHandler
                0x0000000008000e48                I2C4_EV_IRQHandler
                0x0000000008000e48                FDCAN2_IT0_IRQHandler
                0x0000000008000e48                LPUART1_IRQHandler
                0x0000000008000e48                FDCAN1_IT0_IRQHandler
                0x0000000008000e48                TIM2_IRQHandler
                0x0000000008000e48                BDMA2_Channel5_IRQHandler
                0x0000000008000e48                OTG_HS_IRQHandler
                0x0000000008000e48                DMA2D_IRQHandler
                0x0000000008000e48                TIM1_BRK_IRQHandler
                0x0000000008000e48                EXTI1_IRQHandler
                0x0000000008000e48                SDMMC2_IRQHandler
                0x0000000008000e48                DTS_IRQHandler
                0x0000000008000e48                UART7_IRQHandler
                0x0000000008000e48                MDIOS_WKUP_IRQHandler
                0x0000000008000e48                USART2_IRQHandler
                0x0000000008000e48                DFSDM1_FLT0_IRQHandler
                0x0000000008000e48                I2C2_ER_IRQHandler
                0x0000000008000e48                DMA2_Stream1_IRQHandler
                0x0000000008000e48                DFSDM1_FLT7_IRQHandler
                0x0000000008000e48                FLASH_IRQHandler
                0x0000000008000e48                DMA2_Stream4_IRQHandler
                0x0000000008000e48                USART1_IRQHandler
                0x0000000008000e48                SPI3_IRQHandler
                0x0000000008000e48                WAKEUP_PIN_IRQHandler
                0x0000000008000e48                DMA1_Stream4_IRQHandler
                0x0000000008000e48                I2C1_ER_IRQHandler
                0x0000000008000e48                FMC_IRQHandler
                0x0000000008000e48                BDMA2_Channel7_IRQHandler
                0x0000000008000e48                FDCAN_CAL_IRQHandler
                0x0000000008000e48                SWPMI1_IRQHandler
                0x0000000008000e48                LPTIM1_IRQHandler
                0x0000000008000e48                DCMI_PSSI_IRQHandler
                0x0000000008000e48                I2C4_ER_IRQHandler
                0x0000000008000e48                DMA2_Stream6_IRQHandler
                0x0000000008000e48                SAI1_IRQHandler
                0x0000000008000e48                DMA1_Stream3_IRQHandler
                0x0000000008000e48                RTC_TAMP_STAMP_CSS_LSE_IRQHandler
                0x0000000008000e48                BDMA2_Channel4_IRQHandler
 *fill*         0x0000000008000e4a        0x2 
 .text.HAL_Init
                0x0000000008000e4c       0x78 ./Drivers/STM32H7xx_HAL_Driver/Src/stm32h7xx_hal.o
                0x0000000008000e4c                HAL_Init
 .text.HAL_InitTick
                0x0000000008000ec4       0x6c ./Drivers/STM32H7xx_HAL_Driver/Src/stm32h7xx_hal.o
                0x0000000008000ec4                HAL_InitTick
 .text.HAL_IncTick
                0x0000000008000f30       0x28 ./Drivers/STM32H7xx_HAL_Driver/Src/stm32h7xx_hal.o
                0x0000000008000f30                HAL_IncTick
 .text.HAL_GetTick
                0x0000000008000f58       0x18 ./Drivers/STM32H7xx_HAL_Driver/Src/stm32h7xx_hal.o
                0x0000000008000f58                HAL_GetTick
 .text.HAL_Delay
                0x0000000008000f70       0x48 ./Drivers/STM32H7xx_HAL_Driver/Src/stm32h7xx_hal.o
                0x0000000008000f70                HAL_Delay
 .text.__NVIC_SetPriorityGrouping
                0x0000000008000fb8       0x48 ./Drivers/STM32H7xx_HAL_Driver/Src/stm32h7xx_hal_cortex.o
 .text.__NVIC_GetPriorityGrouping
                0x0000000008001000       0x1c ./Drivers/STM32H7xx_HAL_Driver/Src/stm32h7xx_hal_cortex.o
 .text.__NVIC_EnableIRQ
                0x000000000800101c       0x3c ./Drivers/STM32H7xx_HAL_Driver/Src/stm32h7xx_hal_cortex.o
 .text.__NVIC_SetPriority
                0x0000000008001058       0x54 ./Drivers/STM32H7xx_HAL_Driver/Src/stm32h7xx_hal_cortex.o
 .text.NVIC_EncodePriority
                0x00000000080010ac       0x66 ./Drivers/STM32H7xx_HAL_Driver/Src/stm32h7xx_hal_cortex.o
 *fill*         0x0000000008001112        0x2 
 .text.SysTick_Config
                0x0000000008001114       0x44 ./Drivers/STM32H7xx_HAL_Driver/Src/stm32h7xx_hal_cortex.o
 .text.HAL_NVIC_SetPriorityGrouping
                0x0000000008001158       0x16 ./Drivers/STM32H7xx_HAL_Driver/Src/stm32h7xx_hal_cortex.o
                0x0000000008001158                HAL_NVIC_SetPriorityGrouping
 .text.HAL_NVIC_SetPriority
                0x000000000800116e       0x34 ./Drivers/STM32H7xx_HAL_Driver/Src/stm32h7xx_hal_cortex.o
                0x000000000800116e                HAL_NVIC_SetPriority
 .text.HAL_NVIC_EnableIRQ
                0x00000000080011a2       0x1c ./Drivers/STM32H7xx_HAL_Driver/Src/stm32h7xx_hal_cortex.o
                0x00000000080011a2                HAL_NVIC_EnableIRQ
 .text.HAL_SYSTICK_Config
                0x00000000080011be       0x18 ./Drivers/STM32H7xx_HAL_Driver/Src/stm32h7xx_hal_cortex.o
                0x00000000080011be                HAL_SYSTICK_Config
 *fill*         0x00000000080011d6        0x2 
 .text.HAL_DMA_Abort
                0x00000000080011d8      0x63c ./Drivers/STM32H7xx_HAL_Driver/Src/stm32h7xx_hal_dma.o
                0x00000000080011d8                HAL_DMA_Abort
 .text.HAL_DMA_Abort_IT
                0x0000000008001814      0x48c ./Drivers/STM32H7xx_HAL_Driver/Src/stm32h7xx_hal_dma.o
                0x0000000008001814                HAL_DMA_Abort_IT
 .text.HAL_GPIO_Init
                0x0000000008001ca0      0x360 ./Drivers/STM32H7xx_HAL_Driver/Src/stm32h7xx_hal_gpio.o
                0x0000000008001ca0                HAL_GPIO_Init
 .text.HAL_GPIO_WritePin
                0x0000000008002000       0x32 ./Drivers/STM32H7xx_HAL_Driver/Src/stm32h7xx_hal_gpio.o
                0x0000000008002000                HAL_GPIO_WritePin
 *fill*         0x0000000008002032        0x2 
 .text.HAL_PWREx_ConfigSupply
                0x0000000008002034       0xb4 ./Drivers/STM32H7xx_HAL_Driver/Src/stm32h7xx_hal_pwr_ex.o
                0x0000000008002034                HAL_PWREx_ConfigSupply
 .text.HAL_RCC_OscConfig
                0x00000000080020e8      0x808 ./Drivers/STM32H7xx_HAL_Driver/Src/stm32h7xx_hal_rcc.o
                0x00000000080020e8                HAL_RCC_OscConfig
 .text.HAL_RCC_ClockConfig
                0x00000000080028f0      0x36c ./Drivers/STM32H7xx_HAL_Driver/Src/stm32h7xx_hal_rcc.o
                0x00000000080028f0                HAL_RCC_ClockConfig
 .text.HAL_RCC_GetSysClockFreq
                0x0000000008002c5c      0x2f4 ./Drivers/STM32H7xx_HAL_Driver/Src/stm32h7xx_hal_rcc.o
                0x0000000008002c5c                HAL_RCC_GetSysClockFreq
 .text.HAL_RCC_GetHCLKFreq
                0x0000000008002f50       0x60 ./Drivers/STM32H7xx_HAL_Driver/Src/stm32h7xx_hal_rcc.o
                0x0000000008002f50                HAL_RCC_GetHCLKFreq
 .text.HAL_RCC_GetPCLK1Freq
                0x0000000008002fb0       0x2c ./Drivers/STM32H7xx_HAL_Driver/Src/stm32h7xx_hal_rcc.o
                0x0000000008002fb0                HAL_RCC_GetPCLK1Freq
 .text.HAL_RCC_GetPCLK2Freq
                0x0000000008002fdc       0x2c ./Drivers/STM32H7xx_HAL_Driver/Src/stm32h7xx_hal_rcc.o
                0x0000000008002fdc                HAL_RCC_GetPCLK2Freq
 .text.HAL_RCCEx_PeriphCLKConfig
                0x0000000008003008      0xe18 ./Drivers/STM32H7xx_HAL_Driver/Src/stm32h7xx_hal_rcc_ex.o
                0x0000000008003008                HAL_RCCEx_PeriphCLKConfig
 .text.HAL_RCCEx_GetD3PCLK1Freq
                0x0000000008003e20       0x2c ./Drivers/STM32H7xx_HAL_Driver/Src/stm32h7xx_hal_rcc_ex.o
                0x0000000008003e20                HAL_RCCEx_GetD3PCLK1Freq
 .text.HAL_RCCEx_GetPLL2ClockFreq
                0x0000000008003e4c      0x2a8 ./Drivers/STM32H7xx_HAL_Driver/Src/stm32h7xx_hal_rcc_ex.o
                0x0000000008003e4c                HAL_RCCEx_GetPLL2ClockFreq
 .text.HAL_RCCEx_GetPLL3ClockFreq
                0x00000000080040f4      0x2a8 ./Drivers/STM32H7xx_HAL_Driver/Src/stm32h7xx_hal_rcc_ex.o
                0x00000000080040f4                HAL_RCCEx_GetPLL3ClockFreq
 .text.RCCEx_PLL2_Config
                0x000000000800439c      0x164 ./Drivers/STM32H7xx_HAL_Driver/Src/stm32h7xx_hal_rcc_ex.o
 .text.RCCEx_PLL3_Config
                0x0000000008004500      0x164 ./Drivers/STM32H7xx_HAL_Driver/Src/stm32h7xx_hal_rcc_ex.o
 .text.HAL_UART_Init
                0x0000000008004664       0xa0 ./Drivers/STM32H7xx_HAL_Driver/Src/stm32h7xx_hal_uart.o
                0x0000000008004664                HAL_UART_Init
 .text.HAL_UART_Transmit
                0x0000000008004704      0x12c ./Drivers/STM32H7xx_HAL_Driver/Src/stm32h7xx_hal_uart.o
                0x0000000008004704                HAL_UART_Transmit
 .text.HAL_UART_IRQHandler
                0x0000000008004830      0x73c ./Drivers/STM32H7xx_HAL_Driver/Src/stm32h7xx_hal_uart.o
                0x0000000008004830                HAL_UART_IRQHandler
 .text.HAL_UART_TxCpltCallback
                0x0000000008004f6c       0x14 ./Drivers/STM32H7xx_HAL_Driver/Src/stm32h7xx_hal_uart.o
                0x0000000008004f6c                HAL_UART_TxCpltCallback
 .text.HAL_UART_ErrorCallback
                0x0000000008004f80       0x14 ./Drivers/STM32H7xx_HAL_Driver/Src/stm32h7xx_hal_uart.o
                0x0000000008004f80                HAL_UART_ErrorCallback
 .text.HAL_UARTEx_RxEventCallback
                0x0000000008004f94       0x18 ./Drivers/STM32H7xx_HAL_Driver/Src/stm32h7xx_hal_uart.o
                0x0000000008004f94                HAL_UARTEx_RxEventCallback
 .text.UART_SetConfig
                0x0000000008004fac      0xcd8 ./Drivers/STM32H7xx_HAL_Driver/Src/stm32h7xx_hal_uart.o
                0x0000000008004fac                UART_SetConfig
 .text.UART_AdvFeatureConfig
                0x0000000008005c84      0x144 ./Drivers/STM32H7xx_HAL_Driver/Src/stm32h7xx_hal_uart.o
                0x0000000008005c84                UART_AdvFeatureConfig
 .text.UART_CheckIdleState
                0x0000000008005dc8       0x96 ./Drivers/STM32H7xx_HAL_Driver/Src/stm32h7xx_hal_uart.o
                0x0000000008005dc8                UART_CheckIdleState
 .text.UART_WaitOnFlagUntilTimeout
                0x0000000008005e5e      0x190 ./Drivers/STM32H7xx_HAL_Driver/Src/stm32h7xx_hal_uart.o
                0x0000000008005e5e                UART_WaitOnFlagUntilTimeout
 *fill*         0x0000000008005fee        0x2 
 .text.UART_EndRxTransfer
                0x0000000008005ff0       0xcc ./Drivers/STM32H7xx_HAL_Driver/Src/stm32h7xx_hal_uart.o
 .text.UART_DMAAbortOnError
                0x00000000080060bc       0x2c ./Drivers/STM32H7xx_HAL_Driver/Src/stm32h7xx_hal_uart.o
 .text.UART_EndTransmit_IT
                0x00000000080060e8       0x56 ./Drivers/STM32H7xx_HAL_Driver/Src/stm32h7xx_hal_uart.o
 .text.HAL_UARTEx_WakeupCallback
                0x000000000800613e       0x14 ./Drivers/STM32H7xx_HAL_Driver/Src/stm32h7xx_hal_uart_ex.o
                0x000000000800613e                HAL_UARTEx_WakeupCallback
 .text.HAL_UARTEx_RxFifoFullCallback
                0x0000000008006152       0x14 ./Drivers/STM32H7xx_HAL_Driver/Src/stm32h7xx_hal_uart_ex.o
                0x0000000008006152                HAL_UARTEx_RxFifoFullCallback
 .text.HAL_UARTEx_TxFifoEmptyCallback
                0x0000000008006166       0x14 ./Drivers/STM32H7xx_HAL_Driver/Src/stm32h7xx_hal_uart_ex.o
                0x0000000008006166                HAL_UARTEx_TxFifoEmptyCallback
 .text.HAL_UARTEx_DisableFifoMode
                0x000000000800617a       0x72 ./Drivers/STM32H7xx_HAL_Driver/Src/stm32h7xx_hal_uart_ex.o
                0x000000000800617a                HAL_UARTEx_DisableFifoMode
 .text.HAL_UARTEx_SetTxFifoThreshold
                0x00000000080061ec       0x7c ./Drivers/STM32H7xx_HAL_Driver/Src/stm32h7xx_hal_uart_ex.o
                0x00000000080061ec                HAL_UARTEx_SetTxFifoThreshold
 .text.HAL_UARTEx_SetRxFifoThreshold
                0x0000000008006268       0x7c ./Drivers/STM32H7xx_HAL_Driver/Src/stm32h7xx_hal_uart_ex.o
                0x0000000008006268                HAL_UARTEx_SetRxFifoThreshold
 .text.UARTEx_SetNbDataToProcess
                0x00000000080062e4       0x9c ./Drivers/STM32H7xx_HAL_Driver/Src/stm32h7xx_hal_uart_ex.o
 .text.__libc_init_array
                0x0000000008006380       0x48 c:/st/stm32cubeide_1.10.1/stm32cubeide/plugins/com.st.stm32cube.ide.mcu.externaltools.gnu-tools-for-stm32.10.3-2021.10.win32_1.0.0.202111181127/tools/bin/../lib/gcc/arm-none-eabi/10.3.1/../../../../arm-none-eabi/lib/thumb/v7e-m+dp/hard\libc_nano.a(lib_a-init.o)
                0x0000000008006380                __libc_init_array
 .text.memset   0x00000000080063c8       0x10 c:/st/stm32cubeide_1.10.1/stm32cubeide/plugins/com.st.stm32cube.ide.mcu.externaltools.gnu-tools-for-stm32.10.3-2021.10.win32_1.0.0.202111181127/tools/bin/../lib/gcc/arm-none-eabi/10.3.1/../../../../arm-none-eabi/lib/thumb/v7e-m+dp/hard\libc_nano.a(lib_a-memset.o)
                0x00000000080063c8                memset
 *(.glue_7)
 .glue_7        0x00000000080063d8        0x0 linker stubs
 *(.glue_7t)
 .glue_7t       0x00000000080063d8        0x0 linker stubs
 *(.eh_frame)
 .eh_frame      0x00000000080063d8        0x0 c:/st/stm32cubeide_1.10.1/stm32cubeide/plugins/com.st.stm32cube.ide.mcu.externaltools.gnu-tools-for-stm32.10.3-2021.10.win32_1.0.0.202111181127/tools/bin/../lib/gcc/arm-none-eabi/10.3.1/thumb/v7e-m+dp/hard/crtbegin.o
 *(.init)
 .init          0x00000000080063d8        0x4 c:/st/stm32cubeide_1.10.1/stm32cubeide/plugins/com.st.stm32cube.ide.mcu.externaltools.gnu-tools-for-stm32.10.3-2021.10.win32_1.0.0.202111181127/tools/bin/../lib/gcc/arm-none-eabi/10.3.1/thumb/v7e-m+dp/hard/crti.o
                0x00000000080063d8                _init
 .init          0x00000000080063dc        0x8 c:/st/stm32cubeide_1.10.1/stm32cubeide/plugins/com.st.stm32cube.ide.mcu.externaltools.gnu-tools-for-stm32.10.3-2021.10.win32_1.0.0.202111181127/tools/bin/../lib/gcc/arm-none-eabi/10.3.1/thumb/v7e-m+dp/hard/crtn.o
 *(.fini)
 .fini          0x00000000080063e4        0x4 c:/st/stm32cubeide_1.10.1/stm32cubeide/plugins/com.st.stm32cube.ide.mcu.externaltools.gnu-tools-for-stm32.10.3-2021.10.win32_1.0.0.202111181127/tools/bin/../lib/gcc/arm-none-eabi/10.3.1/thumb/v7e-m+dp/hard/crti.o
                0x00000000080063e4                _fini
 .fini          0x00000000080063e8        0x8 c:/st/stm32cubeide_1.10.1/stm32cubeide/plugins/com.st.stm32cube.ide.mcu.externaltools.gnu-tools-for-stm32.10.3-2021.10.win32_1.0.0.202111181127/tools/bin/../lib/gcc/arm-none-eabi/10.3.1/thumb/v7e-m+dp/hard/crtn.o
                0x00000000080063f0                . = ALIGN (0x4)
                0x00000000080063f0                _etext = .

.vfp11_veneer   0x00000000080063f0        0x0
 .vfp11_veneer  0x00000000080063f0        0x0 linker stubs

.v4_bx          0x00000000080063f0        0x0
 .v4_bx         0x00000000080063f0        0x0 linker stubs

.iplt           0x00000000080063f0        0x0
 .iplt          0x00000000080063f0        0x0 c:/st/stm32cubeide_1.10.1/stm32cubeide/plugins/com.st.stm32cube.ide.mcu.externaltools.gnu-tools-for-stm32.10.3-2021.10.win32_1.0.0.202111181127/tools/bin/../lib/gcc/arm-none-eabi/10.3.1/thumb/v7e-m+dp/hard/crtbegin.o

.rodata         0x00000000080063f0       0x38
                0x00000000080063f0                . = ALIGN (0x4)
 *(.rodata)
 *(.rodata*)
 .rodata.D1CorePrescTable
                0x00000000080063f0       0x10 ./Core/Src/system_stm32h7xx.o
                0x00000000080063f0                D1CorePrescTable
 .rodata.UARTPrescTable
                0x0000000008006400       0x18 ./Drivers/STM32H7xx_HAL_Driver/Src/stm32h7xx_hal_uart.o
                0x0000000008006400                UARTPrescTable
 .rodata.numerator.1
                0x0000000008006418        0x8 ./Drivers/STM32H7xx_HAL_Driver/Src/stm32h7xx_hal_uart_ex.o
 .rodata.denominator.0
                0x0000000008006420        0x8 ./Drivers/STM32H7xx_HAL_Driver/Src/stm32h7xx_hal_uart_ex.o
                0x0000000008006428                . = ALIGN (0x4)

.ARM.extab
 *(.ARM.extab* .gnu.linkonce.armextab.*)

.ARM            0x0000000008006428        0x8
                0x0000000008006428                __exidx_start = .
 *(.ARM.exidx*)
 .ARM.exidx     0x0000000008006428        0x8 c:/st/stm32cubeide_1.10.1/stm32cubeide/plugins/com.st.stm32cube.ide.mcu.externaltools.gnu-tools-for-stm32.10.3-2021.10.win32_1.0.0.202111181127/tools/bin/../lib/gcc/arm-none-eabi/10.3.1/thumb/v7e-m+dp/hard\libgcc.a(_udivmoddi4.o)
                0x0000000008006430                __exidx_end = .

.rel.dyn        0x0000000008006430        0x0
 .rel.iplt      0x0000000008006430        0x0 c:/st/stm32cubeide_1.10.1/stm32cubeide/plugins/com.st.stm32cube.ide.mcu.externaltools.gnu-tools-for-stm32.10.3-2021.10.win32_1.0.0.202111181127/tools/bin/../lib/gcc/arm-none-eabi/10.3.1/thumb/v7e-m+dp/hard/crtbegin.o

.preinit_array  0x0000000008006430        0x0
                0x0000000008006430                PROVIDE (__preinit_array_start = .)
 *(.preinit_array*)
                0x0000000008006430                PROVIDE (__preinit_array_end = .)

.init_array     0x0000000008006430        0x4
                0x0000000008006430                PROVIDE (__init_array_start = .)
 *(SORT_BY_NAME(.init_array.*))
 *(.init_array*)
 .init_array    0x0000000008006430        0x4 c:/st/stm32cubeide_1.10.1/stm32cubeide/plugins/com.st.stm32cube.ide.mcu.externaltools.gnu-tools-for-stm32.10.3-2021.10.win32_1.0.0.202111181127/tools/bin/../lib/gcc/arm-none-eabi/10.3.1/thumb/v7e-m+dp/hard/crtbegin.o
                0x0000000008006434                PROVIDE (__init_array_end = .)

.fini_array     0x0000000008006434        0x4
                [!provide]                        PROVIDE (__fini_array_start = .)
 *(SORT_BY_NAME(.fini_array.*))
 *(.fini_array*)
 .fini_array    0x0000000008006434        0x4 c:/st/stm32cubeide_1.10.1/stm32cubeide/plugins/com.st.stm32cube.ide.mcu.externaltools.gnu-tools-for-stm32.10.3-2021.10.win32_1.0.0.202111181127/tools/bin/../lib/gcc/arm-none-eabi/10.3.1/thumb/v7e-m+dp/hard/crtbegin.o
                [!provide]                        PROVIDE (__fini_array_end = .)
                0x0000000008006438                _sidata = LOADADDR (.data)

.data           0x0000000024000000       0x1c load address 0x0000000008006438
                0x0000000024000000                . = ALIGN (0x4)
                0x0000000024000000                _sdata = .
 *(.data)
 *(.data*)
 .data.a        0x0000000024000000        0xa ./Core/Src/main.o
                0x0000000024000000                a
 *fill*         0x000000002400000a        0x2 
 .data.SystemCoreClock
                0x000000002400000c        0x4 ./Core/Src/system_stm32h7xx.o
                0x000000002400000c                SystemCoreClock
 .data.SystemD2Clock
                0x0000000024000010        0x4 ./Core/Src/system_stm32h7xx.o
                0x0000000024000010                SystemD2Clock
 .data.uwTickPrio
                0x0000000024000014        0x4 ./Drivers/STM32H7xx_HAL_Driver/Src/stm32h7xx_hal.o
                0x0000000024000014                uwTickPrio
 .data.uwTickFreq
                0x0000000024000018        0x1 ./Drivers/STM32H7xx_HAL_Driver/Src/stm32h7xx_hal.o
                0x0000000024000018                uwTickFreq
 *(.RamFunc)
 *(.RamFunc*)
                0x000000002400001c                . = ALIGN (0x4)
 *fill*         0x0000000024000019        0x3 
                0x000000002400001c                _edata = .

.igot.plt       0x000000002400001c        0x0 load address 0x0000000008006454
 .igot.plt      0x000000002400001c        0x0 c:/st/stm32cubeide_1.10.1/stm32cubeide/plugins/com.st.stm32cube.ide.mcu.externaltools.gnu-tools-for-stm32.10.3-2021.10.win32_1.0.0.202111181127/tools/bin/../lib/gcc/arm-none-eabi/10.3.1/thumb/v7e-m+dp/hard/crtbegin.o
                0x000000002400001c                . = ALIGN (0x4)

.bss            0x000000002400001c      0x140 load address 0x0000000008006454
                0x000000002400001c                _sbss = .
                0x000000002400001c                __bss_start__ = _sbss
 *(.bss)
 .bss           0x000000002400001c       0x1c c:/st/stm32cubeide_1.10.1/stm32cubeide/plugins/com.st.stm32cube.ide.mcu.externaltools.gnu-tools-for-stm32.10.3-2021.10.win32_1.0.0.202111181127/tools/bin/../lib/gcc/arm-none-eabi/10.3.1/thumb/v7e-m+dp/hard/crtbegin.o
 *(.bss*)
 .bss.huart4    0x0000000024000038       0x90 ./Core/Src/main.o
                0x0000000024000038                huart4
 .bss.huart3    0x00000000240000c8       0x90 ./Core/Src/main.o
                0x00000000240000c8                huart3
 .bss.uwTick    0x0000000024000158        0x4 ./Drivers/STM32H7xx_HAL_Driver/Src/stm32h7xx_hal.o
                0x0000000024000158                uwTick
 *(COMMON)
                0x000000002400015c                . = ALIGN (0x4)
                0x000000002400015c                _ebss = .
                0x000000002400015c                __bss_end__ = _ebss

._user_heap_stack
                0x000000002400015c      0x604 load address 0x0000000008006454
                0x0000000024000160                . = ALIGN (0x8)
 *fill*         0x000000002400015c        0x4 
                [!provide]                        PROVIDE (end = .)
                0x0000000024000160                PROVIDE (_end = .)
                0x0000000024000360                . = (. + _Min_Heap_Size)
 *fill*         0x0000000024000160      0x200 
                0x0000000024000760                . = (. + _Min_Stack_Size)
 *fill*         0x0000000024000360      0x400 
                0x0000000024000760                . = ALIGN (0x8)

/DISCARD/
 libc.a(*)
 libm.a(*)
 libgcc.a(*)

.ARM.attributes
                0x0000000000000000       0x2e
 *(.ARM.attributes)
 .ARM.attributes
                0x0000000000000000       0x1e c:/st/stm32cubeide_1.10.1/stm32cubeide/plugins/com.st.stm32cube.ide.mcu.externaltools.gnu-tools-for-stm32.10.3-2021.10.win32_1.0.0.202111181127/tools/bin/../lib/gcc/arm-none-eabi/10.3.1/thumb/v7e-m+dp/hard/crti.o
 .ARM.attributes
                0x000000000000001e       0x32 c:/st/stm32cubeide_1.10.1/stm32cubeide/plugins/com.st.stm32cube.ide.mcu.externaltools.gnu-tools-for-stm32.10.3-2021.10.win32_1.0.0.202111181127/tools/bin/../lib/gcc/arm-none-eabi/10.3.1/thumb/v7e-m+dp/hard/crtbegin.o
 .ARM.attributes
                0x0000000000000050       0x32 ./Core/Src/main.o
 .ARM.attributes
                0x0000000000000082       0x32 ./Core/Src/stm32h7xx_hal_msp.o
 .ARM.attributes
                0x00000000000000b4       0x32 ./Core/Src/stm32h7xx_it.o
 .ARM.attributes
                0x00000000000000e6       0x32 ./Core/Src/system_stm32h7xx.o
 .ARM.attributes
                0x0000000000000118       0x21 ./Core/Startup/startup_stm32h7a3zitxq.o
 .ARM.attributes
                0x0000000000000139       0x32 ./Drivers/STM32H7xx_HAL_Driver/Src/stm32h7xx_hal.o
 .ARM.attributes
                0x000000000000016b       0x32 ./Drivers/STM32H7xx_HAL_Driver/Src/stm32h7xx_hal_cortex.o
 .ARM.attributes
                0x000000000000019d       0x32 ./Drivers/STM32H7xx_HAL_Driver/Src/stm32h7xx_hal_dma.o
 .ARM.attributes
                0x00000000000001cf       0x32 ./Drivers/STM32H7xx_HAL_Driver/Src/stm32h7xx_hal_gpio.o
 .ARM.attributes
                0x0000000000000201       0x32 ./Drivers/STM32H7xx_HAL_Driver/Src/stm32h7xx_hal_pwr_ex.o
 .ARM.attributes
                0x0000000000000233       0x32 ./Drivers/STM32H7xx_HAL_Driver/Src/stm32h7xx_hal_rcc.o
 .ARM.attributes
                0x0000000000000265       0x32 ./Drivers/STM32H7xx_HAL_Driver/Src/stm32h7xx_hal_rcc_ex.o
 .ARM.attributes
                0x0000000000000297       0x32 ./Drivers/STM32H7xx_HAL_Driver/Src/stm32h7xx_hal_uart.o
 .ARM.attributes
                0x00000000000002c9       0x32 ./Drivers/STM32H7xx_HAL_Driver/Src/stm32h7xx_hal_uart_ex.o
 .ARM.attributes
                0x00000000000002fb       0x32 c:/st/stm32cubeide_1.10.1/stm32cubeide/plugins/com.st.stm32cube.ide.mcu.externaltools.gnu-tools-for-stm32.10.3-2021.10.win32_1.0.0.202111181127/tools/bin/../lib/gcc/arm-none-eabi/10.3.1/../../../../arm-none-eabi/lib/thumb/v7e-m+dp/hard\libc_nano.a(lib_a-init.o)
 .ARM.attributes
                0x000000000000032d       0x32 c:/st/stm32cubeide_1.10.1/stm32cubeide/plugins/com.st.stm32cube.ide.mcu.externaltools.gnu-tools-for-stm32.10.3-2021.10.win32_1.0.0.202111181127/tools/bin/../lib/gcc/arm-none-eabi/10.3.1/../../../../arm-none-eabi/lib/thumb/v7e-m+dp/hard\libc_nano.a(lib_a-memset.o)
 .ARM.attributes
                0x000000000000035f       0x1e c:/st/stm32cubeide_1.10.1/stm32cubeide/plugins/com.st.stm32cube.ide.mcu.externaltools.gnu-tools-for-stm32.10.3-2021.10.win32_1.0.0.202111181127/tools/bin/../lib/gcc/arm-none-eabi/10.3.1/thumb/v7e-m+dp/hard\libgcc.a(_aeabi_uldivmod.o)
 .ARM.attributes
                0x000000000000037d       0x32 c:/st/stm32cubeide_1.10.1/stm32cubeide/plugins/com.st.stm32cube.ide.mcu.externaltools.gnu-tools-for-stm32.10.3-2021.10.win32_1.0.0.202111181127/tools/bin/../lib/gcc/arm-none-eabi/10.3.1/thumb/v7e-m+dp/hard\libgcc.a(_udivmoddi4.o)
 .ARM.attributes
                0x00000000000003af       0x1e c:/st/stm32cubeide_1.10.1/stm32cubeide/plugins/com.st.stm32cube.ide.mcu.externaltools.gnu-tools-for-stm32.10.3-2021.10.win32_1.0.0.202111181127/tools/bin/../lib/gcc/arm-none-eabi/10.3.1/thumb/v7e-m+dp/hard\libgcc.a(_dvmd_tls.o)
 .ARM.attributes
                0x00000000000003cd       0x1e c:/st/stm32cubeide_1.10.1/stm32cubeide/plugins/com.st.stm32cube.ide.mcu.externaltools.gnu-tools-for-stm32.10.3-2021.10.win32_1.0.0.202111181127/tools/bin/../lib/gcc/arm-none-eabi/10.3.1/thumb/v7e-m+dp/hard/crtn.o
OUTPUT(NUCLEO UART.elf elf32-littlearm)
LOAD linker stubs
LOAD c:/st/stm32cubeide_1.10.1/stm32cubeide/plugins/com.st.stm32cube.ide.mcu.externaltools.gnu-tools-for-stm32.10.3-2021.10.win32_1.0.0.202111181127/tools/bin/../lib/gcc/arm-none-eabi/10.3.1/../../../../arm-none-eabi/lib/thumb/v7e-m+dp/hard\libc.a
LOAD c:/st/stm32cubeide_1.10.1/stm32cubeide/plugins/com.st.stm32cube.ide.mcu.externaltools.gnu-tools-for-stm32.10.3-2021.10.win32_1.0.0.202111181127/tools/bin/../lib/gcc/arm-none-eabi/10.3.1/../../../../arm-none-eabi/lib/thumb/v7e-m+dp/hard\libm.a
LOAD c:/st/stm32cubeide_1.10.1/stm32cubeide/plugins/com.st.stm32cube.ide.mcu.externaltools.gnu-tools-for-stm32.10.3-2021.10.win32_1.0.0.202111181127/tools/bin/../lib/gcc/arm-none-eabi/10.3.1/thumb/v7e-m+dp/hard\libgcc.a

.debug_info     0x0000000000000000    0x1084c
 .debug_info    0x0000000000000000     0x12a7 ./Core/Src/main.o
 .debug_info    0x00000000000012a7     0x1497 ./Core/Src/stm32h7xx_hal_msp.o
 .debug_info    0x000000000000273e      0x84e ./Core/Src/stm32h7xx_it.o
 .debug_info    0x0000000000002f8c      0xc8a ./Core/Src/system_stm32h7xx.o
 .debug_info    0x0000000000003c16       0x22 ./Core/Startup/startup_stm32h7a3zitxq.o
 .debug_info    0x0000000000003c38     0x1476 ./Drivers/STM32H7xx_HAL_Driver/Src/stm32h7xx_hal.o
 .debug_info    0x00000000000050ae     0x114f ./Drivers/STM32H7xx_HAL_Driver/Src/stm32h7xx_hal_cortex.o
 .debug_info    0x00000000000061fd      0xc06 ./Drivers/STM32H7xx_HAL_Driver/Src/stm32h7xx_hal_dma.o
 .debug_info    0x0000000000006e03      0xbe7 ./Drivers/STM32H7xx_HAL_Driver/Src/stm32h7xx_hal_gpio.o
 .debug_info    0x00000000000079ea      0xfba ./Drivers/STM32H7xx_HAL_Driver/Src/stm32h7xx_hal_pwr_ex.o
 .debug_info    0x00000000000089a4      0xf8f ./Drivers/STM32H7xx_HAL_Driver/Src/stm32h7xx_hal_rcc.o
 .debug_info    0x0000000000009933     0x12a4 ./Drivers/STM32H7xx_HAL_Driver/Src/stm32h7xx_hal_rcc_ex.o
 .debug_info    0x000000000000abd7     0x4c6a ./Drivers/STM32H7xx_HAL_Driver/Src/stm32h7xx_hal_uart.o
 .debug_info    0x000000000000f841     0x100b ./Drivers/STM32H7xx_HAL_Driver/Src/stm32h7xx_hal_uart_ex.o

.debug_abbrev   0x0000000000000000     0x1f1d
 .debug_abbrev  0x0000000000000000      0x2dd ./Core/Src/main.o
 .debug_abbrev  0x00000000000002dd      0x214 ./Core/Src/stm32h7xx_hal_msp.o
 .debug_abbrev  0x00000000000004f1      0x166 ./Core/Src/stm32h7xx_it.o
 .debug_abbrev  0x0000000000000657      0x147 ./Core/Src/system_stm32h7xx.o
 .debug_abbrev  0x000000000000079e       0x12 ./Core/Startup/startup_stm32h7a3zitxq.o
 .debug_abbrev  0x00000000000007b0      0x289 ./Drivers/STM32H7xx_HAL_Driver/Src/stm32h7xx_hal.o
 .debug_abbrev  0x0000000000000a39      0x329 ./Drivers/STM32H7xx_HAL_Driver/Src/stm32h7xx_hal_cortex.o
 .debug_abbrev  0x0000000000000d62      0x239 ./Drivers/STM32H7xx_HAL_Driver/Src/stm32h7xx_hal_dma.o
 .debug_abbrev  0x0000000000000f9b      0x1ec ./Drivers/STM32H7xx_HAL_Driver/Src/stm32h7xx_hal_gpio.o
 .debug_abbrev  0x0000000000001187      0x27e ./Drivers/STM32H7xx_HAL_Driver/Src/stm32h7xx_hal_pwr_ex.o
 .debug_abbrev  0x0000000000001405      0x2b8 ./Drivers/STM32H7xx_HAL_Driver/Src/stm32h7xx_hal_rcc.o
 .debug_abbrev  0x00000000000016bd      0x26d ./Drivers/STM32H7xx_HAL_Driver/Src/stm32h7xx_hal_rcc_ex.o
 .debug_abbrev  0x000000000000192a      0x336 ./Drivers/STM32H7xx_HAL_Driver/Src/stm32h7xx_hal_uart.o
 .debug_abbrev  0x0000000000001c60      0x2bd ./Drivers/STM32H7xx_HAL_Driver/Src/stm32h7xx_hal_uart_ex.o

.debug_aranges  0x0000000000000000      0xad8
 .debug_aranges
                0x0000000000000000       0x50 ./Core/Src/main.o
 .debug_aranges
                0x0000000000000050       0x30 ./Core/Src/stm32h7xx_hal_msp.o
 .debug_aranges
                0x0000000000000080       0x68 ./Core/Src/stm32h7xx_it.o
 .debug_aranges
                0x00000000000000e8       0x28 ./Core/Src/system_stm32h7xx.o
 .debug_aranges
                0x0000000000000110       0x28 ./Core/Startup/startup_stm32h7a3zitxq.o
 .debug_aranges
                0x0000000000000138      0x1a0 ./Drivers/STM32H7xx_HAL_Driver/Src/stm32h7xx_hal.o
 .debug_aranges
                0x00000000000002d8      0x120 ./Drivers/STM32H7xx_HAL_Driver/Src/stm32h7xx_hal_cortex.o
 .debug_aranges
                0x00000000000003f8       0xa0 ./Drivers/STM32H7xx_HAL_Driver/Src/stm32h7xx_hal_dma.o
 .debug_aranges
                0x0000000000000498       0x58 ./Drivers/STM32H7xx_HAL_Driver/Src/stm32h7xx_hal_gpio.o
 .debug_aranges
                0x00000000000004f0      0x188 ./Drivers/STM32H7xx_HAL_Driver/Src/stm32h7xx_hal_pwr_ex.o
 .debug_aranges
                0x0000000000000678       0x88 ./Drivers/STM32H7xx_HAL_Driver/Src/stm32h7xx_hal_rcc.o
 .debug_aranges
                0x0000000000000700       0xf0 ./Drivers/STM32H7xx_HAL_Driver/Src/stm32h7xx_hal_rcc_ex.o
 .debug_aranges
                0x00000000000007f0      0x248 ./Drivers/STM32H7xx_HAL_Driver/Src/stm32h7xx_hal_uart.o
 .debug_aranges
                0x0000000000000a38       0xa0 ./Drivers/STM32H7xx_HAL_Driver/Src/stm32h7xx_hal_uart_ex.o

.debug_ranges   0x0000000000000000      0xa30
 .debug_ranges  0x0000000000000000       0x40 ./Core/Src/main.o
 .debug_ranges  0x0000000000000040       0x20 ./Core/Src/stm32h7xx_hal_msp.o
 .debug_ranges  0x0000000000000060       0x58 ./Core/Src/stm32h7xx_it.o
 .debug_ranges  0x00000000000000b8       0x18 ./Core/Src/system_stm32h7xx.o
 .debug_ranges  0x00000000000000d0       0x20 ./Core/Startup/startup_stm32h7a3zitxq.o
 .debug_ranges  0x00000000000000f0      0x190 ./Drivers/STM32H7xx_HAL_Driver/Src/stm32h7xx_hal.o
 .debug_ranges  0x0000000000000280      0x110 ./Drivers/STM32H7xx_HAL_Driver/Src/stm32h7xx_hal_cortex.o
 .debug_ranges  0x0000000000000390       0x90 ./Drivers/STM32H7xx_HAL_Driver/Src/stm32h7xx_hal_dma.o
 .debug_ranges  0x0000000000000420       0x48 ./Drivers/STM32H7xx_HAL_Driver/Src/stm32h7xx_hal_gpio.o
 .debug_ranges  0x0000000000000468      0x178 ./Drivers/STM32H7xx_HAL_Driver/Src/stm32h7xx_hal_pwr_ex.o
 .debug_ranges  0x00000000000005e0       0x78 ./Drivers/STM32H7xx_HAL_Driver/Src/stm32h7xx_hal_rcc.o
 .debug_ranges  0x0000000000000658       0xe0 ./Drivers/STM32H7xx_HAL_Driver/Src/stm32h7xx_hal_rcc_ex.o
 .debug_ranges  0x0000000000000738      0x268 ./Drivers/STM32H7xx_HAL_Driver/Src/stm32h7xx_hal_uart.o
 .debug_ranges  0x00000000000009a0       0x90 ./Drivers/STM32H7xx_HAL_Driver/Src/stm32h7xx_hal_uart_ex.o

.debug_macro    0x0000000000000000    0x2ec38
 .debug_macro   0x0000000000000000      0x2a3 ./Core/Src/main.o
 .debug_macro   0x00000000000002a3      0xa90 ./Core/Src/main.o
 .debug_macro   0x0000000000000d33      0x232 ./Core/Src/main.o
 .debug_macro   0x0000000000000f65       0x2e ./Core/Src/main.o
 .debug_macro   0x0000000000000f93       0x42 ./Core/Src/main.o
 .debug_macro   0x0000000000000fd5       0x22 ./Core/Src/main.o
 .debug_macro   0x0000000000000ff7       0x8e ./Core/Src/main.o
 .debug_macro   0x0000000000001085       0x51 ./Core/Src/main.o
 .debug_macro   0x00000000000010d6      0x103 ./Core/Src/main.o
 .debug_macro   0x00000000000011d9       0x6a ./Core/Src/main.o
 .debug_macro   0x0000000000001243      0x1df ./Core/Src/main.o
 .debug_macro   0x0000000000001422       0x1c ./Core/Src/main.o
 .debug_macro   0x000000000000143e       0x22 ./Core/Src/main.o
 .debug_macro   0x0000000000001460       0xfb ./Core/Src/main.o
 .debug_macro   0x000000000000155b     0x1305 ./Core/Src/main.o
 .debug_macro   0x0000000000002860      0x11f ./Core/Src/main.o
 .debug_macro   0x000000000000297f       0x27 ./Core/Src/main.o
 .debug_macro   0x00000000000029a6    0x1e8d1 ./Core/Src/main.o
 .debug_macro   0x0000000000021277       0x6d ./Core/Src/main.o
 .debug_macro   0x00000000000212e4     0x3d29 ./Core/Src/main.o
 .debug_macro   0x000000000002500d      0x174 ./Core/Src/main.o
 .debug_macro   0x0000000000025181       0x52 ./Core/Src/main.o
 .debug_macro   0x00000000000251d3       0x1d ./Core/Src/main.o
 .debug_macro   0x00000000000251f0       0x3c ./Core/Src/main.o
 .debug_macro   0x000000000002522c       0x34 ./Core/Src/main.o
 .debug_macro   0x0000000000025260       0x16 ./Core/Src/main.o
 .debug_macro   0x0000000000025276       0x43 ./Core/Src/main.o
 .debug_macro   0x00000000000252b9       0x34 ./Core/Src/main.o
 .debug_macro   0x00000000000252ed       0x10 ./Core/Src/main.o
 .debug_macro   0x00000000000252fd       0x58 ./Core/Src/main.o
 .debug_macro   0x0000000000025355       0x71 ./Core/Src/main.o
 .debug_macro   0x00000000000253c6       0x1c ./Core/Src/main.o
 .debug_macro   0x00000000000253e2      0x12a ./Core/Src/main.o
 .debug_macro   0x000000000002550c      0x341 ./Core/Src/main.o
 .debug_macro   0x000000000002584d      0x19b ./Core/Src/main.o
 .debug_macro   0x00000000000259e8       0x5d ./Core/Src/main.o
 .debug_macro   0x0000000000025a45     0x24ee ./Core/Src/main.o
 .debug_macro   0x0000000000027f33     0x1010 ./Core/Src/main.o
 .debug_macro   0x0000000000028f43      0x14d ./Core/Src/main.o
 .debug_macro   0x0000000000029090      0x114 ./Core/Src/main.o
 .debug_macro   0x00000000000291a4      0x3bf ./Core/Src/main.o
 .debug_macro   0x0000000000029563       0xac ./Core/Src/main.o
 .debug_macro   0x000000000002960f      0x70a ./Core/Src/main.o
 .debug_macro   0x0000000000029d19      0x20c ./Core/Src/main.o
 .debug_macro   0x0000000000029f25       0x66 ./Core/Src/main.o
 .debug_macro   0x0000000000029f8b      0x3c9 ./Core/Src/main.o
 .debug_macro   0x000000000002a354      0x3eb ./Core/Src/main.o
 .debug_macro   0x000000000002a73f      0x275 ./Core/Src/main.o
 .debug_macro   0x000000000002a9b4      0x6c8 ./Core/Src/main.o
 .debug_macro   0x000000000002b07c      0x520 ./Core/Src/main.o
 .debug_macro   0x000000000002b59c       0x58 ./Core/Src/main.o
 .debug_macro   0x000000000002b5f4       0x4a ./Core/Src/main.o
 .debug_macro   0x000000000002b63e      0x22c ./Core/Src/main.o
 .debug_macro   0x000000000002b86a       0x67 ./Core/Src/main.o
 .debug_macro   0x000000000002b8d1       0xa5 ./Core/Src/main.o
 .debug_macro   0x000000000002b976      0x1bd ./Core/Src/main.o
 .debug_macro   0x000000000002bb33      0x2dc ./Core/Src/main.o
 .debug_macro   0x000000000002be0f       0x35 ./Core/Src/main.o
 .debug_macro   0x000000000002be44      0x67e ./Core/Src/main.o
 .debug_macro   0x000000000002c4c2       0xa6 ./Core/Src/main.o
 .debug_macro   0x000000000002c568      0x5be ./Core/Src/main.o
 .debug_macro   0x000000000002cb26       0xc4 ./Core/Src/main.o
 .debug_macro   0x000000000002cbea      0x2a3 ./Core/Src/stm32h7xx_hal_msp.o
 .debug_macro   0x000000000002ce8d      0x2ad ./Core/Src/stm32h7xx_it.o
 .debug_macro   0x000000000002d13a      0x294 ./Core/Src/system_stm32h7xx.o
 .debug_macro   0x000000000002d3ce      0x2be ./Drivers/STM32H7xx_HAL_Driver/Src/stm32h7xx_hal.o
 .debug_macro   0x000000000002d68c      0x294 ./Drivers/STM32H7xx_HAL_Driver/Src/stm32h7xx_hal_cortex.o
 .debug_macro   0x000000000002d920      0x2e7 ./Drivers/STM32H7xx_HAL_Driver/Src/stm32h7xx_hal_dma.o
 .debug_macro   0x000000000002dc07      0x29b ./Drivers/STM32H7xx_HAL_Driver/Src/stm32h7xx_hal_gpio.o
 .debug_macro   0x000000000002dea2      0x2cd ./Drivers/STM32H7xx_HAL_Driver/Src/stm32h7xx_hal_pwr_ex.o
 .debug_macro   0x000000000002e16f      0x2b8 ./Drivers/STM32H7xx_HAL_Driver/Src/stm32h7xx_hal_rcc.o
 .debug_macro   0x000000000002e427      0x2b2 ./Drivers/STM32H7xx_HAL_Driver/Src/stm32h7xx_hal_rcc_ex.o
 .debug_macro   0x000000000002e6d9      0x2bf ./Drivers/STM32H7xx_HAL_Driver/Src/stm32h7xx_hal_uart.o
 .debug_macro   0x000000000002e998      0x2a0 ./Drivers/STM32H7xx_HAL_Driver/Src/stm32h7xx_hal_uart_ex.o

.debug_line     0x0000000000000000    0x1000c
 .debug_line    0x0000000000000000      0xa0f ./Core/Src/main.o
 .debug_line    0x0000000000000a0f      0x8d1 ./Core/Src/stm32h7xx_hal_msp.o
 .debug_line    0x00000000000012e0      0x8f6 ./Core/Src/stm32h7xx_it.o
 .debug_line    0x0000000000001bd6      0x9c0 ./Core/Src/system_stm32h7xx.o
 .debug_line    0x0000000000002596       0x89 ./Core/Startup/startup_stm32h7a3zitxq.o
 .debug_line    0x000000000000261f      0xdd6 ./Drivers/STM32H7xx_HAL_Driver/Src/stm32h7xx_hal.o
 .debug_line    0x00000000000033f5      0xdcf ./Drivers/STM32H7xx_HAL_Driver/Src/stm32h7xx_hal_cortex.o
 .debug_line    0x00000000000041c4     0x2845 ./Drivers/STM32H7xx_HAL_Driver/Src/stm32h7xx_hal_dma.o
 .debug_line    0x0000000000006a09      0xc8c ./Drivers/STM32H7xx_HAL_Driver/Src/stm32h7xx_hal_gpio.o
 .debug_line    0x0000000000007695      0xf57 ./Drivers/STM32H7xx_HAL_Driver/Src/stm32h7xx_hal_pwr_ex.o
 .debug_line    0x00000000000085ec     0x12d6 ./Drivers/STM32H7xx_HAL_Driver/Src/stm32h7xx_hal_rcc.o
 .debug_line    0x00000000000098c2     0x1a10 ./Drivers/STM32H7xx_HAL_Driver/Src/stm32h7xx_hal_rcc_ex.o
 .debug_line    0x000000000000b2d2     0x3e93 ./Drivers/STM32H7xx_HAL_Driver/Src/stm32h7xx_hal_uart.o
 .debug_line    0x000000000000f165      0xea7 ./Drivers/STM32H7xx_HAL_Driver/Src/stm32h7xx_hal_uart_ex.o

.debug_str      0x0000000000000000   0x13295c
 .debug_str     0x0000000000000000   0x12e9d9 ./Core/Src/main.o
                                     0x12eebb (size before relaxing)
 .debug_str     0x000000000012e9d9      0xa6f ./Core/Src/stm32h7xx_hal_msp.o
                                     0x12f73a (size before relaxing)
 .debug_str     0x000000000012f448       0xee ./Core/Src/stm32h7xx_it.o
                                     0x12e955 (size before relaxing)
 .debug_str     0x000000000012f536      0x30e ./Core/Src/system_stm32h7xx.o
                                     0x12e55d (size before relaxing)
 .debug_str     0x000000000012f844       0x37 ./Core/Startup/startup_stm32h7a3zitxq.o
                                         0x7f (size before relaxing)
 .debug_str     0x000000000012f87b      0x7ed ./Drivers/STM32H7xx_HAL_Driver/Src/stm32h7xx_hal.o
                                     0x12f431 (size before relaxing)
 .debug_str     0x0000000000130068      0x333 ./Drivers/STM32H7xx_HAL_Driver/Src/stm32h7xx_hal_cortex.o
                                     0x12ee41 (size before relaxing)
 .debug_str     0x000000000013039b      0x8f6 ./Drivers/STM32H7xx_HAL_Driver/Src/stm32h7xx_hal_dma.o
                                     0x12ec8c (size before relaxing)
 .debug_str     0x0000000000130c91       0xec ./Drivers/STM32H7xx_HAL_Driver/Src/stm32h7xx_hal_gpio.o
                                     0x12e50e (size before relaxing)
 .debug_str     0x0000000000130d7d      0x756 ./Drivers/STM32H7xx_HAL_Driver/Src/stm32h7xx_hal_pwr_ex.o
                                     0x12ea93 (size before relaxing)
 .debug_str     0x00000000001314d3      0x22e ./Drivers/STM32H7xx_HAL_Driver/Src/stm32h7xx_hal_rcc.o
                                     0x12e936 (size before relaxing)
 .debug_str     0x0000000000131701      0x623 ./Drivers/STM32H7xx_HAL_Driver/Src/stm32h7xx_hal_rcc_ex.o
                                     0x12eda2 (size before relaxing)
 .debug_str     0x0000000000131d24      0x9e5 ./Drivers/STM32H7xx_HAL_Driver/Src/stm32h7xx_hal_uart.o
                                     0x12f43e (size before relaxing)
 .debug_str     0x0000000000132709      0x253 ./Drivers/STM32H7xx_HAL_Driver/Src/stm32h7xx_hal_uart_ex.o
                                     0x12e9c3 (size before relaxing)

.comment        0x0000000000000000       0x50
 .comment       0x0000000000000000       0x50 ./Core/Src/main.o
                                         0x51 (size before relaxing)
 .comment       0x0000000000000050       0x51 ./Core/Src/stm32h7xx_hal_msp.o
 .comment       0x0000000000000050       0x51 ./Core/Src/stm32h7xx_it.o
 .comment       0x0000000000000050       0x51 ./Core/Src/system_stm32h7xx.o
 .comment       0x0000000000000050       0x51 ./Drivers/STM32H7xx_HAL_Driver/Src/stm32h7xx_hal.o
 .comment       0x0000000000000050       0x51 ./Drivers/STM32H7xx_HAL_Driver/Src/stm32h7xx_hal_cortex.o
 .comment       0x0000000000000050       0x51 ./Drivers/STM32H7xx_HAL_Driver/Src/stm32h7xx_hal_dma.o
 .comment       0x0000000000000050       0x51 ./Drivers/STM32H7xx_HAL_Driver/Src/stm32h7xx_hal_gpio.o
 .comment       0x0000000000000050       0x51 ./Drivers/STM32H7xx_HAL_Driver/Src/stm32h7xx_hal_pwr_ex.o
 .comment       0x0000000000000050       0x51 ./Drivers/STM32H7xx_HAL_Driver/Src/stm32h7xx_hal_rcc.o
 .comment       0x0000000000000050       0x51 ./Drivers/STM32H7xx_HAL_Driver/Src/stm32h7xx_hal_rcc_ex.o
 .comment       0x0000000000000050       0x51 ./Drivers/STM32H7xx_HAL_Driver/Src/stm32h7xx_hal_uart.o
 .comment       0x0000000000000050       0x51 ./Drivers/STM32H7xx_HAL_Driver/Src/stm32h7xx_hal_uart_ex.o

.debug_frame    0x0000000000000000     0x2c48
 .debug_frame   0x0000000000000000       0xe8 ./Core/Src/main.o
 .debug_frame   0x00000000000000e8       0x84 ./Core/Src/stm32h7xx_hal_msp.o
 .debug_frame   0x000000000000016c      0x120 ./Core/Src/stm32h7xx_it.o
 .debug_frame   0x000000000000028c       0x58 ./Core/Src/system_stm32h7xx.o
 .debug_frame   0x00000000000002e4      0x6a8 ./Drivers/STM32H7xx_HAL_Driver/Src/stm32h7xx_hal.o
 .debug_frame   0x000000000000098c      0x4b8 ./Drivers/STM32H7xx_HAL_Driver/Src/stm32h7xx_hal_cortex.o
 .debug_frame   0x0000000000000e44      0x2b4 ./Drivers/STM32H7xx_HAL_Driver/Src/stm32h7xx_hal_dma.o
 .debug_frame   0x00000000000010f8      0x14c ./Drivers/STM32H7xx_HAL_Driver/Src/stm32h7xx_hal_gpio.o
 .debug_frame   0x0000000000001244      0x660 ./Drivers/STM32H7xx_HAL_Driver/Src/stm32h7xx_hal_pwr_ex.o
 .debug_frame   0x00000000000018a4      0x1fc ./Drivers/STM32H7xx_HAL_Driver/Src/stm32h7xx_hal_rcc.o
 .debug_frame   0x0000000000001aa0      0x3cc ./Drivers/STM32H7xx_HAL_Driver/Src/stm32h7xx_hal_rcc_ex.o
 .debug_frame   0x0000000000001e6c      0xa94 ./Drivers/STM32H7xx_HAL_Driver/Src/stm32h7xx_hal_uart.o
 .debug_frame   0x0000000000002900      0x29c ./Drivers/STM32H7xx_HAL_Driver/Src/stm32h7xx_hal_uart_ex.o
 .debug_frame   0x0000000000002b9c       0x2c c:/st/stm32cubeide_1.10.1/stm32cubeide/plugins/com.st.stm32cube.ide.mcu.externaltools.gnu-tools-for-stm32.10.3-2021.10.win32_1.0.0.202111181127/tools/bin/../lib/gcc/arm-none-eabi/10.3.1/../../../../arm-none-eabi/lib/thumb/v7e-m+dp/hard\libc_nano.a(lib_a-init.o)
 .debug_frame   0x0000000000002bc8       0x20 c:/st/stm32cubeide_1.10.1/stm32cubeide/plugins/com.st.stm32cube.ide.mcu.externaltools.gnu-tools-for-stm32.10.3-2021.10.win32_1.0.0.202111181127/tools/bin/../lib/gcc/arm-none-eabi/10.3.1/../../../../arm-none-eabi/lib/thumb/v7e-m+dp/hard\libc_nano.a(lib_a-memset.o)
 .debug_frame   0x0000000000002be8       0x2c c:/st/stm32cubeide_1.10.1/stm32cubeide/plugins/com.st.stm32cube.ide.mcu.externaltools.gnu-tools-for-stm32.10.3-2021.10.win32_1.0.0.202111181127/tools/bin/../lib/gcc/arm-none-eabi/10.3.1/thumb/v7e-m+dp/hard\libgcc.a(_aeabi_uldivmod.o)
 .debug_frame   0x0000000000002c14       0x34 c:/st/stm32cubeide_1.10.1/stm32cubeide/plugins/com.st.stm32cube.ide.mcu.externaltools.gnu-tools-for-stm32.10.3-2021.10.win32_1.0.0.202111181127/tools/bin/../lib/gcc/arm-none-eabi/10.3.1/thumb/v7e-m+dp/hard\libgcc.a(_udivmoddi4.o)
