../Core/Src/main.c:89:5:main	224	static
../Core/Src/main.c:156:6:SystemClock_Config	88	static
../Core/Src/main.c:203:13:MX_ADC1_Init	56	static
../Core/Src/main.c:275:13:MX_ADC3_Init	56	static
../Core/Src/main.c:347:13:MX_ADC4_Init	40	static
../Core/Src/main.c:410:13:MX_ADC5_Init	40	static
../Core/Src/main.c:473:13:MX_TIM1_Init	120	static
../Core/Src/main.c:555:13:MX_TIM2_Init	64	static
../Core/Src/main.c:613:13:MX_USART1_UART_Init	8	static
../Core/Src/main.c:661:13:MX_GPIO_Init	24	static
../Core/Src/main.c:683:6:Error_Handler	4	static,ignoring_inline_asm
