../Core/Src/main.c:84:5:indexOf	2
../Core/Src/main.c:92:5:lastIndexOf	3
../Core/Src/main.c:103:6:startsWith	1
../Core/Src/main.c:106:7:substring	2
../Core/Src/main.c:114:7:substring1	2
../Core/Src/main.c:124:9:extractDataInULL	11
../Core/Src/main.c:221:6:extractTemperatures	5
../Core/Src/main.c:240:6:extractCells	5
../Core/Src/main.c:262:6:calcSOC	2
../Core/Src/main.c:270:6:parseDataIfValid	2
../Core/Src/main.c:288:6:HAL_UART_RxCpltCallback	4
../Core/Src/main.c:321:5:main	1
../Core/Src/main.c:405:6:SystemClock_Config	3
../Core/Src/main.c:452:13:MX_ADC1_Init	4
../Core/Src/main.c:524:13:MX_ADC3_Init	4
../Core/Src/main.c:596:13:MX_ADC5_Init	3
../Core/Src/main.c:659:13:MX_USART1_UART_Init	5
../Core/Src/main.c:707:13:MX_GPIO_Init	1
../Core/Src/main.c:756:6:Error_Handler	1
