../Core/Src/main.c:84:5:indexOf	32	static
../Core/Src/main.c:92:5:lastIndexOf	24	static
../Core/Src/main.c:103:6:startsWith	16	static
../Core/Src/main.c:106:7:substring	32	static
../Core/Src/main.c:114:7:substring1	24	static
../Core/Src/main.c:124:9:extractDataInULL	48	static
../Core/Src/main.c:221:6:extractTemperatures	56	static
../Core/Src/main.c:240:6:extractCells	104	static
../Core/Src/main.c:262:6:calcSOC	24	static
../Core/Src/main.c:270:6:parseDataIfValid	16	static
../Core/Src/main.c:288:6:HAL_UART_RxCpltCallback	24	static
../Core/Src/main.c:321:5:main	8	static
../Core/Src/main.c:405:6:SystemClock_Config	88	static
../Core/Src/main.c:452:13:MX_ADC1_Init	56	static
../Core/Src/main.c:524:13:MX_ADC3_Init	56	static
../Core/Src/main.c:596:13:MX_ADC5_Init	40	static
../Core/Src/main.c:659:13:MX_USART1_UART_Init	8	static
../Core/Src/main.c:707:13:MX_GPIO_Init	40	static
../Core/Src/main.c:756:6:Error_Handler	4	static,ignoring_inline_asm
