../Core/Src/main.c:92:5:indexOf	32	static
../Core/Src/main.c:100:5:lastIndexOf	24	static
../Core/Src/main.c:111:6:startsWith	16	static
../Core/Src/main.c:114:7:substring	32	static
../Core/Src/main.c:122:7:substring1	24	static
../Core/Src/main.c:132:9:extractDataInULL	48	static
../Core/Src/main.c:229:6:extractTemperatures	56	static
../Core/Src/main.c:248:6:extractCells	104	static
../Core/Src/main.c:270:6:calcSOC	24	static
../Core/Src/main.c:278:6:parseDataIfValid	16	static
../Core/Src/main.c:287:6:HAL_UART_RxCpltCallback	24	static
../Core/Src/main.c:319:5:main	16	static
../Core/Src/main.c:395:6:SystemClock_Config	88	static
../Core/Src/main.c:442:13:MX_ADC1_Init	56	static
../Core/Src/main.c:514:13:MX_ADC3_Init	56	static
../Core/Src/main.c:586:13:MX_USART1_UART_Init	8	static
../Core/Src/main.c:634:13:MX_GPIO_Init	40	static
../Core/Src/main.c:667:6:Error_Handler	4	static,ignoring_inline_asm
