../Core/Src/main.c:92:5:indexOf	2
../Core/Src/main.c:100:5:lastIndexOf	3
../Core/Src/main.c:111:6:startsWith	1
../Core/Src/main.c:114:7:substring	2
../Core/Src/main.c:122:7:substring1	2
../Core/Src/main.c:132:9:extractDataInULL	11
../Core/Src/main.c:229:6:extractTemperatures	5
../Core/Src/main.c:248:6:extractCells	5
../Core/Src/main.c:270:6:calcSOC	2
../Core/Src/main.c:278:6:parseDataIfValid	2
../Core/Src/main.c:287:6:HAL_UART_RxCpltCallback	4
../Core/Src/main.c:319:5:main	1
../Core/Src/main.c:395:6:SystemClock_Config	3
../Core/Src/main.c:442:13:MX_ADC1_Init	4
../Core/Src/main.c:514:13:MX_ADC3_Init	4
../Core/Src/main.c:586:13:MX_USART1_UART_Init	5
../Core/Src/main.c:634:13:MX_GPIO_Init	1
../Core/Src/main.c:667:6:Error_Handler	1
