#
# A fatal error has been detected by the Java Runtime Environment:
#
#  EXCEPTION_ACCESS_VIOLATION (0xc0000005) at pc=0x00000001800044cb, pid=100, tid=18652
#
# JRE version: Java(TM) SE Runtime Environment (21.0.7+8) (build 21.0.7+8-LTS-245)
# Java VM: Java HotSpot(TM) 64-Bit Server VM (21.0.7+8-LTS-245, mixed mode, sharing, tiered, compressed oops, compressed class ptrs, g1 gc, windows-amd64)
# Problematic frame:
# C  [rxtxSerial.dll+0x44cb]
#
# No core dump will be written. Minidumps are not enabled by default on client versions of Windows
#
# If you would like to submit a bug report, please visit:
#   https://bugreport.java.com/bugreport/crash.jsp
# The crash happened outside the Java Virtual Machine in native code.
# See problematic frame for where to report the bug.
#

---------------  S U M M A R Y ------------

Command Line: MultiWiiConf

Host: Intel(R) Core(TM) Ultra 5 226V, 8 cores, 15G,  Windows 11 , 64 bit Build 26100 (10.0.26100.4202)
Time: Thu Jul 17 01:59:38 2025 India Standard Time elapsed time: 5.955179 seconds (0d 0h 0m 5s)

---------------  T H R E A D  ---------------

Current thread (0x000001888b16a960):  JavaThread "Animation Thread"        [_thread_in_native, id=18652, stack(0x000000341cc00000,0x000000341cd00000) (1024K)]

Stack: [0x000000341cc00000,0x000000341cd00000],  sp=0x000000341ccfe760,  free space=1017k
Native frames: (J=compiled Java code, j=interpreted, Vv=VM code, C=native code)
C  [rxtxSerial.dll+0x44cb]

Java frames: (J=compiled Java code, j=interpreted, Vv=VM code)
j  gnu.io.RXTXPort.nativeDrain(Z)Z+0
j  gnu.io.RXTXPort$SerialOutputStream.flush()V+92
j  processing.serial.Serial.write([B)V+12
j  MultiWiiConf.sendRequestMSP(Ljava/util/List;)V+60
j  MultiWiiConf.draw()V+934
j  processing.core.PApplet.handleDraw()V+145
j  processing.core.PApplet.run()V+72
j  java.lang.Thread.runWith(Ljava/lang/Object;Ljava/lang/Runnable;)V+5 java.base@21.0.7
j  java.lang.Thread.run()V+19 java.base@21.0.7
v  ~StubRoutines::call_stub 0x0000018835a5100d

siginfo: EXCEPTION_ACCESS_VIOLATION (0xc0000005), reading address 0x000000001cfff15c


Registers:
RAX=0x000000000000001c, RBX=0x0000000000000001, RCX=0x000000341ccfeb3c, RDX=0x0000000000000000
RSP=0x000000341ccfe760, RBP=0x0000000000000001, RSI=0x0000000000000000, RDI=0x000001888b16ad18
R8 =0x000000341ccfe420, R9 =0x0000000180000000, R10=0x0000000000000000, R11=0x0000000000000200
R12=0x000000001cfff150, R13=0x0000000000000000, R14=0x000000341ccfec58, R15=0x000001888b16a960
RIP=0x00000001800044cb, EFLAGS=0x0000000000010206


Register to memory mapping:

RAX=0x000000000000001c is an unknown value
RBX=0x0000000000000001 is an unknown value
RCX=0x000000341ccfeb3c is pointing into the stack for thread: 0x000001888b16a960
RDX=0x0 is null
RSP=0x000000341ccfe760 is pointing into the stack for thread: 0x000001888b16a960
RBP=0x0000000000000001 is an unknown value
RSI=0x0 is null
RDI=0x000001888b16ad18 points into unknown readable memory: 0x00007ff8bbfaf640 | 40 f6 fa bb f8 7f 00 00
R8 =0x000000341ccfe420 is pointing into the stack for thread: 0x000001888b16a960
R9 =0x0000000180000000 rxtxSerial.dll
R10=0x0 is null
R11=0x0000000000000200 is an unknown value
R12=0x000000001cfff150 is an unknown value
R13=0x0 is null
R14=0x000000341ccfec58 is pointing into the stack for thread: 0x000001888b16a960
R15=0x000001888b16a960 is a thread

Top of Stack: (sp=0x000000341ccfe760)
0x000000341ccfe760:   00000188879ab858 000000018001c4c0
0x000000341ccfe770:   0000000000000000 0000000000000000
0x000000341ccfe780:   000001888b124c40 0000000706e3ce50
0x000000341ccfe790:   000000341ccfec58 0000018846013d38
0x000000341ccfe7a0:   0000018845b07cf8 000001888b16a960
0x000000341ccfe7b0:   000000341ccfeb60 00007ff8bb7d3210
0x000000341ccfe7c0:   000001888b16a960 0000000000010120
0x000000341ccfe7d0:   000000341ccfe870 000000341ccfe788
0x000000341ccfe7e0:   000000341ccfe7c9 0000000800000002
0x000000341ccfe7f0:   000001888b16a900 0000000000000000
0x000000341ccfe800:   0000ded43c568988 0000018845b07cd0
0x000000341ccfe810:   000001888b124c38 00007ff8bba8e24e
0x000000341ccfe820:   0000018845b07cf8 0000018845b07c01
0x000000341ccfe830:   00007ff8bc02c3d0 00007ff8bba8a66f
0x000000341ccfe840:   000000341ccfeb60 000000341ccfec58
0x000000341ccfe850:   0000018835a58860 0000000000000000
0x000000341ccfe860:   000000341ccfe970 00007ff8bb7c37dc
0x000000341ccfe870:   00007ff8bc02c3d0 0000000000000000
0x000000341ccfe880:   0000018835a58860 00007ff8bc02c3d0
0x000000341ccfe890:   00007ff8bbd7e2d0 0000002000000000
0x000000341ccfe8a0:   0000000000000000 0000000000000000
0x000000341ccfe8b0:   00000188464a1c10 0000000000000004
0x000000341ccfe8c0:   0000000000000088 0000000000000020
0x000000341ccfe8d0:   0000000000000030 6e675f6176614a00
0x000000341ccfe8e0:   00000188879ab858 616e5f74726f5058
0x000000341ccfe8f0:   6961724465766974 000001888b12006e
0x000000341ccfe900:   000000341ccfe990 00007ff8bba8e2d9
0x000000341ccfe910:   0000ded43c5686f8 00007ff8bbe1006e
0x000000341ccfe920:   000001888b16a960 0000000000000003
0x000000341ccfe930:   0000018845b080a8 000000341ccfeb60
0x000000341ccfe940:   0000018845b07cd0 0000018845b07cd0
0x000000341ccfe950:   000001888b16a960 00007ff8bba8dd08 

Instructions: (pc=0x00000001800044cb)
0x00000001800043cb:   89 54 24 30 e8 3c f4 ff ff 48 8b 54 24 30 4c 8d
0x00000001800043db:   0d b4 80 01 00 4c 8d 05 b1 80 01 00 48 8b cf 8b
0x00000001800043eb:   e8 e8 1f f4 ff ff 33 db 4c 63 e0 8b cd e8 43 41
0x00000001800043fb:   00 00 ff c3 8b f0 85 c0 74 0f e8 72 63 00 00 83
0x000000018000440b:   38 04 75 05 83 fb 03 7c e2 48 8d 15 a5 80 01 00
0x000000018000441b:   48 8d 8c 24 c0 03 00 00 44 8b c6 e8 11 5e 00 00
0x000000018000442b:   85 f6 0f 84 86 00 00 00 e8 44 63 00 00 8b 08 e8
0x000000018000443b:   59 62 00 00 4c 8b 07 48 8d 15 a7 80 01 00 48 8b
0x000000018000444b:   cf 48 8b f0 41 ff 50 30 48 8b d8 48 85 c0 75 1b
0x000000018000445b:   48 8b 07 48 8b cf ff 90 80 00 00 00 4c 8b 1f 48
0x000000018000446b:   8b cf 41 ff 93 88 00 00 00 eb 43 4c 8d 0d 63 80
0x000000018000447b:   01 00 48 8d 15 7c 90 01 00 48 8d 8c 24 78 03 00
0x000000018000448b:   00 4c 8b c6 e8 a8 5d 00 00 4c 8b 1f 4c 8d 84 24
0x000000018000449b:   78 03 00 00 48 8b d3 48 8b cf 41 ff 53 70 4c 8b
0x00000001800044ab:   1f 48 8b d3 48 8b cf 41 ff 93 b8 00 00 00 45 84
0x00000001800044bb:   ed 0f 85 b7 00 00 00 4d 85 e4 0f 84 ae 00 00 00
0x00000001800044cb:   41 83 7c 24 0c 00 0f 84 a2 00 00 00 48 8d 4c 24
0x00000001800044db:   38 49 8b d4 41 b8 40 03 00 00 e8 06 64 00 00 4c
0x00000001800044eb:   8b 1f 48 8b 54 24 30 48 8b cf 41 ff 93 f8 00 00
0x00000001800044fb:   00 48 8b 54 24 30 4c 8d 0d f8 7a 01 00 4c 8d 05
0x000000018000450b:   f5 7a 01 00 48 8b cf 48 8b d8 e8 f6 f2 ff ff 4c
0x000000018000451b:   8b 1f 4c 8d 0d e4 7a 01 00 4c 8d 05 e5 7a 01 00
0x000000018000452b:   48 8b d3 48 8b cf 41 ff 93 08 01 00 00 83 bc 24
0x000000018000453b:   d0 00 00 00 01 48 8b f0 7f 34 48 85 db 74 2f 48
0x000000018000454b:   8b 17 48 8b cf ff 92 88 00 00 00 4c 8b 1f 48 8b
0x000000018000455b:   54 24 30 41 b9 02 00 00 00 4c 8b c6 48 8b cf c7
0x000000018000456b:   44 24 20 01 00 00 00 41 ff 93 28 01 00 00 32 c0
0x000000018000457b:   48 8b 8c 24 10 04 00 00 48 33 cc e8 05 5b 00 00
0x000000018000458b:   48 8b 9c 24 60 04 00 00 48 81 c4 20 04 00 00 41
0x000000018000459b:   5d 41 5c 5f 5e 5d c3 cc cc cc cc cc cc cc cc cc
0x00000001800045ab:   cc cc cc cc cc 40 53 48 83 ec 20 41 8b d8 4c 8d
0x00000001800045bb:   0d dc 7e 01 00 4c 8d 05 25 7f 01 00 e8 44 f2 ff 


Stack slot to memory mapping:

stack at sp + 0 slots: {method} {0x00000188879ab860} 'nativeDrain' '(Z)Z' in 'gnu/io/RXTXPort'
stack at sp + 1 slots: 0x000000018001c4c0 rxtxSerial.dll
stack at sp + 2 slots: 0x0 is null
stack at sp + 3 slots: 0x0 is null
stack at sp + 4 slots: 0x000001888b124c40 points into unknown readable memory: 0x0000000711cbf8d0 | d0 f8 cb 11 07 00 00 00
stack at sp + 5 slots: 0x0000000706e3ce50 is an oop: jdk.internal.loader.ClassLoaders$AppClassLoader 
{0x0000000706e3ce50} - klass: 'jdk/internal/loader/ClassLoaders$AppClassLoader'
 - ---- fields (total size 13 words):
 - private 'defaultAssertionStatus' 'Z' @12  false (0x00)
 - injected 'loader_data' 'J' @16  1684795024032 (0x00000188459be2a0)
 - private final 'parent' 'Ljava/lang/ClassLoader;' @24  a 'jdk/internal/loader/ClassLoaders$PlatformClassLoader'{0x0000000706e2a980} (0xe0dc5530)
 - private final 'name' 'Ljava/lang/String;' @28  "app"{0x0000000706e3ceb8} (0xe0dc79d7)
 - private final 'unnamedModule' 'Ljava/lang/Module;' @32  a 'java/lang/Module'{0x0000000706e3cee8} (0xe0dc79dd)
 - private final 'nameAndId' 'Ljava/lang/String;' @36  "'app'"{0x0000000706e3cf20} (0xe0dc79e4)
 - private final 'parallelLockMap' 'Ljava/util/concurrent/ConcurrentHashMap;' @40  a 'java/util/concurrent/ConcurrentHashMap'{0x0000000706e3cf50} (0xe0dc79ea)
 - private final 'package2certs' 'Ljava/util/concurrent/ConcurrentHashMap;' @44  a 'java/util/concurrent/ConcurrentHashMap'{0x0000000706e48510} (0xe0dc90a2)
 - private final 'classes' 'Ljava/util/ArrayList;' @48  a 'java/util/ArrayList'{0x0000000706e48a80} (0xe0dc9150)
 - private final 'defaultDomain' 'Ljava/security/ProtectionDomain;' @52  a 'java/security/ProtectionDomain'{0x0000000707193590} (0xe0e326b2)
 - private final 'packages' 'Ljava/util/concurrent/ConcurrentHashMap;' @56  a 'java/util/concurrent/ConcurrentHashMap'{0x0000000707193070} (0xe0e3260e)
 - private final 'libraries' 'Ljdk/internal/loader/NativeLibraries;' @60  a 'jdk/internal/loader/NativeLibraries'{0x0000000707192e90} (0xe0e325d2)
 - final 'assertionLock' 'Ljava/lang/Object;' @64  a 'java/lang/Object'{0x0000000707192e80} (0xe0e325d0)
 - private 'packageAssertionStatus' 'Ljava/util/Map;' @68  null (0x00000000)
 - 'classAssertionStatus' 'Ljava/util/Map;' @72  null (0x00000000)
 - private volatile 'classLoaderValueMap' 'Ljava/util/concurrent/ConcurrentHashMap;' @76  a 'java/util/concurrent/ConcurrentHashMap'{0x0000000707192d10} (0xe0e325a2)
 - private final 'pdcache' 'Ljava/util/Map;' @80  a 'java/util/concurrent/ConcurrentHashMap'{0x0000000707192b00} (0xe0e32560)
 - private final 'parent' 'Ljdk/internal/loader/BuiltinClassLoader;' @84  a 'jdk/internal/loader/ClassLoaders$PlatformClassLoader'{0x0000000706e2a980} (0xe0dc5530)
 - private 'ucp' 'Ljdk/internal/loader/URLClassPath;' @88  a 'jdk/internal/loader/URLClassPath'{0x0000000707191860} (0xe0e3230c)
 - private final 'nameToModule' 'Ljava/util/Map;' @92  a 'java/util/concurrent/ConcurrentHashMap'{0x00000007071914a0} (0xe0e32294)
 - private final 'moduleToReader' 'Ljava/util/Map;' @96  a 'java/util/concurrent/ConcurrentHashMap'{0x0000000707190fa8} (0xe0e321f5)
 - private volatile 'resourceCache' 'Ljava/lang/ref/SoftReference;' @100  a 'java/lang/ref/SoftReference'{0x0000000707190e30} (0xe0e321c6)
stack at sp + 6 slots: 0x000000341ccfec58 is pointing into the stack for thread: 0x000001888b16a960
stack at sp + 7 slots: 0x0000018846013d38 is a pointer to class: 
java.lang.ClassLoader {0x0000018846013d40}
 - instance size:     10
 - klass size:        93
 - access:            public synchronized abstract 
 - flags:             rewritten has_nonstatic_fields is_shared_boot_class has_localvariable_table has_final_method 
 - state:             fully_initialized
 - name:              'java/lang/ClassLoader'
 - super:             'java/lang/Object'
 - sub:               'jdk/internal/reflect/DelegatingClassLoader'   'java/security/SecureClassLoader'   
 - arrays:            'java/lang/ClassLoader'[]
 - methods:           Array<T>(0x0000018846637280)
 - method ordering:   Array<T>(0x0000018846637570)
 - local interfaces:  Array<T>(0x0000018846613c08)
 - trans. interfaces: Array<T>(0x0000018846613c08)
 - constants:         constant pool [1108]/operands[35] {0x0000018846634f78} for 'java/lang/ClassLoader' cache=0x000001884643a860
 - class loader data:  loader data: 0x000001884575fc70 of 'bootstrap'
 - source file:       'ClassLoader.java'
 - inner classes:     Array<T>(0x0000018846637258)
 - nest members:     Array<T>(0x0000018846637768)
 - permitted subclasses:     Array<T>(0x0000018846613b90)
 - java mirror:       a 'java/lang/Class'{0x0000000706e6ee48} = 'java/lang/ClassLoader'
 - vtable length      34  (start addr: 0x0000018846013ef8)
 - itable length      2 (start addr: 0x0000018846014008)
 - ---- static fields (2 words):
 - private static final 'nocerts' '[Ljava/security/cert/Certificate;' @112 
 - private static volatile 'scl' 'Ljava/lang/ClassLoader;' @116 
 - static final synthetic '$assertionsDisabled' 'Z' @120 
 - ---- non-static fields (17 words):
 - private 'defaultAssertionStatus' 'Z' @12 
 - injected 'loader_data' 'J' @16 
 - private final 'parent' 'Ljava/lang/ClassLoader;' @24 
 - private final 'name' 'Ljava/lang/String;' @28 
 - private final 'unnamedModule' 'Ljava/lang/Module;' @32 
 - private final 'nameAndId' 'Ljava/lang/String;' @36 
 - private final 'parallelLockMap' 'Ljava/util/concurrent/ConcurrentHashMap;' @40 
 - private final 'package2certs' 'Ljava/util/concurrent/ConcurrentHashMap;' @44 
 - private final 'classes' 'Ljava/util/ArrayList;' @48 
 - private final 'defaultDomain' 'Ljava/security/ProtectionDomain;' @52 
 - private final 'packages' 'Ljava/util/concurrent/ConcurrentHashMap;' @56 
 - private final 'libraries' 'Ljdk/internal/loader/NativeLibraries;' @60 
 - final 'assertionLock' 'Ljava/lang/Object;' @64 
 - private 'packageAssertionStatus' 'Ljava/util/Map;' @68 
 - 'classAssertionStatus' 'Ljava/util/Map;' @72 
 - private volatile 'classLoaderValueMap' 'Ljava/util/concurrent/ConcurrentHashMap;' @76 
 - non-static oop maps: 24-76 


---------------  P R O C E S S  ---------------

Threads class SMR info:
_java_thread_list=0x000001888cfb6dd0, length=19, elements={
0x00000188458d3320, 0x00000188458d5d80, 0x00000188458d67d0, 0x00000188458d7220,
0x00000188458d7c70, 0x00000188458d9cc0, 0x00000188458dea50, 0x00000188459075c0,
0x0000018845a60f80, 0x0000018845a7f2a0, 0x0000018845b9c590, 0x0000018845b9cbf0,
0x0000018845c85350, 0x0000018845cad8b0, 0x0000018845ca9920, 0x000001888b16a960,
0x00000188245ac3b0, 0x000001888d7b7ed0, 0x00000188963cb840
}

Java Threads: ( => current thread )
  0x00000188458d3320 JavaThread "Reference Handler"          daemon [_thread_blocked, id=9172, stack(0x000000341bd00000,0x000000341be00000) (1024K)]
  0x00000188458d5d80 JavaThread "Finalizer"                  daemon [_thread_blocked, id=16292, stack(0x000000341be00000,0x000000341bf00000) (1024K)]
  0x00000188458d67d0 JavaThread "Signal Dispatcher"          daemon [_thread_blocked, id=23700, stack(0x000000341bf00000,0x000000341c000000) (1024K)]
  0x00000188458d7220 JavaThread "Attach Listener"            daemon [_thread_blocked, id=7728, stack(0x000000341c000000,0x000000341c100000) (1024K)]
  0x00000188458d7c70 JavaThread "Service Thread"             daemon [_thread_blocked, id=17052, stack(0x000000341c100000,0x000000341c200000) (1024K)]
  0x00000188458d9cc0 JavaThread "Monitor Deflation Thread"   daemon [_thread_blocked, id=14044, stack(0x000000341c200000,0x000000341c300000) (1024K)]
  0x00000188458dea50 JavaThread "C2 CompilerThread0"         daemon [_thread_blocked, id=3624, stack(0x000000341c300000,0x000000341c400000) (1024K)]
  0x00000188459075c0 JavaThread "C1 CompilerThread0"         daemon [_thread_blocked, id=13476, stack(0x000000341c400000,0x000000341c500000) (1024K)]
  0x0000018845a60f80 JavaThread "Notification Thread"        daemon [_thread_blocked, id=16472, stack(0x000000341c500000,0x000000341c600000) (1024K)]
  0x0000018845a7f2a0 JavaThread "Common-Cleaner"             daemon [_thread_blocked, id=21468, stack(0x000000341c600000,0x000000341c700000) (1024K)]
  0x0000018845b9c590 JavaThread "Java2D Disposer"            daemon [_thread_blocked, id=13028, stack(0x000000341c700000,0x000000341c800000) (1024K)]
  0x0000018845b9cbf0 JavaThread "AWT-Shutdown"                      [_thread_blocked, id=5752, stack(0x000000341c800000,0x000000341c900000) (1024K)]
  0x0000018845c85350 JavaThread "AWT-Windows"                daemon [_thread_in_native, id=10484, stack(0x000000341c900000,0x000000341ca00000) (1024K)]
  0x0000018845cad8b0 JavaThread "AWT-EventQueue-0"                  [_thread_blocked, id=21400, stack(0x000000341ca00000,0x000000341cb00000) (1024K)]
  0x0000018845ca9920 JavaThread "Image Fetcher 0"            daemon [_thread_blocked, id=1436, stack(0x000000341cb00000,0x000000341cc00000) (1024K)]
=>0x000001888b16a960 JavaThread "Animation Thread"                  [_thread_in_native, id=18652, stack(0x000000341cc00000,0x000000341cd00000) (1024K)]
  0x00000188245ac3b0 JavaThread "DestroyJavaVM"                     [_thread_blocked, id=10212, stack(0x000000341b500000,0x000000341b600000) (1024K)]
  0x000001888d7b7ed0 JavaThread "Image Fetcher 1"            daemon [_thread_blocked, id=10452, stack(0x000000341d000000,0x000000341d100000) (1024K)]
  0x00000188963cb840 JavaThread "Thread-0"                          [_thread_in_native, id=15816, stack(0x000000341cf00000,0x000000341d000000) (1024K)]
Total: 19

Other Threads:
  0x00000188458aaf80 VMThread "VM Thread"                           [id=24744, stack(0x000000341bc00000,0x000000341bd00000) (1024K)]
  0x0000018845894760 WatcherThread "VM Periodic Task Thread"        [id=19856, stack(0x000000341bb00000,0x000000341bc00000) (1024K)]
  0x00000188260ceed0 WorkerThread "GC Thread#0"                     [id=24564, stack(0x000000341b600000,0x000000341b700000) (1024K)]
  0x000001888dc127f0 WorkerThread "GC Thread#1"                     [id=23780, stack(0x000000341d100000,0x000000341d200000) (1024K)]
  0x000001888d44f6f0 WorkerThread "GC Thread#2"                     [id=17336, stack(0x000000341d200000,0x000000341d300000) (1024K)]
  0x000001888d7bc590 WorkerThread "GC Thread#3"                     [id=21036, stack(0x000000341d300000,0x000000341d400000) (1024K)]
  0x000001888b2f7910 WorkerThread "GC Thread#4"                     [id=24444, stack(0x000000341d600000,0x000000341d700000) (1024K)]
  0x000001888d097090 WorkerThread "GC Thread#5"                     [id=22340, stack(0x000000341d700000,0x000000341d800000) (1024K)]
  0x000001888d097430 WorkerThread "GC Thread#6"                     [id=2252, stack(0x000000341d800000,0x000000341d900000) (1024K)]
  0x000001888d47d4c0 WorkerThread "GC Thread#7"                     [id=16768, stack(0x000000341d900000,0x000000341da00000) (1024K)]
  0x00000188260e07d0 ConcurrentGCThread "G1 Main Marker"            [id=8296, stack(0x000000341b700000,0x000000341b800000) (1024K)]
  0x00000188260e22e0 WorkerThread "G1 Conc#0"                       [id=23168, stack(0x000000341b800000,0x000000341b900000) (1024K)]
  0x0000018845764de0 ConcurrentGCThread "G1 Refine#0"               [id=19444, stack(0x000000341b900000,0x000000341ba00000) (1024K)]
  0x0000018845765700 ConcurrentGCThread "G1 Service"                [id=25212, stack(0x000000341ba00000,0x000000341bb00000) (1024K)]
Total: 14

Threads with active compile tasks:
Total: 0

VM state: not at safepoint (normal execution)

VM Mutex/Monitor currently owned by a thread: None

Heap address: 0x0000000706e00000, size: 3986 MB, Compressed Oops mode: Zero based, Oop shift amount: 3

CDS archive(s) mapped at: [0x0000018846000000-0x0000018846c90000-0x0000018846c90000), size 13172736, SharedBaseAddress: 0x0000018846000000, ArchiveRelocationMode: 1.
Compressed class space mapped at: 0x0000018847000000-0x0000018887000000, reserved size: 1073741824
Narrow klass base: 0x0000018846000000, Narrow klass shift: 0, Narrow klass range: 0x100000000

GC Precious Log:
 CardTable entry size: 512
 Card Set container configuration: InlinePtr #cards 4 size 8 Array Of Cards #cards 16 size 48 Howl #buckets 8 coarsen threshold 3686 Howl Bitmap #cards 512 size 80 coarsen threshold 460 Card regions per heap region 1 cards per card region 4096
 CPUs: 8 total, 8 available
 Memory: 15940M
 Large Page Support: Disabled
 NUMA Support: Disabled
 Compressed Oops: Enabled (Zero based)
 Heap Region Size: 2M
 Heap Min Capacity: 8M
 Heap Initial Capacity: 250M
 Heap Max Capacity: 3986M
 Pre-touch: Disabled
 Parallel Workers: 8
 Concurrent Workers: 2
 Concurrent Refinement Workers: 8
 Periodic GC: Disabled

Heap:
 garbage-first heap   total 256000K, used 78203K [0x0000000706e00000, 0x0000000800000000)
  region size 2048K, 38 young (77824K), 1 survivors (2048K)
 Metaspace       used 10920K, committed 11136K, reserved 1114112K
  class space    used 883K, committed 960K, reserved 1048576K

Heap Regions: E=young(eden), S=young(survivor), O=old, HS=humongous(starts), HC=humongous(continues), CS=collection set, F=free, TAMS=top-at-mark-start, PB=parsable bottom
|   0|0x0000000706e00000, 0x0000000706fffff8, 0x0000000707000000| 99%| O|  |TAMS 0x0000000706e00000| PB 0x0000000706e00000| Untracked 
|   1|0x0000000707000000, 0x00000007071ee6c8, 0x0000000707200000| 96%| O|  |TAMS 0x0000000707000000| PB 0x0000000707000000| Untracked 
|   2|0x0000000707200000, 0x0000000707200000, 0x0000000707400000|  0%| F|  |TAMS 0x0000000707200000| PB 0x0000000707200000| Untracked 
|   3|0x0000000707400000, 0x0000000707400000, 0x0000000707600000|  0%| F|  |TAMS 0x0000000707400000| PB 0x0000000707400000| Untracked 
|   4|0x0000000707600000, 0x0000000707600000, 0x0000000707800000|  0%| F|  |TAMS 0x0000000707600000| PB 0x0000000707600000| Untracked 
|   5|0x0000000707800000, 0x0000000707800000, 0x0000000707a00000|  0%| F|  |TAMS 0x0000000707800000| PB 0x0000000707800000| Untracked 
|   6|0x0000000707a00000, 0x0000000707a00000, 0x0000000707c00000|  0%| F|  |TAMS 0x0000000707a00000| PB 0x0000000707a00000| Untracked 
|   7|0x0000000707c00000, 0x0000000707c00000, 0x0000000707e00000|  0%| F|  |TAMS 0x0000000707c00000| PB 0x0000000707c00000| Untracked 
|   8|0x0000000707e00000, 0x0000000707e00000, 0x0000000708000000|  0%| F|  |TAMS 0x0000000707e00000| PB 0x0000000707e00000| Untracked 
|   9|0x0000000708000000, 0x0000000708000000, 0x0000000708200000|  0%| F|  |TAMS 0x0000000708000000| PB 0x0000000708000000| Untracked 
|  10|0x0000000708200000, 0x0000000708200000, 0x0000000708400000|  0%| F|  |TAMS 0x0000000708200000| PB 0x0000000708200000| Untracked 
|  11|0x0000000708400000, 0x0000000708400000, 0x0000000708600000|  0%| F|  |TAMS 0x0000000708400000| PB 0x0000000708400000| Untracked 
|  12|0x0000000708600000, 0x0000000708600000, 0x0000000708800000|  0%| F|  |TAMS 0x0000000708600000| PB 0x0000000708600000| Untracked 
|  13|0x0000000708800000, 0x0000000708800000, 0x0000000708a00000|  0%| F|  |TAMS 0x0000000708800000| PB 0x0000000708800000| Untracked 
|  14|0x0000000708a00000, 0x0000000708a00000, 0x0000000708c00000|  0%| F|  |TAMS 0x0000000708a00000| PB 0x0000000708a00000| Untracked 
|  15|0x0000000708c00000, 0x0000000708c00000, 0x0000000708e00000|  0%| F|  |TAMS 0x0000000708c00000| PB 0x0000000708c00000| Untracked 
|  16|0x0000000708e00000, 0x0000000708e00000, 0x0000000709000000|  0%| F|  |TAMS 0x0000000708e00000| PB 0x0000000708e00000| Untracked 
|  17|0x0000000709000000, 0x0000000709000000, 0x0000000709200000|  0%| F|  |TAMS 0x0000000709000000| PB 0x0000000709000000| Untracked 
|  18|0x0000000709200000, 0x0000000709200000, 0x0000000709400000|  0%| F|  |TAMS 0x0000000709200000| PB 0x0000000709200000| Untracked 
|  19|0x0000000709400000, 0x0000000709400000, 0x0000000709600000|  0%| F|  |TAMS 0x0000000709400000| PB 0x0000000709400000| Untracked 
|  20|0x0000000709600000, 0x0000000709600000, 0x0000000709800000|  0%| F|  |TAMS 0x0000000709600000| PB 0x0000000709600000| Untracked 
|  21|0x0000000709800000, 0x0000000709800000, 0x0000000709a00000|  0%| F|  |TAMS 0x0000000709800000| PB 0x0000000709800000| Untracked 
|  22|0x0000000709a00000, 0x0000000709a00000, 0x0000000709c00000|  0%| F|  |TAMS 0x0000000709a00000| PB 0x0000000709a00000| Untracked 
|  23|0x0000000709c00000, 0x0000000709c00000, 0x0000000709e00000|  0%| F|  |TAMS 0x0000000709c00000| PB 0x0000000709c00000| Untracked 
|  24|0x0000000709e00000, 0x0000000709e00000, 0x000000070a000000|  0%| F|  |TAMS 0x0000000709e00000| PB 0x0000000709e00000| Untracked 
|  25|0x000000070a000000, 0x000000070a000000, 0x000000070a200000|  0%| F|  |TAMS 0x000000070a000000| PB 0x000000070a000000| Untracked 
|  26|0x000000070a200000, 0x000000070a200000, 0x000000070a400000|  0%| F|  |TAMS 0x000000070a200000| PB 0x000000070a200000| Untracked 
|  27|0x000000070a400000, 0x000000070a400000, 0x000000070a600000|  0%| F|  |TAMS 0x000000070a400000| PB 0x000000070a400000| Untracked 
|  28|0x000000070a600000, 0x000000070a600000, 0x000000070a800000|  0%| F|  |TAMS 0x000000070a600000| PB 0x000000070a600000| Untracked 
|  29|0x000000070a800000, 0x000000070a800000, 0x000000070aa00000|  0%| F|  |TAMS 0x000000070a800000| PB 0x000000070a800000| Untracked 
|  30|0x000000070aa00000, 0x000000070aa00000, 0x000000070ac00000|  0%| F|  |TAMS 0x000000070aa00000| PB 0x000000070aa00000| Untracked 
|  31|0x000000070ac00000, 0x000000070ac00000, 0x000000070ae00000|  0%| F|  |TAMS 0x000000070ac00000| PB 0x000000070ac00000| Untracked 
|  32|0x000000070ae00000, 0x000000070ae00000, 0x000000070b000000|  0%| F|  |TAMS 0x000000070ae00000| PB 0x000000070ae00000| Untracked 
|  33|0x000000070b000000, 0x000000070b000000, 0x000000070b200000|  0%| F|  |TAMS 0x000000070b000000| PB 0x000000070b000000| Untracked 
|  34|0x000000070b200000, 0x000000070b200000, 0x000000070b400000|  0%| F|  |TAMS 0x000000070b200000| PB 0x000000070b200000| Untracked 
|  35|0x000000070b400000, 0x000000070b400000, 0x000000070b600000|  0%| F|  |TAMS 0x000000070b400000| PB 0x000000070b400000| Untracked 
|  36|0x000000070b600000, 0x000000070b600000, 0x000000070b800000|  0%| F|  |TAMS 0x000000070b600000| PB 0x000000070b600000| Untracked 
|  37|0x000000070b800000, 0x000000070b800000, 0x000000070ba00000|  0%| F|  |TAMS 0x000000070b800000| PB 0x000000070b800000| Untracked 
|  38|0x000000070ba00000, 0x000000070ba00000, 0x000000070bc00000|  0%| F|  |TAMS 0x000000070ba00000| PB 0x000000070ba00000| Untracked 
|  39|0x000000070bc00000, 0x000000070bc00000, 0x000000070be00000|  0%| F|  |TAMS 0x000000070bc00000| PB 0x000000070bc00000| Untracked 
|  40|0x000000070be00000, 0x000000070be00000, 0x000000070c000000|  0%| F|  |TAMS 0x000000070be00000| PB 0x000000070be00000| Untracked 
|  41|0x000000070c000000, 0x000000070c000000, 0x000000070c200000|  0%| F|  |TAMS 0x000000070c000000| PB 0x000000070c000000| Untracked 
|  42|0x000000070c200000, 0x000000070c200000, 0x000000070c400000|  0%| F|  |TAMS 0x000000070c200000| PB 0x000000070c200000| Untracked 
|  43|0x000000070c400000, 0x000000070c400000, 0x000000070c600000|  0%| F|  |TAMS 0x000000070c400000| PB 0x000000070c400000| Untracked 
|  44|0x000000070c600000, 0x000000070c600000, 0x000000070c800000|  0%| F|  |TAMS 0x000000070c600000| PB 0x000000070c600000| Untracked 
|  45|0x000000070c800000, 0x000000070c800000, 0x000000070ca00000|  0%| F|  |TAMS 0x000000070c800000| PB 0x000000070c800000| Untracked 
|  46|0x000000070ca00000, 0x000000070ca00000, 0x000000070cc00000|  0%| F|  |TAMS 0x000000070ca00000| PB 0x000000070ca00000| Untracked 
|  47|0x000000070cc00000, 0x000000070cc00000, 0x000000070ce00000|  0%| F|  |TAMS 0x000000070cc00000| PB 0x000000070cc00000| Untracked 
|  48|0x000000070ce00000, 0x000000070ce00000, 0x000000070d000000|  0%| F|  |TAMS 0x000000070ce00000| PB 0x000000070ce00000| Untracked 
|  49|0x000000070d000000, 0x000000070d000000, 0x000000070d200000|  0%| F|  |TAMS 0x000000070d000000| PB 0x000000070d000000| Untracked 
|  50|0x000000070d200000, 0x000000070d200000, 0x000000070d400000|  0%| F|  |TAMS 0x000000070d200000| PB 0x000000070d200000| Untracked 
|  51|0x000000070d400000, 0x000000070d400000, 0x000000070d600000|  0%| F|  |TAMS 0x000000070d400000| PB 0x000000070d400000| Untracked 
|  52|0x000000070d600000, 0x000000070d600000, 0x000000070d800000|  0%| F|  |TAMS 0x000000070d600000| PB 0x000000070d600000| Untracked 
|  53|0x000000070d800000, 0x000000070d800000, 0x000000070da00000|  0%| F|  |TAMS 0x000000070d800000| PB 0x000000070d800000| Untracked 
|  54|0x000000070da00000, 0x000000070da00000, 0x000000070dc00000|  0%| F|  |TAMS 0x000000070da00000| PB 0x000000070da00000| Untracked 
|  55|0x000000070dc00000, 0x000000070dc00000, 0x000000070de00000|  0%| F|  |TAMS 0x000000070dc00000| PB 0x000000070dc00000| Untracked 
|  56|0x000000070de00000, 0x000000070de00000, 0x000000070e000000|  0%| F|  |TAMS 0x000000070de00000| PB 0x000000070de00000| Untracked 
|  57|0x000000070e000000, 0x000000070e000000, 0x000000070e200000|  0%| F|  |TAMS 0x000000070e000000| PB 0x000000070e000000| Untracked 
|  58|0x000000070e200000, 0x000000070e200000, 0x000000070e400000|  0%| F|  |TAMS 0x000000070e200000| PB 0x000000070e200000| Untracked 
|  59|0x000000070e400000, 0x000000070e400000, 0x000000070e600000|  0%| F|  |TAMS 0x000000070e400000| PB 0x000000070e400000| Untracked 
|  60|0x000000070e600000, 0x000000070e600000, 0x000000070e800000|  0%| F|  |TAMS 0x000000070e600000| PB 0x000000070e600000| Untracked 
|  61|0x000000070e800000, 0x000000070e800000, 0x000000070ea00000|  0%| F|  |TAMS 0x000000070e800000| PB 0x000000070e800000| Untracked 
|  62|0x000000070ea00000, 0x000000070ea00000, 0x000000070ec00000|  0%| F|  |TAMS 0x000000070ea00000| PB 0x000000070ea00000| Untracked 
|  63|0x000000070ec00000, 0x000000070ec00000, 0x000000070ee00000|  0%| F|  |TAMS 0x000000070ec00000| PB 0x000000070ec00000| Untracked 
|  64|0x000000070ee00000, 0x000000070ee00000, 0x000000070f000000|  0%| F|  |TAMS 0x000000070ee00000| PB 0x000000070ee00000| Untracked 
|  65|0x000000070f000000, 0x000000070f000000, 0x000000070f200000|  0%| F|  |TAMS 0x000000070f000000| PB 0x000000070f000000| Untracked 
|  66|0x000000070f200000, 0x000000070f200000, 0x000000070f400000|  0%| F|  |TAMS 0x000000070f200000| PB 0x000000070f200000| Untracked 
|  67|0x000000070f400000, 0x000000070f400000, 0x000000070f600000|  0%| F|  |TAMS 0x000000070f400000| PB 0x000000070f400000| Untracked 
|  68|0x000000070f600000, 0x000000070f600000, 0x000000070f800000|  0%| F|  |TAMS 0x000000070f600000| PB 0x000000070f600000| Untracked 
|  69|0x000000070f800000, 0x000000070f800000, 0x000000070fa00000|  0%| F|  |TAMS 0x000000070f800000| PB 0x000000070f800000| Untracked 
|  70|0x000000070fa00000, 0x000000070fa00000, 0x000000070fc00000|  0%| F|  |TAMS 0x000000070fa00000| PB 0x000000070fa00000| Untracked 
|  71|0x000000070fc00000, 0x000000070fc00000, 0x000000070fe00000|  0%| F|  |TAMS 0x000000070fc00000| PB 0x000000070fc00000| Untracked 
|  72|0x000000070fe00000, 0x000000070fe00000, 0x0000000710000000|  0%| F|  |TAMS 0x000000070fe00000| PB 0x000000070fe00000| Untracked 
|  73|0x0000000710000000, 0x0000000710000000, 0x0000000710200000|  0%| F|  |TAMS 0x0000000710000000| PB 0x0000000710000000| Untracked 
|  74|0x0000000710200000, 0x0000000710200000, 0x0000000710400000|  0%| F|  |TAMS 0x0000000710200000| PB 0x0000000710200000| Untracked 
|  75|0x0000000710400000, 0x0000000710400000, 0x0000000710600000|  0%| F|  |TAMS 0x0000000710400000| PB 0x0000000710400000| Untracked 
|  76|0x0000000710600000, 0x0000000710600000, 0x0000000710800000|  0%| F|  |TAMS 0x0000000710600000| PB 0x0000000710600000| Untracked 
|  77|0x0000000710800000, 0x0000000710800000, 0x0000000710a00000|  0%| F|  |TAMS 0x0000000710800000| PB 0x0000000710800000| Untracked 
|  78|0x0000000710a00000, 0x0000000710a00000, 0x0000000710c00000|  0%| F|  |TAMS 0x0000000710a00000| PB 0x0000000710a00000| Untracked 
|  79|0x0000000710c00000, 0x0000000710c00000, 0x0000000710e00000|  0%| F|  |TAMS 0x0000000710c00000| PB 0x0000000710c00000| Untracked 
|  80|0x0000000710e00000, 0x0000000710e00000, 0x0000000711000000|  0%| F|  |TAMS 0x0000000710e00000| PB 0x0000000710e00000| Untracked 
|  81|0x0000000711000000, 0x0000000711000000, 0x0000000711200000|  0%| F|  |TAMS 0x0000000711000000| PB 0x0000000711000000| Untracked 
|  82|0x0000000711200000, 0x0000000711200000, 0x0000000711400000|  0%| F|  |TAMS 0x0000000711200000| PB 0x0000000711200000| Untracked 
|  83|0x0000000711400000, 0x0000000711400000, 0x0000000711600000|  0%| F|  |TAMS 0x0000000711400000| PB 0x0000000711400000| Untracked 
|  84|0x0000000711600000, 0x0000000711600000, 0x0000000711800000|  0%| F|  |TAMS 0x0000000711600000| PB 0x0000000711600000| Untracked 
|  85|0x0000000711800000, 0x0000000711800000, 0x0000000711a00000|  0%| F|  |TAMS 0x0000000711800000| PB 0x0000000711800000| Untracked 
|  86|0x0000000711a00000, 0x0000000711a00000, 0x0000000711c00000|  0%| F|  |TAMS 0x0000000711a00000| PB 0x0000000711a00000| Untracked 
|  87|0x0000000711c00000, 0x0000000711d187d8, 0x0000000711e00000| 54%| E|  |TAMS 0x0000000711c00000| PB 0x0000000711c00000| Complete 
|  88|0x0000000711e00000, 0x0000000712000000, 0x0000000712000000|100%| E|CS|TAMS 0x0000000711e00000| PB 0x0000000711e00000| Complete 
|  89|0x0000000712000000, 0x0000000712200000, 0x0000000712200000|100%| E|CS|TAMS 0x0000000712000000| PB 0x0000000712000000| Complete 
|  90|0x0000000712200000, 0x0000000712400000, 0x0000000712400000|100%| E|CS|TAMS 0x0000000712200000| PB 0x0000000712200000| Complete 
|  91|0x0000000712400000, 0x0000000712600000, 0x0000000712600000|100%| E|CS|TAMS 0x0000000712400000| PB 0x0000000712400000| Complete 
|  92|0x0000000712600000, 0x0000000712800000, 0x0000000712800000|100%| E|CS|TAMS 0x0000000712600000| PB 0x0000000712600000| Complete 
|  93|0x0000000712800000, 0x0000000712a00000, 0x0000000712a00000|100%| E|CS|TAMS 0x0000000712800000| PB 0x0000000712800000| Complete 
|  94|0x0000000712a00000, 0x0000000712c00000, 0x0000000712c00000|100%| E|CS|TAMS 0x0000000712a00000| PB 0x0000000712a00000| Complete 
|  95|0x0000000712c00000, 0x0000000712e00000, 0x0000000712e00000|100%| E|CS|TAMS 0x0000000712c00000| PB 0x0000000712c00000| Complete 
|  96|0x0000000712e00000, 0x0000000713000000, 0x0000000713000000|100%| E|CS|TAMS 0x0000000712e00000| PB 0x0000000712e00000| Complete 
|  97|0x0000000713000000, 0x0000000713200000, 0x0000000713200000|100%| E|CS|TAMS 0x0000000713000000| PB 0x0000000713000000| Complete 
|  98|0x0000000713200000, 0x0000000713400000, 0x0000000713400000|100%| E|CS|TAMS 0x0000000713200000| PB 0x0000000713200000| Complete 
|  99|0x0000000713400000, 0x0000000713600000, 0x0000000713600000|100%| E|CS|TAMS 0x0000000713400000| PB 0x0000000713400000| Complete 
| 100|0x0000000713600000, 0x0000000713800000, 0x0000000713800000|100%| E|CS|TAMS 0x0000000713600000| PB 0x0000000713600000| Complete 
| 101|0x0000000713800000, 0x0000000713a00000, 0x0000000713a00000|100%| E|CS|TAMS 0x0000000713800000| PB 0x0000000713800000| Complete 
| 102|0x0000000713a00000, 0x0000000713c00000, 0x0000000713c00000|100%| E|CS|TAMS 0x0000000713a00000| PB 0x0000000713a00000| Complete 
| 103|0x0000000713c00000, 0x0000000713e00000, 0x0000000713e00000|100%| E|CS|TAMS 0x0000000713c00000| PB 0x0000000713c00000| Complete 
| 104|0x0000000713e00000, 0x0000000714000000, 0x0000000714000000|100%| E|CS|TAMS 0x0000000713e00000| PB 0x0000000713e00000| Complete 
| 105|0x0000000714000000, 0x0000000714200000, 0x0000000714200000|100%| E|CS|TAMS 0x0000000714000000| PB 0x0000000714000000| Complete 
| 106|0x0000000714200000, 0x0000000714400000, 0x0000000714400000|100%| E|CS|TAMS 0x0000000714200000| PB 0x0000000714200000| Complete 
| 107|0x0000000714400000, 0x0000000714470648, 0x0000000714600000| 21%| S|CS|TAMS 0x0000000714400000| PB 0x0000000714400000| Complete 
| 108|0x0000000714600000, 0x0000000714800000, 0x0000000714800000|100%| E|CS|TAMS 0x0000000714600000| PB 0x0000000714600000| Complete 
| 109|0x0000000714800000, 0x0000000714a00000, 0x0000000714a00000|100%| E|CS|TAMS 0x0000000714800000| PB 0x0000000714800000| Complete 
| 110|0x0000000714a00000, 0x0000000714c00000, 0x0000000714c00000|100%| E|CS|TAMS 0x0000000714a00000| PB 0x0000000714a00000| Complete 
| 111|0x0000000714c00000, 0x0000000714e00000, 0x0000000714e00000|100%| E|CS|TAMS 0x0000000714c00000| PB 0x0000000714c00000| Complete 
| 112|0x0000000714e00000, 0x0000000715000000, 0x0000000715000000|100%| E|CS|TAMS 0x0000000714e00000| PB 0x0000000714e00000| Complete 
| 113|0x0000000715000000, 0x0000000715200000, 0x0000000715200000|100%| E|CS|TAMS 0x0000000715000000| PB 0x0000000715000000| Complete 
| 114|0x0000000715200000, 0x0000000715400000, 0x0000000715400000|100%| E|CS|TAMS 0x0000000715200000| PB 0x0000000715200000| Complete 
| 115|0x0000000715400000, 0x0000000715600000, 0x0000000715600000|100%| E|CS|TAMS 0x0000000715400000| PB 0x0000000715400000| Complete 
| 116|0x0000000715600000, 0x0000000715800000, 0x0000000715800000|100%| E|CS|TAMS 0x0000000715600000| PB 0x0000000715600000| Complete 
| 117|0x0000000715800000, 0x0000000715a00000, 0x0000000715a00000|100%| E|CS|TAMS 0x0000000715800000| PB 0x0000000715800000| Complete 
| 118|0x0000000715a00000, 0x0000000715c00000, 0x0000000715c00000|100%| E|CS|TAMS 0x0000000715a00000| PB 0x0000000715a00000| Complete 
| 119|0x0000000715c00000, 0x0000000715e00000, 0x0000000715e00000|100%| E|CS|TAMS 0x0000000715c00000| PB 0x0000000715c00000| Complete 
| 120|0x0000000715e00000, 0x0000000716000000, 0x0000000716000000|100%| E|CS|TAMS 0x0000000715e00000| PB 0x0000000715e00000| Complete 
| 121|0x0000000716000000, 0x0000000716200000, 0x0000000716200000|100%| E|CS|TAMS 0x0000000716000000| PB 0x0000000716000000| Complete 
| 122|0x0000000716200000, 0x0000000716400000, 0x0000000716400000|100%| E|CS|TAMS 0x0000000716200000| PB 0x0000000716200000| Complete 
| 123|0x0000000716400000, 0x0000000716600000, 0x0000000716600000|100%| E|CS|TAMS 0x0000000716400000| PB 0x0000000716400000| Complete 
| 124|0x0000000716600000, 0x0000000716800000, 0x0000000716800000|100%| E|CS|TAMS 0x0000000716600000| PB 0x0000000716600000| Complete 

Card table byte_map: [0x000001883e760000,0x000001883ef30000] _byte_map_base: 0x000001883af29000

Marking Bits: (CMBitMap*) 0x00000188260cf5d0
 Bits: [0x000001883ef30000, 0x0000018842d78000)

Polling page: 0x0000018824550000

Metaspace:

Usage:
  Non-class:      9.80 MB used.
      Class:    883.24 KB used.
       Both:     10.66 MB used.

Virtual space:
  Non-class space:       64.00 MB reserved,       9.94 MB ( 16%) committed,  1 nodes.
      Class space:        1.00 GB reserved,     960.00 KB ( <1%) committed,  1 nodes.
             Both:        1.06 GB reserved,      10.88 MB ( <1%) committed. 

Chunk freelists:
   Non-Class:  5.86 MB
       Class:  15.01 MB
        Both:  20.86 MB

MaxMetaspaceSize: unlimited
CompressedClassSpaceSize: 1.00 GB
Initial GC threshold: 21.00 MB
Current GC threshold: 21.00 MB
CDS: on
 - commit_granule_bytes: 65536.
 - commit_granule_words: 8192.
 - virtual_space_node_default_size: 8388608.
 - enlarge_chunks_in_place: 1.
 - use_allocation_guard: 0.


Internal statistics:

num_allocs_failed_limit: 0.
num_arena_births: 196.
num_arena_deaths: 0.
num_vsnodes_births: 2.
num_vsnodes_deaths: 0.
num_space_committed: 172.
num_space_uncommitted: 0.
num_chunks_returned_to_freelist: 0.
num_chunks_taken_from_freelist: 378.
num_chunk_merges: 0.
num_chunk_splits: 257.
num_chunks_enlarged: 166.
num_inconsistent_stats: 0.

CodeHeap 'non-profiled nmethods': size=120000Kb used=824Kb max_used=824Kb free=119175Kb
 bounds [0x0000018835ff0000, 0x0000018836260000, 0x000001883d520000]
CodeHeap 'profiled nmethods': size=120000Kb used=3171Kb max_used=3171Kb free=116828Kb
 bounds [0x000001882e520000, 0x000001882e840000, 0x0000018835a50000]
CodeHeap 'non-nmethods': size=5760Kb used=1850Kb max_used=1870Kb free=3909Kb
 bounds [0x0000018835a50000, 0x0000018835cc0000, 0x0000018835ff0000]
 total_blobs=2781 nmethods=1926 adapters=759
 compilation: enabled
              stopped_count=0, restarted_count=0
 full_count=0

Compilation events (20 events):
Event: 5.595 Thread 0x00000188459075c0 1916       3       processing.core.PMatrix3D::invRotateZ (36 bytes)
Event: 5.595 Thread 0x00000188459075c0 nmethod 1916 0x000001882e835990 code [0x000001882e835b80, 0x000001882e835ea8]
Event: 5.699 Thread 0x00000188459075c0 1917       3       java.awt.event.ComponentEvent::<init> (7 bytes)
Event: 5.699 Thread 0x00000188459075c0 nmethod 1917 0x000001882e835f90 code [0x000001882e836140, 0x000001882e836278]
Event: 5.749 Thread 0x00000188459075c0 1918       3       java.awt.geom.AffineTransform::getType (17 bytes)
Event: 5.750 Thread 0x00000188459075c0 nmethod 1918 0x000001882e836310 code [0x000001882e8364c0, 0x000001882e836648]
Event: 5.799 Thread 0x00000188459075c0 1919   !   3       java.awt.Container::dispatchEventImpl (129 bytes)
Event: 5.800 Thread 0x00000188459075c0 nmethod 1919 0x000001882e836710 code [0x000001882e836960, 0x000001882e8372e0]
Event: 5.800 Thread 0x00000188459075c0 1920       3       java.awt.LightweightDispatcher::dispatchEvent (73 bytes)
Event: 5.801 Thread 0x00000188459075c0 nmethod 1920 0x000001882e837610 code [0x000001882e837800, 0x000001882e837f78]
Event: 5.899 Thread 0x00000188459075c0 1921       1       java.awt.geom.Rectangle2D$Double::getX (5 bytes)
Event: 5.900 Thread 0x00000188459075c0 nmethod 1921 0x00000188360bd810 code [0x00000188360bd9a0, 0x00000188360bda68]
Event: 5.900 Thread 0x00000188459075c0 1923       3       sun.awt.SunToolkit::isTouchKeyboardAutoShowEnabled (4 bytes)
Event: 5.900 Thread 0x00000188459075c0 nmethod 1923 0x000001882e838110 code [0x000001882e8382a0, 0x000001882e8383a0]
Event: 5.900 Thread 0x00000188459075c0 1922       1       java.awt.geom.Rectangle2D$Double::getY (5 bytes)
Event: 5.900 Thread 0x00000188459075c0 nmethod 1922 0x00000188360bdb10 code [0x00000188360bdca0, 0x00000188360bdd68]
Event: 5.936 Thread 0x00000188459075c0 1924       3       processing.core.PMatrix3D::reset (21 bytes)
Event: 5.936 Thread 0x00000188459075c0 nmethod 1924 0x000001882e838410 code [0x000001882e8385e0, 0x000001882e838790]
Event: 5.936 Thread 0x00000188459075c0 1926       3       java.lang.Byte::<init> (10 bytes)
Event: 5.937 Thread 0x00000188459075c0 nmethod 1926 0x000001882e838810 code [0x000001882e8389c0, 0x000001882e838b88]

GC Heap History (4 events):
Event: 2.568 GC heap before
{Heap before GC invocations=0 (full 0):
 garbage-first heap   total 256000K, used 20480K [0x0000000706e00000, 0x0000000800000000)
  region size 2048K, 11 young (22528K), 0 survivors (0K)
 Metaspace       used 10138K, committed 10368K, reserved 1114112K
  class space    used 857K, committed 960K, reserved 1048576K
}
Event: 2.575 GC heap after
{Heap after GC invocations=1 (full 0):
 garbage-first heap   total 256000K, used 4152K [0x0000000706e00000, 0x0000000800000000)
  region size 2048K, 2 young (4096K), 2 survivors (4096K)
 Metaspace       used 10138K, committed 10368K, reserved 1114112K
  class space    used 857K, committed 960K, reserved 1048576K
}
Event: 2.592 GC heap before
{Heap before GC invocations=1 (full 0):
 garbage-first heap   total 256000K, used 34872K [0x0000000706e00000, 0x0000000800000000)
  region size 2048K, 17 young (34816K), 2 survivors (4096K)
 Metaspace       used 10176K, committed 10432K, reserved 1114112K
  class space    used 862K, committed 960K, reserved 1048576K
}
Event: 2.597 GC heap after
{Heap after GC invocations=2 (full 0):
 garbage-first heap   total 256000K, used 4475K [0x0000000706e00000, 0x0000000800000000)
  region size 2048K, 1 young (2048K), 1 survivors (2048K)
 Metaspace       used 10176K, committed 10432K, reserved 1114112K
  class space    used 862K, committed 960K, reserved 1048576K
}

Dll operation events (14 events):
Event: 0.010 Loaded shared library C:\Program Files\Java\jdk-21\bin\java.dll
Event: 0.051 Loaded shared library C:\Program Files\Java\jdk-21\bin\jsvml.dll
Event: 0.086 Loaded shared library C:\Program Files\Java\jdk-21\bin\net.dll
Event: 0.090 Loaded shared library C:\Program Files\Java\jdk-21\bin\nio.dll
Event: 0.272 Loaded shared library C:\Program Files\Java\jdk-21\bin\zip.dll
Event: 0.307 Loaded shared library C:\Program Files\Java\jdk-21\bin\verify.dll
Event: 0.472 Loaded shared library C:\Program Files\Java\jdk-21\bin\jimage.dll
Event: 0.890 Loaded shared library C:\Program Files\Java\jdk-21\bin\awt.dll
Event: 1.023 Loaded shared library C:\Program Files\Java\jdk-21\bin\freetype.dll
Event: 1.024 Loaded shared library C:\Program Files\Java\jdk-21\bin\fontmanager.dll
Event: 1.180 Loaded shared library D:\Download\MultiWii_2_4-master\MultiWii_2_4-master\MultiWiiConf\application.windows64\jogl.dll
Event: 1.445 Loaded shared library C:\Program Files\Java\jdk-21\bin\jawt.dll
Event: 1.493 Loaded shared library D:\Download\MultiWii_2_4-master\MultiWii_2_4-master\MultiWiiConf\application.windows64\jogl_awt.dll
Event: 2.526 Loaded shared library D:\Download\MultiWii_2_4-master\MultiWii_2_4-master\MultiWiiConf\application.windows64\rxtxSerial.dll

Deoptimization events (20 events):
Event: 4.375 Thread 0x000001888b16a960 Uncommon trap: trap_request=0xffffffd6 fr.pc=0x00000188360a9d08 relative=0x0000000000000368
Event: 4.375 Thread 0x000001888b16a960 Uncommon trap: reason=array_check action=maybe_recompile pc=0x00000188360a9d08 method=java.util.Arrays.fill([Ljava/lang/Object;Ljava/lang/Object;)V @ 13 c2
Event: 4.375 Thread 0x000001888b16a960 DEOPT PACKING pc=0x00000188360a9d08 sp=0x000000341ccfedd0
Event: 4.375 Thread 0x000001888b16a960 DEOPT UNPACKING pc=0x0000018835aa46a2 sp=0x000000341ccfed90 mode 2
Event: 4.375 Thread 0x000001888b16a960 Uncommon trap: trap_request=0xffffffbe fr.pc=0x00000188360a7e84 relative=0x00000000000001e4
Event: 4.375 Thread 0x000001888b16a960 Uncommon trap: reason=profile_predicate action=maybe_recompile pc=0x00000188360a7e84 method=java.util.Arrays.fill([Ljava/lang/Object;Ljava/lang/Object;)V @ 5 c2
Event: 4.375 Thread 0x000001888b16a960 DEOPT PACKING pc=0x00000188360a7e84 sp=0x000000341ccfedd0
Event: 4.375 Thread 0x000001888b16a960 DEOPT UNPACKING pc=0x0000018835aa46a2 sp=0x000000341ccfeda8 mode 2
Event: 4.425 Thread 0x000001888b16a960 Uncommon trap: trap_request=0xffffffd6 fr.pc=0x00000188360a9d08 relative=0x0000000000000368
Event: 4.425 Thread 0x000001888b16a960 Uncommon trap: reason=array_check action=maybe_recompile pc=0x00000188360a9d08 method=java.util.Arrays.fill([Ljava/lang/Object;Ljava/lang/Object;)V @ 13 c2
Event: 4.425 Thread 0x000001888b16a960 DEOPT PACKING pc=0x00000188360a9d08 sp=0x000000341ccfedd0
Event: 4.425 Thread 0x000001888b16a960 DEOPT UNPACKING pc=0x0000018835aa46a2 sp=0x000000341ccfed90 mode 2
Event: 4.485 Thread 0x000001888b16a960 Uncommon trap: trap_request=0xffffffd6 fr.pc=0x00000188360a9d08 relative=0x0000000000000368
Event: 4.485 Thread 0x000001888b16a960 Uncommon trap: reason=array_check action=maybe_recompile pc=0x00000188360a9d08 method=java.util.Arrays.fill([Ljava/lang/Object;Ljava/lang/Object;)V @ 13 c2
Event: 4.485 Thread 0x000001888b16a960 DEOPT PACKING pc=0x00000188360a9d08 sp=0x000000341ccfedd0
Event: 4.485 Thread 0x000001888b16a960 DEOPT UNPACKING pc=0x0000018835aa46a2 sp=0x000000341ccfed90 mode 2
Event: 4.536 Thread 0x000001888b16a960 Uncommon trap: trap_request=0xffffffd6 fr.pc=0x00000188360a9d08 relative=0x0000000000000368
Event: 4.536 Thread 0x000001888b16a960 Uncommon trap: reason=array_check action=maybe_recompile pc=0x00000188360a9d08 method=java.util.Arrays.fill([Ljava/lang/Object;Ljava/lang/Object;)V @ 13 c2
Event: 4.536 Thread 0x000001888b16a960 DEOPT PACKING pc=0x00000188360a9d08 sp=0x000000341ccfedd0
Event: 4.536 Thread 0x000001888b16a960 DEOPT UNPACKING pc=0x0000018835aa46a2 sp=0x000000341ccfed90 mode 2

Classes loaded (20 events):
Event: 2.797 Loading class java/nio/DirectFloatBufferU
Event: 2.798 Loading class java/nio/DirectFloatBufferU done
Event: 2.820 Loading class java/lang/FdLibm$Acos
Event: 2.820 Loading class java/lang/FdLibm$Acos done
Event: 2.820 Loading class java/lang/FdLibm
Event: 2.821 Loading class java/lang/FdLibm done
Event: 3.028 Loading class java/lang/invoke/MethodHandle$1
Event: 3.028 Loading class java/lang/invoke/MethodHandle$1 done
Event: 4.441 Loading class java/util/TooManyListenersException
Event: 4.442 Loading class java/util/TooManyListenersException done
Event: 4.468 Loading class java/lang/Thread$ThreadNumbering
Event: 4.468 Loading class java/lang/Thread$ThreadNumbering done
Event: 4.476 Loading class java/io/PrintWriter$1
Event: 4.477 Loading class jdk/internal/access/JavaIOPrintWriterAccess
Event: 4.477 Loading class jdk/internal/access/JavaIOPrintWriterAccess done
Event: 4.477 Loading class java/io/PrintWriter$1 done
Event: 4.477 Loading class java/io/FileOutputStream$1
Event: 4.477 Loading class java/io/FileOutputStream$1 done
Event: 5.936 Loading class java/lang/Byte$ByteCache
Event: 5.936 Loading class java/lang/Byte$ByteCache done

Classes unloaded (0 events):
No events

Classes redefined (0 events):
No events

Internal exceptions (20 events):
Event: 2.534 Thread 0x000001888b16a960 Exception <a 'java/io/FileNotFoundException'{0x00000007154da740}> (0x00000007154da740) 
thrown [s\open\src\hotspot\share\prims\jni.cpp, line 520]
Event: 2.538 Thread 0x000001888b16a960 Exception <a 'java/io/FileNotFoundException'{0x00000007154ecb28}> (0x00000007154ecb28) 
thrown [s\open\src\hotspot\share\prims\jni.cpp, line 520]
Event: 2.540 Thread 0x000001888b16a960 Exception <a 'java/io/FileNotFoundException'{0x00000007154fe200}> (0x00000007154fe200) 
thrown [s\open\src\hotspot\share\prims\jni.cpp, line 520]
Event: 2.541 Thread 0x000001888b16a960 Exception <a 'java/io/FileNotFoundException'{0x000000071550d3c0}> (0x000000071550d3c0) 
thrown [s\open\src\hotspot\share\prims\jni.cpp, line 520]
Event: 2.544 Thread 0x000001888b16a960 Exception <a 'java/io/FileNotFoundException'{0x000000071551ea98}> (0x000000071551ea98) 
thrown [s\open\src\hotspot\share\prims\jni.cpp, line 520]
Event: 2.544 Thread 0x000001888b16a960 Exception <a 'java/io/FileNotFoundException'{0x0000000715536818}> (0x0000000715536818) 
thrown [s\open\src\hotspot\share\prims\jni.cpp, line 520]
Event: 2.547 Thread 0x000001888b16a960 Exception <a 'java/io/FileNotFoundException'{0x0000000715547ef0}> (0x0000000715547ef0) 
thrown [s\open\src\hotspot\share\prims\jni.cpp, line 520]
Event: 2.554 Thread 0x000001888b16a960 Exception <a 'java/lang/NoSuchMethodError'{0x0000000715235a68}: 'void java.lang.invoke.DirectMethodHandle$Holder.invokeVirtual(java.lang.Object, java.lang.Object, int)'> (0x0000000715235a68) 
thrown [s\open\src\hotspot\share\interpreter\linkResolver.cpp, line 773]
Event: 2.555 Thread 0x000001888b16a960 Exception <a 'java/lang/NoSuchMethodError'{0x0000000715239d20}: 'int java.lang.invoke.DirectMethodHandle$Holder.invokeSpecial(java.lang.Object, java.lang.Object, java.lang.Object, int)'> (0x0000000715239d20) 
thrown [s\open\src\hotspot\share\interpreter\linkResolver.cpp, line 773]
Event: 2.557 Thread 0x000001888b16a960 Exception <a 'java/lang/NoSuchMethodError'{0x000000071524c008}: 'java.lang.Object java.lang.invoke.DirectMethodHandle$Holder.invokeStatic(java.lang.Object, java.lang.Object, java.lang.Object, java.lang.Object, int)'> (0x000000071524c008) 
thrown [s\open\src\hotspot\share\interpreter\linkResolver.cpp, line 773]
Event: 2.559 Thread 0x000001888b16a960 Exception <a 'java/lang/NoSuchMethodError'{0x0000000715256cf8}: 'void java.lang.invoke.DelegatingMethodHandle$Holder.reinvoke_L(java.lang.Object, java.lang.Object, int)'> (0x0000000715256cf8) 
thrown [s\open\src\hotspot\share\interpreter\linkResolver.cpp, line 773]
Event: 2.560 Thread 0x000001888b16a960 Exception <a 'java/lang/NoSuchMethodError'{0x000000071525da80}: 'int java.lang.invoke.DirectMethodHandle$Holder.invokeSpecial(java.lang.Object, java.lang.Object, java.lang.Object)'> (0x000000071525da80) 
thrown [s\open\src\hotspot\share\interpreter\linkResolver.cpp, line 773]
Event: 2.586 Thread 0x000001888b16a960 Exception <a 'java/lang/NoSuchMethodError'{0x0000000714d34530}: 'float java.lang.invoke.DelegatingMethodHandle$Holder.reinvoke_L(java.lang.Object, java.lang.Object)'> (0x0000000714d34530) 
thrown [s\open\src\hotspot\share\interpreter\linkResolver.cpp, line 773]
Event: 2.588 Thread 0x000001888b16a960 Exception <a 'java/lang/NoSuchMethodError'{0x0000000714d3e4e8}: 'void java.lang.invoke.DelegatingMethodHandle$Holder.reinvoke_L(java.lang.Object, java.lang.Object, float)'> (0x0000000714d3e4e8) 
thrown [s\open\src\hotspot\share\interpreter\linkResolver.cpp, line 773]
Event: 2.589 Thread 0x000001888b16a960 Exception <a 'java/lang/NoSuchMethodError'{0x0000000714d44dc8}: 'float java.lang.invoke.Invokers$Holder.invokeExact_MT(java.lang.Object, java.lang.Object, java.lang.Object)'> (0x0000000714d44dc8) 
thrown [s\open\src\hotspot\share\interpreter\linkResolver.cpp, line 773]
Event: 2.680 Thread 0x000001888b16a960 Exception <a 'java/lang/NoSuchMethodError'{0x0000000712147ea0}: 'void java.lang.invoke.DirectMethodHandle$Holder.invokeSpecial(java.lang.Object, java.lang.Object, java.lang.Object)'> (0x0000000712147ea0) 
thrown [s\open\src\hotspot\share\interpreter\linkResolver.cpp, line 773]
Event: 4.434 Thread 0x000001888b16a960 Exception <a 'java/io/FileNotFoundException'{0x0000000711f46ac8}> (0x0000000711f46ac8) 
thrown [s\open\src\hotspot\share\prims\jni.cpp, line 520]
Event: 4.437 Thread 0x000001888b16a960 Exception <a 'java/io/FileNotFoundException'{0x0000000711f581a0}> (0x0000000711f581a0) 
thrown [s\open\src\hotspot\share\prims\jni.cpp, line 520]
Event: 4.438 Thread 0x000001888b16a960 Exception <a 'java/io/FileNotFoundException'{0x0000000711f6e2c8}> (0x0000000711f6e2c8) 
thrown [s\open\src\hotspot\share\prims\jni.cpp, line 520]
Event: 4.440 Thread 0x000001888b16a960 Exception <a 'java/io/FileNotFoundException'{0x0000000711f7fc50}> (0x0000000711f7fc50) 
thrown [s\open\src\hotspot\share\prims\jni.cpp, line 520]

ZGC Phase Switch (0 events):
No events

VM Operations (20 events):
Event: 0.298 Executing VM operation: HandshakeAllThreads (Deoptimize)
Event: 0.298 Executing VM operation: HandshakeAllThreads (Deoptimize) done
Event: 0.982 Executing VM operation: HandshakeAllThreads (Deoptimize)
Event: 0.983 Executing VM operation: HandshakeAllThreads (Deoptimize) done
Event: 0.991 Executing VM operation: HandshakeAllThreads (Deoptimize)
Event: 0.991 Executing VM operation: HandshakeAllThreads (Deoptimize) done
Event: 1.918 Executing VM operation: HandshakeAllThreads (Deoptimize)
Event: 1.918 Executing VM operation: HandshakeAllThreads (Deoptimize) done
Event: 1.918 Executing VM operation: Cleanup
Event: 1.918 Executing VM operation: Cleanup done
Event: 2.395 Executing VM operation: HandshakeAllThreads (Deoptimize)
Event: 2.396 Executing VM operation: HandshakeAllThreads (Deoptimize) done
Event: 2.567 Executing VM operation: G1CollectForAllocation (G1 Evacuation Pause)
Event: 2.575 Executing VM operation: G1CollectForAllocation (G1 Evacuation Pause) done
Event: 2.592 Executing VM operation: G1CollectForAllocation (G1 Evacuation Pause)
Event: 2.597 Executing VM operation: G1CollectForAllocation (G1 Evacuation Pause) done
Event: 3.436 Executing VM operation: ICBufferFull
Event: 3.436 Executing VM operation: ICBufferFull done
Event: 5.449 Executing VM operation: Cleanup
Event: 5.449 Executing VM operation: Cleanup done

Events (20 events):
Event: 0.049 Thread 0x00000188458d67d0 Thread added: 0x00000188458d67d0
Event: 0.049 Thread 0x00000188458d7220 Thread added: 0x00000188458d7220
Event: 0.049 Thread 0x00000188458d7c70 Thread added: 0x00000188458d7c70
Event: 0.049 Thread 0x00000188458d9cc0 Thread added: 0x00000188458d9cc0
Event: 0.049 Thread 0x00000188458dea50 Thread added: 0x00000188458dea50
Event: 0.050 Thread 0x00000188459075c0 Thread added: 0x00000188459075c0
Event: 0.080 Thread 0x0000018845a60f80 Thread added: 0x0000018845a60f80
Event: 0.082 Thread 0x0000018845a7f2a0 Thread added: 0x0000018845a7f2a0
Event: 0.960 Thread 0x0000018845b9c590 Thread added: 0x0000018845b9c590
Event: 0.961 Thread 0x0000018845b9cbf0 Thread added: 0x0000018845b9cbf0
Event: 0.962 Thread 0x0000018845c85350 Thread added: 0x0000018845c85350
Event: 1.007 Thread 0x0000018845cad8b0 Thread added: 0x0000018845cad8b0
Event: 1.052 Thread 0x0000018845ca9920 Thread added: 0x0000018845ca9920
Event: 1.085 Thread 0x000001888b16a960 Thread added: 0x000001888b16a960
Event: 1.559 Thread 0x00000188245ac3b0 Thread exited: 0x00000188245ac3b0
Event: 1.559 Thread 0x00000188245ac3b0 Thread added: 0x00000188245ac3b0
Event: 2.319 Thread 0x000001888d2d6580 Thread added: 0x000001888d2d6580
Event: 2.416 Thread 0x000001888d7b7ed0 Thread added: 0x000001888d7b7ed0
Event: 3.640 Thread 0x000001888d2d6580 Thread exited: 0x000001888d2d6580
Event: 4.468 Thread 0x00000188963cb840 Thread added: 0x00000188963cb840


Dynamic libraries:
0x00007ff76d810000 - 0x00007ff76d820000 	C:\Program Files\Java\jdk-21\bin\javaw.exe
0x00007ff95a0e0000 - 0x00007ff95a345000 	C:\WINDOWS\SYSTEM32\ntdll.dll
0x00007ff957ef0000 - 0x00007ff957fb9000 	C:\WINDOWS\System32\KERNEL32.DLL
0x00007ff9576b0000 - 0x00007ff957a98000 	C:\WINDOWS\System32\KERNELBASE.dll
0x00007ff954230000 - 0x00007ff9542ce000 	C:\WINDOWS\SYSTEM32\apphelp.dll
0x00007ff957aa0000 - 0x00007ff957beb000 	C:\WINDOWS\System32\ucrtbase.dll
0x00007ff945cc0000 - 0x00007ff945cd9000 	C:\Program Files\Java\jdk-21\bin\jli.dll
0x00007ff9590e0000 - 0x00007ff959193000 	C:\WINDOWS\System32\ADVAPI32.dll
0x00007ff9593c0000 - 0x00007ff959469000 	C:\WINDOWS\System32\msvcrt.dll
0x00007ff9595a0000 - 0x00007ff959646000 	C:\WINDOWS\System32\sechost.dll
0x00007ff959a40000 - 0x00007ff959b55000 	C:\WINDOWS\System32\RPCRT4.dll
0x00007ff945070000 - 0x00007ff94508b000 	C:\Program Files\Java\jdk-21\bin\VCRUNTIME140.dll
0x00007ff958940000 - 0x00007ff958b0a000 	C:\WINDOWS\System32\USER32.dll
0x00007ff957680000 - 0x00007ff9576a7000 	C:\WINDOWS\System32\win32u.dll
0x00007ff959570000 - 0x00007ff95959b000 	C:\WINDOWS\System32\GDI32.dll
0x00007ff957d40000 - 0x00007ff957e77000 	C:\WINDOWS\System32\gdi32full.dll
0x00007ff957bf0000 - 0x00007ff957c93000 	C:\WINDOWS\System32\msvcp_win.dll
0x00007ff935a30000 - 0x00007ff935cca000 	C:\WINDOWS\WinSxS\amd64_microsoft.windows.common-controls_6595b64144ccf1df_6.0.26100.4202_none_3e0698d4e335f517\COMCTL32.dll
0x00007ff9461b0000 - 0x00007ff9461bb000 	C:\WINDOWS\SYSTEM32\VERSION.dll
0x00007ff959380000 - 0x00007ff9593b0000 	C:\WINDOWS\System32\IMM32.DLL
0x00007ff926f00000 - 0x00007ff926feb000 	C:\Program Files\Windhawk\Engine\1.5.1\64\windhawk.dll
0x00007ff949200000 - 0x00007ff94931e000 	C:\WINDOWS\SYSTEM32\WINHTTP.dll
0x00007ff9473a0000 - 0x00007ff9473ac000 	C:\Program Files\Java\jdk-21\bin\vcruntime140_1.dll
0x00007ff93e460000 - 0x00007ff93e4ee000 	C:\Program Files\Java\jdk-21\bin\msvcp140.dll
0x00007ff8bb3f0000 - 0x00007ff8bc10a000 	C:\Program Files\Java\jdk-21\bin\server\jvm.dll
0x00007ff9588c0000 - 0x00007ff958934000 	C:\WINDOWS\System32\WS2_32.dll
0x00007ff957080000 - 0x00007ff9570de000 	C:\WINDOWS\SYSTEM32\POWRPROF.dll
0x00007ff93d620000 - 0x00007ff93d655000 	C:\WINDOWS\SYSTEM32\WINMM.dll
0x00007ff957060000 - 0x00007ff957074000 	C:\WINDOWS\SYSTEM32\UMPDC.dll
0x00007ff955f20000 - 0x00007ff955f3b000 	C:\WINDOWS\SYSTEM32\kernel.appcore.dll
0x00007ff946e00000 - 0x00007ff946e0a000 	C:\Program Files\Java\jdk-21\bin\jimage.dll
0x00007ff93daa0000 - 0x00007ff93dce1000 	C:\WINDOWS\SYSTEM32\DBGHELP.DLL
0x00007ff958c80000 - 0x00007ff959005000 	C:\WINDOWS\System32\combase.dll
0x00007ff959480000 - 0x00007ff959561000 	C:\WINDOWS\System32\OLEAUT32.dll
0x00007ff92c620000 - 0x00007ff92c659000 	C:\WINDOWS\SYSTEM32\dbgcore.DLL
0x00007ff957ca0000 - 0x00007ff957d39000 	C:\WINDOWS\System32\bcryptPrimitives.dll
0x00007ff944f00000 - 0x00007ff944f1f000 	C:\Program Files\Java\jdk-21\bin\java.dll
0x00007ff958170000 - 0x00007ff9588b2000 	C:\WINDOWS\System32\SHELL32.dll
0x00007ff957230000 - 0x00007ff9573a4000 	C:\WINDOWS\System32\wintypes.dll
0x00007ff954e60000 - 0x00007ff9556b8000 	C:\WINDOWS\SYSTEM32\windows.storage.dll
0x00007ff959940000 - 0x00007ff959a31000 	C:\WINDOWS\System32\SHCORE.dll
0x00007ff957e80000 - 0x00007ff957eea000 	C:\WINDOWS\System32\shlwapi.dll
0x00007ff957140000 - 0x00007ff95716f000 	C:\WINDOWS\SYSTEM32\profapi.dll
0x00007ff8f24d0000 - 0x00007ff8f25a7000 	C:\Program Files\Java\jdk-21\bin\jsvml.dll
0x00007ff945c80000 - 0x00007ff945c90000 	C:\Program Files\Java\jdk-21\bin\net.dll
0x00007ff956530000 - 0x00007ff95659a000 	C:\WINDOWS\system32\mswsock.dll
0x00007ff942560000 - 0x00007ff942576000 	C:\Program Files\Java\jdk-21\bin\nio.dll
0x00007ff942300000 - 0x00007ff942318000 	C:\Program Files\Java\jdk-21\bin\zip.dll
0x00007ff945060000 - 0x00007ff945070000 	C:\Program Files\Java\jdk-21\bin\verify.dll
0x00007ff8e4010000 - 0x00007ff8e419f000 	C:\Program Files\Java\jdk-21\bin\awt.dll
0x00007ff9543e0000 - 0x00007ff95448f000 	C:\WINDOWS\system32\uxtheme.dll
0x00007ff958b10000 - 0x00007ff958c70000 	C:\WINDOWS\System32\MSCTF.dll
0x00007ff9591a0000 - 0x00007ff95933e000 	C:\WINDOWS\System32\ole32.dll
0x00007ff954780000 - 0x00007ff9547b6000 	C:\WINDOWS\system32\DWMAPI.DLL
0x00007ff8e7ab0000 - 0x00007ff8e7bc4000 	C:\WINDOWS\system32\opengl32.dll
0x00007ff93ec50000 - 0x00007ff93ec7d000 	C:\WINDOWS\SYSTEM32\GLU32.dll
0x00007ff954530000 - 0x00007ff95457d000 	C:\WINDOWS\SYSTEM32\dxcore.dll
0x00007ff90eb60000 - 0x00007ff90ebe7000 	C:\Program Files\Java\jdk-21\bin\freetype.dll
0x00007ff8f23e0000 - 0x00007ff8f24c1000 	C:\Program Files\Java\jdk-21\bin\fontmanager.dll
0x0000000010000000 - 0x000000001005a000 	D:\Download\MultiWii_2_4-master\MultiWii_2_4-master\MultiWiiConf\application.windows64\jogl.dll
0x0000000059170000 - 0x0000000059239000 	C:\WINDOWS\WinSxS\amd64_microsoft.vc80.crt_1fc8b3b9a1e18e3b_8.0.50727.9680_none_88e394a52fab6222\MSVCR80.dll
0x00007ff945030000 - 0x00007ff945037000 	C:\Program Files\Java\jdk-21\bin\jawt.dll
0x00000000003a0000 - 0x00000000003a7000 	D:\Download\MultiWii_2_4-master\MultiWii_2_4-master\MultiWiiConf\application.windows64\jogl_awt.dll
0x00007ff946e90000 - 0x00007ff946fe0000 	C:\WINDOWS\SYSTEM32\textinputframework.dll
0x00007ff9323d0000 - 0x00007ff93244d000 	C:\WINDOWS\system32\Oleacc.dll
0x00007ff959b60000 - 0x00007ff959c08000 	C:\WINDOWS\System32\clbcatq.dll
0x00007ff933430000 - 0x00007ff93348e000 	C:\WINDOWS\system32\ApplicationTargetedFeatureDatabase.dll
0x00007ff948640000 - 0x00007ff94887a000 	C:\Windows\System32\twinapi.appcore.dll
0x00007ff954580000 - 0x00007ff9545e1000 	C:\WINDOWS\SYSTEM32\directxdatabasehelper.dll
0x00007ff930ec0000 - 0x00007ff930eda000 	C:\WINDOWS\SYSTEM32\windows.staterepositorycore.dll
0x00007ff8aec60000 - 0x00007ff8b0262000 	C:\WINDOWS\System32\DriverStore\FileRepository\iigd_dch.inf_amd64_4b4343633b3970cb\igxe2lpgicd64.dll
0x00007ff926760000 - 0x00007ff926783000 	C:\WINDOWS\SYSTEM32\d3d12.dll
0x00007ff954600000 - 0x00007ff954735000 	C:\WINDOWS\SYSTEM32\dxgi.dll
0x00007ff956da0000 - 0x00007ff956df7000 	C:\WINDOWS\SYSTEM32\cfgmgr32.dll
0x00007ff949bf0000 - 0x00007ff949d56000 	C:\WINDOWS\System32\DriverStore\FileRepository\iigd_dch.inf_amd64_4b4343633b3970cb\igdml64.dll
0x00007ff94f0b0000 - 0x00007ff94f641000 	C:\WINDOWS\System32\DriverStore\FileRepository\iigd_dch.inf_amd64_4b4343633b3970cb\igdgmm64.dll
0x00007ff8b6830000 - 0x00007ff8b6aa3000 	C:\WINDOWS\SYSTEM32\D3D12Core.dll
0x00007ff957110000 - 0x00007ff957136000 	C:\WINDOWS\SYSTEM32\bcrypt.dll
0x00007ff94a070000 - 0x00007ff94f029000 	C:\WINDOWS\System32\DriverStore\FileRepository\iigd_dch.inf_amd64_4b4343633b3970cb\igc64.dll
0x00007ff91eef0000 - 0x00007ff91ef1e000 	C:\WINDOWS\SYSTEM32\D3DSCache.dll
0x00007ff9565d0000 - 0x00007ff9565fb000 	C:\WINDOWS\SYSTEM32\USERENV.dll
0x00007ff953550000 - 0x00007ff953779000 	C:\WINDOWS\SYSTEM32\dcomp.dll
0x00007ff952a40000 - 0x00007ff952a59000 	C:\WINDOWS\SYSTEM32\Microsoft.Internal.WarpPal.dll
0x0000000180000000 - 0x0000000180025000 	D:\Download\MultiWii_2_4-master\MultiWii_2_4-master\MultiWiiConf\application.windows64\rxtxSerial.dll
0x00007ff953e50000 - 0x00007ff953f75000 	C:\WINDOWS\SYSTEM32\CoreMessaging.dll
0x00007ff9518f0000 - 0x00007ff951bd3000 	C:\WINDOWS\SYSTEM32\CoreUIComponents.dll
0x00007ff9567e0000 - 0x00007ff9567ec000 	C:\WINDOWS\SYSTEM32\CRYPTBASE.DLL

dbghelp: loaded successfully - version: 4.0.5 - missing functions: none
symbol engine: initialized successfully - sym options: 0x614 - pdb path: .;C:\Program Files\Java\jdk-21\bin;C:\WINDOWS\SYSTEM32;C:\WINDOWS\WinSxS\amd64_microsoft.windows.common-controls_6595b64144ccf1df_6.0.26100.4202_none_3e0698d4e335f517;C:\Program Files\Windhawk\Engine\1.5.1\64;C:\Program Files\Java\jdk-21\bin\server;D:\Download\MultiWii_2_4-master\MultiWii_2_4-master\MultiWiiConf\application.windows64;C:\WINDOWS\WinSxS\amd64_microsoft.vc80.crt_1fc8b3b9a1e18e3b_8.0.50727.9680_none_88e394a52fab6222;C:\WINDOWS\System32\DriverStore\FileRepository\iigd_dch.inf_amd64_4b4343633b3970cb

VM Arguments:
java_command: MultiWiiConf
java_class_path (initial): D:\Download\MultiWii_2_4-master\MultiWii_2_4-master\MultiWiiConf\application.windows64\lib\MultiWiiConf.jar;D:\Download\MultiWii_2_4-master\MultiWii_2_4-master\MultiWiiConf\application.windows64\lib\core.jar;D:\Download\MultiWii_2_4-master\MultiWii_2_4-master\MultiWiiConf\application.windows64\lib\RXTXcomm.jar;D:\Download\MultiWii_2_4-master\MultiWii_2_4-master\MultiWiiConf\application.windows64\lib\serial.jar;D:\Download\MultiWii_2_4-master\MultiWii_2_4-master\MultiWiiConf\application.windows64\lib\controlP5.jar;D:\Download\MultiWii_2_4-master\MultiWii_2_4-master\MultiWiiConf\application.windows64\lib\controlP5_ori.jar;D:\Download\MultiWii_2_4-master\MultiWii_2_4-master\MultiWiiConf\application.windows64\lib\gluegen-rt.jar;D:\Download\MultiWii_2_4-master\MultiWii_2_4-master\MultiWiiConf\application.windows64\lib\jogl.jar;D:\Download\MultiWii_2_4-master\MultiWii_2_4-master\MultiWiiConf\application.windows64\lib\opengl.jar
Launcher Type: SUN_STANDARD

[Global flags]
     intx CICompilerCount                          = 4                                         {product} {ergonomic}
     uint ConcGCThreads                            = 2                                         {product} {ergonomic}
     uint G1ConcRefinementThreads                  = 8                                         {product} {ergonomic}
   size_t G1HeapRegionSize                         = 2097152                                   {product} {ergonomic}
    uintx GCDrainStackTargetSize                   = 64                                        {product} {ergonomic}
   size_t InitialHeapSize                          = 262144000                                 {product} {ergonomic}
   size_t MarkStackSize                            = 4194304                                   {product} {ergonomic}
   size_t MaxHeapSize                              = 4179623936                                {product} {ergonomic}
   size_t MaxNewSize                               = 2506096640                                {product} {ergonomic}
   size_t MinHeapDeltaBytes                        = 2097152                                   {product} {ergonomic}
   size_t MinHeapSize                              = 8388608                                   {product} {ergonomic}
    uintx NonNMethodCodeHeapSize                   = 5839372                                {pd product} {ergonomic}
    uintx NonProfiledCodeHeapSize                  = 122909434                              {pd product} {ergonomic}
    uintx ProfiledCodeHeapSize                     = 122909434                              {pd product} {ergonomic}
    uintx ReservedCodeCacheSize                    = 251658240                              {pd product} {ergonomic}
     bool SegmentedCodeCache                       = true                                      {product} {ergonomic}
   size_t SoftMaxHeapSize                          = 4179623936                             {manageable} {ergonomic}
     bool UseCompressedOops                        = true                           {product lp64_product} {ergonomic}
     bool UseG1GC                                  = true                                      {product} {ergonomic}
     bool UseLargePagesIndividualAllocation        = false                                  {pd product} {ergonomic}

Logging:
Log output configuration:
 #0: stdout all=warning uptime,level,tags foldmultilines=false
 #1: stderr all=off uptime,level,tags foldmultilines=false

Environment Variables:
CLASSPATH=D:\Download\MultiWii_2_4-master\MultiWii_2_4-master\MultiWiiConf\application.windows64\lib\MultiWiiConf.jar;D:\Download\MultiWii_2_4-master\MultiWii_2_4-master\MultiWiiConf\application.windows64\lib\core.jar;D:\Download\MultiWii_2_4-master\MultiWii_2_4-master\MultiWiiConf\application.windows64\lib\RXTXcomm.jar;D:\Download\MultiWii_2_4-master\MultiWii_2_4-master\MultiWiiConf\application.windows64\lib\serial.jar;D:\Download\MultiWii_2_4-master\MultiWii_2_4-master\MultiWiiConf\application.windows64\lib\controlP5.jar;D:\Download\MultiWii_2_4-master\MultiWii_2_4-master\MultiWiiConf\application.windows64\lib\controlP5_ori.jar;D:\Download\MultiWii_2_4-master\MultiWii_2_4-master\MultiWiiConf\application.windows64\lib\gluegen-rt.jar;D:\Download\MultiWii_2_4-master\MultiWii_2_4-master\MultiWiiConf\application.windows64\lib\jogl.jar;D:\Download\MultiWii_2_4-master\MultiWii_2_4-master\MultiWiiConf\application.windows64\lib\opengl.jar
PATH=C:\Program Files\Common Files\Oracle\Java\javapath;C:\Program Files (x86)\Common Files\Oracle\Java\javapath;C:\Windows\system32;C:\Windows;C:\Windows\System32\Wbem;C:\Windows\System32\WindowsPowerShell\v1.0;C:\Program Files\dotnet;C:\Program Files\Git\cmd;C:\Program Files\Microsoft\Web Platform Installer;C:\Users\saksh\AppData\Local\Microsoft\WindowsApps;C:\Users\saksh\AppData\Local\Programs\Microsoft VS Code\bin;C:\windows\system32;C:\windows;C:\windows\System32\Wbem;C:\windows\System32\WindowsPowerShell\v1.0;C:\Program Files (x86)\STMicroelectronics\STM32 ST-LINK Utility\ST-LINK Utility;C:\ProgramData\chocolatey\bin;C:\Program Files\nodejs;C:\Users\saksh\AppData\Local\Packages\PythonSoftwareFoundation.Python.3.12_qbz5n2kfra8p0\LocalCache\local-packages\Python312\Scripts;C:\Program Files\WindowsPowerShell\Scripts;C:\Program Files\MATLAB\R2024b\bin;C:\WINDOWS\system32;C:\WINDOWS;C:\WINDOWS\System32\Wbem;C:\WINDOWS\System32\WindowsPowerShell\v1.0;C:\Program Files\Crucial\Crucial Storage Executive;C:\Program Files (x86)\dotnet;C:\Program Files\HP\HP One Agent;C:\Users\saksh\AppData\Local\Microsoft\WindowsApps;C:\Users\saksh\AppData\Local\Programs\Microsoft VS Code\bin;C:\Users\saksh\AppData\Local\Microsoft\WindowsApps;C:\Users\saksh\AppData\Roaming\npm;C:\git-sizer-1.5.0-windows-amd64;C:\Users\saksh\AppData\Local\FileBrowser;C:\Users\saksh\AppData\Local\Microsoft\WinGet\Links
USERNAME=saksh
OS=Windows_NT
PROCESSOR_IDENTIFIER=Intel64 Family 6 Model 189 Stepping 1, GenuineIntel
TMP=C:\Users\saksh\AppData\Local\Temp
TEMP=C:\Users\saksh\AppData\Local\Temp




Periodic native trim disabled

---------------  S Y S T E M  ---------------

OS:
 Windows 11 , 64 bit Build 26100 (10.0.26100.4202)
OS uptime: 1 days 11:24 hours
Hyper-V role detected

CPU: total 8 (initial active 8) (8 cores per cpu, 1 threads per core) family 6 model 189 stepping 1 microcode 0x11b, cx8, cmov, fxsr, mmx, 3dnowpref, sse, sse2, sse3, ssse3, sse4.1, sse4.2, popcnt, lzcnt, tsc, tscinvbit, avx, avx2, aes, erms, clmul, bmi1, bmi2, adx, sha, fma, vzeroupper, clflush, clflushopt, clwb, hv, serialize, rdtscp, rdpid, fsrm, f16c, cet_ibt, cet_ss
Processor Information for processor 0
  Max Mhz: 2100, Current Mhz: 2100, Mhz Limit: 2100
Processor Information for processor 1
  Max Mhz: 2100, Current Mhz: 2012, Mhz Limit: 2100
Processor Information for processor 2
  Max Mhz: 2100, Current Mhz: 2012, Mhz Limit: 2100
Processor Information for processor 3
  Max Mhz: 2100, Current Mhz: 2012, Mhz Limit: 2100
Processor Information for processor 4
  Max Mhz: 2100, Current Mhz: 2100, Mhz Limit: 2100
Processor Information for processor 5
  Max Mhz: 2100, Current Mhz: 2000, Mhz Limit: 2100
Processor Information for processor 6
  Max Mhz: 2100, Current Mhz: 2100, Mhz Limit: 2100
Processor Information for processor 7
  Max Mhz: 2100, Current Mhz: 2100, Mhz Limit: 2100

Memory: 4k page, system-wide physical 15940M (6516M free)
TotalPageFile size 20730M (AvailPageFile size 7428M)
current process WorkingSet (physical memory assigned to process): 301M, peak: 312M
current process commit charge ("private bytes"): 454M, peak: 464M

vm_info: Java HotSpot(TM) 64-Bit Server VM (21.0.7+8-LTS-245) for windows-amd64 JRE (21.0.7+8-LTS-245), built on 2025-02-21T05:11:27Z by "mach5one" with MS VC++ 17.6 (VS2022)

END.
