#
# A fatal error has been detected by the Java Runtime Environment:
#
#  EXCEPTION_ACCESS_VIOLATION (0xc0000005) at pc=0x00000001800044cb, pid=4032, tid=16124
#
# JRE version: Java(TM) SE Runtime Environment (21.0.7+8) (build 21.0.7+8-LTS-245)
# Java VM: Java HotSpot(TM) 64-Bit Server VM (21.0.7+8-LTS-245, mixed mode, sharing, tiered, compressed oops, compressed class ptrs, g1 gc, windows-amd64)
# Problematic frame:
# C  [rxtxSerial.dll+0x44cb]
#
# No core dump will be written. Minidumps are not enabled by default on client versions of Windows
#
# If you would like to submit a bug report, please visit:
#   https://bugreport.java.com/bugreport/crash.jsp
# The crash happened outside the Java Virtual Machine in native code.
# See problematic frame for where to report the bug.
#

---------------  S U M M A R Y ------------

Command Line: MultiWiiConf

Host: Intel(R) Core(TM) Ultra 5 226V, 8 cores, 15G,  Windows 11 , 64 bit Build 26100 (10.0.26100.4768)
Time: Sun Aug 10 17:40:36 2025 India Standard Time elapsed time: 5.684048 seconds (0d 0h 0m 5s)

---------------  T H R E A D  ---------------

Current thread (0x00000250ec6e8540):  JavaThread "Animation Thread"        [_thread_in_native, id=16124, stack(0x000000c1a3e00000,0x000000c1a3f00000) (1024K)]

Stack: [0x000000c1a3e00000,0x000000c1a3f00000],  sp=0x000000c1a3efe820,  free space=1018k
Native frames: (J=compiled Java code, j=interpreted, Vv=VM code, C=native code)
C  [rxtxSerial.dll+0x44cb]

Java frames: (J=compiled Java code, j=interpreted, Vv=VM code)
j  gnu.io.RXTXPort.nativeDrain(Z)Z+0
j  gnu.io.RXTXPort$SerialOutputStream.flush()V+92
j  processing.serial.Serial.write([B)V+12
j  MultiWiiConf.sendRequestMSP(Ljava/util/List;)V+60
j  MultiWiiConf.draw()V+934
j  processing.core.PApplet.handleDraw()V+145
j  processing.core.PApplet.run()V+72
j  java.lang.Thread.runWith(Ljava/lang/Object;Ljava/lang/Runnable;)V+5 java.base@21.0.7
j  java.lang.Thread.run()V+19 java.base@21.0.7
v  ~StubRoutines::call_stub 0x00000250d889100d

siginfo: EXCEPTION_ACCESS_VIOLATION (0xc0000005), reading address 0xffffffffa4afecec


Registers:
RAX=0x000000000000001c, RBX=0x0000000000000001, RCX=0x000000c1a3efebfc, RDX=0x0000000000000000
RSP=0x000000c1a3efe820, RBP=0x0000000000000001, RSI=0x0000000000000000, RDI=0x00000250ec6e88f8
R8 =0x000000c1a3efe4e0, R9 =0x0000000180000000, R10=0x0000000000000000, R11=0x0000000000000200
R12=0xffffffffa4afece0, R13=0x0000000000000000, R14=0x000000c1a3efed18, R15=0x00000250ec6e8540
RIP=0x00000001800044cb, EFLAGS=0x0000000000010282


Register to memory mapping:

RAX=0x000000000000001c is an unknown value
RBX=0x0000000000000001 is an unknown value
RCX=0x000000c1a3efebfc is pointing into the stack for thread: 0x00000250ec6e8540
RDX=0x0 is null
RSP=0x000000c1a3efe820 is pointing into the stack for thread: 0x00000250ec6e8540
RBP=0x0000000000000001 is an unknown value
RSI=0x0 is null
RDI=0x00000250ec6e88f8 points into unknown readable memory: 0x00007ffaf831f640 | 40 f6 31 f8 fa 7f 00 00
R8 =0x000000c1a3efe4e0 is pointing into the stack for thread: 0x00000250ec6e8540
R9 =0x0000000180000000 rxtxSerial.dll
R10=0x0 is null
R11=0x0000000000000200 is an unknown value
R12=0xffffffffa4afece0 is an unknown value
R13=0x0 is null
R14=0x000000c1a3efed18 is pointing into the stack for thread: 0x00000250ec6e8540
R15=0x00000250ec6e8540 is a thread

Top of Stack: (sp=0x000000c1a3efe820)
0x000000c1a3efe820:   00000250e88a7878 000000018001c4c0
0x000000c1a3efe830:   0000000000000000 0000000000000000
0x000000c1a3efe840:   00000250e7efd700 0000000706e12290
0x000000c1a3efe850:   000000c1a3efed18 0000025080013d38
0x000000c1a3efe860:   00000250ec2b8f28 00000250ec6e8540
0x000000c1a3efe870:   000000c1a3efec20 00007ffaf7b43210
0x000000c1a3efe880:   00000250ec6e8540 0000000000010120
0x000000c1a3efe890:   000000c1a3efe930 000000c1a3efe848
0x000000c1a3efe8a0:   000000c1a3efe889 0000000800000002
0x000000c1a3efe8b0:   00000250ec6e8500 0000000000000000
0x000000c1a3efe8c0:   00002e9917d8cad1 00000250ec2b8f00
0x000000c1a3efe8d0:   00000250e7efd6f8 00007ffaf7dfe24e
0x000000c1a3efe8e0:   00000250ec2b8f28 00000250ec2b8f01
0x000000c1a3efe8f0:   00007ffaf839c3d0 00007ffaf7dfa66f
0x000000c1a3efe900:   000000c1a3efec20 000000c1a3efed18
0x000000c1a3efe910:   00000250d8898860 0000000000000000
0x000000c1a3efe920:   000000c1a3efea30 00007ffaf7b337dc
0x000000c1a3efe930:   00007ffaf839c3d0 0000000000000000
0x000000c1a3efe940:   00000250d8898860 00007ffaf839c3d0
0x000000c1a3efe950:   00007ffaf80ee2d0 0000002000000000
0x000000c1a3efe960:   0000000000000000 0000000000000000
0x000000c1a3efe970:   00000250804a1c10 0000000000000004
0x000000c1a3efe980:   0000000000000088 0000000000000020
0x000000c1a3efe990:   0000000000000030 6e675f6176614a00
0x000000c1a3efe9a0:   00000250e88a7878 616e5f74726f5058
0x000000c1a3efe9b0:   6961724465766974 00000250e7ef006e
0x000000c1a3efe9c0:   000000c1a3efea50 00007ffaf7dfe2d9
0x000000c1a3efe9d0:   00002e9917d8ca21 00007ffaf818006e
0x000000c1a3efe9e0:   00000250ec6e8540 0000000000000003
0x000000c1a3efe9f0:   00000250ec2b92d8 000000c1a3efec20
0x000000c1a3efea00:   00000250ec2b8f00 00000250ec2b8f00
0x000000c1a3efea10:   00000250ec6e8540 00007ffaf7dfdd08 

Instructions: (pc=0x00000001800044cb)
0x00000001800043cb:   89 54 24 30 e8 3c f4 ff ff 48 8b 54 24 30 4c 8d
0x00000001800043db:   0d b4 80 01 00 4c 8d 05 b1 80 01 00 48 8b cf 8b
0x00000001800043eb:   e8 e8 1f f4 ff ff 33 db 4c 63 e0 8b cd e8 43 41
0x00000001800043fb:   00 00 ff c3 8b f0 85 c0 74 0f e8 72 63 00 00 83
0x000000018000440b:   38 04 75 05 83 fb 03 7c e2 48 8d 15 a5 80 01 00
0x000000018000441b:   48 8d 8c 24 c0 03 00 00 44 8b c6 e8 11 5e 00 00
0x000000018000442b:   85 f6 0f 84 86 00 00 00 e8 44 63 00 00 8b 08 e8
0x000000018000443b:   59 62 00 00 4c 8b 07 48 8d 15 a7 80 01 00 48 8b
0x000000018000444b:   cf 48 8b f0 41 ff 50 30 48 8b d8 48 85 c0 75 1b
0x000000018000445b:   48 8b 07 48 8b cf ff 90 80 00 00 00 4c 8b 1f 48
0x000000018000446b:   8b cf 41 ff 93 88 00 00 00 eb 43 4c 8d 0d 63 80
0x000000018000447b:   01 00 48 8d 15 7c 90 01 00 48 8d 8c 24 78 03 00
0x000000018000448b:   00 4c 8b c6 e8 a8 5d 00 00 4c 8b 1f 4c 8d 84 24
0x000000018000449b:   78 03 00 00 48 8b d3 48 8b cf 41 ff 53 70 4c 8b
0x00000001800044ab:   1f 48 8b d3 48 8b cf 41 ff 93 b8 00 00 00 45 84
0x00000001800044bb:   ed 0f 85 b7 00 00 00 4d 85 e4 0f 84 ae 00 00 00
0x00000001800044cb:   41 83 7c 24 0c 00 0f 84 a2 00 00 00 48 8d 4c 24
0x00000001800044db:   38 49 8b d4 41 b8 40 03 00 00 e8 06 64 00 00 4c
0x00000001800044eb:   8b 1f 48 8b 54 24 30 48 8b cf 41 ff 93 f8 00 00
0x00000001800044fb:   00 48 8b 54 24 30 4c 8d 0d f8 7a 01 00 4c 8d 05
0x000000018000450b:   f5 7a 01 00 48 8b cf 48 8b d8 e8 f6 f2 ff ff 4c
0x000000018000451b:   8b 1f 4c 8d 0d e4 7a 01 00 4c 8d 05 e5 7a 01 00
0x000000018000452b:   48 8b d3 48 8b cf 41 ff 93 08 01 00 00 83 bc 24
0x000000018000453b:   d0 00 00 00 01 48 8b f0 7f 34 48 85 db 74 2f 48
0x000000018000454b:   8b 17 48 8b cf ff 92 88 00 00 00 4c 8b 1f 48 8b
0x000000018000455b:   54 24 30 41 b9 02 00 00 00 4c 8b c6 48 8b cf c7
0x000000018000456b:   44 24 20 01 00 00 00 41 ff 93 28 01 00 00 32 c0
0x000000018000457b:   48 8b 8c 24 10 04 00 00 48 33 cc e8 05 5b 00 00
0x000000018000458b:   48 8b 9c 24 60 04 00 00 48 81 c4 20 04 00 00 41
0x000000018000459b:   5d 41 5c 5f 5e 5d c3 cc cc cc cc cc cc cc cc cc
0x00000001800045ab:   cc cc cc cc cc 40 53 48 83 ec 20 41 8b d8 4c 8d
0x00000001800045bb:   0d dc 7e 01 00 4c 8d 05 25 7f 01 00 e8 44 f2 ff 


Stack slot to memory mapping:

stack at sp + 0 slots: {method} {0x00000250e88a7880} 'nativeDrain' '(Z)Z' in 'gnu/io/RXTXPort'
stack at sp + 1 slots: 0x000000018001c4c0 rxtxSerial.dll
stack at sp + 2 slots: 0x0 is null
stack at sp + 3 slots: 0x0 is null
stack at sp + 4 slots: 0x00000250e7efd700 points into unknown readable memory: 0x0000000711c78988 | 88 89 c7 11 07 00 00 00
stack at sp + 5 slots: 0x0000000706e12290 is an oop: jdk.internal.loader.ClassLoaders$AppClassLoader 
{0x0000000706e12290} - klass: 'jdk/internal/loader/ClassLoaders$AppClassLoader'
 - ---- fields (total size 13 words):
 - private 'defaultAssertionStatus' 'Z' @12  false (0x00)
 - injected 'loader_data' 'J' @16  2546510207616 (0x00000250e7d61a80)
 - private final 'parent' 'Ljava/lang/ClassLoader;' @24  a 'jdk/internal/loader/ClassLoaders$PlatformClassLoader'{0x0000000706e122f8} (0xe0dc245f)
 - private final 'name' 'Ljava/lang/String;' @28  "app"{0x000000070715f928} (0xe0e2bf25)
 - private final 'unnamedModule' 'Ljava/lang/Module;' @32  a 'java/lang/Module'{0x0000000706e239d0} (0xe0dc473a)
 - private final 'nameAndId' 'Ljava/lang/String;' @36  "'app'"{0x000000070715f958} (0xe0e2bf2b)
 - private final 'parallelLockMap' 'Ljava/util/concurrent/ConcurrentHashMap;' @40  a 'java/util/concurrent/ConcurrentHashMap'{0x000000070715f988} (0xe0e2bf31)
 - private final 'package2certs' 'Ljava/util/concurrent/ConcurrentHashMap;' @44  a 'java/util/concurrent/ConcurrentHashMap'{0x00000007071a4d10} (0xe0e349a2)
 - private final 'classes' 'Ljava/util/ArrayList;' @48  a 'java/util/ArrayList'{0x00000007071a5270} (0xe0e34a4e)
 - private final 'defaultDomain' 'Ljava/security/ProtectionDomain;' @52  a 'java/security/ProtectionDomain'{0x00000007071a5668} (0xe0e34acd)
 - private final 'packages' 'Ljava/util/concurrent/ConcurrentHashMap;' @56  a 'java/util/concurrent/ConcurrentHashMap'{0x00000007071a56d8} (0xe0e34adb)
 - private final 'libraries' 'Ljdk/internal/loader/NativeLibraries;' @60  a 'jdk/internal/loader/NativeLibraries'{0x00000007071a5bf8} (0xe0e34b7f)
 - final 'assertionLock' 'Ljava/lang/Object;' @64  a 'java/lang/Object'{0x00000007071b2118} (0xe0e36423)
 - private 'packageAssertionStatus' 'Ljava/util/Map;' @68  null (0x00000000)
 - 'classAssertionStatus' 'Ljava/util/Map;' @72  null (0x00000000)
 - private volatile 'classLoaderValueMap' 'Ljava/util/concurrent/ConcurrentHashMap;' @76  a 'java/util/concurrent/ConcurrentHashMap'{0x00000007071b1fa8} (0xe0e363f5)
 - private final 'pdcache' 'Ljava/util/Map;' @80  a 'java/util/concurrent/ConcurrentHashMap'{0x00000007071b1d98} (0xe0e363b3)
 - private final 'parent' 'Ljdk/internal/loader/BuiltinClassLoader;' @84  a 'jdk/internal/loader/ClassLoaders$PlatformClassLoader'{0x0000000706e122f8} (0xe0dc245f)
 - private 'ucp' 'Ljdk/internal/loader/URLClassPath;' @88  a 'jdk/internal/loader/URLClassPath'{0x00000007071b0af8} (0xe0e3615f)
 - private final 'nameToModule' 'Ljava/util/Map;' @92  a 'java/util/concurrent/ConcurrentHashMap'{0x000000070719e418} (0xe0e33c83)
 - private final 'moduleToReader' 'Ljava/util/Map;' @96  a 'java/util/concurrent/ConcurrentHashMap'{0x000000070719f278} (0xe0e33e4f)
 - private volatile 'resourceCache' 'Ljava/lang/ref/SoftReference;' @100  a 'java/lang/ref/SoftReference'{0x000000070719f100} (0xe0e33e20)
stack at sp + 6 slots: 0x000000c1a3efed18 is pointing into the stack for thread: 0x00000250ec6e8540
stack at sp + 7 slots: 0x0000025080013d38 is a pointer to class: 
java.lang.ClassLoader {0x0000025080013d40}
 - instance size:     10
 - klass size:        93
 - access:            public synchronized abstract 
 - flags:             rewritten has_nonstatic_fields is_shared_boot_class has_localvariable_table has_final_method 
 - state:             fully_initialized
 - name:              'java/lang/ClassLoader'
 - super:             'java/lang/Object'
 - sub:               'jdk/internal/reflect/DelegatingClassLoader'   'java/security/SecureClassLoader'   
 - arrays:            'java/lang/ClassLoader'[]
 - methods:           Array<T>(0x0000025080637280)
 - method ordering:   Array<T>(0x0000025080637570)
 - local interfaces:  Array<T>(0x0000025080613c08)
 - trans. interfaces: Array<T>(0x0000025080613c08)
 - constants:         constant pool [1108]/operands[35] {0x0000025080634f78} for 'java/lang/ClassLoader' cache=0x000002508043a860
 - class loader data:  loader data: 0x00000250e7d61870 of 'bootstrap'
 - source file:       'ClassLoader.java'
 - inner classes:     Array<T>(0x0000025080637258)
 - nest members:     Array<T>(0x0000025080637768)
 - permitted subclasses:     Array<T>(0x0000025080613b90)
 - java mirror:       a 'java/lang/Class'{0x0000000707117208} = 'java/lang/ClassLoader'
 - vtable length      34  (start addr: 0x0000025080013ef8)
 - itable length      2 (start addr: 0x0000025080014008)
 - ---- static fields (2 words):
 - private static final 'nocerts' '[Ljava/security/cert/Certificate;' @112 
 - private static volatile 'scl' 'Ljava/lang/ClassLoader;' @116 
 - static final synthetic '$assertionsDisabled' 'Z' @120 
 - ---- non-static fields (17 words):
 - private 'defaultAssertionStatus' 'Z' @12 
 - injected 'loader_data' 'J' @16 
 - private final 'parent' 'Ljava/lang/ClassLoader;' @24 
 - private final 'name' 'Ljava/lang/String;' @28 
 - private final 'unnamedModule' 'Ljava/lang/Module;' @32 
 - private final 'nameAndId' 'Ljava/lang/String;' @36 
 - private final 'parallelLockMap' 'Ljava/util/concurrent/ConcurrentHashMap;' @40 
 - private final 'package2certs' 'Ljava/util/concurrent/ConcurrentHashMap;' @44 
 - private final 'classes' 'Ljava/util/ArrayList;' @48 
 - private final 'defaultDomain' 'Ljava/security/ProtectionDomain;' @52 
 - private final 'packages' 'Ljava/util/concurrent/ConcurrentHashMap;' @56 
 - private final 'libraries' 'Ljdk/internal/loader/NativeLibraries;' @60 
 - final 'assertionLock' 'Ljava/lang/Object;' @64 
 - private 'packageAssertionStatus' 'Ljava/util/Map;' @68 
 - 'classAssertionStatus' 'Ljava/util/Map;' @72 
 - private volatile 'classLoaderValueMap' 'Ljava/util/concurrent/ConcurrentHashMap;' @76 
 - non-static oop maps: 24-76 


---------------  P R O C E S S  ---------------

Threads class SMR info:
_java_thread_list=0x00000250f8427700, length=18, elements={
0x00000250e7ec5200, 0x00000250e7ec5e50, 0x00000250e7eccc50, 0x00000250e7ecd900,
0x00000250e7ece350, 0x00000250e7ecfce0, 0x00000250e7ed1030, 0x00000250e7eee620,
0x00000250ec2d8790, 0x00000250ec2f7ec0, 0x00000250ec3ce640, 0x00000250ec3ceca0,
0x00000250ec3a4e60, 0x00000250ec6ad970, 0x00000250ec6d5020, 0x00000250ec6e8540,
0x00000250c6b89790, 0x00000250f83f3a60
}

Java Threads: ( => current thread )
  0x00000250e7ec5200 JavaThread "Reference Handler"          daemon [_thread_blocked, id=15996, stack(0x000000c1a2f00000,0x000000c1a3000000) (1024K)]
  0x00000250e7ec5e50 JavaThread "Finalizer"                  daemon [_thread_blocked, id=21736, stack(0x000000c1a3000000,0x000000c1a3100000) (1024K)]
  0x00000250e7eccc50 JavaThread "Signal Dispatcher"          daemon [_thread_blocked, id=8676, stack(0x000000c1a3100000,0x000000c1a3200000) (1024K)]
  0x00000250e7ecd900 JavaThread "Attach Listener"            daemon [_thread_blocked, id=1836, stack(0x000000c1a3200000,0x000000c1a3300000) (1024K)]
  0x00000250e7ece350 JavaThread "Service Thread"             daemon [_thread_blocked, id=18444, stack(0x000000c1a3300000,0x000000c1a3400000) (1024K)]
  0x00000250e7ecfce0 JavaThread "Monitor Deflation Thread"   daemon [_thread_blocked, id=6568, stack(0x000000c1a3400000,0x000000c1a3500000) (1024K)]
  0x00000250e7ed1030 JavaThread "C2 CompilerThread0"         daemon [_thread_blocked, id=17928, stack(0x000000c1a3500000,0x000000c1a3600000) (1024K)]
  0x00000250e7eee620 JavaThread "C1 CompilerThread0"         daemon [_thread_blocked, id=11496, stack(0x000000c1a3600000,0x000000c1a3700000) (1024K)]
  0x00000250ec2d8790 JavaThread "Notification Thread"        daemon [_thread_blocked, id=11420, stack(0x000000c1a3700000,0x000000c1a3800000) (1024K)]
  0x00000250ec2f7ec0 JavaThread "Common-Cleaner"             daemon [_thread_blocked, id=15748, stack(0x000000c1a3800000,0x000000c1a3900000) (1024K)]
  0x00000250ec3ce640 JavaThread "Java2D Disposer"            daemon [_thread_blocked, id=20064, stack(0x000000c1a3900000,0x000000c1a3a00000) (1024K)]
  0x00000250ec3ceca0 JavaThread "AWT-Shutdown"                      [_thread_blocked, id=20068, stack(0x000000c1a3a00000,0x000000c1a3b00000) (1024K)]
  0x00000250ec3a4e60 JavaThread "AWT-Windows"                daemon [_thread_in_native, id=5108, stack(0x000000c1a3b00000,0x000000c1a3c00000) (1024K)]
  0x00000250ec6ad970 JavaThread "AWT-EventQueue-0"                  [_thread_blocked, id=21648, stack(0x000000c1a3c00000,0x000000c1a3d00000) (1024K)]
  0x00000250ec6d5020 JavaThread "Image Fetcher 0"            daemon [_thread_blocked, id=20340, stack(0x000000c1a3d00000,0x000000c1a3e00000) (1024K)]
=>0x00000250ec6e8540 JavaThread "Animation Thread"                  [_thread_in_native, id=16124, stack(0x000000c1a3e00000,0x000000c1a3f00000) (1024K)]
  0x00000250c6b89790 JavaThread "DestroyJavaVM"                     [_thread_blocked, id=8108, stack(0x000000c1a2700000,0x000000c1a2800000) (1024K)]
  0x00000250f83f3a60 JavaThread "Thread-0"                          [_thread_in_native, id=21532, stack(0x000000c1a4a00000,0x000000c1a4b00000) (1024K)]
Total: 18

Other Threads:
  0x00000250e7ea7ee0 VMThread "VM Thread"                           [id=1244, stack(0x000000c1a2e00000,0x000000c1a2f00000) (1024K)]
  0x00000250e7e92af0 WatcherThread "VM Periodic Task Thread"        [id=2448, stack(0x000000c1a2d00000,0x000000c1a2e00000) (1024K)]
  0x00000250c8f3cfe0 WorkerThread "GC Thread#0"                     [id=11716, stack(0x000000c1a2800000,0x000000c1a2900000) (1024K)]
  0x00000250ee8a6390 WorkerThread "GC Thread#1"                     [id=16908, stack(0x000000c1a4300000,0x000000c1a4400000) (1024K)]
  0x00000250ee944c90 WorkerThread "GC Thread#2"                     [id=17524, stack(0x000000c1a4400000,0x000000c1a4500000) (1024K)]
  0x00000250ee4980e0 WorkerThread "GC Thread#3"                     [id=10500, stack(0x000000c1a4500000,0x000000c1a4600000) (1024K)]
  0x00000250ef20f860 WorkerThread "GC Thread#4"                     [id=16624, stack(0x000000c1a4600000,0x000000c1a4700000) (1024K)]
  0x00000250ece00b20 WorkerThread "GC Thread#5"                     [id=5872, stack(0x000000c1a4700000,0x000000c1a4800000) (1024K)]
  0x00000250eeab4a70 WorkerThread "GC Thread#6"                     [id=6640, stack(0x000000c1a4800000,0x000000c1a4900000) (1024K)]
  0x00000250ec8be150 WorkerThread "GC Thread#7"                     [id=16332, stack(0x000000c1a4900000,0x000000c1a4a00000) (1024K)]
  0x00000250c8f4d7e0 ConcurrentGCThread "G1 Main Marker"            [id=7524, stack(0x000000c1a2900000,0x000000c1a2a00000) (1024K)]
  0x00000250c8f4e1f0 WorkerThread "G1 Conc#0"                       [id=2628, stack(0x000000c1a2a00000,0x000000c1a2b00000) (1024K)]
  0x00000250e7d63200 ConcurrentGCThread "G1 Refine#0"               [id=22180, stack(0x000000c1a2b00000,0x000000c1a2c00000) (1024K)]
  0x00000250e7d63a20 ConcurrentGCThread "G1 Service"                [id=18344, stack(0x000000c1a2c00000,0x000000c1a2d00000) (1024K)]
Total: 14

Threads with active compile tasks:
Total: 0

VM state: not at safepoint (normal execution)

VM Mutex/Monitor currently owned by a thread: None

Heap address: 0x0000000706e00000, size: 3986 MB, Compressed Oops mode: Zero based, Oop shift amount: 3

CDS archive(s) mapped at: [0x0000025080000000-0x0000025080c90000-0x0000025080c90000), size 13172736, SharedBaseAddress: 0x0000025080000000, ArchiveRelocationMode: 1.
Compressed class space mapped at: 0x0000025081000000-0x00000250c1000000, reserved size: 1073741824
Narrow klass base: 0x0000025080000000, Narrow klass shift: 0, Narrow klass range: 0x100000000

GC Precious Log:
 CardTable entry size: 512
 Card Set container configuration: InlinePtr #cards 4 size 8 Array Of Cards #cards 16 size 48 Howl #buckets 8 coarsen threshold 3686 Howl Bitmap #cards 512 size 80 coarsen threshold 460 Card regions per heap region 1 cards per card region 4096
 CPUs: 8 total, 8 available
 Memory: 15940M
 Large Page Support: Disabled
 NUMA Support: Disabled
 Compressed Oops: Enabled (Zero based)
 Heap Region Size: 2M
 Heap Min Capacity: 8M
 Heap Initial Capacity: 250M
 Heap Max Capacity: 3986M
 Pre-touch: Disabled
 Parallel Workers: 8
 Concurrent Workers: 2
 Concurrent Refinement Workers: 8
 Periodic GC: Disabled

Heap:
 garbage-first heap   total 256000K, used 78244K [0x0000000706e00000, 0x0000000800000000)
  region size 2048K, 38 young (77824K), 1 survivors (2048K)
 Metaspace       used 10947K, committed 11136K, reserved 1114112K
  class space    used 882K, committed 960K, reserved 1048576K

Heap Regions: E=young(eden), S=young(survivor), O=old, HS=humongous(starts), HC=humongous(continues), CS=collection set, F=free, TAMS=top-at-mark-start, PB=parsable bottom
|   0|0x0000000706e00000, 0x0000000707000000, 0x0000000707000000|100%| O|  |TAMS 0x0000000706e00000| PB 0x0000000706e00000| Untracked 
|   1|0x0000000707000000, 0x00000007071f9888, 0x0000000707200000| 98%| O|  |TAMS 0x0000000707000000| PB 0x0000000707000000| Untracked 
|   2|0x0000000707200000, 0x0000000707200000, 0x0000000707400000|  0%| F|  |TAMS 0x0000000707200000| PB 0x0000000707200000| Untracked 
|   3|0x0000000707400000, 0x0000000707400000, 0x0000000707600000|  0%| F|  |TAMS 0x0000000707400000| PB 0x0000000707400000| Untracked 
|   4|0x0000000707600000, 0x0000000707600000, 0x0000000707800000|  0%| F|  |TAMS 0x0000000707600000| PB 0x0000000707600000| Untracked 
|   5|0x0000000707800000, 0x0000000707800000, 0x0000000707a00000|  0%| F|  |TAMS 0x0000000707800000| PB 0x0000000707800000| Untracked 
|   6|0x0000000707a00000, 0x0000000707a00000, 0x0000000707c00000|  0%| F|  |TAMS 0x0000000707a00000| PB 0x0000000707a00000| Untracked 
|   7|0x0000000707c00000, 0x0000000707c00000, 0x0000000707e00000|  0%| F|  |TAMS 0x0000000707c00000| PB 0x0000000707c00000| Untracked 
|   8|0x0000000707e00000, 0x0000000707e00000, 0x0000000708000000|  0%| F|  |TAMS 0x0000000707e00000| PB 0x0000000707e00000| Untracked 
|   9|0x0000000708000000, 0x0000000708000000, 0x0000000708200000|  0%| F|  |TAMS 0x0000000708000000| PB 0x0000000708000000| Untracked 
|  10|0x0000000708200000, 0x0000000708200000, 0x0000000708400000|  0%| F|  |TAMS 0x0000000708200000| PB 0x0000000708200000| Untracked 
|  11|0x0000000708400000, 0x0000000708400000, 0x0000000708600000|  0%| F|  |TAMS 0x0000000708400000| PB 0x0000000708400000| Untracked 
|  12|0x0000000708600000, 0x0000000708600000, 0x0000000708800000|  0%| F|  |TAMS 0x0000000708600000| PB 0x0000000708600000| Untracked 
|  13|0x0000000708800000, 0x0000000708800000, 0x0000000708a00000|  0%| F|  |TAMS 0x0000000708800000| PB 0x0000000708800000| Untracked 
|  14|0x0000000708a00000, 0x0000000708a00000, 0x0000000708c00000|  0%| F|  |TAMS 0x0000000708a00000| PB 0x0000000708a00000| Untracked 
|  15|0x0000000708c00000, 0x0000000708c00000, 0x0000000708e00000|  0%| F|  |TAMS 0x0000000708c00000| PB 0x0000000708c00000| Untracked 
|  16|0x0000000708e00000, 0x0000000708e00000, 0x0000000709000000|  0%| F|  |TAMS 0x0000000708e00000| PB 0x0000000708e00000| Untracked 
|  17|0x0000000709000000, 0x0000000709000000, 0x0000000709200000|  0%| F|  |TAMS 0x0000000709000000| PB 0x0000000709000000| Untracked 
|  18|0x0000000709200000, 0x0000000709200000, 0x0000000709400000|  0%| F|  |TAMS 0x0000000709200000| PB 0x0000000709200000| Untracked 
|  19|0x0000000709400000, 0x0000000709400000, 0x0000000709600000|  0%| F|  |TAMS 0x0000000709400000| PB 0x0000000709400000| Untracked 
|  20|0x0000000709600000, 0x0000000709600000, 0x0000000709800000|  0%| F|  |TAMS 0x0000000709600000| PB 0x0000000709600000| Untracked 
|  21|0x0000000709800000, 0x0000000709800000, 0x0000000709a00000|  0%| F|  |TAMS 0x0000000709800000| PB 0x0000000709800000| Untracked 
|  22|0x0000000709a00000, 0x0000000709a00000, 0x0000000709c00000|  0%| F|  |TAMS 0x0000000709a00000| PB 0x0000000709a00000| Untracked 
|  23|0x0000000709c00000, 0x0000000709c00000, 0x0000000709e00000|  0%| F|  |TAMS 0x0000000709c00000| PB 0x0000000709c00000| Untracked 
|  24|0x0000000709e00000, 0x0000000709e00000, 0x000000070a000000|  0%| F|  |TAMS 0x0000000709e00000| PB 0x0000000709e00000| Untracked 
|  25|0x000000070a000000, 0x000000070a000000, 0x000000070a200000|  0%| F|  |TAMS 0x000000070a000000| PB 0x000000070a000000| Untracked 
|  26|0x000000070a200000, 0x000000070a200000, 0x000000070a400000|  0%| F|  |TAMS 0x000000070a200000| PB 0x000000070a200000| Untracked 
|  27|0x000000070a400000, 0x000000070a400000, 0x000000070a600000|  0%| F|  |TAMS 0x000000070a400000| PB 0x000000070a400000| Untracked 
|  28|0x000000070a600000, 0x000000070a600000, 0x000000070a800000|  0%| F|  |TAMS 0x000000070a600000| PB 0x000000070a600000| Untracked 
|  29|0x000000070a800000, 0x000000070a800000, 0x000000070aa00000|  0%| F|  |TAMS 0x000000070a800000| PB 0x000000070a800000| Untracked 
|  30|0x000000070aa00000, 0x000000070aa00000, 0x000000070ac00000|  0%| F|  |TAMS 0x000000070aa00000| PB 0x000000070aa00000| Untracked 
|  31|0x000000070ac00000, 0x000000070ac00000, 0x000000070ae00000|  0%| F|  |TAMS 0x000000070ac00000| PB 0x000000070ac00000| Untracked 
|  32|0x000000070ae00000, 0x000000070ae00000, 0x000000070b000000|  0%| F|  |TAMS 0x000000070ae00000| PB 0x000000070ae00000| Untracked 
|  33|0x000000070b000000, 0x000000070b000000, 0x000000070b200000|  0%| F|  |TAMS 0x000000070b000000| PB 0x000000070b000000| Untracked 
|  34|0x000000070b200000, 0x000000070b200000, 0x000000070b400000|  0%| F|  |TAMS 0x000000070b200000| PB 0x000000070b200000| Untracked 
|  35|0x000000070b400000, 0x000000070b400000, 0x000000070b600000|  0%| F|  |TAMS 0x000000070b400000| PB 0x000000070b400000| Untracked 
|  36|0x000000070b600000, 0x000000070b600000, 0x000000070b800000|  0%| F|  |TAMS 0x000000070b600000| PB 0x000000070b600000| Untracked 
|  37|0x000000070b800000, 0x000000070b800000, 0x000000070ba00000|  0%| F|  |TAMS 0x000000070b800000| PB 0x000000070b800000| Untracked 
|  38|0x000000070ba00000, 0x000000070ba00000, 0x000000070bc00000|  0%| F|  |TAMS 0x000000070ba00000| PB 0x000000070ba00000| Untracked 
|  39|0x000000070bc00000, 0x000000070bc00000, 0x000000070be00000|  0%| F|  |TAMS 0x000000070bc00000| PB 0x000000070bc00000| Untracked 
|  40|0x000000070be00000, 0x000000070be00000, 0x000000070c000000|  0%| F|  |TAMS 0x000000070be00000| PB 0x000000070be00000| Untracked 
|  41|0x000000070c000000, 0x000000070c000000, 0x000000070c200000|  0%| F|  |TAMS 0x000000070c000000| PB 0x000000070c000000| Untracked 
|  42|0x000000070c200000, 0x000000070c200000, 0x000000070c400000|  0%| F|  |TAMS 0x000000070c200000| PB 0x000000070c200000| Untracked 
|  43|0x000000070c400000, 0x000000070c400000, 0x000000070c600000|  0%| F|  |TAMS 0x000000070c400000| PB 0x000000070c400000| Untracked 
|  44|0x000000070c600000, 0x000000070c600000, 0x000000070c800000|  0%| F|  |TAMS 0x000000070c600000| PB 0x000000070c600000| Untracked 
|  45|0x000000070c800000, 0x000000070c800000, 0x000000070ca00000|  0%| F|  |TAMS 0x000000070c800000| PB 0x000000070c800000| Untracked 
|  46|0x000000070ca00000, 0x000000070ca00000, 0x000000070cc00000|  0%| F|  |TAMS 0x000000070ca00000| PB 0x000000070ca00000| Untracked 
|  47|0x000000070cc00000, 0x000000070cc00000, 0x000000070ce00000|  0%| F|  |TAMS 0x000000070cc00000| PB 0x000000070cc00000| Untracked 
|  48|0x000000070ce00000, 0x000000070ce00000, 0x000000070d000000|  0%| F|  |TAMS 0x000000070ce00000| PB 0x000000070ce00000| Untracked 
|  49|0x000000070d000000, 0x000000070d000000, 0x000000070d200000|  0%| F|  |TAMS 0x000000070d000000| PB 0x000000070d000000| Untracked 
|  50|0x000000070d200000, 0x000000070d200000, 0x000000070d400000|  0%| F|  |TAMS 0x000000070d200000| PB 0x000000070d200000| Untracked 
|  51|0x000000070d400000, 0x000000070d400000, 0x000000070d600000|  0%| F|  |TAMS 0x000000070d400000| PB 0x000000070d400000| Untracked 
|  52|0x000000070d600000, 0x000000070d600000, 0x000000070d800000|  0%| F|  |TAMS 0x000000070d600000| PB 0x000000070d600000| Untracked 
|  53|0x000000070d800000, 0x000000070d800000, 0x000000070da00000|  0%| F|  |TAMS 0x000000070d800000| PB 0x000000070d800000| Untracked 
|  54|0x000000070da00000, 0x000000070da00000, 0x000000070dc00000|  0%| F|  |TAMS 0x000000070da00000| PB 0x000000070da00000| Untracked 
|  55|0x000000070dc00000, 0x000000070dc00000, 0x000000070de00000|  0%| F|  |TAMS 0x000000070dc00000| PB 0x000000070dc00000| Untracked 
|  56|0x000000070de00000, 0x000000070de00000, 0x000000070e000000|  0%| F|  |TAMS 0x000000070de00000| PB 0x000000070de00000| Untracked 
|  57|0x000000070e000000, 0x000000070e000000, 0x000000070e200000|  0%| F|  |TAMS 0x000000070e000000| PB 0x000000070e000000| Untracked 
|  58|0x000000070e200000, 0x000000070e200000, 0x000000070e400000|  0%| F|  |TAMS 0x000000070e200000| PB 0x000000070e200000| Untracked 
|  59|0x000000070e400000, 0x000000070e400000, 0x000000070e600000|  0%| F|  |TAMS 0x000000070e400000| PB 0x000000070e400000| Untracked 
|  60|0x000000070e600000, 0x000000070e600000, 0x000000070e800000|  0%| F|  |TAMS 0x000000070e600000| PB 0x000000070e600000| Untracked 
|  61|0x000000070e800000, 0x000000070e800000, 0x000000070ea00000|  0%| F|  |TAMS 0x000000070e800000| PB 0x000000070e800000| Untracked 
|  62|0x000000070ea00000, 0x000000070ea00000, 0x000000070ec00000|  0%| F|  |TAMS 0x000000070ea00000| PB 0x000000070ea00000| Untracked 
|  63|0x000000070ec00000, 0x000000070ec00000, 0x000000070ee00000|  0%| F|  |TAMS 0x000000070ec00000| PB 0x000000070ec00000| Untracked 
|  64|0x000000070ee00000, 0x000000070ee00000, 0x000000070f000000|  0%| F|  |TAMS 0x000000070ee00000| PB 0x000000070ee00000| Untracked 
|  65|0x000000070f000000, 0x000000070f000000, 0x000000070f200000|  0%| F|  |TAMS 0x000000070f000000| PB 0x000000070f000000| Untracked 
|  66|0x000000070f200000, 0x000000070f200000, 0x000000070f400000|  0%| F|  |TAMS 0x000000070f200000| PB 0x000000070f200000| Untracked 
|  67|0x000000070f400000, 0x000000070f400000, 0x000000070f600000|  0%| F|  |TAMS 0x000000070f400000| PB 0x000000070f400000| Untracked 
|  68|0x000000070f600000, 0x000000070f600000, 0x000000070f800000|  0%| F|  |TAMS 0x000000070f600000| PB 0x000000070f600000| Untracked 
|  69|0x000000070f800000, 0x000000070f800000, 0x000000070fa00000|  0%| F|  |TAMS 0x000000070f800000| PB 0x000000070f800000| Untracked 
|  70|0x000000070fa00000, 0x000000070fa00000, 0x000000070fc00000|  0%| F|  |TAMS 0x000000070fa00000| PB 0x000000070fa00000| Untracked 
|  71|0x000000070fc00000, 0x000000070fc00000, 0x000000070fe00000|  0%| F|  |TAMS 0x000000070fc00000| PB 0x000000070fc00000| Untracked 
|  72|0x000000070fe00000, 0x000000070fe00000, 0x0000000710000000|  0%| F|  |TAMS 0x000000070fe00000| PB 0x000000070fe00000| Untracked 
|  73|0x0000000710000000, 0x0000000710000000, 0x0000000710200000|  0%| F|  |TAMS 0x0000000710000000| PB 0x0000000710000000| Untracked 
|  74|0x0000000710200000, 0x0000000710200000, 0x0000000710400000|  0%| F|  |TAMS 0x0000000710200000| PB 0x0000000710200000| Untracked 
|  75|0x0000000710400000, 0x0000000710400000, 0x0000000710600000|  0%| F|  |TAMS 0x0000000710400000| PB 0x0000000710400000| Untracked 
|  76|0x0000000710600000, 0x0000000710600000, 0x0000000710800000|  0%| F|  |TAMS 0x0000000710600000| PB 0x0000000710600000| Untracked 
|  77|0x0000000710800000, 0x0000000710800000, 0x0000000710a00000|  0%| F|  |TAMS 0x0000000710800000| PB 0x0000000710800000| Untracked 
|  78|0x0000000710a00000, 0x0000000710a00000, 0x0000000710c00000|  0%| F|  |TAMS 0x0000000710a00000| PB 0x0000000710a00000| Untracked 
|  79|0x0000000710c00000, 0x0000000710c00000, 0x0000000710e00000|  0%| F|  |TAMS 0x0000000710c00000| PB 0x0000000710c00000| Untracked 
|  80|0x0000000710e00000, 0x0000000710e00000, 0x0000000711000000|  0%| F|  |TAMS 0x0000000710e00000| PB 0x0000000710e00000| Untracked 
|  81|0x0000000711000000, 0x0000000711000000, 0x0000000711200000|  0%| F|  |TAMS 0x0000000711000000| PB 0x0000000711000000| Untracked 
|  82|0x0000000711200000, 0x0000000711200000, 0x0000000711400000|  0%| F|  |TAMS 0x0000000711200000| PB 0x0000000711200000| Untracked 
|  83|0x0000000711400000, 0x0000000711400000, 0x0000000711600000|  0%| F|  |TAMS 0x0000000711400000| PB 0x0000000711400000| Untracked 
|  84|0x0000000711600000, 0x0000000711600000, 0x0000000711800000|  0%| F|  |TAMS 0x0000000711600000| PB 0x0000000711600000| Untracked 
|  85|0x0000000711800000, 0x0000000711800000, 0x0000000711a00000|  0%| F|  |TAMS 0x0000000711800000| PB 0x0000000711800000| Untracked 
|  86|0x0000000711a00000, 0x0000000711a00000, 0x0000000711c00000|  0%| F|  |TAMS 0x0000000711a00000| PB 0x0000000711a00000| Untracked 
|  87|0x0000000711c00000, 0x0000000711c8e7e0, 0x0000000711e00000| 27%| E|  |TAMS 0x0000000711c00000| PB 0x0000000711c00000| Complete 
|  88|0x0000000711e00000, 0x0000000712000000, 0x0000000712000000|100%| E|CS|TAMS 0x0000000711e00000| PB 0x0000000711e00000| Complete 
|  89|0x0000000712000000, 0x0000000712200000, 0x0000000712200000|100%| E|CS|TAMS 0x0000000712000000| PB 0x0000000712000000| Complete 
|  90|0x0000000712200000, 0x0000000712400000, 0x0000000712400000|100%| E|CS|TAMS 0x0000000712200000| PB 0x0000000712200000| Complete 
|  91|0x0000000712400000, 0x0000000712600000, 0x0000000712600000|100%| E|CS|TAMS 0x0000000712400000| PB 0x0000000712400000| Complete 
|  92|0x0000000712600000, 0x0000000712800000, 0x0000000712800000|100%| E|CS|TAMS 0x0000000712600000| PB 0x0000000712600000| Complete 
|  93|0x0000000712800000, 0x0000000712a00000, 0x0000000712a00000|100%| E|CS|TAMS 0x0000000712800000| PB 0x0000000712800000| Complete 
|  94|0x0000000712a00000, 0x0000000712c00000, 0x0000000712c00000|100%| E|CS|TAMS 0x0000000712a00000| PB 0x0000000712a00000| Complete 
|  95|0x0000000712c00000, 0x0000000712e00000, 0x0000000712e00000|100%| E|CS|TAMS 0x0000000712c00000| PB 0x0000000712c00000| Complete 
|  96|0x0000000712e00000, 0x0000000713000000, 0x0000000713000000|100%| E|CS|TAMS 0x0000000712e00000| PB 0x0000000712e00000| Complete 
|  97|0x0000000713000000, 0x0000000713200000, 0x0000000713200000|100%| E|CS|TAMS 0x0000000713000000| PB 0x0000000713000000| Complete 
|  98|0x0000000713200000, 0x0000000713400000, 0x0000000713400000|100%| E|CS|TAMS 0x0000000713200000| PB 0x0000000713200000| Complete 
|  99|0x0000000713400000, 0x0000000713600000, 0x0000000713600000|100%| E|CS|TAMS 0x0000000713400000| PB 0x0000000713400000| Complete 
| 100|0x0000000713600000, 0x0000000713800000, 0x0000000713800000|100%| E|CS|TAMS 0x0000000713600000| PB 0x0000000713600000| Complete 
| 101|0x0000000713800000, 0x0000000713a00000, 0x0000000713a00000|100%| E|CS|TAMS 0x0000000713800000| PB 0x0000000713800000| Complete 
| 102|0x0000000713a00000, 0x0000000713c00000, 0x0000000713c00000|100%| E|CS|TAMS 0x0000000713a00000| PB 0x0000000713a00000| Complete 
| 103|0x0000000713c00000, 0x0000000713e00000, 0x0000000713e00000|100%| E|CS|TAMS 0x0000000713c00000| PB 0x0000000713c00000| Complete 
| 104|0x0000000713e00000, 0x0000000714000000, 0x0000000714000000|100%| E|CS|TAMS 0x0000000713e00000| PB 0x0000000713e00000| Complete 
| 105|0x0000000714000000, 0x0000000714200000, 0x0000000714200000|100%| E|CS|TAMS 0x0000000714000000| PB 0x0000000714000000| Complete 
| 106|0x0000000714200000, 0x0000000714400000, 0x0000000714400000|100%| E|CS|TAMS 0x0000000714200000| PB 0x0000000714200000| Complete 
| 107|0x0000000714400000, 0x000000071446f900, 0x0000000714600000| 21%| S|CS|TAMS 0x0000000714400000| PB 0x0000000714400000| Complete 
| 108|0x0000000714600000, 0x0000000714800000, 0x0000000714800000|100%| E|CS|TAMS 0x0000000714600000| PB 0x0000000714600000| Complete 
| 109|0x0000000714800000, 0x0000000714a00000, 0x0000000714a00000|100%| E|CS|TAMS 0x0000000714800000| PB 0x0000000714800000| Complete 
| 110|0x0000000714a00000, 0x0000000714c00000, 0x0000000714c00000|100%| E|CS|TAMS 0x0000000714a00000| PB 0x0000000714a00000| Complete 
| 111|0x0000000714c00000, 0x0000000714e00000, 0x0000000714e00000|100%| E|CS|TAMS 0x0000000714c00000| PB 0x0000000714c00000| Complete 
| 112|0x0000000714e00000, 0x0000000715000000, 0x0000000715000000|100%| E|CS|TAMS 0x0000000714e00000| PB 0x0000000714e00000| Complete 
| 113|0x0000000715000000, 0x0000000715200000, 0x0000000715200000|100%| E|CS|TAMS 0x0000000715000000| PB 0x0000000715000000| Complete 
| 114|0x0000000715200000, 0x0000000715400000, 0x0000000715400000|100%| E|CS|TAMS 0x0000000715200000| PB 0x0000000715200000| Complete 
| 115|0x0000000715400000, 0x0000000715600000, 0x0000000715600000|100%| E|CS|TAMS 0x0000000715400000| PB 0x0000000715400000| Complete 
| 116|0x0000000715600000, 0x0000000715800000, 0x0000000715800000|100%| E|CS|TAMS 0x0000000715600000| PB 0x0000000715600000| Complete 
| 117|0x0000000715800000, 0x0000000715a00000, 0x0000000715a00000|100%| E|CS|TAMS 0x0000000715800000| PB 0x0000000715800000| Complete 
| 118|0x0000000715a00000, 0x0000000715c00000, 0x0000000715c00000|100%| E|CS|TAMS 0x0000000715a00000| PB 0x0000000715a00000| Complete 
| 119|0x0000000715c00000, 0x0000000715e00000, 0x0000000715e00000|100%| E|CS|TAMS 0x0000000715c00000| PB 0x0000000715c00000| Complete 
| 120|0x0000000715e00000, 0x0000000716000000, 0x0000000716000000|100%| E|CS|TAMS 0x0000000715e00000| PB 0x0000000715e00000| Complete 
| 121|0x0000000716000000, 0x0000000716200000, 0x0000000716200000|100%| E|CS|TAMS 0x0000000716000000| PB 0x0000000716000000| Complete 
| 122|0x0000000716200000, 0x0000000716400000, 0x0000000716400000|100%| E|CS|TAMS 0x0000000716200000| PB 0x0000000716200000| Complete 
| 123|0x0000000716400000, 0x0000000716600000, 0x0000000716600000|100%| E|CS|TAMS 0x0000000716400000| PB 0x0000000716400000| Complete 
| 124|0x0000000716600000, 0x0000000716800000, 0x0000000716800000|100%| E|CS|TAMS 0x0000000716600000| PB 0x0000000716600000| Complete 

Card table byte_map: [0x00000250e0e60000,0x00000250e1630000] _byte_map_base: 0x00000250dd629000

Marking Bits: (CMBitMap*) 0x00000250c8f3d5f0
 Bits: [0x00000250e1630000, 0x00000250e5478000)

Polling page: 0x00000250c6d80000

Metaspace:

Usage:
  Non-class:      9.83 MB used.
      Class:    882.18 KB used.
       Both:     10.69 MB used.

Virtual space:
  Non-class space:       64.00 MB reserved,       9.94 MB ( 16%) committed,  1 nodes.
      Class space:        1.00 GB reserved,     960.00 KB ( <1%) committed,  1 nodes.
             Both:        1.06 GB reserved,      10.88 MB ( <1%) committed. 

Chunk freelists:
   Non-Class:  5.88 MB
       Class:  15.01 MB
        Both:  20.89 MB

MaxMetaspaceSize: unlimited
CompressedClassSpaceSize: 1.00 GB
Initial GC threshold: 21.00 MB
Current GC threshold: 21.00 MB
CDS: on
 - commit_granule_bytes: 65536.
 - commit_granule_words: 8192.
 - virtual_space_node_default_size: 8388608.
 - enlarge_chunks_in_place: 1.
 - use_allocation_guard: 0.


Internal statistics:

num_allocs_failed_limit: 0.
num_arena_births: 196.
num_arena_deaths: 0.
num_vsnodes_births: 2.
num_vsnodes_deaths: 0.
num_space_committed: 172.
num_space_uncommitted: 0.
num_chunks_returned_to_freelist: 0.
num_chunks_taken_from_freelist: 375.
num_chunk_merges: 0.
num_chunk_splits: 254.
num_chunks_enlarged: 167.
num_inconsistent_stats: 0.

CodeHeap 'non-profiled nmethods': size=120000Kb used=881Kb max_used=881Kb free=119118Kb
 bounds [0x00000250d8e30000, 0x00000250d90a0000, 0x00000250e0360000]
CodeHeap 'profiled nmethods': size=120000Kb used=3219Kb max_used=3219Kb free=116780Kb
 bounds [0x00000250d1360000, 0x00000250d1690000, 0x00000250d8890000]
CodeHeap 'non-nmethods': size=5760Kb used=1846Kb max_used=1866Kb free=3913Kb
 bounds [0x00000250d8890000, 0x00000250d8b00000, 0x00000250d8e30000]
 total_blobs=2779 nmethods=1926 adapters=757
 compilation: enabled
              stopped_count=0, restarted_count=0
 full_count=0

Compilation events (20 events):
Event: 5.431 Thread 0x00000250e7ed1030 1914       4       sun.awt.AWTAutoShutdown::isReadyToShutdown (37 bytes)
Event: 5.432 Thread 0x00000250e7ed1030 nmethod 1914 0x00000250d8f09d10 code [0x00000250d8f09ea0, 0x00000250d8f09f90]
Event: 5.495 Thread 0x00000250e7eee620 1915       1       java.awt.geom.Rectangle2D$Double::getX (5 bytes)
Event: 5.495 Thread 0x00000250e7eee620 nmethod 1915 0x00000250d8f0a090 code [0x00000250d8f0a220, 0x00000250d8f0a2e8]
Event: 5.495 Thread 0x00000250e7eee620 1916       1       java.awt.geom.Rectangle2D$Double::getY (5 bytes)
Event: 5.495 Thread 0x00000250e7eee620 nmethod 1916 0x00000250d8f0a390 code [0x00000250d8f0a520, 0x00000250d8f0a5e8]
Event: 5.533 Thread 0x00000250e7eee620 1917       3       processing.core.PMatrix3D::reset (21 bytes)
Event: 5.534 Thread 0x00000250e7eee620 nmethod 1917 0x00000250d1682d90 code [0x00000250d1682f60, 0x00000250d1683110]
Event: 5.568 Thread 0x00000250e7eee620 1920       3       sun.awt.windows.WComponentPeer::postEvent (17 bytes)
Event: 5.568 Thread 0x00000250e7eee620 nmethod 1920 0x00000250d1683190 code [0x00000250d16833a0, 0x00000250d1683a20]
Event: 5.590 Thread 0x00000250e7eee620 1922       3       java.lang.Float::toString (5 bytes)
Event: 5.590 Thread 0x00000250e7eee620 nmethod 1922 0x00000250d1683c90 code [0x00000250d1683e60, 0x00000250d16841f0]
Event: 5.590 Thread 0x00000250e7eee620 1923       3       jdk.internal.math.FloatToDecimal::toString (12 bytes)
Event: 5.590 Thread 0x00000250e7eee620 nmethod 1923 0x00000250d1684310 code [0x00000250d16844e0, 0x00000250d1684818]
Event: 5.591 Thread 0x00000250e7ed1030 1924       4       controlP5.Controller::inside (146 bytes)
Event: 5.595 Thread 0x00000250e7eee620 1925       1       com.sun.opengl.impl.GLContextImpl::isOptimizable (5 bytes)
Event: 5.595 Thread 0x00000250e7eee620 nmethod 1925 0x00000250d8f0b310 code [0x00000250d8f0b4a0, 0x00000250d8f0b570]
Event: 5.596 Thread 0x00000250e7ed1030 nmethod 1924 0x00000250d8f0b610 code [0x00000250d8f0b840, 0x00000250d8f0c188]
Event: 5.634 Thread 0x00000250e7eee620 1926       3       java.lang.Byte::<init> (10 bytes)
Event: 5.635 Thread 0x00000250e7eee620 nmethod 1926 0x00000250d1684910 code [0x00000250d1684ac0, 0x00000250d1684c88]

GC Heap History (4 events):
Event: 1.942 GC heap before
{Heap before GC invocations=0 (full 0):
 garbage-first heap   total 256000K, used 20480K [0x0000000706e00000, 0x0000000800000000)
  region size 2048K, 11 young (22528K), 0 survivors (0K)
 Metaspace       used 10156K, committed 10368K, reserved 1114112K
  class space    used 856K, committed 960K, reserved 1048576K
}
Event: 1.954 GC heap after
{Heap after GC invocations=1 (full 0):
 garbage-first heap   total 256000K, used 4161K [0x0000000706e00000, 0x0000000800000000)
  region size 2048K, 2 young (4096K), 2 survivors (4096K)
 Metaspace       used 10156K, committed 10368K, reserved 1114112K
  class space    used 856K, committed 960K, reserved 1048576K
}
Event: 1.964 GC heap before
{Heap before GC invocations=1 (full 0):
 garbage-first heap   total 256000K, used 34881K [0x0000000706e00000, 0x0000000800000000)
  region size 2048K, 17 young (34816K), 2 survivors (4096K)
 Metaspace       used 10188K, committed 10432K, reserved 1114112K
  class space    used 861K, committed 960K, reserved 1048576K
}
Event: 1.969 GC heap after
{Heap after GC invocations=2 (full 0):
 garbage-first heap   total 256000K, used 4516K [0x0000000706e00000, 0x0000000800000000)
  region size 2048K, 1 young (2048K), 1 survivors (2048K)
 Metaspace       used 10188K, committed 10432K, reserved 1114112K
  class space    used 861K, committed 960K, reserved 1048576K
}

Dll operation events (14 events):
Event: 0.006 Loaded shared library C:\Program Files\Java\jdk-21\bin\java.dll
Event: 0.026 Loaded shared library C:\Program Files\Java\jdk-21\bin\jsvml.dll
Event: 0.041 Loaded shared library C:\Program Files\Java\jdk-21\bin\net.dll
Event: 0.042 Loaded shared library C:\Program Files\Java\jdk-21\bin\nio.dll
Event: 0.163 Loaded shared library C:\Program Files\Java\jdk-21\bin\zip.dll
Event: 0.195 Loaded shared library C:\Program Files\Java\jdk-21\bin\verify.dll
Event: 0.264 Loaded shared library C:\Program Files\Java\jdk-21\bin\jimage.dll
Event: 0.498 Loaded shared library C:\Program Files\Java\jdk-21\bin\awt.dll
Event: 0.586 Loaded shared library C:\Program Files\Java\jdk-21\bin\freetype.dll
Event: 0.587 Loaded shared library C:\Program Files\Java\jdk-21\bin\fontmanager.dll
Event: 0.680 Loaded shared library D:\Download\MultiWii_2_4-master\MultiWii_2_4-master\MultiWiiConf\application.windows64\jogl.dll
Event: 0.795 Loaded shared library C:\Program Files\Java\jdk-21\bin\jawt.dll
Event: 0.817 Loaded shared library D:\Download\MultiWii_2_4-master\MultiWii_2_4-master\MultiWiiConf\application.windows64\jogl_awt.dll
Event: 1.434 Loaded shared library D:\Download\MultiWii_2_4-master\MultiWii_2_4-master\MultiWiiConf\application.windows64\rxtxSerial.dll

Deoptimization events (20 events):
Event: 3.732 Thread 0x00000250ec6e8540 Uncommon trap: trap_request=0xffffffd6 fr.pc=0x00000250d8eec708 relative=0x0000000000000368
Event: 3.732 Thread 0x00000250ec6e8540 Uncommon trap: reason=array_check action=maybe_recompile pc=0x00000250d8eec708 method=java.util.Arrays.fill([Ljava/lang/Object;Ljava/lang/Object;)V @ 13 c2
Event: 3.732 Thread 0x00000250ec6e8540 DEOPT PACKING pc=0x00000250d8eec708 sp=0x000000c1a3efee90
Event: 3.732 Thread 0x00000250ec6e8540 DEOPT UNPACKING pc=0x00000250d88e46a2 sp=0x000000c1a3efee50 mode 2
Event: 3.732 Thread 0x00000250ec6e8540 Uncommon trap: trap_request=0xffffffbe fr.pc=0x00000250d8eea884 relative=0x00000000000001e4
Event: 3.732 Thread 0x00000250ec6e8540 Uncommon trap: reason=profile_predicate action=maybe_recompile pc=0x00000250d8eea884 method=java.util.Arrays.fill([Ljava/lang/Object;Ljava/lang/Object;)V @ 5 c2
Event: 3.732 Thread 0x00000250ec6e8540 DEOPT PACKING pc=0x00000250d8eea884 sp=0x000000c1a3efee90
Event: 3.732 Thread 0x00000250ec6e8540 DEOPT UNPACKING pc=0x00000250d88e46a2 sp=0x000000c1a3efee68 mode 2
Event: 4.032 Thread 0x00000250ec6e8540 Uncommon trap: trap_request=0xffffffd6 fr.pc=0x00000250d8eec708 relative=0x0000000000000368
Event: 4.032 Thread 0x00000250ec6e8540 Uncommon trap: reason=array_check action=maybe_recompile pc=0x00000250d8eec708 method=java.util.Arrays.fill([Ljava/lang/Object;Ljava/lang/Object;)V @ 13 c2
Event: 4.032 Thread 0x00000250ec6e8540 DEOPT PACKING pc=0x00000250d8eec708 sp=0x000000c1a3efee90
Event: 4.032 Thread 0x00000250ec6e8540 DEOPT UNPACKING pc=0x00000250d88e46a2 sp=0x000000c1a3efee50 mode 2
Event: 4.083 Thread 0x00000250ec6e8540 Uncommon trap: trap_request=0xffffffd6 fr.pc=0x00000250d8eec708 relative=0x0000000000000368
Event: 4.083 Thread 0x00000250ec6e8540 Uncommon trap: reason=array_check action=maybe_recompile pc=0x00000250d8eec708 method=java.util.Arrays.fill([Ljava/lang/Object;Ljava/lang/Object;)V @ 13 c2
Event: 4.083 Thread 0x00000250ec6e8540 DEOPT PACKING pc=0x00000250d8eec708 sp=0x000000c1a3efee90
Event: 4.083 Thread 0x00000250ec6e8540 DEOPT UNPACKING pc=0x00000250d88e46a2 sp=0x000000c1a3efee50 mode 2
Event: 4.134 Thread 0x00000250ec6e8540 Uncommon trap: trap_request=0xffffffd6 fr.pc=0x00000250d8eec708 relative=0x0000000000000368
Event: 4.134 Thread 0x00000250ec6e8540 Uncommon trap: reason=array_check action=maybe_recompile pc=0x00000250d8eec708 method=java.util.Arrays.fill([Ljava/lang/Object;Ljava/lang/Object;)V @ 13 c2
Event: 4.134 Thread 0x00000250ec6e8540 DEOPT PACKING pc=0x00000250d8eec708 sp=0x000000c1a3efee90
Event: 4.134 Thread 0x00000250ec6e8540 DEOPT UNPACKING pc=0x00000250d88e46a2 sp=0x000000c1a3efee50 mode 2

Classes loaded (20 events):
Event: 2.201 Loading class java/nio/DirectFloatBufferU
Event: 2.202 Loading class java/nio/DirectFloatBufferU done
Event: 2.214 Loading class java/lang/FdLibm$Acos
Event: 2.215 Loading class java/lang/FdLibm$Acos done
Event: 2.215 Loading class java/lang/FdLibm
Event: 2.217 Loading class java/lang/FdLibm done
Event: 2.383 Loading class java/lang/invoke/MethodHandle$1
Event: 2.385 Loading class java/lang/invoke/MethodHandle$1 done
Event: 3.974 Loading class java/util/TooManyListenersException
Event: 4.007 Loading class java/util/TooManyListenersException done
Event: 4.016 Loading class java/lang/Thread$ThreadNumbering
Event: 4.018 Loading class java/lang/Thread$ThreadNumbering done
Event: 4.027 Loading class java/io/PrintWriter$1
Event: 4.027 Loading class jdk/internal/access/JavaIOPrintWriterAccess
Event: 4.027 Loading class jdk/internal/access/JavaIOPrintWriterAccess done
Event: 4.027 Loading class java/io/PrintWriter$1 done
Event: 4.027 Loading class java/io/FileOutputStream$1
Event: 4.027 Loading class java/io/FileOutputStream$1 done
Event: 5.634 Loading class java/lang/Byte$ByteCache
Event: 5.634 Loading class java/lang/Byte$ByteCache done

Classes unloaded (0 events):
No events

Classes redefined (0 events):
No events

Internal exceptions (20 events):
Event: 1.552 Thread 0x00000250ec6e8540 Exception <a 'java/io/FileNotFoundException'{0x0000000715449738}> (0x0000000715449738) 
thrown [s\open\src\hotspot\share\prims\jni.cpp, line 520]
Event: 1.662 Thread 0x00000250ec6e8540 Exception <a 'java/io/FileNotFoundException'{0x000000071545ae10}> (0x000000071545ae10) 
thrown [s\open\src\hotspot\share\prims\jni.cpp, line 520]
Event: 1.663 Thread 0x00000250ec6e8540 Exception <a 'java/io/FileNotFoundException'{0x0000000715469fd0}> (0x0000000715469fd0) 
thrown [s\open\src\hotspot\share\prims\jni.cpp, line 520]
Event: 1.774 Thread 0x00000250ec6e8540 Exception <a 'java/io/FileNotFoundException'{0x000000071547b8f0}> (0x000000071547b8f0) 
thrown [s\open\src\hotspot\share\prims\jni.cpp, line 520]
Event: 1.774 Thread 0x00000250ec6e8540 Exception <a 'java/io/FileNotFoundException'{0x0000000715493670}> (0x0000000715493670) 
thrown [s\open\src\hotspot\share\prims\jni.cpp, line 520]
Event: 1.884 Thread 0x00000250ec6e8540 Exception <a 'java/io/FileNotFoundException'{0x00000007154a4d48}> (0x00000007154a4d48) 
thrown [s\open\src\hotspot\share\prims\jni.cpp, line 520]
Event: 1.887 Thread 0x00000250ec6e8540 Exception <a 'java/lang/NoSuchMethodError'{0x0000000715592658}: 'void java.lang.invoke.DirectMethodHandle$Holder.invokeVirtual(java.lang.Object, java.lang.Object, int)'> (0x0000000715592658) 
thrown [s\open\src\hotspot\share\interpreter\linkResolver.cpp, line 773]
Event: 1.887 Thread 0x00000250ec6e8540 Implicit null exception at 0x00000250d8e65ca6 to 0x00000250d8e65e20
Event: 1.924 Thread 0x00000250ec6e8540 Exception <a 'java/lang/NoSuchMethodError'{0x0000000715596910}: 'int java.lang.invoke.DirectMethodHandle$Holder.invokeSpecial(java.lang.Object, java.lang.Object, java.lang.Object, int)'> (0x0000000715596910) 
thrown [s\open\src\hotspot\share\interpreter\linkResolver.cpp, line 773]
Event: 1.925 Thread 0x00000250ec6e8540 Exception <a 'java/lang/NoSuchMethodError'{0x00000007155a8bf8}: 'java.lang.Object java.lang.invoke.DirectMethodHandle$Holder.invokeStatic(java.lang.Object, java.lang.Object, java.lang.Object, java.lang.Object, int)'> (0x00000007155a8bf8) 
thrown [s\open\src\hotspot\share\interpreter\linkResolver.cpp, line 773]
Event: 1.926 Thread 0x00000250ec6e8540 Exception <a 'java/lang/NoSuchMethodError'{0x00000007155b38e8}: 'void java.lang.invoke.DelegatingMethodHandle$Holder.reinvoke_L(java.lang.Object, java.lang.Object, int)'> (0x00000007155b38e8) 
thrown [s\open\src\hotspot\share\interpreter\linkResolver.cpp, line 773]
Event: 1.927 Thread 0x00000250ec6e8540 Exception <a 'java/lang/NoSuchMethodError'{0x00000007155ba670}: 'int java.lang.invoke.DirectMethodHandle$Holder.invokeSpecial(java.lang.Object, java.lang.Object, java.lang.Object)'> (0x00000007155ba670) 
thrown [s\open\src\hotspot\share\interpreter\linkResolver.cpp, line 773]
Event: 1.960 Thread 0x00000250ec6e8540 Exception <a 'java/lang/NoSuchMethodError'{0x0000000714c30e10}: 'float java.lang.invoke.DelegatingMethodHandle$Holder.reinvoke_L(java.lang.Object, java.lang.Object)'> (0x0000000714c30e10) 
thrown [s\open\src\hotspot\share\interpreter\linkResolver.cpp, line 773]
Event: 1.961 Thread 0x00000250ec6e8540 Exception <a 'java/lang/NoSuchMethodError'{0x0000000714c3adc8}: 'void java.lang.invoke.DelegatingMethodHandle$Holder.reinvoke_L(java.lang.Object, java.lang.Object, float)'> (0x0000000714c3adc8) 
thrown [s\open\src\hotspot\share\interpreter\linkResolver.cpp, line 773]
Event: 1.961 Thread 0x00000250ec6e8540 Exception <a 'java/lang/NoSuchMethodError'{0x0000000714c416a8}: 'float java.lang.invoke.Invokers$Holder.invokeExact_MT(java.lang.Object, java.lang.Object, java.lang.Object)'> (0x0000000714c416a8) 
thrown [s\open\src\hotspot\share\interpreter\linkResolver.cpp, line 773]
Event: 2.093 Thread 0x00000250ec6e8540 Exception <a 'java/lang/NoSuchMethodError'{0x0000000712012de0}: 'void java.lang.invoke.DirectMethodHandle$Holder.invokeSpecial(java.lang.Object, java.lang.Object, java.lang.Object)'> (0x0000000712012de0) 
thrown [s\open\src\hotspot\share\interpreter\linkResolver.cpp, line 773]
Event: 3.740 Thread 0x00000250ec6e8540 Exception <a 'java/io/FileNotFoundException'{0x0000000711e61658}> (0x0000000711e61658) 
thrown [s\open\src\hotspot\share\prims\jni.cpp, line 520]
Event: 3.862 Thread 0x00000250ec6e8540 Exception <a 'java/io/FileNotFoundException'{0x0000000711e72d30}> (0x0000000711e72d30) 
thrown [s\open\src\hotspot\share\prims\jni.cpp, line 520]
Event: 3.862 Thread 0x00000250ec6e8540 Exception <a 'java/io/FileNotFoundException'{0x0000000711e88e58}> (0x0000000711e88e58) 
thrown [s\open\src\hotspot\share\prims\jni.cpp, line 520]
Event: 3.973 Thread 0x00000250ec6e8540 Exception <a 'java/io/FileNotFoundException'{0x0000000711eec900}> (0x0000000711eec900) 
thrown [s\open\src\hotspot\share\prims\jni.cpp, line 520]

ZGC Phase Switch (0 events):
No events

VM Operations (20 events):
Event: 0.190 Executing VM operation: HandshakeAllThreads (Deoptimize)
Event: 0.190 Executing VM operation: HandshakeAllThreads (Deoptimize) done
Event: 0.550 Executing VM operation: HandshakeAllThreads (Deoptimize)
Event: 0.550 Executing VM operation: HandshakeAllThreads (Deoptimize) done
Event: 0.555 Executing VM operation: HandshakeAllThreads (Deoptimize)
Event: 0.555 Executing VM operation: HandshakeAllThreads (Deoptimize) done
Event: 1.364 Executing VM operation: HandshakeAllThreads (Deoptimize)
Event: 1.364 Executing VM operation: HandshakeAllThreads (Deoptimize) done
Event: 1.364 Executing VM operation: Cleanup
Event: 1.364 Executing VM operation: Cleanup done
Event: 1.932 Executing VM operation: G1CollectForAllocation (G1 Evacuation Pause)
Event: 1.954 Executing VM operation: G1CollectForAllocation (G1 Evacuation Pause) done
Event: 1.964 Executing VM operation: G1CollectForAllocation (G1 Evacuation Pause)
Event: 1.969 Executing VM operation: G1CollectForAllocation (G1 Evacuation Pause) done
Event: 2.790 Executing VM operation: ICBufferFull
Event: 2.790 Executing VM operation: ICBufferFull done
Event: 3.796 Executing VM operation: Cleanup
Event: 3.796 Executing VM operation: Cleanup done
Event: 4.811 Executing VM operation: Cleanup
Event: 4.811 Executing VM operation: Cleanup done

Events (20 events):
Event: 0.024 Thread 0x00000250e7ecfce0 Thread added: 0x00000250e7ecfce0
Event: 0.024 Thread 0x00000250e7ed1030 Thread added: 0x00000250e7ed1030
Event: 0.024 Thread 0x00000250e7eee620 Thread added: 0x00000250e7eee620
Event: 0.035 Thread 0x00000250ec2d8790 Thread added: 0x00000250ec2d8790
Event: 0.038 Thread 0x00000250ec2f7ec0 Thread added: 0x00000250ec2f7ec0
Event: 0.530 Thread 0x00000250ec3ce640 Thread added: 0x00000250ec3ce640
Event: 0.532 Thread 0x00000250ec3ceca0 Thread added: 0x00000250ec3ceca0
Event: 0.532 Thread 0x00000250ec3a4e60 Thread added: 0x00000250ec3a4e60
Event: 0.573 Thread 0x00000250ec6ad970 Thread added: 0x00000250ec6ad970
Event: 0.601 Thread 0x00000250ec6d5020 Thread added: 0x00000250ec6d5020
Event: 0.625 Thread 0x00000250ec6e8540 Thread added: 0x00000250ec6e8540
Event: 0.889 Thread 0x00000250c6b89790 Thread exited: 0x00000250c6b89790
Event: 0.889 Thread 0x00000250c6b89790 Thread added: 0x00000250c6b89790
Event: 1.108 Thread 0x00000250e7eed1b0 Thread added: 0x00000250e7eed1b0
Event: 1.296 Thread 0x00000250e7eed1b0 Thread exited: 0x00000250e7eed1b0
Event: 1.328 Thread 0x00000250e7eed1b0 Thread added: 0x00000250e7eed1b0
Event: 1.550 Thread 0x00000250e7eed1b0 Thread exited: 0x00000250e7eed1b0
Event: 1.993 Thread 0x00000250e7eec410 Thread added: 0x00000250e7eec410
Event: 3.539 Thread 0x00000250e7eec410 Thread exited: 0x00000250e7eec410
Event: 4.019 Thread 0x00000250f83f3a60 Thread added: 0x00000250f83f3a60


Dynamic libraries:
0x00007ff7e1640000 - 0x00007ff7e1650000 	C:\Program Files\Java\jdk-21\bin\javaw.exe
0x00007ffba02c0000 - 0x00007ffba0527000 	C:\WINDOWS\SYSTEM32\ntdll.dll
0x00007ffb9f3a0000 - 0x00007ffb9f469000 	C:\WINDOWS\System32\KERNEL32.DLL
0x00007ffb9d490000 - 0x00007ffb9d880000 	C:\WINDOWS\System32\KERNELBASE.dll
0x00007ffb9d890000 - 0x00007ffb9d9db000 	C:\WINDOWS\System32\ucrtbase.dll
0x00007ffb8c350000 - 0x00007ffb8c369000 	C:\Program Files\Java\jdk-21\bin\jli.dll
0x00007ffb8c2b0000 - 0x00007ffb8c2cb000 	C:\Program Files\Java\jdk-21\bin\VCRUNTIME140.dll
0x00007ffb9eae0000 - 0x00007ffb9eb94000 	C:\WINDOWS\System32\ADVAPI32.dll
0x00007ffb9e660000 - 0x00007ffb9e709000 	C:\WINDOWS\System32\msvcrt.dll
0x00007ffb9f280000 - 0x00007ffb9f326000 	C:\WINDOWS\System32\sechost.dll
0x00007ffb9e050000 - 0x00007ffb9e168000 	C:\WINDOWS\System32\RPCRT4.dll
0x00007ffb9f470000 - 0x00007ffb9f635000 	C:\WINDOWS\System32\USER32.dll
0x00007ffb9daa0000 - 0x00007ffb9dac7000 	C:\WINDOWS\System32\win32u.dll
0x00007ffb9e630000 - 0x00007ffb9e65b000 	C:\WINDOWS\System32\GDI32.dll
0x00007ffb9dad0000 - 0x00007ffb9dc08000 	C:\WINDOWS\System32\gdi32full.dll
0x00007ffb9c7f0000 - 0x00007ffb9ca8a000 	C:\WINDOWS\WinSxS\amd64_microsoft.windows.common-controls_6595b64144ccf1df_6.0.26100.4768_none_3e0c112ce331287c\COMCTL32.dll
0x00007ffb9dd90000 - 0x00007ffb9de33000 	C:\WINDOWS\System32\msvcp_win.dll
0x00007ffb8b0e0000 - 0x00007ffb8b0eb000 	C:\WINDOWS\SYSTEM32\VERSION.dll
0x00007ffba0080000 - 0x00007ffba00af000 	C:\WINDOWS\System32\IMM32.DLL
0x00007ffb6f340000 - 0x00007ffb6f42b000 	C:\Program Files\Windhawk\Engine\1.5.1\64\windhawk.dll
0x00007ffb8dda0000 - 0x00007ffb8debe000 	C:\WINDOWS\SYSTEM32\WINHTTP.dll
0x00007ffb8e500000 - 0x00007ffb8e50c000 	C:\Program Files\Java\jdk-21\bin\vcruntime140_1.dll
0x00007ffb8c0f0000 - 0x00007ffb8c17e000 	C:\Program Files\Java\jdk-21\bin\msvcp140.dll
0x00007ffaf7760000 - 0x00007ffaf847a000 	C:\Program Files\Java\jdk-21\bin\server\jvm.dll
0x00007ffb9eca0000 - 0x00007ffb9ed14000 	C:\WINDOWS\System32\WS2_32.dll
0x00007ffb9d250000 - 0x00007ffb9d2ae000 	C:\WINDOWS\SYSTEM32\POWRPROF.dll
0x00007ffb80bc0000 - 0x00007ffb80bf5000 	C:\WINDOWS\SYSTEM32\WINMM.dll
0x00007ffb9d230000 - 0x00007ffb9d244000 	C:\WINDOWS\SYSTEM32\UMPDC.dll
0x00007ffb9b800000 - 0x00007ffb9b81b000 	C:\WINDOWS\SYSTEM32\kernel.appcore.dll
0x00007ffb8c2a0000 - 0x00007ffb8c2aa000 	C:\Program Files\Java\jdk-21\bin\jimage.dll
0x00007ffb9cb70000 - 0x00007ffb9cdb1000 	C:\WINDOWS\SYSTEM32\DBGHELP.DLL
0x00007ffb9e710000 - 0x00007ffb9ea95000 	C:\WINDOWS\System32\combase.dll
0x00007ffb9e540000 - 0x00007ffb9e620000 	C:\WINDOWS\System32\OLEAUT32.dll
0x00007ffb9ca90000 - 0x00007ffb9cad3000 	C:\WINDOWS\SYSTEM32\dbgcore.DLL
0x00000250c85f0000 - 0x00000250c8689000 	C:\WINDOWS\System32\bcryptPrimitives.dll
0x00007ffb8c280000 - 0x00007ffb8c29f000 	C:\Program Files\Java\jdk-21\bin\java.dll
0x00007ffb9f820000 - 0x00007ffb9ff6d000 	C:\WINDOWS\System32\SHELL32.dll
0x00007ffb9de40000 - 0x00007ffb9dfb3000 	C:\WINDOWS\System32\wintypes.dll
0x00007ffb9a510000 - 0x00007ffb9ad6f000 	C:\WINDOWS\SYSTEM32\windows.storage.dll
0x00007ffb9eba0000 - 0x00007ffb9ec95000 	C:\WINDOWS\System32\SHCORE.dll
0x00007ffb9f330000 - 0x00007ffb9f39a000 	C:\WINDOWS\System32\shlwapi.dll
0x00007ffb9d310000 - 0x00007ffb9d339000 	C:\WINDOWS\SYSTEM32\profapi.dll
0x00007ffb306d0000 - 0x00007ffb307a7000 	C:\Program Files\Java\jdk-21\bin\jsvml.dll
0x00007ffb8c270000 - 0x00007ffb8c280000 	C:\Program Files\Java\jdk-21\bin\net.dll
0x00007ffb9bd50000 - 0x00007ffb9bdbb000 	C:\WINDOWS\system32\mswsock.dll
0x00007ffb8c250000 - 0x00007ffb8c266000 	C:\Program Files\Java\jdk-21\bin\nio.dll
0x00007ffb8a180000 - 0x00007ffb8a198000 	C:\Program Files\Java\jdk-21\bin\zip.dll
0x00007ffb8c240000 - 0x00007ffb8c250000 	C:\Program Files\Java\jdk-21\bin\verify.dll
0x00007ffb2d3c0000 - 0x00007ffb2d54f000 	C:\Program Files\Java\jdk-21\bin\awt.dll
0x00007ffb99580000 - 0x00007ffb9961e000 	C:\WINDOWS\SYSTEM32\apphelp.dll
0x00007ffb99760000 - 0x00007ffb9980f000 	C:\WINDOWS\system32\uxtheme.dll
0x00007ffb9e360000 - 0x00007ffb9e4c1000 	C:\WINDOWS\System32\MSCTF.dll
0x00007ffba00c0000 - 0x00007ffba0260000 	C:\WINDOWS\System32\ole32.dll
0x00007ffb99e50000 - 0x00007ffb99e85000 	C:\WINDOWS\system32\DWMAPI.DLL
0x00007ffb2d2a0000 - 0x00007ffb2d3b8000 	C:\WINDOWS\system32\opengl32.dll
0x00007ffb8a150000 - 0x00007ffb8a17d000 	C:\WINDOWS\SYSTEM32\GLU32.dll
0x00007ffb99860000 - 0x00007ffb998ad000 	C:\WINDOWS\SYSTEM32\dxcore.dll
0x00007ffb43540000 - 0x00007ffb435c7000 	C:\Program Files\Java\jdk-21\bin\freetype.dll
0x00007ffb2d1b0000 - 0x00007ffb2d291000 	C:\Program Files\Java\jdk-21\bin\fontmanager.dll
0x0000000010000000 - 0x000000001005a000 	D:\Download\MultiWii_2_4-master\MultiWii_2_4-master\MultiWiiConf\application.windows64\jogl.dll
0x000000006f9a0000 - 0x000000006fa69000 	C:\WINDOWS\WinSxS\amd64_microsoft.vc80.crt_1fc8b3b9a1e18e3b_8.0.50727.9680_none_88e394a52fab6222\MSVCR80.dll
0x00007ffb8c0e0000 - 0x00007ffb8c0e7000 	C:\Program Files\Java\jdk-21\bin\jawt.dll
0x00000000009b0000 - 0x00000000009b7000 	D:\Download\MultiWii_2_4-master\MultiWii_2_4-master\MultiWiiConf\application.windows64\jogl_awt.dll
0x00007ffb8bd60000 - 0x00007ffb8beb1000 	C:\WINDOWS\SYSTEM32\textinputframework.dll
0x00007ffb77ff0000 - 0x00007ffb7806d000 	C:\WINDOWS\system32\Oleacc.dll
0x00007ffb97260000 - 0x00007ffb972ca000 	C:\WINDOWS\SYSTEM32\directxdatabasehelper.dll
0x00007ffb78dc0000 - 0x00007ffb78dda000 	C:\WINDOWS\SYSTEM32\windows.staterepositorycore.dll
0x00007ffb9f1d0000 - 0x00007ffb9f278000 	C:\WINDOWS\System32\clbcatq.dll
0x00007ffaf5960000 - 0x00007ffaf6f9c000 	C:\WINDOWS\System32\DriverStore\FileRepository\iigd_dch.inf_amd64_d9d5070917e85f86\igxe2lpgicd64.dll
0x00007ffb99ce0000 - 0x00007ffb99e1e000 	C:\WINDOWS\SYSTEM32\dxgi.dll
0x00007ffb8c2d0000 - 0x00007ffb8c2f3000 	C:\WINDOWS\SYSTEM32\d3d12.dll
0x00007ffb8eaa0000 - 0x00007ffb8ec47000 	C:\WINDOWS\System32\DriverStore\FileRepository\iigd_dch.inf_amd64_d9d5070917e85f86\igdml64.dll
0x00007ffb7a4f0000 - 0x00007ffb7a54e000 	C:\WINDOWS\system32\ApplicationTargetedFeatureDatabase.dll
0x00007ffb8d000000 - 0x00007ffb8d238000 	C:\Windows\System32\twinapi.appcore.dll
0x00007ffb9cf70000 - 0x00007ffb9cfc7000 	C:\WINDOWS\SYSTEM32\cfgmgr32.dll
0x00007ffb942f0000 - 0x00007ffb94883000 	C:\WINDOWS\System32\DriverStore\FileRepository\iigd_dch.inf_amd64_d9d5070917e85f86\igdgmm64.dll
0x00007ffb2cb60000 - 0x00007ffb2cdd7000 	C:\WINDOWS\SYSTEM32\D3D12Core.dll
0x00007ffb9d2e0000 - 0x00007ffb9d306000 	C:\WINDOWS\SYSTEM32\bcrypt.dll
0x00007ffb6e170000 - 0x00007ffb6e19e000 	C:\WINDOWS\SYSTEM32\D3DSCache.dll
0x00007ffb9bdc0000 - 0x00007ffb9bdeb000 	C:\WINDOWS\SYSTEM32\USERENV.dll
0x00007ffb98b20000 - 0x00007ffb98d4a000 	C:\WINDOWS\SYSTEM32\dcomp.dll
0x00007ffb97e70000 - 0x00007ffb97e89000 	C:\WINDOWS\SYSTEM32\Microsoft.Internal.WarpPal.dll
0x00007ffb8efe0000 - 0x00007ffb94129000 	C:\WINDOWS\System32\DriverStore\FileRepository\iigd_dch.inf_amd64_d9d5070917e85f86\igc64.dll
0x0000000180000000 - 0x0000000180025000 	D:\Download\MultiWii_2_4-master\MultiWii_2_4-master\MultiWiiConf\application.windows64\rxtxSerial.dll
0x00007ffb991c0000 - 0x00007ffb992e5000 	C:\WINDOWS\SYSTEM32\CoreMessaging.dll
0x00007ffb96be0000 - 0x00007ffb96ec3000 	C:\WINDOWS\SYSTEM32\CoreUIComponents.dll
0x00007ffb9c050000 - 0x00007ffb9c05c000 	C:\WINDOWS\SYSTEM32\CRYPTBASE.DLL

dbghelp: loaded successfully - version: 4.0.5 - missing functions: none
symbol engine: initialized successfully - sym options: 0x614 - pdb path: .;C:\Program Files\Java\jdk-21\bin;C:\WINDOWS\SYSTEM32;C:\WINDOWS\WinSxS\amd64_microsoft.windows.common-controls_6595b64144ccf1df_6.0.26100.4768_none_3e0c112ce331287c;C:\Program Files\Windhawk\Engine\1.5.1\64;C:\Program Files\Java\jdk-21\bin\server;D:\Download\MultiWii_2_4-master\MultiWii_2_4-master\MultiWiiConf\application.windows64;C:\WINDOWS\WinSxS\amd64_microsoft.vc80.crt_1fc8b3b9a1e18e3b_8.0.50727.9680_none_88e394a52fab6222;C:\WINDOWS\System32\DriverStore\FileRepository\iigd_dch.inf_amd64_d9d5070917e85f86

VM Arguments:
java_command: MultiWiiConf
java_class_path (initial): D:\Download\MultiWii_2_4-master\MultiWii_2_4-master\MultiWiiConf\application.windows64\lib\MultiWiiConf.jar;D:\Download\MultiWii_2_4-master\MultiWii_2_4-master\MultiWiiConf\application.windows64\lib\core.jar;D:\Download\MultiWii_2_4-master\MultiWii_2_4-master\MultiWiiConf\application.windows64\lib\RXTXcomm.jar;D:\Download\MultiWii_2_4-master\MultiWii_2_4-master\MultiWiiConf\application.windows64\lib\serial.jar;D:\Download\MultiWii_2_4-master\MultiWii_2_4-master\MultiWiiConf\application.windows64\lib\controlP5.jar;D:\Download\MultiWii_2_4-master\MultiWii_2_4-master\MultiWiiConf\application.windows64\lib\controlP5_ori.jar;D:\Download\MultiWii_2_4-master\MultiWii_2_4-master\MultiWiiConf\application.windows64\lib\gluegen-rt.jar;D:\Download\MultiWii_2_4-master\MultiWii_2_4-master\MultiWiiConf\application.windows64\lib\jogl.jar;D:\Download\MultiWii_2_4-master\MultiWii_2_4-master\MultiWiiConf\application.windows64\lib\opengl.jar
Launcher Type: SUN_STANDARD

[Global flags]
     intx CICompilerCount                          = 4                                         {product} {ergonomic}
     uint ConcGCThreads                            = 2                                         {product} {ergonomic}
     uint G1ConcRefinementThreads                  = 8                                         {product} {ergonomic}
   size_t G1HeapRegionSize                         = 2097152                                   {product} {ergonomic}
    uintx GCDrainStackTargetSize                   = 64                                        {product} {ergonomic}
   size_t InitialHeapSize                          = 262144000                                 {product} {ergonomic}
   size_t MarkStackSize                            = 4194304                                   {product} {ergonomic}
   size_t MaxHeapSize                              = 4179623936                                {product} {ergonomic}
   size_t MaxNewSize                               = 2506096640                                {product} {ergonomic}
   size_t MinHeapDeltaBytes                        = 2097152                                   {product} {ergonomic}
   size_t MinHeapSize                              = 8388608                                   {product} {ergonomic}
    uintx NonNMethodCodeHeapSize                   = 5839372                                {pd product} {ergonomic}
    uintx NonProfiledCodeHeapSize                  = 122909434                              {pd product} {ergonomic}
    uintx ProfiledCodeHeapSize                     = 122909434                              {pd product} {ergonomic}
    uintx ReservedCodeCacheSize                    = 251658240                              {pd product} {ergonomic}
     bool SegmentedCodeCache                       = true                                      {product} {ergonomic}
   size_t SoftMaxHeapSize                          = 4179623936                             {manageable} {ergonomic}
     bool UseCompressedOops                        = true                           {product lp64_product} {ergonomic}
     bool UseG1GC                                  = true                                      {product} {ergonomic}
     bool UseLargePagesIndividualAllocation        = false                                  {pd product} {ergonomic}

Logging:
Log output configuration:
 #0: stdout all=warning uptime,level,tags foldmultilines=false
 #1: stderr all=off uptime,level,tags foldmultilines=false

Environment Variables:
CLASSPATH=D:\Download\MultiWii_2_4-master\MultiWii_2_4-master\MultiWiiConf\application.windows64\lib\MultiWiiConf.jar;D:\Download\MultiWii_2_4-master\MultiWii_2_4-master\MultiWiiConf\application.windows64\lib\core.jar;D:\Download\MultiWii_2_4-master\MultiWii_2_4-master\MultiWiiConf\application.windows64\lib\RXTXcomm.jar;D:\Download\MultiWii_2_4-master\MultiWii_2_4-master\MultiWiiConf\application.windows64\lib\serial.jar;D:\Download\MultiWii_2_4-master\MultiWii_2_4-master\MultiWiiConf\application.windows64\lib\controlP5.jar;D:\Download\MultiWii_2_4-master\MultiWii_2_4-master\MultiWiiConf\application.windows64\lib\controlP5_ori.jar;D:\Download\MultiWii_2_4-master\MultiWii_2_4-master\MultiWiiConf\application.windows64\lib\gluegen-rt.jar;D:\Download\MultiWii_2_4-master\MultiWii_2_4-master\MultiWiiConf\application.windows64\lib\jogl.jar;D:\Download\MultiWii_2_4-master\MultiWii_2_4-master\MultiWiiConf\application.windows64\lib\opengl.jar
PATH=C:\Program Files\Common Files\Oracle\Java\javapath;C:\Program Files (x86)\Common Files\Oracle\Java\javapath;C:\Windows\system32;C:\Windows;C:\Windows\System32\Wbem;C:\Windows\System32\WindowsPowerShell\v1.0;C:\Program Files\dotnet;C:\Program Files\Git\cmd;C:\Program Files\Microsoft\Web Platform Installer;C:\Users\saksh\AppData\Local\Microsoft\WindowsApps;C:\Users\saksh\AppData\Local\Programs\Microsoft VS Code\bin;C:\windows\system32;C:\windows;C:\windows\System32\Wbem;C:\windows\System32\WindowsPowerShell\v1.0;C:\Program Files (x86)\STMicroelectronics\STM32 ST-LINK Utility\ST-LINK Utility;C:\ProgramData\chocolatey\bin;C:\Program Files\nodejs;C:\Users\saksh\AppData\Local\Packages\PythonSoftwareFoundation.Python.3.12_qbz5n2kfra8p0\LocalCache\local-packages\Python312\Scripts;C:\Program Files\WindowsPowerShell\Scripts;C:\Program Files\MATLAB\R2024b\bin;C:\WINDOWS\system32;C:\WINDOWS;C:\WINDOWS\System32\Wbem;C:\WINDOWS\System32\WindowsPowerShell\v1.0;C:\Program Files\Crucial\Crucial Storage Executive;C:\Program Files (x86)\dotnet;C:\Program Files\HP\HP One Agent;C:\Users\saksh\AppData\Local\Microsoft\WindowsApps;C:\Users\saksh\AppData\Local\Programs\Microsoft VS Code\bin;C:\Users\saksh\AppData\Local\Microsoft\WindowsApps;C:\Users\saksh\AppData\Roaming\npm;C:\git-sizer-1.5.0-windows-amd64;C:\Users\saksh\AppData\Local\FileBrowser;C:\Users\saksh\AppData\Local\Microsoft\WinGet\Links
USERNAME=saksh
OS=Windows_NT
PROCESSOR_IDENTIFIER=Intel64 Family 6 Model 189 Stepping 1, GenuineIntel
TMP=C:\Users\saksh\AppData\Local\Temp
TEMP=C:\Users\saksh\AppData\Local\Temp




Periodic native trim disabled

---------------  S Y S T E M  ---------------

OS:
 Windows 11 , 64 bit Build 26100 (10.0.26100.4768)
OS uptime: 1 days 22:33 hours
Hyper-V role detected

CPU: total 8 (initial active 8) (8 cores per cpu, 1 threads per core) family 6 model 189 stepping 1 microcode 0x11b, cx8, cmov, fxsr, mmx, 3dnowpref, sse, sse2, sse3, ssse3, sse4.1, sse4.2, popcnt, lzcnt, tsc, tscinvbit, avx, avx2, aes, erms, clmul, bmi1, bmi2, adx, sha, fma, vzeroupper, clflush, clflushopt, clwb, hv, serialize, rdtscp, rdpid, fsrm, f16c, cet_ibt, cet_ss
Processor Information for all 8 processors :
  Max Mhz: 2100, Current Mhz: 2100, Mhz Limit: 2100

Memory: 4k page, system-wide physical 15940M (4389M free)
TotalPageFile size 20970M (AvailPageFile size 7176M)
current process WorkingSet (physical memory assigned to process): 303M, peak: 312M
current process commit charge ("private bytes"): 455M, peak: 464M

vm_info: Java HotSpot(TM) 64-Bit Server VM (21.0.7+8-LTS-245) for windows-amd64 JRE (21.0.7+8-LTS-245), built on 2025-02-21T05:11:27Z by "mach5one" with MS VC++ 17.6 (VS2022)

END.
