2024-05-06 00:56:29,619 [ERROR] LogOutputStream:75 - [STDERR_REDIRECT] 
2024-05-06 14:55:30,263 [INFO] Activator:176 - 


2024-05-06 14:55:30,266 [INFO] Activator:177 - !SESSION log4j initialized
2024-05-06 14:55:35,399 [INFO] LogOutputStream:77 - [STDOUT_REDIRECT] 
2024-05-06 14:55:36,834 [INFO] ApplicationProperties:184 - Using Application install path: C:\ST\STM32CubeIDE_1.10.1\STM32CubeIDE\plugins\com.st.stm32cube.common.mx_6.11.1.202404110753
2024-05-06 14:55:36,844 [INFO] DbMcusXml:78 - Set database path to: C:\ST\STM32CubeIDE_1.10.1\STM32CubeIDE\plugins\com.st.stm32cube.common.mx_6.11.1.202404110753\\db\/mcu/
2024-05-06 14:55:36,844 [INFO] ApiDb:274 - Set plugin database path to: C:\ST\STM32CubeIDE_1.10.1\STM32CubeIDE\plugins\com.st.stm32cube.common.mx_6.11.1.202404110753\\db\/plugins/boardmanager/
2024-05-06 14:55:36,845 [WARN] ApiDb:259 - Overriding images path with different value:  => C:\ST\STM32CubeIDE_1.10.1\STM32CubeIDE\plugins\com.st.stm32cube.common.mx_6.11.1.202404110753\\db\/plugins/mcufinder/images/
2024-05-06 14:55:36,850 [INFO] ApiDb:250 - Set database path to: C:\Users\saksh\.stmcufinder\plugins\mcufinder//mcu/
2024-05-06 14:55:36,850 [INFO] DbMcusAds:125 - Set database path to: C:\Users\saksh\.stmcufinder\plugins\mcufinder//mcu/
2024-05-06 14:55:36,851 [INFO] CrossReferenceDbSqlite:203 - Set database path to: C:\Users\saksh\.stmcufinder\plugins\mcufinder//mcu/cs/
2024-05-06 14:55:36,919 [INFO] RulesReader:64 - Compatibility file has been processed (297 Rules)
2024-05-06 14:55:36,973 [INFO] DbMcusXml:78 - Set database path to: C:\ST\STM32CubeIDE_1.10.1\STM32CubeIDE\plugins\com.st.stm32cube.common.mx_6.11.1.202404110753\\db\/mcu/
2024-05-06 14:55:36,973 [INFO] ApiDb:274 - Set plugin database path to: C:\ST\STM32CubeIDE_1.10.1\STM32CubeIDE\plugins\com.st.stm32cube.common.mx_6.11.1.202404110753\\db\/plugins/boardmanager/
2024-05-06 14:55:36,973 [INFO] ApiDb:261 - Set plugin images path to: C:\ST\STM32CubeIDE_1.10.1\STM32CubeIDE\plugins\com.st.stm32cube.common.mx_6.11.1.202404110753\\db\/plugins/mcufinder/images/
2024-05-06 14:55:36,973 [WARN] DbFile:41 - Overriding database path with different value: C:\Users\saksh\.stmcufinder\plugins\mcufinder/ => C:\Users\saksh\.stmcufinder\plugins\mcufinder
2024-05-06 14:55:36,973 [INFO] ApiDb:250 - Set database path to: C:\Users\saksh\.stmcufinder\plugins\mcufinder//mcu/
2024-05-06 14:55:36,973 [WARN] DbFile:41 - Overriding database path with different value: C:\Users\saksh\.stmcufinder\plugins\mcufinder/ => C:\Users\saksh\.stmcufinder\plugins\mcufinder
2024-05-06 14:55:36,973 [INFO] DbMcusAds:125 - Set database path to: C:\Users\saksh\.stmcufinder\plugins\mcufinder//mcu/
2024-05-06 14:55:36,973 [WARN] DbFile:41 - Overriding database path with different value: C:\Users\saksh\.stmcufinder\plugins\mcufinder/ => C:\Users\saksh\.stmcufinder\plugins\mcufinder
2024-05-06 14:55:36,973 [WARN] DbFile:41 - Overriding database path with different value: C:\Users\saksh\.stmcufinder\plugins\mcufinder/ => C:\Users\saksh\.stmcufinder\plugins\mcufinder
2024-05-06 14:55:36,974 [INFO] CrossReferenceDbSqlite:203 - Set database path to: C:\Users\saksh\.stmcufinder\plugins\mcufinder//mcu/cs/
2024-05-06 14:55:37,028 [INFO] MainPanel:264 - HeapMemory: 268435456
2024-05-06 14:55:37,102 [INFO] DbMcusXml:78 - Set database path to: C:\ST\STM32CubeIDE_1.10.1\STM32CubeIDE\plugins\com.st.stm32cube.common.mx_6.11.1.202404110753\\db\/mcu/
2024-05-06 14:55:37,102 [INFO] ApiDb:274 - Set plugin database path to: C:\ST\STM32CubeIDE_1.10.1\STM32CubeIDE\plugins\com.st.stm32cube.common.mx_6.11.1.202404110753\\db\/plugins/boardmanager/
2024-05-06 14:55:37,102 [INFO] ApiDb:261 - Set plugin images path to: C:\ST\STM32CubeIDE_1.10.1\STM32CubeIDE\plugins\com.st.stm32cube.common.mx_6.11.1.202404110753\\db\/plugins/mcufinder/images/
2024-05-06 14:55:37,102 [WARN] DbFile:41 - Overriding database path with different value: C:\Users\saksh\.stmcufinder\plugins\mcufinder/ => C:\Users\saksh\.stmcufinder\plugins\mcufinder
2024-05-06 14:55:37,102 [INFO] ApiDb:250 - Set database path to: C:\Users\saksh\.stmcufinder\plugins\mcufinder//mcu/
2024-05-06 14:55:37,102 [WARN] DbFile:41 - Overriding database path with different value: C:\Users\saksh\.stmcufinder\plugins\mcufinder/ => C:\Users\saksh\.stmcufinder\plugins\mcufinder
2024-05-06 14:55:37,102 [INFO] DbMcusAds:125 - Set database path to: C:\Users\saksh\.stmcufinder\plugins\mcufinder//mcu/
2024-05-06 14:55:37,102 [WARN] DbFile:41 - Overriding database path with different value: C:\Users\saksh\.stmcufinder\plugins\mcufinder/ => C:\Users\saksh\.stmcufinder\plugins\mcufinder
2024-05-06 14:55:37,102 [WARN] DbFile:41 - Overriding database path with different value: C:\Users\saksh\.stmcufinder\plugins\mcufinder/ => C:\Users\saksh\.stmcufinder\plugins\mcufinder
2024-05-06 14:55:37,102 [INFO] CrossReferenceDbSqlite:203 - Set database path to: C:\Users\saksh\.stmcufinder\plugins\mcufinder//mcu/cs/
2024-05-06 14:55:37,116 [INFO] ApplicationProperties:184 - Using Application install path: C:\ST\STM32CubeIDE_1.10.1\STM32CubeIDE\plugins\com.st.stm32cube.common.mx_6.11.1.202404110753
2024-05-06 14:55:37,117 [INFO] PluginManage:196 - Search for loadable plugins [exclusion list=, ]
2024-05-06 14:55:37,118 [INFO] PluginManage:310 - Check plugin analytics
2024-05-06 14:55:37,209 [INFO] AnalyticsPlugin:253 - Accepted Software Licenses: 
2024-05-06 14:55:37,209 [INFO] AnalyticsPlugin:255 - Accepted CMSIS Pack Licenses: 
2024-05-06 14:55:37,209 [INFO] AnalyticsPlugin:257 - Accepted Firmware Licenses: FW.H7.1.10.0,FW.G4.1.5.0
2024-05-06 14:55:37,211 [INFO] PluginManage:359 - Loaded plugin analytics (category:tool,tabindex:-1)
2024-05-06 14:55:37,212 [INFO] PluginManage:310 - Check plugin cadmodel
2024-05-06 14:55:37,221 [INFO] CADModel:105 - Init CAD model plugin
2024-05-06 14:55:37,221 [INFO] PluginManage:359 - Loaded plugin cadmodel (category:power,tabindex:5)
2024-05-06 14:55:37,221 [INFO] PluginManage:310 - Check plugin clock
2024-05-06 14:55:37,233 [INFO] PluginManage:359 - Loaded plugin clock (category:base,tabindex:2)
2024-05-06 14:55:37,233 [INFO] PluginManage:310 - Check plugin ddr
2024-05-06 14:55:37,235 [INFO] PluginManage:359 - Loaded plugin ddr (category:tool,tabindex:6)
2024-05-06 14:55:37,235 [INFO] PluginManage:310 - Check plugin filemanager
2024-05-06 14:55:37,323 [INFO] PluginManage:359 - Loaded plugin filemanager (category:base,tabindex:10)
2024-05-06 14:55:37,323 [INFO] PluginManage:310 - Check plugin ipmanager
2024-05-06 14:55:37,328 [INFO] PluginManage:359 - Loaded plugin ipmanager (category:base,tabindex:5)
2024-05-06 14:55:37,328 [INFO] PluginManage:310 - Check plugin lpbam
2024-05-06 14:55:37,340 [INFO] PluginManage:359 - Loaded plugin lpbam (category:base,tabindex:0)
2024-05-06 14:55:37,341 [INFO] PluginManage:310 - Check plugin memorymap
2024-05-06 14:55:37,355 [INFO] PluginManage:359 - Loaded plugin memorymap (category:base,tabindex:4)
2024-05-06 14:55:37,356 [INFO] PluginManage:310 - Check plugin pinoutandconfiguration
2024-05-06 14:55:37,366 [INFO] PluginManage:359 - Loaded plugin pinoutandconfiguration (category:base,tabindex:1)
2024-05-06 14:55:37,366 [INFO] PluginManage:310 - Check plugin pinoutconfig
2024-05-06 14:55:37,423 [WARN] SupportedApi:132 - Cannot load RTOS API schema: s4s-elt-must-match.1: The content of 'definitions' must match (annotation?, (simpleType | complexType)?, (unique | key | keyref)*)). A problem was found starting at: attribute.
2024-05-06 14:55:37,504 [INFO] PluginManage:359 - Loaded plugin pinoutconfig (category:base,tabindex:0)
2024-05-06 14:55:37,504 [INFO] PluginManage:310 - Check plugin power
2024-05-06 14:55:37,517 [INFO] PluginManage:359 - Loaded plugin power (category:power,tabindex:4)
2024-05-06 14:55:37,517 [INFO] PluginManage:310 - Check plugin projectmanager
2024-05-06 14:55:37,532 [INFO] PluginManage:359 - Loaded plugin projectmanager (category:projectmanager,tabindex:3)
2024-05-06 14:55:37,532 [INFO] PluginManage:310 - Check plugin thirdparty
2024-05-06 14:55:37,705 [INFO] PluginManage:359 - Loaded plugin thirdparty (category:base,tabindex:-1)
2024-05-06 14:55:37,705 [WARN] IntegrityCheckThread:84 - waiting for thirdparty lock release [integrity check]
2024-05-06 14:55:37,705 [INFO] PluginManage:310 - Check plugin tools
2024-05-06 14:55:37,705 [INFO] IntegrityCheckThread:86 - entering critical section [integrity check]
2024-05-06 14:55:37,705 [INFO] ThirdPartyUpdaterWithRetryManager:70 - Updater plugin not ready yet. [1/15]
2024-05-06 14:55:37,727 [INFO] PluginManage:359 - Loaded plugin tools (category:base,tabindex:7)
2024-05-06 14:55:37,727 [INFO] PluginManage:310 - Check plugin tutovideos
2024-05-06 14:55:37,852 [INFO] PluginManage:359 - Loaded plugin tutovideos (category:base,tabindex:-1)
2024-05-06 14:55:37,852 [INFO] PluginManage:310 - Check plugin updater
2024-05-06 14:55:37,860 [INFO] PluginManage:359 - Loaded plugin updater (category:base,tabindex:12)
2024-05-06 14:55:37,860 [INFO] PluginManage:310 - Check plugin userauth
2024-05-06 14:55:37,864 [INFO] UserAuth:114 - Init User Auth plugin
2024-05-06 14:55:37,864 [INFO] PluginManage:359 - Loaded plugin userauth (category:base,tabindex:14)
2024-05-06 14:55:37,864 [INFO] PluginManage:283 - PluginManage : Loaded plugins [17]
2024-05-06 14:55:38,005 [INFO] PinOutPanel:1561 - setPackage(No Configuration,No Configuration)
2024-05-06 14:55:38,050 [INFO] CADModel:165 - CPN selected for project level
2024-05-06 14:55:38,051 [INFO] CADModel:114 - Register for checkConnection events
2024-05-06 14:55:38,068 [INFO] IPUIPlugin:80 - create IPUIPlugin
2024-05-06 14:55:38,068 [INFO] PluginManager:220 - loadIPPluginJar : add adc
2024-05-06 14:55:38,089 [INFO] IPUIPlugin:80 - create IPUIPlugin
2024-05-06 14:55:38,090 [INFO] PluginManager:220 - loadIPPluginJar : add aes
2024-05-06 14:55:38,115 [INFO] IPUIPlugin:80 - create IPUIPlugin
2024-05-06 14:55:38,115 [INFO] PluginManager:220 - loadIPPluginJar : add can
2024-05-06 14:55:38,131 [INFO] IPUIPlugin:80 - create IPUIPlugin
2024-05-06 14:55:38,131 [INFO] PluginManager:220 - loadIPPluginJar : add comp
2024-05-06 14:55:38,151 [INFO] IPUIPlugin:80 - create IPUIPlugin
2024-05-06 14:55:38,151 [INFO] PluginManager:220 - loadIPPluginJar : add cryp
2024-05-06 14:55:38,175 [INFO] IPUIPlugin:80 - create IPUIPlugin
2024-05-06 14:55:38,175 [INFO] PluginManager:220 - loadIPPluginJar : add dfsdm
2024-05-06 14:55:38,184 [INFO] IPUIPlugin:80 - create IPUIPlugin
2024-05-06 14:55:38,185 [INFO] PluginManager:220 - loadIPPluginJar : add dma
2024-05-06 14:55:38,211 [INFO] IPUIPlugin:80 - create IPUIPlugin
2024-05-06 14:55:38,211 [INFO] PluginManager:220 - loadIPPluginJar : add dma3
2024-05-06 14:55:38,238 [INFO] IPUIPlugin:80 - create IPUIPlugin
2024-05-06 14:55:38,238 [INFO] PluginManager:220 - loadIPPluginJar : add extmemmanager
2024-05-06 14:55:38,251 [INFO] IPUIPlugin:80 - create IPUIPlugin
2024-05-06 14:55:38,251 [INFO] PluginManager:220 - loadIPPluginJar : add fatfs
2024-05-06 14:55:38,285 [INFO] IPUIPlugin:80 - create IPUIPlugin
2024-05-06 14:55:38,285 [INFO] PluginManager:220 - loadIPPluginJar : add fmc
2024-05-06 14:55:38,296 [INFO] IPUIPlugin:80 - create IPUIPlugin
2024-05-06 14:55:38,296 [INFO] PluginManager:220 - loadIPPluginJar : add freertos
2024-05-06 14:55:38,310 [INFO] IPUIPlugin:80 - create IPUIPlugin
2024-05-06 14:55:38,310 [INFO] PluginManager:220 - loadIPPluginJar : add genericplugin
2024-05-06 14:55:38,364 [INFO] IPUIPlugin:80 - create IPUIPlugin
2024-05-06 14:55:38,364 [INFO] PluginManager:220 - loadIPPluginJar : add gfxmmu
2024-05-06 14:55:38,443 [INFO] IPUIPlugin:80 - create IPUIPlugin
2024-05-06 14:55:38,444 [INFO] PluginManager:220 - loadIPPluginJar : add gic
2024-05-06 14:55:38,452 [INFO] IPUIPlugin:80 - create IPUIPlugin
2024-05-06 14:55:38,452 [INFO] PluginManager:220 - loadIPPluginJar : add gpio
2024-05-06 14:55:38,507 [INFO] IPUIPlugin:80 - create IPUIPlugin
2024-05-06 14:55:38,507 [INFO] PluginManager:220 - loadIPPluginJar : add gtzc
2024-05-06 14:55:38,527 [INFO] IPUIPlugin:80 - create IPUIPlugin
2024-05-06 14:55:38,528 [INFO] PluginManager:220 - loadIPPluginJar : add hash
2024-05-06 14:55:38,560 [INFO] IPUIPlugin:80 - create IPUIPlugin
2024-05-06 14:55:38,560 [INFO] PluginManager:220 - loadIPPluginJar : add i2c
2024-05-06 14:55:38,583 [INFO] IPUIPlugin:80 - create IPUIPlugin
2024-05-06 14:55:38,583 [INFO] PluginManager:220 - loadIPPluginJar : add i2s
2024-05-06 14:55:38,608 [INFO] IPUIPlugin:80 - create IPUIPlugin
2024-05-06 14:55:38,608 [INFO] PluginManager:220 - loadIPPluginJar : add i3c
2024-05-06 14:55:38,673 [INFO] IPUIPlugin:80 - create IPUIPlugin
2024-05-06 14:55:38,673 [INFO] PluginManager:220 - loadIPPluginJar : add ipddr
2024-05-06 14:55:38,730 [INFO] IPUIPlugin:80 - create IPUIPlugin
2024-05-06 14:55:38,730 [INFO] PluginManager:220 - loadIPPluginJar : add linkedlist
2024-05-06 14:55:38,751 [INFO] IPUIPlugin:80 - create IPUIPlugin
2024-05-06 14:55:38,751 [INFO] PluginManager:220 - loadIPPluginJar : add lorawan
2024-05-06 14:55:38,774 [INFO] IPUIPlugin:80 - create IPUIPlugin
2024-05-06 14:55:38,774 [INFO] PluginManager:220 - loadIPPluginJar : add ltdc
2024-05-06 14:55:38,784 [INFO] IPUIPlugin:80 - create IPUIPlugin
2024-05-06 14:55:38,785 [INFO] PluginManager:220 - loadIPPluginJar : add mdma
2024-05-06 14:55:38,792 [INFO] IPUIPlugin:80 - create IPUIPlugin
2024-05-06 14:55:38,792 [INFO] PluginManager:220 - loadIPPluginJar : add nvic
2024-05-06 14:55:38,813 [INFO] IPUIPlugin:80 - create IPUIPlugin
2024-05-06 14:55:38,814 [INFO] PluginManager:220 - loadIPPluginJar : add opamp
2024-05-06 14:55:38,851 [INFO] IPUIPlugin:80 - create IPUIPlugin
2024-05-06 14:55:38,851 [INFO] PluginManager:220 - loadIPPluginJar : add openamp
2024-05-06 14:55:38,876 [INFO] IPUIPlugin:80 - create IPUIPlugin
2024-05-06 14:55:38,877 [INFO] PluginManager:220 - loadIPPluginJar : add pdm2pcm
2024-05-06 14:55:38,886 [INFO] IPUIPlugin:80 - create IPUIPlugin
2024-05-06 14:55:38,888 [INFO] PluginManager:220 - loadIPPluginJar : add plateformsettings
2024-05-06 14:55:38,901 [INFO] IPUIPlugin:80 - create IPUIPlugin
2024-05-06 14:55:38,901 [INFO] PluginManager:220 - loadIPPluginJar : add quadspi
2024-05-06 14:55:38,910 [INFO] IPUIPlugin:80 - create IPUIPlugin
2024-05-06 14:55:38,910 [INFO] PluginManager:220 - loadIPPluginJar : add resmgrutility
2024-05-06 14:55:38,940 [INFO] IPUIPlugin:80 - create IPUIPlugin
2024-05-06 14:55:38,940 [INFO] PluginManager:220 - loadIPPluginJar : add sai
2024-05-06 14:55:38,963 [INFO] IPUIPlugin:80 - create IPUIPlugin
2024-05-06 14:55:38,964 [INFO] PluginManager:220 - loadIPPluginJar : add spi
2024-05-06 14:55:39,009 [INFO] IPUIPlugin:80 - create IPUIPlugin
2024-05-06 14:55:39,010 [INFO] PluginManager:220 - loadIPPluginJar : add stm32_wpan
2024-05-06 14:55:39,023 [INFO] IPUIPlugin:80 - create IPUIPlugin
2024-05-06 14:55:39,024 [INFO] PluginManager:220 - loadIPPluginJar : add tim
2024-05-06 14:55:39,060 [INFO] IPUIPlugin:80 - create IPUIPlugin
2024-05-06 14:55:39,060 [INFO] PluginManager:220 - loadIPPluginJar : add touchsensing
2024-05-06 14:55:39,074 [INFO] IPUIPlugin:80 - create IPUIPlugin
2024-05-06 14:55:39,075 [INFO] PluginManager:220 - loadIPPluginJar : add tracer_emb
2024-05-06 14:55:39,087 [INFO] IPUIPlugin:80 - create IPUIPlugin
2024-05-06 14:55:39,088 [INFO] PluginManager:220 - loadIPPluginJar : add ts
2024-05-06 14:55:39,101 [INFO] IPUIPlugin:80 - create IPUIPlugin
2024-05-06 14:55:39,101 [INFO] PluginManager:220 - loadIPPluginJar : add tsc
2024-05-06 14:55:39,115 [INFO] IPUIPlugin:80 - create IPUIPlugin
2024-05-06 14:55:39,115 [INFO] PluginManager:220 - loadIPPluginJar : add ucpd
2024-05-06 14:55:39,141 [INFO] IPUIPlugin:80 - create IPUIPlugin
2024-05-06 14:55:39,141 [INFO] PluginManager:220 - loadIPPluginJar : add usart
2024-05-06 14:55:39,168 [INFO] IPUIPlugin:80 - create IPUIPlugin
2024-05-06 14:55:39,168 [INFO] PluginManager:220 - loadIPPluginJar : add usbx
2024-05-06 14:55:39,271 [INFO] CADModel:165 - CPN selected for project level
2024-05-06 14:55:39,271 [INFO] CADModel:114 - Register for checkConnection events
2024-05-06 14:55:39,271 [FATAL] Updater:308 - Updater called before beeing initialized
2024-05-06 14:55:39,271 [ERROR] CADModel:125 - Updater not yet initialized, retry later 
2024-05-06 14:55:39,378 [INFO] CADModel:165 - CPN selected for project level
2024-05-06 14:55:39,378 [INFO] CADModel:114 - Register for checkConnection events
2024-05-06 14:55:39,378 [FATAL] Updater:308 - Updater called before beeing initialized
2024-05-06 14:55:39,378 [ERROR] CADModel:125 - Updater not yet initialized, retry later 
2024-05-06 14:55:39,380 [FATAL] Updater:308 - Updater called before beeing initialized
2024-05-06 14:55:39,451 [FATAL] Updater:308 - Updater called before beeing initialized
2024-05-06 14:55:39,458 [INFO] DbMcusAds:53 - JSON generation date=Wed Nov 29 16:22:27 IST 2023 (1701255147349)
2024-05-06 14:55:39,459 [FATAL] Updater:308 - Updater called before beeing initialized
2024-05-06 14:55:39,510 [WARN] DetailPanel:346 - Failed to get advertising image, set to default
2024-05-06 14:55:39,563 [FATAL] Updater:308 - Updater called before beeing initialized
2024-05-06 14:55:39,564 [FATAL] Updater:308 - Updater called before beeing initialized
2024-05-06 14:55:39,564 [FATAL] Updater:308 - Updater called before beeing initialized
2024-05-06 14:55:39,565 [WARN] DetailPanel:346 - Failed to get advertising image, set to default
2024-05-06 14:55:39,565 [FATAL] Updater:308 - Updater called before beeing initialized
2024-05-06 14:55:39,607 [ERROR] Updater:1120 - MainUpdater not yet initialized. External WinMGr cannot be set.
2024-05-06 14:55:39,613 [INFO] Updater:1056 - Updater Version found : 6.11.1
2024-05-06 14:55:39,628 [INFO] ApplicationProperties:184 - Using Application install path: C:\ST\STM32CubeIDE_1.10.1\STM32CubeIDE\plugins\com.st.stm32cube.common.mx_6.11.1.202404110753
2024-05-06 14:55:40,711 [INFO] ThirdPartyUpdaterWithRetryManager:70 - Updater plugin not ready yet. [2/15]
2024-05-06 14:55:41,200 [ERROR] LogOutputStream:75 - [STDERR_REDIRECT] May 06, 2024 2:55:41 PM java.util.prefs.WindowsPreferences <init>
2024-05-06 14:55:41,201 [ERROR] LogOutputStream:75 - [STDERR_REDIRECT] WARNING: Could not open/create prefs root node Software\JavaSoft\Prefs at root 0xffffffff80000002. Windows RegCreateKeyEx(...) returned error code 5.
2024-05-06 14:55:41,201 [ERROR] LogOutputStream:75 - [STDERR_REDIRECT] 
2024-05-06 14:55:43,711 [FATAL] Updater:308 - Updater called before beeing initialized
2024-05-06 14:55:43,711 [ERROR] IntegrityCheckThread:130 - Cannot retrieve database content from updater: error 21
2024-05-06 14:55:43,711 [INFO] ThirdParty:978 - Integrity check success = false
2024-05-06 14:55:43,711 [INFO] IntegrityCheckThread:100 - exiting critical section [integrity check]
2024-05-06 14:55:43,711 [INFO] IntegrityCheckThread:103 - End integrity checks thread
2024-05-06 14:55:52,798 [WARN] CheckConnectionManager:291 - Warning during Server Connection :  timeout Connect to sw-center.st.com:443 [sw-center.st.com/49.44.194.32, sw-center.st.com/49.44.194.73, sw-center.st.com/2405:200:1630:a00:0:0:312c:c249, sw-center.st.com/2405:200:1630:a00:0:0:312c:c220] failed: Connect timed out
2024-05-06 14:55:57,515 [INFO] MainUpdater:2873 - connection check result : 10
2024-05-06 14:55:57,515 [INFO] MainUpdater:290 - Updater Check For Update Now.
2024-05-06 14:55:57,515 [INFO] MicroXplorer:498 - Change Database Version : DB.6.0.111
2024-05-06 14:55:57,531 [INFO] McuFinderGlobals:63 - Set McuFinder mode to 2 (CubeIDE integrated)
2024-05-06 14:55:57,531 [INFO] UserAuth:179 - activating auth plugin
2024-05-06 14:55:57,533 [INFO] UserAuth:415 - Internet connection configuration mode: 1
2024-05-06 14:55:57,554 [INFO] JxBrowserEngine:152 - Initiate JxBrowser Engine with user profile folder
2024-05-06 14:55:57,684 [INFO] CheckServerUpdateThread:120 - End of CheckServer Thread
2024-05-06 14:56:00,588 [INFO] WebApp:161 - Instantiating new browser for Auth
2024-05-06 14:56:00,929 [INFO] WebApp:779 - Register for checkConnection events
2024-05-06 14:56:00,930 [INFO] WebApp:414 - Apply proxy settings
2024-05-06 14:56:00,930 [INFO] WebApp:499 - Chromium requires no authentication
2024-05-06 14:56:00,934 [INFO] WebApp:442 - Direct internet connection detected
2024-05-06 14:56:01,031 [INFO] WebApp:192 - Starting web application
2024-05-06 14:56:01,031 [INFO] WebApp:544 - Web application path used C:\ST\STM32CubeIDE_1.10.1\STM32CubeIDE\plugins\com.st.stm32cube.common.mx_6.11.1.202404110753\db\plugins\mcufinder\reactClient1\index.html
2024-05-06 17:46:35,255 [ERROR] LogOutputStream:75 - [STDERR_REDIRECT] 
2024-05-06 18:26:03,871 [INFO] Activator:176 - 


2024-05-06 18:26:03,871 [INFO] Activator:177 - !SESSION log4j initialized
2024-05-06 18:26:08,136 [INFO] LogOutputStream:77 - [STDOUT_REDIRECT] 
2024-05-06 18:26:08,780 [INFO] ApplicationProperties:184 - Using Application install path: C:\ST\STM32CubeIDE_1.10.1\STM32CubeIDE\plugins\com.st.stm32cube.common.mx_6.11.1.202404110753
2024-05-06 18:26:08,792 [INFO] DbMcusXml:78 - Set database path to: C:\ST\STM32CubeIDE_1.10.1\STM32CubeIDE\plugins\com.st.stm32cube.common.mx_6.11.1.202404110753\\db\/mcu/
2024-05-06 18:26:08,792 [INFO] ApiDb:274 - Set plugin database path to: C:\ST\STM32CubeIDE_1.10.1\STM32CubeIDE\plugins\com.st.stm32cube.common.mx_6.11.1.202404110753\\db\/plugins/boardmanager/
2024-05-06 18:26:08,792 [WARN] ApiDb:259 - Overriding images path with different value:  => C:\ST\STM32CubeIDE_1.10.1\STM32CubeIDE\plugins\com.st.stm32cube.common.mx_6.11.1.202404110753\\db\/plugins/mcufinder/images/
2024-05-06 18:26:08,796 [INFO] ApiDb:250 - Set database path to: C:\Users\saksh\.stmcufinder\plugins\mcufinder//mcu/
2024-05-06 18:26:08,796 [INFO] DbMcusAds:125 - Set database path to: C:\Users\saksh\.stmcufinder\plugins\mcufinder//mcu/
2024-05-06 18:26:08,797 [INFO] CrossReferenceDbSqlite:203 - Set database path to: C:\Users\saksh\.stmcufinder\plugins\mcufinder//mcu/cs/
2024-05-06 18:26:08,880 [INFO] RulesReader:64 - Compatibility file has been processed (297 Rules)
2024-05-06 18:26:08,934 [INFO] DbMcusXml:78 - Set database path to: C:\ST\STM32CubeIDE_1.10.1\STM32CubeIDE\plugins\com.st.stm32cube.common.mx_6.11.1.202404110753\\db\/mcu/
2024-05-06 18:26:08,934 [INFO] ApiDb:274 - Set plugin database path to: C:\ST\STM32CubeIDE_1.10.1\STM32CubeIDE\plugins\com.st.stm32cube.common.mx_6.11.1.202404110753\\db\/plugins/boardmanager/
2024-05-06 18:26:08,934 [INFO] ApiDb:261 - Set plugin images path to: C:\ST\STM32CubeIDE_1.10.1\STM32CubeIDE\plugins\com.st.stm32cube.common.mx_6.11.1.202404110753\\db\/plugins/mcufinder/images/
2024-05-06 18:26:08,934 [WARN] DbFile:41 - Overriding database path with different value: C:\Users\saksh\.stmcufinder\plugins\mcufinder/ => C:\Users\saksh\.stmcufinder\plugins\mcufinder
2024-05-06 18:26:08,934 [INFO] ApiDb:250 - Set database path to: C:\Users\saksh\.stmcufinder\plugins\mcufinder//mcu/
2024-05-06 18:26:08,934 [WARN] DbFile:41 - Overriding database path with different value: C:\Users\saksh\.stmcufinder\plugins\mcufinder/ => C:\Users\saksh\.stmcufinder\plugins\mcufinder
2024-05-06 18:26:08,934 [INFO] DbMcusAds:125 - Set database path to: C:\Users\saksh\.stmcufinder\plugins\mcufinder//mcu/
2024-05-06 18:26:08,935 [WARN] DbFile:41 - Overriding database path with different value: C:\Users\saksh\.stmcufinder\plugins\mcufinder/ => C:\Users\saksh\.stmcufinder\plugins\mcufinder
2024-05-06 18:26:08,935 [WARN] DbFile:41 - Overriding database path with different value: C:\Users\saksh\.stmcufinder\plugins\mcufinder/ => C:\Users\saksh\.stmcufinder\plugins\mcufinder
2024-05-06 18:26:08,935 [INFO] CrossReferenceDbSqlite:203 - Set database path to: C:\Users\saksh\.stmcufinder\plugins\mcufinder//mcu/cs/
2024-05-06 18:26:08,988 [INFO] MainPanel:264 - HeapMemory: 268435456
2024-05-06 18:26:09,070 [INFO] DbMcusXml:78 - Set database path to: C:\ST\STM32CubeIDE_1.10.1\STM32CubeIDE\plugins\com.st.stm32cube.common.mx_6.11.1.202404110753\\db\/mcu/
2024-05-06 18:26:09,070 [INFO] ApiDb:274 - Set plugin database path to: C:\ST\STM32CubeIDE_1.10.1\STM32CubeIDE\plugins\com.st.stm32cube.common.mx_6.11.1.202404110753\\db\/plugins/boardmanager/
2024-05-06 18:26:09,070 [INFO] ApiDb:261 - Set plugin images path to: C:\ST\STM32CubeIDE_1.10.1\STM32CubeIDE\plugins\com.st.stm32cube.common.mx_6.11.1.202404110753\\db\/plugins/mcufinder/images/
2024-05-06 18:26:09,070 [WARN] DbFile:41 - Overriding database path with different value: C:\Users\saksh\.stmcufinder\plugins\mcufinder/ => C:\Users\saksh\.stmcufinder\plugins\mcufinder
2024-05-06 18:26:09,070 [INFO] ApiDb:250 - Set database path to: C:\Users\saksh\.stmcufinder\plugins\mcufinder//mcu/
2024-05-06 18:26:09,070 [WARN] DbFile:41 - Overriding database path with different value: C:\Users\saksh\.stmcufinder\plugins\mcufinder/ => C:\Users\saksh\.stmcufinder\plugins\mcufinder
2024-05-06 18:26:09,071 [INFO] DbMcusAds:125 - Set database path to: C:\Users\saksh\.stmcufinder\plugins\mcufinder//mcu/
2024-05-06 18:26:09,071 [WARN] DbFile:41 - Overriding database path with different value: C:\Users\saksh\.stmcufinder\plugins\mcufinder/ => C:\Users\saksh\.stmcufinder\plugins\mcufinder
2024-05-06 18:26:09,071 [WARN] DbFile:41 - Overriding database path with different value: C:\Users\saksh\.stmcufinder\plugins\mcufinder/ => C:\Users\saksh\.stmcufinder\plugins\mcufinder
2024-05-06 18:26:09,071 [INFO] CrossReferenceDbSqlite:203 - Set database path to: C:\Users\saksh\.stmcufinder\plugins\mcufinder//mcu/cs/
2024-05-06 18:26:09,087 [INFO] ApplicationProperties:184 - Using Application install path: C:\ST\STM32CubeIDE_1.10.1\STM32CubeIDE\plugins\com.st.stm32cube.common.mx_6.11.1.202404110753
2024-05-06 18:26:09,088 [INFO] PluginManage:196 - Search for loadable plugins [exclusion list=, ]
2024-05-06 18:26:09,089 [INFO] PluginManage:310 - Check plugin analytics
2024-05-06 18:26:09,177 [INFO] AnalyticsPlugin:253 - Accepted Software Licenses: 
2024-05-06 18:26:09,177 [INFO] AnalyticsPlugin:255 - Accepted CMSIS Pack Licenses: 
2024-05-06 18:26:09,178 [INFO] AnalyticsPlugin:257 - Accepted Firmware Licenses: FW.H7.1.10.0,FW.G4.1.5.0
2024-05-06 18:26:09,179 [INFO] PluginManage:359 - Loaded plugin analytics (category:tool,tabindex:-1)
2024-05-06 18:26:09,179 [INFO] PluginManage:310 - Check plugin cadmodel
2024-05-06 18:26:09,182 [INFO] CADModel:105 - Init CAD model plugin
2024-05-06 18:26:09,182 [INFO] PluginManage:359 - Loaded plugin cadmodel (category:power,tabindex:5)
2024-05-06 18:26:09,182 [INFO] PluginManage:310 - Check plugin clock
2024-05-06 18:26:09,186 [INFO] PluginManage:359 - Loaded plugin clock (category:base,tabindex:2)
2024-05-06 18:26:09,187 [INFO] PluginManage:310 - Check plugin ddr
2024-05-06 18:26:09,188 [INFO] PluginManage:359 - Loaded plugin ddr (category:tool,tabindex:6)
2024-05-06 18:26:09,188 [INFO] PluginManage:310 - Check plugin filemanager
2024-05-06 18:26:09,280 [INFO] PluginManage:359 - Loaded plugin filemanager (category:base,tabindex:10)
2024-05-06 18:26:09,280 [INFO] PluginManage:310 - Check plugin ipmanager
2024-05-06 18:26:09,284 [INFO] PluginManage:359 - Loaded plugin ipmanager (category:base,tabindex:5)
2024-05-06 18:26:09,285 [INFO] PluginManage:310 - Check plugin lpbam
2024-05-06 18:26:09,291 [INFO] PluginManage:359 - Loaded plugin lpbam (category:base,tabindex:0)
2024-05-06 18:26:09,291 [INFO] PluginManage:310 - Check plugin memorymap
2024-05-06 18:26:09,302 [INFO] PluginManage:359 - Loaded plugin memorymap (category:base,tabindex:4)
2024-05-06 18:26:09,302 [INFO] PluginManage:310 - Check plugin pinoutandconfiguration
2024-05-06 18:26:09,307 [INFO] PluginManage:359 - Loaded plugin pinoutandconfiguration (category:base,tabindex:1)
2024-05-06 18:26:09,307 [INFO] PluginManage:310 - Check plugin pinoutconfig
2024-05-06 18:26:09,362 [WARN] SupportedApi:132 - Cannot load RTOS API schema: s4s-elt-must-match.1: The content of 'definitions' must match (annotation?, (simpleType | complexType)?, (unique | key | keyref)*)). A problem was found starting at: attribute.
2024-05-06 18:26:09,452 [INFO] PluginManage:359 - Loaded plugin pinoutconfig (category:base,tabindex:0)
2024-05-06 18:26:09,453 [INFO] PluginManage:310 - Check plugin power
2024-05-06 18:26:09,459 [INFO] PluginManage:359 - Loaded plugin power (category:power,tabindex:4)
2024-05-06 18:26:09,459 [INFO] PluginManage:310 - Check plugin projectmanager
2024-05-06 18:26:09,468 [INFO] PluginManage:359 - Loaded plugin projectmanager (category:projectmanager,tabindex:3)
2024-05-06 18:26:09,469 [INFO] PluginManage:310 - Check plugin thirdparty
2024-05-06 18:26:09,553 [INFO] PluginManage:359 - Loaded plugin thirdparty (category:base,tabindex:-1)
2024-05-06 18:26:09,553 [WARN] IntegrityCheckThread:84 - waiting for thirdparty lock release [integrity check]
2024-05-06 18:26:09,554 [INFO] PluginManage:310 - Check plugin tools
2024-05-06 18:26:09,554 [INFO] IntegrityCheckThread:86 - entering critical section [integrity check]
2024-05-06 18:26:09,554 [INFO] ThirdPartyUpdaterWithRetryManager:70 - Updater plugin not ready yet. [1/15]
2024-05-06 18:26:09,555 [INFO] PluginManage:359 - Loaded plugin tools (category:base,tabindex:7)
2024-05-06 18:26:09,555 [INFO] PluginManage:310 - Check plugin tutovideos
2024-05-06 18:26:09,673 [INFO] PluginManage:359 - Loaded plugin tutovideos (category:base,tabindex:-1)
2024-05-06 18:26:09,674 [INFO] PluginManage:310 - Check plugin updater
2024-05-06 18:26:09,680 [INFO] PluginManage:359 - Loaded plugin updater (category:base,tabindex:12)
2024-05-06 18:26:09,680 [INFO] PluginManage:310 - Check plugin userauth
2024-05-06 18:26:09,684 [INFO] UserAuth:114 - Init User Auth plugin
2024-05-06 18:26:09,684 [INFO] PluginManage:359 - Loaded plugin userauth (category:base,tabindex:14)
2024-05-06 18:26:09,685 [INFO] PluginManage:283 - PluginManage : Loaded plugins [17]
2024-05-06 18:26:09,860 [INFO] PinOutPanel:1561 - setPackage(No Configuration,No Configuration)
2024-05-06 18:26:09,906 [INFO] CADModel:165 - CPN selected for project level
2024-05-06 18:26:09,907 [INFO] CADModel:114 - Register for checkConnection events
2024-05-06 18:26:09,917 [INFO] IPUIPlugin:80 - create IPUIPlugin
2024-05-06 18:26:09,917 [INFO] PluginManager:220 - loadIPPluginJar : add adc
2024-05-06 18:26:09,918 [INFO] IPUIPlugin:80 - create IPUIPlugin
2024-05-06 18:26:09,919 [INFO] PluginManager:220 - loadIPPluginJar : add aes
2024-05-06 18:26:09,920 [INFO] IPUIPlugin:80 - create IPUIPlugin
2024-05-06 18:26:09,920 [INFO] PluginManager:220 - loadIPPluginJar : add can
2024-05-06 18:26:09,920 [INFO] IPUIPlugin:80 - create IPUIPlugin
2024-05-06 18:26:09,920 [INFO] PluginManager:220 - loadIPPluginJar : add comp
2024-05-06 18:26:09,921 [INFO] IPUIPlugin:80 - create IPUIPlugin
2024-05-06 18:26:09,921 [INFO] PluginManager:220 - loadIPPluginJar : add cryp
2024-05-06 18:26:09,922 [INFO] IPUIPlugin:80 - create IPUIPlugin
2024-05-06 18:26:09,923 [INFO] PluginManager:220 - loadIPPluginJar : add dfsdm
2024-05-06 18:26:09,926 [INFO] IPUIPlugin:80 - create IPUIPlugin
2024-05-06 18:26:09,926 [INFO] PluginManager:220 - loadIPPluginJar : add dma
2024-05-06 18:26:09,927 [INFO] IPUIPlugin:80 - create IPUIPlugin
2024-05-06 18:26:09,927 [INFO] PluginManager:220 - loadIPPluginJar : add dma3
2024-05-06 18:26:09,928 [INFO] IPUIPlugin:80 - create IPUIPlugin
2024-05-06 18:26:09,929 [INFO] PluginManager:220 - loadIPPluginJar : add extmemmanager
2024-05-06 18:26:09,929 [INFO] IPUIPlugin:80 - create IPUIPlugin
2024-05-06 18:26:09,929 [INFO] PluginManager:220 - loadIPPluginJar : add fatfs
2024-05-06 18:26:09,932 [INFO] IPUIPlugin:80 - create IPUIPlugin
2024-05-06 18:26:09,932 [INFO] PluginManager:220 - loadIPPluginJar : add fmc
2024-05-06 18:26:09,935 [INFO] IPUIPlugin:80 - create IPUIPlugin
2024-05-06 18:26:09,935 [INFO] PluginManager:220 - loadIPPluginJar : add freertos
2024-05-06 18:26:09,936 [INFO] IPUIPlugin:80 - create IPUIPlugin
2024-05-06 18:26:09,936 [INFO] PluginManager:220 - loadIPPluginJar : add genericplugin
2024-05-06 18:26:09,937 [INFO] IPUIPlugin:80 - create IPUIPlugin
2024-05-06 18:26:09,937 [INFO] PluginManager:220 - loadIPPluginJar : add gfxmmu
2024-05-06 18:26:09,940 [INFO] IPUIPlugin:80 - create IPUIPlugin
2024-05-06 18:26:09,940 [INFO] PluginManager:220 - loadIPPluginJar : add gic
2024-05-06 18:26:09,941 [INFO] IPUIPlugin:80 - create IPUIPlugin
2024-05-06 18:26:09,941 [INFO] PluginManager:220 - loadIPPluginJar : add gpio
2024-05-06 18:26:09,943 [INFO] IPUIPlugin:80 - create IPUIPlugin
2024-05-06 18:26:09,943 [INFO] PluginManager:220 - loadIPPluginJar : add gtzc
2024-05-06 18:26:09,944 [INFO] IPUIPlugin:80 - create IPUIPlugin
2024-05-06 18:26:09,944 [INFO] PluginManager:220 - loadIPPluginJar : add hash
2024-05-06 18:26:09,945 [INFO] IPUIPlugin:80 - create IPUIPlugin
2024-05-06 18:26:09,945 [INFO] PluginManager:220 - loadIPPluginJar : add i2c
2024-05-06 18:26:09,946 [INFO] IPUIPlugin:80 - create IPUIPlugin
2024-05-06 18:26:09,946 [INFO] PluginManager:220 - loadIPPluginJar : add i2s
2024-05-06 18:26:09,948 [INFO] IPUIPlugin:80 - create IPUIPlugin
2024-05-06 18:26:09,948 [INFO] PluginManager:220 - loadIPPluginJar : add i3c
2024-05-06 18:26:09,950 [INFO] IPUIPlugin:80 - create IPUIPlugin
2024-05-06 18:26:09,950 [INFO] PluginManager:220 - loadIPPluginJar : add ipddr
2024-05-06 18:26:09,955 [INFO] IPUIPlugin:80 - create IPUIPlugin
2024-05-06 18:26:09,955 [INFO] PluginManager:220 - loadIPPluginJar : add linkedlist
2024-05-06 18:26:09,956 [INFO] IPUIPlugin:80 - create IPUIPlugin
2024-05-06 18:26:09,957 [INFO] PluginManager:220 - loadIPPluginJar : add lorawan
2024-05-06 18:26:09,957 [INFO] IPUIPlugin:80 - create IPUIPlugin
2024-05-06 18:26:09,957 [INFO] PluginManager:220 - loadIPPluginJar : add ltdc
2024-05-06 18:26:09,962 [INFO] IPUIPlugin:80 - create IPUIPlugin
2024-05-06 18:26:09,962 [INFO] PluginManager:220 - loadIPPluginJar : add mdma
2024-05-06 18:26:09,964 [INFO] IPUIPlugin:80 - create IPUIPlugin
2024-05-06 18:26:09,964 [INFO] PluginManager:220 - loadIPPluginJar : add nvic
2024-05-06 18:26:09,966 [INFO] IPUIPlugin:80 - create IPUIPlugin
2024-05-06 18:26:09,966 [INFO] PluginManager:220 - loadIPPluginJar : add opamp
2024-05-06 18:26:09,967 [INFO] IPUIPlugin:80 - create IPUIPlugin
2024-05-06 18:26:09,967 [INFO] PluginManager:220 - loadIPPluginJar : add openamp
2024-05-06 18:26:09,968 [INFO] IPUIPlugin:80 - create IPUIPlugin
2024-05-06 18:26:09,968 [INFO] PluginManager:220 - loadIPPluginJar : add pdm2pcm
2024-05-06 18:26:09,972 [INFO] IPUIPlugin:80 - create IPUIPlugin
2024-05-06 18:26:09,974 [INFO] PluginManager:220 - loadIPPluginJar : add plateformsettings
2024-05-06 18:26:09,975 [INFO] IPUIPlugin:80 - create IPUIPlugin
2024-05-06 18:26:09,975 [INFO] PluginManager:220 - loadIPPluginJar : add quadspi
2024-05-06 18:26:09,976 [INFO] IPUIPlugin:80 - create IPUIPlugin
2024-05-06 18:26:09,976 [INFO] PluginManager:220 - loadIPPluginJar : add resmgrutility
2024-05-06 18:26:09,978 [INFO] IPUIPlugin:80 - create IPUIPlugin
2024-05-06 18:26:09,978 [INFO] PluginManager:220 - loadIPPluginJar : add sai
2024-05-06 18:26:09,979 [INFO] IPUIPlugin:80 - create IPUIPlugin
2024-05-06 18:26:09,979 [INFO] PluginManager:220 - loadIPPluginJar : add spi
2024-05-06 18:26:09,982 [INFO] IPUIPlugin:80 - create IPUIPlugin
2024-05-06 18:26:09,982 [INFO] PluginManager:220 - loadIPPluginJar : add stm32_wpan
2024-05-06 18:26:09,982 [INFO] IPUIPlugin:80 - create IPUIPlugin
2024-05-06 18:26:09,983 [INFO] PluginManager:220 - loadIPPluginJar : add tim
2024-05-06 18:26:09,984 [INFO] IPUIPlugin:80 - create IPUIPlugin
2024-05-06 18:26:09,984 [INFO] PluginManager:220 - loadIPPluginJar : add touchsensing
2024-05-06 18:26:09,985 [INFO] IPUIPlugin:80 - create IPUIPlugin
2024-05-06 18:26:09,985 [INFO] PluginManager:220 - loadIPPluginJar : add tracer_emb
2024-05-06 18:26:09,986 [INFO] IPUIPlugin:80 - create IPUIPlugin
2024-05-06 18:26:09,986 [INFO] PluginManager:220 - loadIPPluginJar : add ts
2024-05-06 18:26:09,987 [INFO] IPUIPlugin:80 - create IPUIPlugin
2024-05-06 18:26:09,987 [INFO] PluginManager:220 - loadIPPluginJar : add tsc
2024-05-06 18:26:09,988 [INFO] IPUIPlugin:80 - create IPUIPlugin
2024-05-06 18:26:09,988 [INFO] PluginManager:220 - loadIPPluginJar : add ucpd
2024-05-06 18:26:09,989 [INFO] IPUIPlugin:80 - create IPUIPlugin
2024-05-06 18:26:09,989 [INFO] PluginManager:220 - loadIPPluginJar : add usart
2024-05-06 18:26:09,991 [INFO] IPUIPlugin:80 - create IPUIPlugin
2024-05-06 18:26:09,991 [INFO] PluginManager:220 - loadIPPluginJar : add usbx
2024-05-06 18:26:10,098 [INFO] CADModel:165 - CPN selected for project level
2024-05-06 18:26:10,098 [INFO] CADModel:114 - Register for checkConnection events
2024-05-06 18:26:10,098 [FATAL] Updater:308 - Updater called before beeing initialized
2024-05-06 18:26:10,098 [ERROR] CADModel:125 - Updater not yet initialized, retry later 
2024-05-06 18:26:10,222 [INFO] CADModel:165 - CPN selected for project level
2024-05-06 18:26:10,222 [INFO] CADModel:114 - Register for checkConnection events
2024-05-06 18:26:10,222 [FATAL] Updater:308 - Updater called before beeing initialized
2024-05-06 18:26:10,222 [ERROR] CADModel:125 - Updater not yet initialized, retry later 
2024-05-06 18:26:10,225 [FATAL] Updater:308 - Updater called before beeing initialized
2024-05-06 18:26:10,335 [FATAL] Updater:308 - Updater called before beeing initialized
2024-05-06 18:26:10,339 [INFO] DbMcusAds:53 - JSON generation date=Wed Nov 29 16:22:27 IST 2023 (1701255147349)
2024-05-06 18:26:10,339 [FATAL] Updater:308 - Updater called before beeing initialized
2024-05-06 18:26:10,364 [WARN] DetailPanel:346 - Failed to get advertising image, set to default
2024-05-06 18:26:10,437 [FATAL] Updater:308 - Updater called before beeing initialized
2024-05-06 18:26:10,439 [FATAL] Updater:308 - Updater called before beeing initialized
2024-05-06 18:26:10,439 [FATAL] Updater:308 - Updater called before beeing initialized
2024-05-06 18:26:10,439 [WARN] DetailPanel:346 - Failed to get advertising image, set to default
2024-05-06 18:26:10,440 [FATAL] Updater:308 - Updater called before beeing initialized
2024-05-06 18:26:10,499 [ERROR] Updater:1120 - MainUpdater not yet initialized. External WinMGr cannot be set.
2024-05-06 18:26:10,500 [INFO] Updater:1056 - Updater Version found : 6.11.1
2024-05-06 18:26:10,524 [INFO] ApplicationProperties:184 - Using Application install path: C:\ST\STM32CubeIDE_1.10.1\STM32CubeIDE\plugins\com.st.stm32cube.common.mx_6.11.1.202404110753
2024-05-06 18:26:12,097 [ERROR] LogOutputStream:75 - [STDERR_REDIRECT] May 06, 2024 6:26:12 PM java.util.prefs.WindowsPreferences <init>
2024-05-06 18:26:12,098 [ERROR] LogOutputStream:75 - [STDERR_REDIRECT] WARNING: Could not open/create prefs root node Software\JavaSoft\Prefs at root 0xffffffff80000002. Windows RegCreateKeyEx(...) returned error code 5.
2024-05-06 18:26:12,098 [ERROR] LogOutputStream:75 - [STDERR_REDIRECT] 
2024-05-06 18:26:12,556 [INFO] ThirdPartyUpdaterWithRetryManager:70 - Updater plugin not ready yet. [2/15]
2024-05-06 18:26:12,976 [INFO] MainUpdater:2873 - connection check result : 10
2024-05-06 18:26:12,977 [INFO] MainUpdater:290 - Updater Check For Update Now.
2024-05-06 18:26:12,977 [INFO] MicroXplorer:498 - Change Database Version : DB.6.0.111
2024-05-06 18:26:12,992 [INFO] McuFinderGlobals:63 - Set McuFinder mode to 2 (CubeIDE integrated)
2024-05-06 18:26:12,993 [INFO] UserAuth:179 - activating auth plugin
2024-05-06 18:26:13,000 [INFO] UserAuth:415 - Internet connection configuration mode: 1
2024-05-06 18:26:13,037 [INFO] JxBrowserEngine:152 - Initiate JxBrowser Engine with user profile folder
2024-05-06 18:26:13,158 [INFO] CheckServerUpdateThread:120 - End of CheckServer Thread
2024-05-06 18:26:13,585 [INFO] WebApp:161 - Instantiating new browser for Auth
2024-05-06 18:26:13,949 [INFO] WebApp:779 - Register for checkConnection events
2024-05-06 18:26:13,950 [INFO] WebApp:414 - Apply proxy settings
2024-05-06 18:26:13,950 [INFO] WebApp:499 - Chromium requires no authentication
2024-05-06 18:26:13,955 [INFO] WebApp:442 - Direct internet connection detected
2024-05-06 18:26:14,058 [INFO] WebApp:192 - Starting web application
2024-05-06 18:26:14,058 [INFO] WebApp:544 - Web application path used C:\ST\STM32CubeIDE_1.10.1\STM32CubeIDE\plugins\com.st.stm32cube.common.mx_6.11.1.202404110753\db\plugins\mcufinder\reactClient1\index.html
2024-05-06 18:26:15,666 [WARN] PackLoader:240 - Cannot read IP mode file for STMicroelectronics.FP-SNS-MOTENVWB1.1.4.0
2024-05-06 18:26:15,680 [WARN] PackLoader:240 - Cannot read IP mode file for STMicroelectronics.X-CUBE-SMBUS.2.1.0
2024-05-06 18:26:15,691 [WARN] PackLoader:240 - Cannot read IP mode file for STMicroelectronics.X-CUBE-TOUCHGFX.4.23.1
2024-05-06 18:26:15,698 [WARN] PackLoader:240 - Cannot read IP mode file for STMicroelectronics.X-CUBE-TOUCHGFX.4.23.0
2024-05-06 18:26:15,707 [WARN] PackLoader:240 - Cannot read IP mode file for STMicroelectronics.X-CUBE-TOUCHGFX.4.23.2
2024-05-06 18:26:15,734 [WARN] PackLoader:240 - Cannot read IP mode file for STMicroelectronics.X-CUBE-AZRTOS-F7.1.1.0
2024-05-06 18:26:15,748 [ERROR] RealEvaluatedCondition:428 - Found unsupported composite condition: CLASS='Data Exchange' GROUP='STM32_MetaDataManager'
2024-05-06 18:26:15,749 [ERROR] RealEvaluatedCondition:428 - Found unsupported composite condition: GROUP='STM32_MetaDataManager' CLASS='Data Exchange'
2024-05-06 18:26:15,750 [WARN] PackLoader:240 - Cannot read IP mode file for STMicroelectronics.FP-SNS-MOTENV1.4.3.0
2024-05-06 18:26:15,763 [WARN] PackLoader:240 - Cannot read IP mode file for STMicroelectronics.FP-SNS-MOTENV1.4.3.2
2024-05-06 18:26:15,774 [WARN] PackLoader:240 - Cannot read IP mode file for STMicroelectronics.FP-SNS-FLIGHT1.5.0.0
2024-05-06 18:26:15,784 [ERROR] RealEvaluatedCondition:428 - Found unsupported composite condition: CLASS='Data Exchange' GROUP='STM32_MetaDataManager'
2024-05-06 18:26:15,784 [ERROR] RealEvaluatedCondition:428 - Found unsupported composite condition: GROUP='STM32_MetaDataManager' CLASS='Data Exchange'
2024-05-06 18:26:15,785 [WARN] PackLoader:240 - Cannot read IP mode file for STMicroelectronics.FP-SNS-MOTENV1.4.3.1
2024-05-06 18:26:15,796 [WARN] PackLoader:240 - Cannot read IP mode file for STMicroelectronics.FP-SNS-FLIGHT1.5.0.1
2024-05-06 18:26:15,807 [WARN] PackLoader:240 - Cannot read IP mode file for STMicroelectronics.X-CUBE-BLE1.6.2.3
2024-05-06 18:26:15,815 [WARN] PackLoader:240 - Cannot read IP mode file for STMicroelectronics.X-CUBE-BLE1.6.2.4
2024-05-06 18:26:15,826 [WARN] PackLoader:240 - Cannot read IP mode file for STMicroelectronics.FP-SNS-FLIGHT1.5.0.2
2024-05-06 18:26:15,842 [WARN] PackLoader:240 - Cannot read IP mode file for STMicroelectronics.X-CUBE-TOF1.3.1.0
2024-05-06 18:26:15,869 [WARN] PackLoader:240 - Cannot read IP mode file for STMicroelectronics.X-CUBE-DISPLAY.3.0.0
2024-05-06 18:26:15,889 [WARN] PackLoader:240 - Cannot read IP mode file for STMicroelectronics.X-CUBE-BLE1.7.0.0
2024-05-06 18:26:15,902 [WARN] PackLoader:240 - Cannot read IP mode file for STMicroelectronics.X-CUBE-TOUCHGFX.4.22.0
2024-05-06 18:26:15,952 [WARN] PackLoader:240 - Cannot read IP mode file for STMicroelectronics.X-CUBE-MEMS1.9.3.0
2024-05-06 18:26:16,068 [WARN] PackLoader:240 - Cannot read IP mode file for STMicroelectronics.X-CUBE-AI.7.2.0
2024-05-06 18:26:16,093 [WARN] PackLoader:240 - Cannot read IP mode file for STMicroelectronics.X-CUBE-BLEMGR.3.1.0
2024-05-06 18:26:16,113 [WARN] PackLoader:240 - Cannot read IP mode file for STMicroelectronics.FP-SNS-SMARTAG2.1.2.0
2024-05-06 18:26:16,136 [INFO] LogOutputStream:77 - [STDOUT_REDIRECT] 1 : Invalid condition id : UX_CORESTACK_Condition cause : null
2024-05-06 18:26:16,138 [INFO] LogOutputStream:77 - [STDOUT_REDIRECT] 1 : Invalid condition id : UX_CORESTACK_Condition cause : null
2024-05-06 18:26:16,139 [INFO] LogOutputStream:77 - [STDOUT_REDIRECT] 1 : Invalid condition id : UX_CORESTACK_Condition cause : null
2024-05-06 18:26:16,140 [INFO] LogOutputStream:77 - [STDOUT_REDIRECT] 1 : Invalid condition id : UX_CORESTACK_Condition cause : null
2024-05-06 18:26:16,142 [INFO] LogOutputStream:77 - [STDOUT_REDIRECT] 1 : Invalid condition id : UX_CORESTACK_Condition cause : null
2024-05-06 18:26:16,146 [WARN] PackLoader:240 - Cannot read IP mode file for STMicroelectronics.X-CUBE-AZRTOS-WL.2.0.0
2024-05-06 18:26:16,160 [WARN] PackLoader:240 - Cannot read IP mode file for STMicroelectronics.FP-SNS-MOTENV1.5.0.0
2024-05-06 18:26:16,181 [WARN] PackLoader:240 - Cannot read IP mode file for WES.I-CUBE-Cesium.1.3.0
2024-05-06 18:26:16,198 [WARN] PackLoader:240 - Cannot read IP mode file for STMicroelectronics.X-CUBE-BLE2.3.3.0
2024-05-06 18:26:16,210 [WARN] PackLoader:240 - Cannot read IP mode file for STMicroelectronics.X-CUBE-DISPLAY.2.2.0
2024-05-06 18:26:16,226 [WARN] PackLoader:240 - Cannot read IP mode file for STMicroelectronics.X-CUBE-TOF1.3.2.0
2024-05-06 18:26:16,242 [WARN] PackLoader:240 - Cannot read IP mode file for STMicroelectronics.X-CUBE-ISPU.1.0.0
2024-05-06 18:26:16,275 [WARN] PackLoader:240 - Cannot read IP mode file for STMicroelectronics.X-CUBE-AZRTOS-H7.2.1.0
2024-05-06 18:26:16,292 [WARN] PackLoader:240 - Cannot read IP mode file for STMicroelectronics.X-CUBE-TCPP.4.1.0
2024-05-06 18:26:16,307 [WARN] PackLoader:240 - Cannot read IP mode file for STMicroelectronics.X-CUBE-TOUCHGFX.4.21.1
2024-05-06 18:26:16,320 [WARN] PackLoader:240 - Cannot read IP mode file for STMicroelectronics.X-CUBE-TOUCHGFX.4.21.3
2024-05-06 18:26:16,338 [WARN] PackLoader:240 - Cannot read IP mode file for STMicroelectronics.X-CUBE-TOUCHGFX.4.21.4
2024-05-06 18:26:16,423 [WARN] PackLoader:240 - Cannot read IP mode file for STMicroelectronics.X-CUBE-MEMS1.9.4.0
2024-05-06 18:26:16,525 [WARN] PackLoader:240 - Cannot read IP mode file for STMicroelectronics.X-CUBE-AI.7.3.0
2024-05-06 18:26:16,538 [WARN] PackLoader:240 - Cannot read IP mode file for STMicroelectronics.X-CUBE-ALGOBUILD.1.3.0
2024-05-06 18:26:16,567 [WARN] PackLoader:240 - Cannot read IP mode file for STMicroelectronics.X-CUBE-AZRTOS-G0.1.1.0
2024-05-06 18:26:16,579 [WARN] PackLoader:240 - Cannot read IP mode file for STMicroelectronics.X-CUBE-SAFEA1.1.2.2
2024-05-06 18:26:16,595 [WARN] PackLoader:240 - Cannot read IP mode file for STMicroelectronics.X-CUBE-NFC4.3.0.0
2024-05-06 18:26:16,630 [WARN] PackLoader:240 - Cannot read IP mode file for SEGGER.I-CUBE-embOS.1.2.0
2024-05-06 18:26:16,669 [WARN] PackLoader:240 - Cannot read IP mode file for STMicroelectronics.X-CUBE-BLEMGR.3.0.0
2024-05-06 18:26:16,682 [WARN] PackLoader:240 - Cannot read IP mode file for STMicroelectronics.X-CUBE-BLEMGR.1.3.0
2024-05-06 18:26:16,697 [WARN] PackLoader:240 - Cannot read IP mode file for STMicroelectronics.FP-ATR-SIGFOX1.3.2.0
2024-05-06 18:26:16,707 [WARN] PackLoader:240 - Cannot read IP mode file for STMicroelectronics.X-CUBE-EEPRMA1.5.1.0
2024-05-06 18:26:16,719 [WARN] PackLoader:240 - Cannot read IP mode file for emotas.I-CUBE-CANOPEN.1.1.2
2024-05-06 18:26:16,728 [WARN] PackLoader:240 - Cannot read IP mode file for STMicroelectronics.X-CUBE-TOUCHGFX.4.20.0
2024-05-06 18:26:16,760 [WARN] PackLoader:240 - Cannot read IP mode file for STMicroelectronics.X-CUBE-MEMS1.9.5.0
2024-05-06 18:26:16,859 [WARN] PackLoader:240 - Cannot read IP mode file for SEGGER.I-CUBE-embOS.1.3.1
2024-05-06 18:26:16,885 [WARN] PackLoader:240 - Cannot read IP mode file for STMicroelectronics.X-CUBE-GNSS1.6.0.0
2024-05-06 18:26:16,912 [WARN] PackLoader:240 - Cannot read IP mode file for STMicroelectronics.X-CUBE-AZRTOS-F4.1.1.0
2024-05-06 18:26:16,922 [WARN] PackLoader:240 - Cannot read IP mode file for STMicroelectronics.X-CUBE-FREERTOS.1.2.0
2024-05-06 18:26:16,934 [WARN] PackLoader:240 - Cannot read IP mode file for STMicroelectronics.X-CUBE-BLEMGR.1.2.0
2024-05-06 18:26:16,956 [WARN] PackLoader:240 - Cannot read IP mode file for STMicroelectronics.X-CUBE-AZRTOS-L5.2.0.0
2024-05-06 18:26:16,989 [WARN] PackLoader:240 - Cannot read IP mode file for STMicroelectronics.X-CUBE-MEMS1.9.6.0
2024-05-06 18:26:17,089 [WARN] PackLoader:240 - Cannot read IP mode file for STMicroelectronics.X-CUBE-EEPRMA1.4.2.0
2024-05-06 18:26:17,098 [WARN] PackLoader:240 - Cannot read IP mode file for STMicroelectronics.X-CUBE-NFC6.3.1.0
2024-05-06 18:26:17,111 [WARN] PackLoader:240 - Cannot read IP mode file for ITTIA_DB.I-CUBE-ITTIADB.8.8.0
2024-05-06 18:26:17,122 [WARN] PackLoader:240 - Cannot read IP mode file for STMicroelectronics.X-CUBE-BLEMGR.2.0.0
2024-05-06 18:26:17,129 [WARN] PackLoader:240 - Cannot read IP mode file for STMicroelectronics.X-CUBE-NFC4.2.0.4
2024-05-06 18:26:17,140 [WARN] PackLoader:240 - Cannot read IP mode file for STMicroelectronics.X-CUBE-AI.9.0.0
2024-05-06 18:26:17,156 [WARN] ConditionMgr:438 - getConditionDescription Invalid condition id : UX DEVICE CLASS RTOS Condition cause : null
2024-05-06 18:26:17,156 [WARN] ConditionMgr:438 - getConditionDescription Invalid condition id : UX DEVICE CLASS RTOS Condition cause : null
2024-05-06 18:26:17,157 [WARN] PackLoader:240 - Cannot read IP mode file for STMicroelectronics.X-CUBE-AZRTOS-H7.3.1.0
2024-05-06 18:26:17,158 [WARN] ConditionMgr:1039 - genDependencies : Invalid condition id : UX DEVICE CLASS RTOS Condition cause : null
2024-05-06 18:26:17,158 [WARN] ConditionMgr:1039 - genDependencies : Invalid condition id : UX DEVICE CLASS RTOS Condition cause : null
2024-05-06 18:26:17,158 [WARN] ConditionMgr:1039 - genDependencies : Invalid condition id : UX DEVICE CLASS RTOS Condition cause : null
2024-05-06 18:26:17,158 [WARN] ConditionMgr:1039 - genDependencies : Invalid condition id : UX DEVICE CLASS RTOS Condition cause : null
2024-05-06 18:26:17,158 [WARN] ConditionMgr:1039 - genDependencies : Invalid condition id : UX DEVICE CLASS RTOS Condition cause : null
2024-05-06 18:26:17,166 [WARN] PackLoader:240 - Cannot read IP mode file for wolfSSL.I-CUBE-wolfSSL.5.5.0
2024-05-06 18:26:17,176 [WARN] PackLoader:240 - Cannot read IP mode file for STMicroelectronics.X-CUBE-NFC7.1.0.1
2024-05-06 18:26:17,184 [WARN] PackLoader:240 - Cannot read IP mode file for STMicroelectronics.X-CUBE-NFC7.1.0.0
2024-05-06 18:26:17,192 [WARN] PackLoader:240 - Cannot read IP mode file for STMicroelectronics.X-CUBE-NFC6.3.0.0
2024-05-06 18:26:17,202 [WARN] PackLoader:240 - Cannot read IP mode file for STMicroelectronics.X-CUBE-EEPRMA1.4.1.0
2024-05-06 18:26:17,210 [WARN] PackLoader:240 - Cannot read IP mode file for STMicroelectronics.X-CUBE-AI.8.1.0
2024-05-06 18:26:17,224 [WARN] ConditionMgr:438 - getConditionDescription Invalid condition id : LAN8742 Phy interface Condition cause : null
2024-05-06 18:26:17,225 [WARN] PackLoader:240 - Cannot read IP mode file for STMicroelectronics.X-CUBE-AZRTOS-L4.2.0.0
2024-05-06 18:26:17,225 [WARN] ConditionMgr:1039 - genDependencies : Invalid condition id : LAN8742 Phy interface Condition cause : null
2024-05-06 18:26:17,225 [WARN] ConditionMgr:1039 - genDependencies : Invalid condition id : LAN8742 Phy interface Condition cause : null
2024-05-06 18:26:17,225 [WARN] ConditionMgr:1039 - genDependencies : Invalid condition id : LAN8742 Phy interface Condition cause : null
2024-05-06 18:26:17,235 [WARN] PackLoader:240 - Cannot read IP mode file for STMicroelectronics.X-CUBE-SFXS2LP1.4.0.0
2024-05-06 18:26:17,251 [WARN] PackLoader:240 - Cannot read IP mode file for STMicroelectronics.X-CUBE-AZRTOS-H7.3.0.0
2024-05-06 18:26:17,260 [WARN] PackLoader:240 - Cannot read IP mode file for STMicroelectronics.X-CUBE-ISPU.1.1.0
2024-05-06 18:26:17,270 [WARN] PackLoader:240 - Cannot read IP mode file for RoweBots.I-CUBE-UNISONRTOS.5.5.0-4
2024-05-06 18:26:17,280 [WARN] PackLoader:240 - Cannot read IP mode file for STMicroelectronics.X-CUBE-AI.8.0.0
2024-05-06 18:26:17,294 [WARN] ConditionMgr:438 - getConditionDescription Invalid condition id : UX DEVICE CLASS RTOS Condition cause : null
2024-05-06 18:26:17,295 [WARN] ConditionMgr:438 - getConditionDescription Invalid condition id : UX DEVICE CLASS RTOS Condition cause : null
2024-05-06 18:26:17,295 [WARN] PackLoader:240 - Cannot read IP mode file for STMicroelectronics.X-CUBE-AZRTOS-WB.2.0.0
2024-05-06 18:26:17,296 [WARN] ConditionMgr:1039 - genDependencies : Invalid condition id : UX DEVICE CLASS RTOS Condition cause : null
2024-05-06 18:26:17,296 [WARN] ConditionMgr:1039 - genDependencies : Invalid condition id : UX DEVICE CLASS RTOS Condition cause : null
2024-05-06 18:26:17,296 [WARN] ConditionMgr:1039 - genDependencies : Invalid condition id : UX DEVICE CLASS RTOS Condition cause : null
2024-05-06 18:26:17,296 [WARN] ConditionMgr:1039 - genDependencies : Invalid condition id : UX DEVICE CLASS RTOS Condition cause : null
2024-05-06 18:26:17,296 [WARN] ConditionMgr:1039 - genDependencies : Invalid condition id : UX DEVICE CLASS RTOS Condition cause : null
2024-05-06 18:26:17,305 [WARN] PackLoader:240 - Cannot read IP mode file for STMicroelectronics.X-CUBE-FREERTOS.1.0.0
2024-05-06 18:26:17,314 [WARN] PackLoader:240 - Cannot read IP mode file for STMicroelectronics.X-CUBE-FREERTOS.1.0.1
2024-05-06 18:26:17,324 [WARN] PackLoader:240 - Cannot read IP mode file for STMicroelectronics.X-CUBE-BLEMGR.1.0.0
2024-05-06 18:26:17,340 [WARN] PackLoader:240 - Cannot read IP mode file for STMicroelectronics.X-CUBE-AZRTOS-L5.1.1.0
2024-05-06 18:26:17,349 [WARN] PackLoader:240 - Cannot read IP mode file for STMicroelectronics.X-CUBE-AI.8.0.1
2024-05-06 18:26:17,363 [WARN] PackLoader:240 - Cannot read IP mode file for STMicroelectronics.X-CUBE-SUBG2.5.0.0
2024-05-06 18:26:17,377 [WARN] PackLoader:240 - Cannot read IP mode file for STMicroelectronics.X-CUBE-TOF1.3.3.1
2024-05-06 18:26:17,399 [WARN] PackLoader:240 - Cannot read IP mode file for STMicroelectronics.X-CUBE-AZRTOS-G4.2.0.0
2024-05-06 18:26:17,411 [WARN] PackLoader:240 - Cannot read IP mode file for STMicroelectronics.X-CUBE-TOF1.3.3.0
2024-05-06 18:26:17,425 [WARN] PackLoader:240 - Cannot read IP mode file for STMicroelectronics.FP-ATR-ASTRA1.1.1.1
2024-05-06 18:26:17,445 [WARN] PackLoader:240 - Cannot read IP mode file for Infineon.AIROC-Wi-Fi-Bluetooth-STM32.1.5.1
2024-05-06 18:26:17,455 [WARN] PackLoader:240 - Cannot read IP mode file for STMicroelectronics.FP-SNS-MOTENVWB1.1.3.1
2024-05-06 18:26:17,471 [WARN] PackLoader:240 - Cannot read IP mode file for STMicroelectronics.X-CUBE-AZRTOS-G4.1.0.0
2024-05-06 18:26:17,489 [WARN] PackLoader:240 - Cannot read IP mode file for STMicroelectronics.X-CUBE-AZRTOS-L4.1.0.0
2024-05-06 18:26:17,503 [WARN] PackLoader:240 - Cannot read IP mode file for STMicroelectronics.X-CUBE-ISPU.2.0.0
2024-05-06 18:26:17,531 [WARN] PackLoader:240 - Cannot read IP mode file for STMicroelectronics.X-CUBE-MEMS1.10.0.0
2024-05-06 18:26:17,599 [WARN] PackLoader:240 - Cannot read IP mode file for STMicroelectronics.X-CUBE-FREERTOS.1.1.0
2024-05-06 18:26:17,618 [WARN] PackLoader:240 - Cannot read IP mode file for STMicroelectronics.X-CUBE-AZRTOS-WL.1.0.0
2024-05-06 18:26:17,633 [WARN] PackLoader:240 - Cannot read IP mode file for portGmbH.I-Cube-SoM-uGOAL.1.1.0
2024-05-06 18:26:17,643 [WARN] PackLoader:240 - Cannot read IP mode file for STMicroelectronics.X-CUBE-ALS.1.0.1
2024-05-06 18:26:17,660 [WARN] PackLoader:240 - Cannot read IP mode file for STMicroelectronics.X-CUBE-AZRTOS-WB.1.1.0
2024-05-06 18:26:17,682 [WARN] PackLoader:240 - Cannot read IP mode file for STMicroelectronics.X-CUBE-AZRTOS-L5.1.0.0
2024-05-06 18:26:17,691 [WARN] PackLoader:240 - Cannot read IP mode file for STMicroelectronics.X-CUBE-EEPRMA1.3.1.1
2024-05-06 18:26:17,717 [WARN] PackLoader:240 - Cannot read IP mode file for STMicroelectronics.X-CUBE-AZRTOS-H7RS.1.0.0
2024-05-06 18:26:17,725 [WARN] PackLoader:240 - Cannot read IP mode file for STMicroelectronics.FP-ATR-ASTRA1.2.0.0
2024-05-06 18:26:17,739 [WARN] PackLoader:240 - Cannot read IP mode file for STMicroelectronics.X-CUBE-TOF1.3.4.0
2024-05-06 18:26:17,757 [WARN] PackLoader:240 - Cannot read IP mode file for STMicroelectronics.X-CUBE-TOF1.3.4.1
2024-05-06 18:26:17,782 [WARN] PackLoader:240 - Cannot read IP mode file for STMicroelectronics.X-CUBE-AZRTOS-H7.3.2.0
2024-05-06 18:26:17,789 [INFO] ThirdParty:978 - Integrity check success = true
2024-05-06 18:26:17,789 [INFO] IntegrityCheckThread:100 - exiting critical section [integrity check]
2024-05-06 18:26:17,789 [INFO] IntegrityCheckThread:103 - End integrity checks thread
2024-05-06 19:14:51,337 [ERROR] LogOutputStream:75 - [STDERR_REDIRECT] 
2024-05-06 19:24:32,659 [INFO] Activator:176 - 


2024-05-06 19:24:32,661 [INFO] Activator:177 - !SESSION log4j initialized
2024-05-06 19:24:37,771 [INFO] LogOutputStream:77 - [STDOUT_REDIRECT] 
2024-05-06 19:24:38,602 [INFO] ApplicationProperties:184 - Using Application install path: C:\ST\STM32CubeIDE_1.10.1\STM32CubeIDE\plugins\com.st.stm32cube.common.mx_6.11.1.202404110753
2024-05-06 19:24:38,618 [INFO] DbMcusXml:78 - Set database path to: C:\ST\STM32CubeIDE_1.10.1\STM32CubeIDE\plugins\com.st.stm32cube.common.mx_6.11.1.202404110753\\db\/mcu/
2024-05-06 19:24:38,618 [INFO] ApiDb:274 - Set plugin database path to: C:\ST\STM32CubeIDE_1.10.1\STM32CubeIDE\plugins\com.st.stm32cube.common.mx_6.11.1.202404110753\\db\/plugins/boardmanager/
2024-05-06 19:24:38,618 [WARN] ApiDb:259 - Overriding images path with different value:  => C:\ST\STM32CubeIDE_1.10.1\STM32CubeIDE\plugins\com.st.stm32cube.common.mx_6.11.1.202404110753\\db\/plugins/mcufinder/images/
2024-05-06 19:24:38,623 [INFO] ApiDb:250 - Set database path to: C:\Users\saksh\.stmcufinder\plugins\mcufinder//mcu/
2024-05-06 19:24:38,624 [INFO] DbMcusAds:125 - Set database path to: C:\Users\saksh\.stmcufinder\plugins\mcufinder//mcu/
2024-05-06 19:24:38,625 [INFO] CrossReferenceDbSqlite:203 - Set database path to: C:\Users\saksh\.stmcufinder\plugins\mcufinder//mcu/cs/
2024-05-06 19:24:38,735 [INFO] RulesReader:64 - Compatibility file has been processed (297 Rules)
2024-05-06 19:24:38,806 [INFO] DbMcusXml:78 - Set database path to: C:\ST\STM32CubeIDE_1.10.1\STM32CubeIDE\plugins\com.st.stm32cube.common.mx_6.11.1.202404110753\\db\/mcu/
2024-05-06 19:24:38,807 [INFO] ApiDb:274 - Set plugin database path to: C:\ST\STM32CubeIDE_1.10.1\STM32CubeIDE\plugins\com.st.stm32cube.common.mx_6.11.1.202404110753\\db\/plugins/boardmanager/
2024-05-06 19:24:38,807 [INFO] ApiDb:261 - Set plugin images path to: C:\ST\STM32CubeIDE_1.10.1\STM32CubeIDE\plugins\com.st.stm32cube.common.mx_6.11.1.202404110753\\db\/plugins/mcufinder/images/
2024-05-06 19:24:38,807 [WARN] DbFile:41 - Overriding database path with different value: C:\Users\saksh\.stmcufinder\plugins\mcufinder/ => C:\Users\saksh\.stmcufinder\plugins\mcufinder
2024-05-06 19:24:38,807 [INFO] ApiDb:250 - Set database path to: C:\Users\saksh\.stmcufinder\plugins\mcufinder//mcu/
2024-05-06 19:24:38,807 [WARN] DbFile:41 - Overriding database path with different value: C:\Users\saksh\.stmcufinder\plugins\mcufinder/ => C:\Users\saksh\.stmcufinder\plugins\mcufinder
2024-05-06 19:24:38,807 [INFO] DbMcusAds:125 - Set database path to: C:\Users\saksh\.stmcufinder\plugins\mcufinder//mcu/
2024-05-06 19:24:38,807 [WARN] DbFile:41 - Overriding database path with different value: C:\Users\saksh\.stmcufinder\plugins\mcufinder/ => C:\Users\saksh\.stmcufinder\plugins\mcufinder
2024-05-06 19:24:38,807 [WARN] DbFile:41 - Overriding database path with different value: C:\Users\saksh\.stmcufinder\plugins\mcufinder/ => C:\Users\saksh\.stmcufinder\plugins\mcufinder
2024-05-06 19:24:38,807 [INFO] CrossReferenceDbSqlite:203 - Set database path to: C:\Users\saksh\.stmcufinder\plugins\mcufinder//mcu/cs/
2024-05-06 19:24:38,878 [INFO] MainPanel:264 - HeapMemory: 268435456
2024-05-06 19:24:38,965 [INFO] DbMcusXml:78 - Set database path to: C:\ST\STM32CubeIDE_1.10.1\STM32CubeIDE\plugins\com.st.stm32cube.common.mx_6.11.1.202404110753\\db\/mcu/
2024-05-06 19:24:38,966 [INFO] ApiDb:274 - Set plugin database path to: C:\ST\STM32CubeIDE_1.10.1\STM32CubeIDE\plugins\com.st.stm32cube.common.mx_6.11.1.202404110753\\db\/plugins/boardmanager/
2024-05-06 19:24:38,966 [INFO] ApiDb:261 - Set plugin images path to: C:\ST\STM32CubeIDE_1.10.1\STM32CubeIDE\plugins\com.st.stm32cube.common.mx_6.11.1.202404110753\\db\/plugins/mcufinder/images/
2024-05-06 19:24:38,966 [WARN] DbFile:41 - Overriding database path with different value: C:\Users\saksh\.stmcufinder\plugins\mcufinder/ => C:\Users\saksh\.stmcufinder\plugins\mcufinder
2024-05-06 19:24:38,966 [INFO] ApiDb:250 - Set database path to: C:\Users\saksh\.stmcufinder\plugins\mcufinder//mcu/
2024-05-06 19:24:38,966 [WARN] DbFile:41 - Overriding database path with different value: C:\Users\saksh\.stmcufinder\plugins\mcufinder/ => C:\Users\saksh\.stmcufinder\plugins\mcufinder
2024-05-06 19:24:38,966 [INFO] DbMcusAds:125 - Set database path to: C:\Users\saksh\.stmcufinder\plugins\mcufinder//mcu/
2024-05-06 19:24:38,966 [WARN] DbFile:41 - Overriding database path with different value: C:\Users\saksh\.stmcufinder\plugins\mcufinder/ => C:\Users\saksh\.stmcufinder\plugins\mcufinder
2024-05-06 19:24:38,966 [WARN] DbFile:41 - Overriding database path with different value: C:\Users\saksh\.stmcufinder\plugins\mcufinder/ => C:\Users\saksh\.stmcufinder\plugins\mcufinder
2024-05-06 19:24:38,966 [INFO] CrossReferenceDbSqlite:203 - Set database path to: C:\Users\saksh\.stmcufinder\plugins\mcufinder//mcu/cs/
2024-05-06 19:24:38,982 [INFO] ApplicationProperties:184 - Using Application install path: C:\ST\STM32CubeIDE_1.10.1\STM32CubeIDE\plugins\com.st.stm32cube.common.mx_6.11.1.202404110753
2024-05-06 19:24:38,983 [INFO] PluginManage:196 - Search for loadable plugins [exclusion list=, ]
2024-05-06 19:24:38,984 [INFO] PluginManage:310 - Check plugin analytics
2024-05-06 19:24:39,098 [INFO] AnalyticsPlugin:253 - Accepted Software Licenses: 
2024-05-06 19:24:39,098 [INFO] AnalyticsPlugin:255 - Accepted CMSIS Pack Licenses: 
2024-05-06 19:24:39,098 [INFO] AnalyticsPlugin:257 - Accepted Firmware Licenses: FW.H7.1.10.0,FW.G4.1.5.0
2024-05-06 19:24:39,100 [INFO] PluginManage:359 - Loaded plugin analytics (category:tool,tabindex:-1)
2024-05-06 19:24:39,100 [INFO] PluginManage:310 - Check plugin cadmodel
2024-05-06 19:24:39,105 [INFO] CADModel:105 - Init CAD model plugin
2024-05-06 19:24:39,105 [INFO] PluginManage:359 - Loaded plugin cadmodel (category:power,tabindex:5)
2024-05-06 19:24:39,105 [INFO] PluginManage:310 - Check plugin clock
2024-05-06 19:24:39,113 [INFO] PluginManage:359 - Loaded plugin clock (category:base,tabindex:2)
2024-05-06 19:24:39,113 [INFO] PluginManage:310 - Check plugin ddr
2024-05-06 19:24:39,115 [INFO] PluginManage:359 - Loaded plugin ddr (category:tool,tabindex:6)
2024-05-06 19:24:39,115 [INFO] PluginManage:310 - Check plugin filemanager
2024-05-06 19:24:39,215 [INFO] PluginManage:359 - Loaded plugin filemanager (category:base,tabindex:10)
2024-05-06 19:24:39,215 [INFO] PluginManage:310 - Check plugin ipmanager
2024-05-06 19:24:39,221 [INFO] PluginManage:359 - Loaded plugin ipmanager (category:base,tabindex:5)
2024-05-06 19:24:39,221 [INFO] PluginManage:310 - Check plugin lpbam
2024-05-06 19:24:39,227 [INFO] PluginManage:359 - Loaded plugin lpbam (category:base,tabindex:0)
2024-05-06 19:24:39,227 [INFO] PluginManage:310 - Check plugin memorymap
2024-05-06 19:24:39,237 [INFO] PluginManage:359 - Loaded plugin memorymap (category:base,tabindex:4)
2024-05-06 19:24:39,237 [INFO] PluginManage:310 - Check plugin pinoutandconfiguration
2024-05-06 19:24:39,241 [INFO] PluginManage:359 - Loaded plugin pinoutandconfiguration (category:base,tabindex:1)
2024-05-06 19:24:39,241 [INFO] PluginManage:310 - Check plugin pinoutconfig
2024-05-06 19:24:39,299 [WARN] SupportedApi:132 - Cannot load RTOS API schema: s4s-elt-must-match.1: The content of 'definitions' must match (annotation?, (simpleType | complexType)?, (unique | key | keyref)*)). A problem was found starting at: attribute.
2024-05-06 19:24:39,391 [INFO] PluginManage:359 - Loaded plugin pinoutconfig (category:base,tabindex:0)
2024-05-06 19:24:39,391 [INFO] PluginManage:310 - Check plugin power
2024-05-06 19:24:39,400 [INFO] PluginManage:359 - Loaded plugin power (category:power,tabindex:4)
2024-05-06 19:24:39,400 [INFO] PluginManage:310 - Check plugin projectmanager
2024-05-06 19:24:39,412 [INFO] PluginManage:359 - Loaded plugin projectmanager (category:projectmanager,tabindex:3)
2024-05-06 19:24:39,412 [INFO] PluginManage:310 - Check plugin thirdparty
2024-05-06 19:24:39,505 [WARN] IntegrityCheckThread:84 - waiting for thirdparty lock release [integrity check]
2024-05-06 19:24:39,505 [INFO] PluginManage:359 - Loaded plugin thirdparty (category:base,tabindex:-1)
2024-05-06 19:24:39,506 [INFO] PluginManage:310 - Check plugin tools
2024-05-06 19:24:39,506 [INFO] IntegrityCheckThread:86 - entering critical section [integrity check]
2024-05-06 19:24:39,506 [INFO] ThirdPartyUpdaterWithRetryManager:70 - Updater plugin not ready yet. [1/15]
2024-05-06 19:24:39,508 [INFO] PluginManage:359 - Loaded plugin tools (category:base,tabindex:7)
2024-05-06 19:24:39,508 [INFO] PluginManage:310 - Check plugin tutovideos
2024-05-06 19:24:39,647 [INFO] PluginManage:359 - Loaded plugin tutovideos (category:base,tabindex:-1)
2024-05-06 19:24:39,647 [INFO] PluginManage:310 - Check plugin updater
2024-05-06 19:24:39,655 [INFO] PluginManage:359 - Loaded plugin updater (category:base,tabindex:12)
2024-05-06 19:24:39,655 [INFO] PluginManage:310 - Check plugin userauth
2024-05-06 19:24:39,660 [INFO] UserAuth:114 - Init User Auth plugin
2024-05-06 19:24:39,660 [INFO] PluginManage:359 - Loaded plugin userauth (category:base,tabindex:14)
2024-05-06 19:24:39,661 [INFO] PluginManage:283 - PluginManage : Loaded plugins [17]
2024-05-06 19:24:39,823 [INFO] PinOutPanel:1561 - setPackage(No Configuration,No Configuration)
2024-05-06 19:24:39,881 [INFO] CADModel:165 - CPN selected for project level
2024-05-06 19:24:39,881 [INFO] CADModel:114 - Register for checkConnection events
2024-05-06 19:24:39,897 [INFO] IPUIPlugin:80 - create IPUIPlugin
2024-05-06 19:24:39,897 [INFO] PluginManager:220 - loadIPPluginJar : add adc
2024-05-06 19:24:39,899 [INFO] IPUIPlugin:80 - create IPUIPlugin
2024-05-06 19:24:39,899 [INFO] PluginManager:220 - loadIPPluginJar : add aes
2024-05-06 19:24:39,900 [INFO] IPUIPlugin:80 - create IPUIPlugin
2024-05-06 19:24:39,901 [INFO] PluginManager:220 - loadIPPluginJar : add can
2024-05-06 19:24:39,902 [INFO] IPUIPlugin:80 - create IPUIPlugin
2024-05-06 19:24:39,902 [INFO] PluginManager:220 - loadIPPluginJar : add comp
2024-05-06 19:24:39,904 [INFO] IPUIPlugin:80 - create IPUIPlugin
2024-05-06 19:24:39,904 [INFO] PluginManager:220 - loadIPPluginJar : add cryp
2024-05-06 19:24:39,905 [INFO] IPUIPlugin:80 - create IPUIPlugin
2024-05-06 19:24:39,905 [INFO] PluginManager:220 - loadIPPluginJar : add dfsdm
2024-05-06 19:24:39,910 [INFO] IPUIPlugin:80 - create IPUIPlugin
2024-05-06 19:24:39,910 [INFO] PluginManager:220 - loadIPPluginJar : add dma
2024-05-06 19:24:39,912 [INFO] IPUIPlugin:80 - create IPUIPlugin
2024-05-06 19:24:39,912 [INFO] PluginManager:220 - loadIPPluginJar : add dma3
2024-05-06 19:24:39,913 [INFO] IPUIPlugin:80 - create IPUIPlugin
2024-05-06 19:24:39,913 [INFO] PluginManager:220 - loadIPPluginJar : add extmemmanager
2024-05-06 19:24:39,914 [INFO] IPUIPlugin:80 - create IPUIPlugin
2024-05-06 19:24:39,914 [INFO] PluginManager:220 - loadIPPluginJar : add fatfs
2024-05-06 19:24:39,917 [INFO] IPUIPlugin:80 - create IPUIPlugin
2024-05-06 19:24:39,917 [INFO] PluginManager:220 - loadIPPluginJar : add fmc
2024-05-06 19:24:39,920 [INFO] IPUIPlugin:80 - create IPUIPlugin
2024-05-06 19:24:39,920 [INFO] PluginManager:220 - loadIPPluginJar : add freertos
2024-05-06 19:24:39,921 [INFO] IPUIPlugin:80 - create IPUIPlugin
2024-05-06 19:24:39,921 [INFO] PluginManager:220 - loadIPPluginJar : add genericplugin
2024-05-06 19:24:39,922 [INFO] IPUIPlugin:80 - create IPUIPlugin
2024-05-06 19:24:39,922 [INFO] PluginManager:220 - loadIPPluginJar : add gfxmmu
2024-05-06 19:24:39,925 [INFO] IPUIPlugin:80 - create IPUIPlugin
2024-05-06 19:24:39,925 [INFO] PluginManager:220 - loadIPPluginJar : add gic
2024-05-06 19:24:39,928 [INFO] IPUIPlugin:80 - create IPUIPlugin
2024-05-06 19:24:39,928 [INFO] PluginManager:220 - loadIPPluginJar : add gpio
2024-05-06 19:24:39,930 [INFO] IPUIPlugin:80 - create IPUIPlugin
2024-05-06 19:24:39,930 [INFO] PluginManager:220 - loadIPPluginJar : add gtzc
2024-05-06 19:24:39,931 [INFO] IPUIPlugin:80 - create IPUIPlugin
2024-05-06 19:24:39,931 [INFO] PluginManager:220 - loadIPPluginJar : add hash
2024-05-06 19:24:39,933 [INFO] IPUIPlugin:80 - create IPUIPlugin
2024-05-06 19:24:39,933 [INFO] PluginManager:220 - loadIPPluginJar : add i2c
2024-05-06 19:24:39,934 [INFO] IPUIPlugin:80 - create IPUIPlugin
2024-05-06 19:24:39,934 [INFO] PluginManager:220 - loadIPPluginJar : add i2s
2024-05-06 19:24:39,935 [INFO] IPUIPlugin:80 - create IPUIPlugin
2024-05-06 19:24:39,936 [INFO] PluginManager:220 - loadIPPluginJar : add i3c
2024-05-06 19:24:39,937 [INFO] IPUIPlugin:80 - create IPUIPlugin
2024-05-06 19:24:39,937 [INFO] PluginManager:220 - loadIPPluginJar : add ipddr
2024-05-06 19:24:39,942 [INFO] IPUIPlugin:80 - create IPUIPlugin
2024-05-06 19:24:39,942 [INFO] PluginManager:220 - loadIPPluginJar : add linkedlist
2024-05-06 19:24:39,944 [INFO] IPUIPlugin:80 - create IPUIPlugin
2024-05-06 19:24:39,944 [INFO] PluginManager:220 - loadIPPluginJar : add lorawan
2024-05-06 19:24:39,945 [INFO] IPUIPlugin:80 - create IPUIPlugin
2024-05-06 19:24:39,945 [INFO] PluginManager:220 - loadIPPluginJar : add ltdc
2024-05-06 19:24:39,948 [INFO] IPUIPlugin:80 - create IPUIPlugin
2024-05-06 19:24:39,948 [INFO] PluginManager:220 - loadIPPluginJar : add mdma
2024-05-06 19:24:39,951 [INFO] IPUIPlugin:80 - create IPUIPlugin
2024-05-06 19:24:39,951 [INFO] PluginManager:220 - loadIPPluginJar : add nvic
2024-05-06 19:24:39,953 [INFO] IPUIPlugin:80 - create IPUIPlugin
2024-05-06 19:24:39,953 [INFO] PluginManager:220 - loadIPPluginJar : add opamp
2024-05-06 19:24:39,955 [INFO] IPUIPlugin:80 - create IPUIPlugin
2024-05-06 19:24:39,955 [INFO] PluginManager:220 - loadIPPluginJar : add openamp
2024-05-06 19:24:39,957 [INFO] IPUIPlugin:80 - create IPUIPlugin
2024-05-06 19:24:39,957 [INFO] PluginManager:220 - loadIPPluginJar : add pdm2pcm
2024-05-06 19:24:39,961 [INFO] IPUIPlugin:80 - create IPUIPlugin
2024-05-06 19:24:39,963 [INFO] PluginManager:220 - loadIPPluginJar : add plateformsettings
2024-05-06 19:24:39,964 [INFO] IPUIPlugin:80 - create IPUIPlugin
2024-05-06 19:24:39,964 [INFO] PluginManager:220 - loadIPPluginJar : add quadspi
2024-05-06 19:24:39,967 [INFO] IPUIPlugin:80 - create IPUIPlugin
2024-05-06 19:24:39,967 [INFO] PluginManager:220 - loadIPPluginJar : add resmgrutility
2024-05-06 19:24:39,968 [INFO] IPUIPlugin:80 - create IPUIPlugin
2024-05-06 19:24:39,968 [INFO] PluginManager:220 - loadIPPluginJar : add sai
2024-05-06 19:24:39,970 [INFO] IPUIPlugin:80 - create IPUIPlugin
2024-05-06 19:24:39,970 [INFO] PluginManager:220 - loadIPPluginJar : add spi
2024-05-06 19:24:39,973 [INFO] IPUIPlugin:80 - create IPUIPlugin
2024-05-06 19:24:39,973 [INFO] PluginManager:220 - loadIPPluginJar : add stm32_wpan
2024-05-06 19:24:39,974 [INFO] IPUIPlugin:80 - create IPUIPlugin
2024-05-06 19:24:39,974 [INFO] PluginManager:220 - loadIPPluginJar : add tim
2024-05-06 19:24:39,975 [INFO] IPUIPlugin:80 - create IPUIPlugin
2024-05-06 19:24:39,975 [INFO] PluginManager:220 - loadIPPluginJar : add touchsensing
2024-05-06 19:24:39,978 [INFO] IPUIPlugin:80 - create IPUIPlugin
2024-05-06 19:24:39,978 [INFO] PluginManager:220 - loadIPPluginJar : add tracer_emb
2024-05-06 19:24:39,979 [INFO] IPUIPlugin:80 - create IPUIPlugin
2024-05-06 19:24:39,979 [INFO] PluginManager:220 - loadIPPluginJar : add ts
2024-05-06 19:24:39,980 [INFO] IPUIPlugin:80 - create IPUIPlugin
2024-05-06 19:24:39,980 [INFO] PluginManager:220 - loadIPPluginJar : add tsc
2024-05-06 19:24:39,981 [INFO] IPUIPlugin:80 - create IPUIPlugin
2024-05-06 19:24:39,981 [INFO] PluginManager:220 - loadIPPluginJar : add ucpd
2024-05-06 19:24:39,983 [INFO] IPUIPlugin:80 - create IPUIPlugin
2024-05-06 19:24:39,983 [INFO] PluginManager:220 - loadIPPluginJar : add usart
2024-05-06 19:24:39,984 [INFO] IPUIPlugin:80 - create IPUIPlugin
2024-05-06 19:24:39,984 [INFO] PluginManager:220 - loadIPPluginJar : add usbx
2024-05-06 19:24:40,090 [INFO] CADModel:165 - CPN selected for project level
2024-05-06 19:24:40,090 [INFO] CADModel:114 - Register for checkConnection events
2024-05-06 19:24:40,091 [FATAL] Updater:308 - Updater called before beeing initialized
2024-05-06 19:24:40,091 [ERROR] CADModel:125 - Updater not yet initialized, retry later 
2024-05-06 19:24:40,180 [INFO] CADModel:165 - CPN selected for project level
2024-05-06 19:24:40,181 [INFO] CADModel:114 - Register for checkConnection events
2024-05-06 19:24:40,181 [FATAL] Updater:308 - Updater called before beeing initialized
2024-05-06 19:24:40,181 [ERROR] CADModel:125 - Updater not yet initialized, retry later 
2024-05-06 19:24:40,183 [FATAL] Updater:308 - Updater called before beeing initialized
2024-05-06 19:24:40,248 [FATAL] Updater:308 - Updater called before beeing initialized
2024-05-06 19:24:40,251 [INFO] DbMcusAds:53 - JSON generation date=Wed Nov 29 16:22:27 IST 2023 (1701255147349)
2024-05-06 19:24:40,251 [FATAL] Updater:308 - Updater called before beeing initialized
2024-05-06 19:24:40,278 [WARN] DetailPanel:346 - Failed to get advertising image, set to default
2024-05-06 19:24:40,357 [FATAL] Updater:308 - Updater called before beeing initialized
2024-05-06 19:24:40,359 [FATAL] Updater:308 - Updater called before beeing initialized
2024-05-06 19:24:40,359 [FATAL] Updater:308 - Updater called before beeing initialized
2024-05-06 19:24:40,359 [WARN] DetailPanel:346 - Failed to get advertising image, set to default
2024-05-06 19:24:40,360 [FATAL] Updater:308 - Updater called before beeing initialized
2024-05-06 19:24:40,402 [ERROR] Updater:1120 - MainUpdater not yet initialized. External WinMGr cannot be set.
2024-05-06 19:24:40,404 [INFO] Updater:1056 - Updater Version found : 6.11.1
2024-05-06 19:24:40,421 [INFO] ApplicationProperties:184 - Using Application install path: C:\ST\STM32CubeIDE_1.10.1\STM32CubeIDE\plugins\com.st.stm32cube.common.mx_6.11.1.202404110753
2024-05-06 19:24:41,993 [ERROR] LogOutputStream:75 - [STDERR_REDIRECT] May 06, 2024 7:24:41 PM java.util.prefs.WindowsPreferences <init>
2024-05-06 19:24:41,994 [ERROR] LogOutputStream:75 - [STDERR_REDIRECT] WARNING: Could not open/create prefs root node Software\JavaSoft\Prefs at root 0xffffffff80000002. Windows RegCreateKeyEx(...) returned error code 5.
2024-05-06 19:24:41,994 [ERROR] LogOutputStream:75 - [STDERR_REDIRECT] 
2024-05-06 19:24:42,508 [INFO] ThirdPartyUpdaterWithRetryManager:70 - Updater plugin not ready yet. [2/15]
2024-05-06 19:24:42,856 [INFO] MainUpdater:2873 - connection check result : 10
2024-05-06 19:24:42,857 [INFO] MainUpdater:290 - Updater Check For Update Now.
2024-05-06 19:24:42,857 [INFO] MicroXplorer:498 - Change Database Version : DB.6.0.111
2024-05-06 19:24:42,861 [INFO] McuFinderGlobals:63 - Set McuFinder mode to 2 (CubeIDE integrated)
2024-05-06 19:24:42,862 [INFO] UserAuth:179 - activating auth plugin
2024-05-06 19:24:42,863 [INFO] UserAuth:415 - Internet connection configuration mode: 1
2024-05-06 19:24:42,883 [INFO] JxBrowserEngine:152 - Initiate JxBrowser Engine with user profile folder
2024-05-06 19:24:43,029 [INFO] CheckServerUpdateThread:120 - End of CheckServer Thread
2024-05-06 19:24:43,757 [INFO] WebApp:161 - Instantiating new browser for Auth
2024-05-06 19:24:44,218 [INFO] WebApp:779 - Register for checkConnection events
2024-05-06 19:24:44,218 [INFO] WebApp:414 - Apply proxy settings
2024-05-06 19:24:44,218 [INFO] WebApp:499 - Chromium requires no authentication
2024-05-06 19:24:44,223 [INFO] WebApp:442 - Direct internet connection detected
2024-05-06 19:24:44,332 [INFO] WebApp:192 - Starting web application
2024-05-06 19:24:44,332 [INFO] WebApp:544 - Web application path used C:\ST\STM32CubeIDE_1.10.1\STM32CubeIDE\plugins\com.st.stm32cube.common.mx_6.11.1.202404110753\db\plugins\mcufinder\reactClient1\index.html
2024-05-06 19:24:45,638 [WARN] PackLoader:240 - Cannot read IP mode file for STMicroelectronics.FP-SNS-MOTENVWB1.1.4.0
2024-05-06 19:24:45,644 [WARN] PackLoader:240 - Cannot read IP mode file for STMicroelectronics.X-CUBE-SMBUS.2.1.0
2024-05-06 19:24:45,649 [WARN] PackLoader:240 - Cannot read IP mode file for STMicroelectronics.X-CUBE-TOUCHGFX.4.23.1
2024-05-06 19:24:45,651 [WARN] PackLoader:240 - Cannot read IP mode file for STMicroelectronics.X-CUBE-TOUCHGFX.4.23.0
2024-05-06 19:24:45,653 [WARN] PackLoader:240 - Cannot read IP mode file for STMicroelectronics.X-CUBE-TOUCHGFX.4.23.2
2024-05-06 19:24:45,669 [WARN] PackLoader:240 - Cannot read IP mode file for STMicroelectronics.X-CUBE-AZRTOS-F7.1.1.0
2024-05-06 19:24:45,677 [ERROR] RealEvaluatedCondition:428 - Found unsupported composite condition: CLASS='Data Exchange' GROUP='STM32_MetaDataManager'
2024-05-06 19:24:45,677 [ERROR] RealEvaluatedCondition:428 - Found unsupported composite condition: GROUP='STM32_MetaDataManager' CLASS='Data Exchange'
2024-05-06 19:24:45,679 [WARN] PackLoader:240 - Cannot read IP mode file for STMicroelectronics.FP-SNS-MOTENV1.4.3.0
2024-05-06 19:24:45,685 [WARN] PackLoader:240 - Cannot read IP mode file for STMicroelectronics.FP-SNS-MOTENV1.4.3.2
2024-05-06 19:24:45,692 [WARN] PackLoader:240 - Cannot read IP mode file for STMicroelectronics.FP-SNS-FLIGHT1.5.0.0
2024-05-06 19:24:45,695 [ERROR] RealEvaluatedCondition:428 - Found unsupported composite condition: GROUP='STM32_MetaDataManager' CLASS='Data Exchange'
2024-05-06 19:24:45,695 [ERROR] RealEvaluatedCondition:428 - Found unsupported composite condition: CLASS='Data Exchange' GROUP='STM32_MetaDataManager'
2024-05-06 19:24:45,696 [WARN] PackLoader:240 - Cannot read IP mode file for STMicroelectronics.FP-SNS-MOTENV1.4.3.1
2024-05-06 19:24:45,700 [WARN] PackLoader:240 - Cannot read IP mode file for STMicroelectronics.FP-SNS-FLIGHT1.5.0.1
2024-05-06 19:24:45,705 [WARN] PackLoader:240 - Cannot read IP mode file for STMicroelectronics.X-CUBE-BLE1.6.2.3
2024-05-06 19:24:45,711 [WARN] PackLoader:240 - Cannot read IP mode file for STMicroelectronics.X-CUBE-BLE1.6.2.4
2024-05-06 19:24:45,716 [WARN] PackLoader:240 - Cannot read IP mode file for STMicroelectronics.FP-SNS-FLIGHT1.5.0.2
2024-05-06 19:24:45,727 [WARN] PackLoader:240 - Cannot read IP mode file for STMicroelectronics.X-CUBE-TOF1.3.1.0
2024-05-06 19:24:45,739 [WARN] PackLoader:240 - Cannot read IP mode file for STMicroelectronics.X-CUBE-DISPLAY.3.0.0
2024-05-06 19:24:45,748 [WARN] PackLoader:240 - Cannot read IP mode file for STMicroelectronics.X-CUBE-BLE1.7.0.0
2024-05-06 19:24:45,752 [WARN] PackLoader:240 - Cannot read IP mode file for STMicroelectronics.X-CUBE-TOUCHGFX.4.22.0
2024-05-06 19:24:45,788 [WARN] PackLoader:240 - Cannot read IP mode file for STMicroelectronics.X-CUBE-MEMS1.9.3.0
2024-05-06 19:24:45,938 [WARN] PackLoader:240 - Cannot read IP mode file for STMicroelectronics.X-CUBE-AI.7.2.0
2024-05-06 19:24:45,950 [WARN] PackLoader:240 - Cannot read IP mode file for STMicroelectronics.X-CUBE-BLEMGR.3.1.0
2024-05-06 19:24:45,957 [WARN] PackLoader:240 - Cannot read IP mode file for STMicroelectronics.FP-SNS-SMARTAG2.1.2.0
2024-05-06 19:24:45,968 [INFO] LogOutputStream:77 - [STDOUT_REDIRECT] 1 : Invalid condition id : UX_CORESTACK_Condition cause : null
2024-05-06 19:24:45,968 [INFO] LogOutputStream:77 - [STDOUT_REDIRECT] 1 : Invalid condition id : UX_CORESTACK_Condition cause : null
2024-05-06 19:24:45,969 [INFO] LogOutputStream:77 - [STDOUT_REDIRECT] 1 : Invalid condition id : UX_CORESTACK_Condition cause : null
2024-05-06 19:24:45,970 [INFO] LogOutputStream:77 - [STDOUT_REDIRECT] 1 : Invalid condition id : UX_CORESTACK_Condition cause : null
2024-05-06 19:24:45,971 [INFO] LogOutputStream:77 - [STDOUT_REDIRECT] 1 : Invalid condition id : UX_CORESTACK_Condition cause : null
2024-05-06 19:24:45,975 [WARN] PackLoader:240 - Cannot read IP mode file for STMicroelectronics.X-CUBE-AZRTOS-WL.2.0.0
2024-05-06 19:24:45,980 [WARN] PackLoader:240 - Cannot read IP mode file for STMicroelectronics.FP-SNS-MOTENV1.5.0.0
2024-05-06 19:24:45,990 [WARN] PackLoader:240 - Cannot read IP mode file for WES.I-CUBE-Cesium.1.3.0
2024-05-06 19:24:45,995 [WARN] PackLoader:240 - Cannot read IP mode file for STMicroelectronics.X-CUBE-BLE2.3.3.0
2024-05-06 19:24:45,999 [WARN] PackLoader:240 - Cannot read IP mode file for STMicroelectronics.X-CUBE-DISPLAY.2.2.0
2024-05-06 19:24:46,011 [WARN] PackLoader:240 - Cannot read IP mode file for STMicroelectronics.X-CUBE-TOF1.3.2.0
2024-05-06 19:24:46,019 [WARN] PackLoader:240 - Cannot read IP mode file for STMicroelectronics.X-CUBE-ISPU.1.0.0
2024-05-06 19:24:46,046 [WARN] PackLoader:240 - Cannot read IP mode file for STMicroelectronics.X-CUBE-AZRTOS-H7.2.1.0
2024-05-06 19:24:46,058 [WARN] PackLoader:240 - Cannot read IP mode file for STMicroelectronics.X-CUBE-TCPP.4.1.0
2024-05-06 19:24:46,065 [WARN] PackLoader:240 - Cannot read IP mode file for STMicroelectronics.X-CUBE-TOUCHGFX.4.21.1
2024-05-06 19:24:46,073 [WARN] PackLoader:240 - Cannot read IP mode file for STMicroelectronics.X-CUBE-TOUCHGFX.4.21.3
2024-05-06 19:24:46,077 [WARN] PackLoader:240 - Cannot read IP mode file for STMicroelectronics.X-CUBE-TOUCHGFX.4.21.4
2024-05-06 19:24:46,145 [WARN] PackLoader:240 - Cannot read IP mode file for STMicroelectronics.X-CUBE-MEMS1.9.4.0
2024-05-06 19:24:46,274 [WARN] PackLoader:240 - Cannot read IP mode file for STMicroelectronics.X-CUBE-AI.7.3.0
2024-05-06 19:24:46,282 [WARN] PackLoader:240 - Cannot read IP mode file for STMicroelectronics.X-CUBE-ALGOBUILD.1.3.0
2024-05-06 19:24:46,302 [WARN] PackLoader:240 - Cannot read IP mode file for STMicroelectronics.X-CUBE-AZRTOS-G0.1.1.0
2024-05-06 19:24:46,313 [WARN] PackLoader:240 - Cannot read IP mode file for STMicroelectronics.X-CUBE-SAFEA1.1.2.2
2024-05-06 19:24:46,321 [WARN] PackLoader:240 - Cannot read IP mode file for STMicroelectronics.X-CUBE-NFC4.3.0.0
2024-05-06 19:24:46,357 [WARN] PackLoader:240 - Cannot read IP mode file for SEGGER.I-CUBE-embOS.1.2.0
2024-05-06 19:24:46,417 [WARN] PackLoader:240 - Cannot read IP mode file for STMicroelectronics.X-CUBE-BLEMGR.3.0.0
2024-05-06 19:24:46,429 [WARN] PackLoader:240 - Cannot read IP mode file for STMicroelectronics.X-CUBE-BLEMGR.1.3.0
2024-05-06 19:24:46,433 [WARN] PackLoader:240 - Cannot read IP mode file for STMicroelectronics.FP-ATR-SIGFOX1.3.2.0
2024-05-06 19:24:46,438 [WARN] PackLoader:240 - Cannot read IP mode file for STMicroelectronics.X-CUBE-EEPRMA1.5.1.0
2024-05-06 19:24:46,450 [WARN] PackLoader:240 - Cannot read IP mode file for emotas.I-CUBE-CANOPEN.1.1.2
2024-05-06 19:24:46,461 [WARN] PackLoader:240 - Cannot read IP mode file for STMicroelectronics.X-CUBE-TOUCHGFX.4.20.0
2024-05-06 19:24:46,494 [WARN] PackLoader:240 - Cannot read IP mode file for STMicroelectronics.X-CUBE-MEMS1.9.5.0
2024-05-06 19:24:46,615 [WARN] PackLoader:240 - Cannot read IP mode file for SEGGER.I-CUBE-embOS.1.3.1
2024-05-06 19:24:46,637 [WARN] PackLoader:240 - Cannot read IP mode file for STMicroelectronics.X-CUBE-GNSS1.6.0.0
2024-05-06 19:24:46,646 [WARN] PackLoader:240 - Cannot read IP mode file for STMicroelectronics.X-CUBE-AZRTOS-F4.1.1.0
2024-05-06 19:24:46,652 [WARN] PackLoader:240 - Cannot read IP mode file for STMicroelectronics.X-CUBE-FREERTOS.1.2.0
2024-05-06 19:24:46,658 [WARN] PackLoader:240 - Cannot read IP mode file for STMicroelectronics.X-CUBE-BLEMGR.1.2.0
2024-05-06 19:24:46,668 [WARN] PackLoader:240 - Cannot read IP mode file for STMicroelectronics.X-CUBE-AZRTOS-L5.2.0.0
2024-05-06 19:24:46,699 [WARN] PackLoader:240 - Cannot read IP mode file for STMicroelectronics.X-CUBE-MEMS1.9.6.0
2024-05-06 19:24:46,773 [WARN] PackLoader:240 - Cannot read IP mode file for STMicroelectronics.X-CUBE-EEPRMA1.4.2.0
2024-05-06 19:24:46,778 [WARN] PackLoader:240 - Cannot read IP mode file for STMicroelectronics.X-CUBE-NFC6.3.1.0
2024-05-06 19:24:46,782 [WARN] PackLoader:240 - Cannot read IP mode file for ITTIA_DB.I-CUBE-ITTIADB.8.8.0
2024-05-06 19:24:46,786 [WARN] PackLoader:240 - Cannot read IP mode file for STMicroelectronics.X-CUBE-BLEMGR.2.0.0
2024-05-06 19:24:46,789 [WARN] PackLoader:240 - Cannot read IP mode file for STMicroelectronics.X-CUBE-NFC4.2.0.4
2024-05-06 19:24:46,792 [WARN] PackLoader:240 - Cannot read IP mode file for STMicroelectronics.X-CUBE-AI.9.0.0
2024-05-06 19:24:46,801 [WARN] ConditionMgr:438 - getConditionDescription Invalid condition id : UX DEVICE CLASS RTOS Condition cause : null
2024-05-06 19:24:46,801 [WARN] ConditionMgr:438 - getConditionDescription Invalid condition id : UX DEVICE CLASS RTOS Condition cause : null
2024-05-06 19:24:46,803 [WARN] PackLoader:240 - Cannot read IP mode file for STMicroelectronics.X-CUBE-AZRTOS-H7.3.1.0
2024-05-06 19:24:46,803 [WARN] ConditionMgr:1039 - genDependencies : Invalid condition id : UX DEVICE CLASS RTOS Condition cause : null
2024-05-06 19:24:46,803 [WARN] ConditionMgr:1039 - genDependencies : Invalid condition id : UX DEVICE CLASS RTOS Condition cause : null
2024-05-06 19:24:46,804 [WARN] ConditionMgr:1039 - genDependencies : Invalid condition id : UX DEVICE CLASS RTOS Condition cause : null
2024-05-06 19:24:46,804 [WARN] ConditionMgr:1039 - genDependencies : Invalid condition id : UX DEVICE CLASS RTOS Condition cause : null
2024-05-06 19:24:46,804 [WARN] ConditionMgr:1039 - genDependencies : Invalid condition id : UX DEVICE CLASS RTOS Condition cause : null
2024-05-06 19:24:46,807 [WARN] PackLoader:240 - Cannot read IP mode file for wolfSSL.I-CUBE-wolfSSL.5.5.0
2024-05-06 19:24:46,811 [WARN] PackLoader:240 - Cannot read IP mode file for STMicroelectronics.X-CUBE-NFC7.1.0.1
2024-05-06 19:24:46,814 [WARN] PackLoader:240 - Cannot read IP mode file for STMicroelectronics.X-CUBE-NFC7.1.0.0
2024-05-06 19:24:46,820 [WARN] PackLoader:240 - Cannot read IP mode file for STMicroelectronics.X-CUBE-NFC6.3.0.0
2024-05-06 19:24:46,825 [WARN] PackLoader:240 - Cannot read IP mode file for STMicroelectronics.X-CUBE-EEPRMA1.4.1.0
2024-05-06 19:24:46,827 [WARN] PackLoader:240 - Cannot read IP mode file for STMicroelectronics.X-CUBE-AI.8.1.0
2024-05-06 19:24:46,837 [WARN] ConditionMgr:438 - getConditionDescription Invalid condition id : LAN8742 Phy interface Condition cause : null
2024-05-06 19:24:46,837 [WARN] PackLoader:240 - Cannot read IP mode file for STMicroelectronics.X-CUBE-AZRTOS-L4.2.0.0
2024-05-06 19:24:46,838 [WARN] ConditionMgr:1039 - genDependencies : Invalid condition id : LAN8742 Phy interface Condition cause : null
2024-05-06 19:24:46,838 [WARN] ConditionMgr:1039 - genDependencies : Invalid condition id : LAN8742 Phy interface Condition cause : null
2024-05-06 19:24:46,838 [WARN] ConditionMgr:1039 - genDependencies : Invalid condition id : LAN8742 Phy interface Condition cause : null
2024-05-06 19:24:46,843 [WARN] PackLoader:240 - Cannot read IP mode file for STMicroelectronics.X-CUBE-SFXS2LP1.4.0.0
2024-05-06 19:24:46,855 [WARN] PackLoader:240 - Cannot read IP mode file for STMicroelectronics.X-CUBE-AZRTOS-H7.3.0.0
2024-05-06 19:24:46,860 [WARN] PackLoader:240 - Cannot read IP mode file for STMicroelectronics.X-CUBE-ISPU.1.1.0
2024-05-06 19:24:46,867 [WARN] PackLoader:240 - Cannot read IP mode file for RoweBots.I-CUBE-UNISONRTOS.5.5.0-4
2024-05-06 19:24:46,876 [WARN] PackLoader:240 - Cannot read IP mode file for STMicroelectronics.X-CUBE-AI.8.0.0
2024-05-06 19:24:46,884 [WARN] ConditionMgr:438 - getConditionDescription Invalid condition id : UX DEVICE CLASS RTOS Condition cause : null
2024-05-06 19:24:46,884 [WARN] ConditionMgr:438 - getConditionDescription Invalid condition id : UX DEVICE CLASS RTOS Condition cause : null
2024-05-06 19:24:46,885 [WARN] PackLoader:240 - Cannot read IP mode file for STMicroelectronics.X-CUBE-AZRTOS-WB.2.0.0
2024-05-06 19:24:46,885 [WARN] ConditionMgr:1039 - genDependencies : Invalid condition id : UX DEVICE CLASS RTOS Condition cause : null
2024-05-06 19:24:46,885 [WARN] ConditionMgr:1039 - genDependencies : Invalid condition id : UX DEVICE CLASS RTOS Condition cause : null
2024-05-06 19:24:46,885 [WARN] ConditionMgr:1039 - genDependencies : Invalid condition id : UX DEVICE CLASS RTOS Condition cause : null
2024-05-06 19:24:46,885 [WARN] ConditionMgr:1039 - genDependencies : Invalid condition id : UX DEVICE CLASS RTOS Condition cause : null
2024-05-06 19:24:46,885 [WARN] ConditionMgr:1039 - genDependencies : Invalid condition id : UX DEVICE CLASS RTOS Condition cause : null
2024-05-06 19:24:46,890 [WARN] PackLoader:240 - Cannot read IP mode file for STMicroelectronics.X-CUBE-FREERTOS.1.0.0
2024-05-06 19:24:46,899 [WARN] PackLoader:240 - Cannot read IP mode file for STMicroelectronics.X-CUBE-FREERTOS.1.0.1
2024-05-06 19:24:46,907 [WARN] PackLoader:240 - Cannot read IP mode file for STMicroelectronics.X-CUBE-BLEMGR.1.0.0
2024-05-06 19:24:46,920 [WARN] PackLoader:240 - Cannot read IP mode file for STMicroelectronics.X-CUBE-AZRTOS-L5.1.1.0
2024-05-06 19:24:46,925 [WARN] PackLoader:240 - Cannot read IP mode file for STMicroelectronics.X-CUBE-AI.8.0.1
2024-05-06 19:24:46,936 [WARN] PackLoader:240 - Cannot read IP mode file for STMicroelectronics.X-CUBE-SUBG2.5.0.0
2024-05-06 19:24:46,945 [WARN] PackLoader:240 - Cannot read IP mode file for STMicroelectronics.X-CUBE-TOF1.3.3.1
2024-05-06 19:24:46,957 [WARN] PackLoader:240 - Cannot read IP mode file for STMicroelectronics.X-CUBE-AZRTOS-G4.2.0.0
2024-05-06 19:24:46,963 [WARN] PackLoader:240 - Cannot read IP mode file for STMicroelectronics.X-CUBE-TOF1.3.3.0
2024-05-06 19:24:46,976 [WARN] PackLoader:240 - Cannot read IP mode file for STMicroelectronics.FP-ATR-ASTRA1.1.1.1
2024-05-06 19:24:46,987 [WARN] PackLoader:240 - Cannot read IP mode file for Infineon.AIROC-Wi-Fi-Bluetooth-STM32.1.5.1
2024-05-06 19:24:46,991 [WARN] PackLoader:240 - Cannot read IP mode file for STMicroelectronics.FP-SNS-MOTENVWB1.1.3.1
2024-05-06 19:24:46,997 [WARN] PackLoader:240 - Cannot read IP mode file for STMicroelectronics.X-CUBE-AZRTOS-G4.1.0.0
2024-05-06 19:24:47,007 [WARN] PackLoader:240 - Cannot read IP mode file for STMicroelectronics.X-CUBE-AZRTOS-L4.1.0.0
2024-05-06 19:24:47,011 [WARN] PackLoader:240 - Cannot read IP mode file for STMicroelectronics.X-CUBE-ISPU.2.0.0
2024-05-06 19:24:47,031 [WARN] PackLoader:240 - Cannot read IP mode file for STMicroelectronics.X-CUBE-MEMS1.10.0.0
2024-05-06 19:24:47,086 [WARN] PackLoader:240 - Cannot read IP mode file for STMicroelectronics.X-CUBE-FREERTOS.1.1.0
2024-05-06 19:24:47,091 [WARN] PackLoader:240 - Cannot read IP mode file for STMicroelectronics.X-CUBE-AZRTOS-WL.1.0.0
2024-05-06 19:24:47,095 [WARN] PackLoader:240 - Cannot read IP mode file for portGmbH.I-Cube-SoM-uGOAL.1.1.0
2024-05-06 19:24:47,099 [WARN] PackLoader:240 - Cannot read IP mode file for STMicroelectronics.X-CUBE-ALS.1.0.1
2024-05-06 19:24:47,106 [WARN] PackLoader:240 - Cannot read IP mode file for STMicroelectronics.X-CUBE-AZRTOS-WB.1.1.0
2024-05-06 19:24:47,114 [WARN] PackLoader:240 - Cannot read IP mode file for STMicroelectronics.X-CUBE-AZRTOS-L5.1.0.0
2024-05-06 19:24:47,118 [WARN] PackLoader:240 - Cannot read IP mode file for STMicroelectronics.X-CUBE-EEPRMA1.3.1.1
2024-05-06 19:24:47,127 [WARN] PackLoader:240 - Cannot read IP mode file for STMicroelectronics.X-CUBE-AZRTOS-H7RS.1.0.0
2024-05-06 19:24:47,131 [WARN] PackLoader:240 - Cannot read IP mode file for STMicroelectronics.FP-ATR-ASTRA1.2.0.0
2024-05-06 19:24:47,136 [WARN] PackLoader:240 - Cannot read IP mode file for STMicroelectronics.X-CUBE-TOF1.3.4.0
2024-05-06 19:24:47,145 [WARN] PackLoader:240 - Cannot read IP mode file for STMicroelectronics.X-CUBE-TOF1.3.4.1
2024-05-06 19:24:47,158 [WARN] PackLoader:240 - Cannot read IP mode file for STMicroelectronics.X-CUBE-AZRTOS-H7.3.2.0
2024-05-06 19:24:47,160 [INFO] ThirdParty:978 - Integrity check success = true
2024-05-06 19:24:47,160 [INFO] IntegrityCheckThread:100 - exiting critical section [integrity check]
2024-05-06 19:24:47,160 [INFO] IntegrityCheckThread:103 - End integrity checks thread
