2024-06-08 18:36:35,013 [INFO] Activator:176 - 


2024-06-08 18:36:35,017 [INFO] Activator:177 - !SESSION log4j initialized
2024-06-08 18:36:40,447 [INFO] LogOutputStream:77 - [STDOUT_REDIRECT] 
2024-06-08 18:36:42,580 [INFO] ApplicationProperties:184 - Using Application install path: C:\ST\STM32CubeIDE_1.10.1\STM32CubeIDE\plugins\com.st.stm32cube.common.mx_6.11.1.202404110753
2024-06-08 18:36:42,597 [INFO] DbMcusXml:78 - Set database path to: C:\ST\STM32CubeIDE_1.10.1\STM32CubeIDE\plugins\com.st.stm32cube.common.mx_6.11.1.202404110753\\db\/mcu/
2024-06-08 18:36:42,597 [INFO] ApiDb:274 - Set plugin database path to: C:\ST\STM32CubeIDE_1.10.1\STM32CubeIDE\plugins\com.st.stm32cube.common.mx_6.11.1.202404110753\\db\/plugins/boardmanager/
2024-06-08 18:36:42,597 [WARN] ApiDb:259 - Overriding images path with different value:  => C:\ST\STM32CubeIDE_1.10.1\STM32CubeIDE\plugins\com.st.stm32cube.common.mx_6.11.1.202404110753\\db\/plugins/mcufinder/images/
2024-06-08 18:36:42,604 [INFO] ApiDb:250 - Set database path to: C:\Users\saksh\.stmcufinder\plugins\mcufinder//mcu/
2024-06-08 18:36:42,606 [INFO] DbMcusAds:125 - Set database path to: C:\Users\saksh\.stmcufinder\plugins\mcufinder//mcu/
2024-06-08 18:36:42,608 [INFO] CrossReferenceDbSqlite:203 - Set database path to: C:\Users\saksh\.stmcufinder\plugins\mcufinder//mcu/cs/
2024-06-08 18:36:42,704 [INFO] RulesReader:64 - Compatibility file has been processed (297 Rules)
2024-06-08 18:36:42,772 [INFO] DbMcusXml:78 - Set database path to: C:\ST\STM32CubeIDE_1.10.1\STM32CubeIDE\plugins\com.st.stm32cube.common.mx_6.11.1.202404110753\\db\/mcu/
2024-06-08 18:36:42,772 [INFO] ApiDb:274 - Set plugin database path to: C:\ST\STM32CubeIDE_1.10.1\STM32CubeIDE\plugins\com.st.stm32cube.common.mx_6.11.1.202404110753\\db\/plugins/boardmanager/
2024-06-08 18:36:42,772 [INFO] ApiDb:261 - Set plugin images path to: C:\ST\STM32CubeIDE_1.10.1\STM32CubeIDE\plugins\com.st.stm32cube.common.mx_6.11.1.202404110753\\db\/plugins/mcufinder/images/
2024-06-08 18:36:42,773 [WARN] DbFile:41 - Overriding database path with different value: C:\Users\saksh\.stmcufinder\plugins\mcufinder/ => C:\Users\saksh\.stmcufinder\plugins\mcufinder
2024-06-08 18:36:42,773 [INFO] ApiDb:250 - Set database path to: C:\Users\saksh\.stmcufinder\plugins\mcufinder//mcu/
2024-06-08 18:36:42,773 [WARN] DbFile:41 - Overriding database path with different value: C:\Users\saksh\.stmcufinder\plugins\mcufinder/ => C:\Users\saksh\.stmcufinder\plugins\mcufinder
2024-06-08 18:36:42,773 [INFO] DbMcusAds:125 - Set database path to: C:\Users\saksh\.stmcufinder\plugins\mcufinder//mcu/
2024-06-08 18:36:42,773 [WARN] DbFile:41 - Overriding database path with different value: C:\Users\saksh\.stmcufinder\plugins\mcufinder/ => C:\Users\saksh\.stmcufinder\plugins\mcufinder
2024-06-08 18:36:42,773 [WARN] DbFile:41 - Overriding database path with different value: C:\Users\saksh\.stmcufinder\plugins\mcufinder/ => C:\Users\saksh\.stmcufinder\plugins\mcufinder
2024-06-08 18:36:42,773 [INFO] CrossReferenceDbSqlite:203 - Set database path to: C:\Users\saksh\.stmcufinder\plugins\mcufinder//mcu/cs/
2024-06-08 18:36:42,842 [INFO] MainPanel:264 - HeapMemory: 268435456
2024-06-08 18:36:42,920 [INFO] DbMcusXml:78 - Set database path to: C:\ST\STM32CubeIDE_1.10.1\STM32CubeIDE\plugins\com.st.stm32cube.common.mx_6.11.1.202404110753\\db\/mcu/
2024-06-08 18:36:42,920 [INFO] ApiDb:274 - Set plugin database path to: C:\ST\STM32CubeIDE_1.10.1\STM32CubeIDE\plugins\com.st.stm32cube.common.mx_6.11.1.202404110753\\db\/plugins/boardmanager/
2024-06-08 18:36:42,920 [INFO] ApiDb:261 - Set plugin images path to: C:\ST\STM32CubeIDE_1.10.1\STM32CubeIDE\plugins\com.st.stm32cube.common.mx_6.11.1.202404110753\\db\/plugins/mcufinder/images/
2024-06-08 18:36:42,920 [WARN] DbFile:41 - Overriding database path with different value: C:\Users\saksh\.stmcufinder\plugins\mcufinder/ => C:\Users\saksh\.stmcufinder\plugins\mcufinder
2024-06-08 18:36:42,920 [INFO] ApiDb:250 - Set database path to: C:\Users\saksh\.stmcufinder\plugins\mcufinder//mcu/
2024-06-08 18:36:42,920 [WARN] DbFile:41 - Overriding database path with different value: C:\Users\saksh\.stmcufinder\plugins\mcufinder/ => C:\Users\saksh\.stmcufinder\plugins\mcufinder
2024-06-08 18:36:42,920 [INFO] DbMcusAds:125 - Set database path to: C:\Users\saksh\.stmcufinder\plugins\mcufinder//mcu/
2024-06-08 18:36:42,920 [WARN] DbFile:41 - Overriding database path with different value: C:\Users\saksh\.stmcufinder\plugins\mcufinder/ => C:\Users\saksh\.stmcufinder\plugins\mcufinder
2024-06-08 18:36:42,920 [WARN] DbFile:41 - Overriding database path with different value: C:\Users\saksh\.stmcufinder\plugins\mcufinder/ => C:\Users\saksh\.stmcufinder\plugins\mcufinder
2024-06-08 18:36:42,920 [INFO] CrossReferenceDbSqlite:203 - Set database path to: C:\Users\saksh\.stmcufinder\plugins\mcufinder//mcu/cs/
2024-06-08 18:36:42,934 [INFO] ApplicationProperties:184 - Using Application install path: C:\ST\STM32CubeIDE_1.10.1\STM32CubeIDE\plugins\com.st.stm32cube.common.mx_6.11.1.202404110753
2024-06-08 18:36:42,936 [INFO] PluginManage:196 - Search for loadable plugins [exclusion list=, ]
2024-06-08 18:36:42,937 [INFO] PluginManage:310 - Check plugin analytics
2024-06-08 18:36:43,062 [INFO] AnalyticsPlugin:253 - Accepted Software Licenses: 
2024-06-08 18:36:43,063 [INFO] AnalyticsPlugin:255 - Accepted CMSIS Pack Licenses: 
2024-06-08 18:36:43,063 [INFO] AnalyticsPlugin:257 - Accepted Firmware Licenses: FW.H7.1.10.0,FW.G4.1.5.0
2024-06-08 18:36:43,065 [INFO] PluginManage:359 - Loaded plugin analytics (category:tool,tabindex:-1)
2024-06-08 18:36:43,066 [INFO] PluginManage:310 - Check plugin cadmodel
2024-06-08 18:36:43,079 [INFO] CADModel:105 - Init CAD model plugin
2024-06-08 18:36:43,079 [INFO] PluginManage:359 - Loaded plugin cadmodel (category:power,tabindex:5)
2024-06-08 18:36:43,079 [INFO] PluginManage:310 - Check plugin clock
2024-06-08 18:36:43,098 [INFO] PluginManage:359 - Loaded plugin clock (category:base,tabindex:2)
2024-06-08 18:36:43,098 [INFO] PluginManage:310 - Check plugin ddr
2024-06-08 18:36:43,100 [INFO] PluginManage:359 - Loaded plugin ddr (category:tool,tabindex:6)
2024-06-08 18:36:43,100 [INFO] PluginManage:310 - Check plugin filemanager
2024-06-08 18:36:43,206 [INFO] PluginManage:359 - Loaded plugin filemanager (category:base,tabindex:10)
2024-06-08 18:36:43,206 [INFO] PluginManage:310 - Check plugin ipmanager
2024-06-08 18:36:43,211 [INFO] PluginManage:359 - Loaded plugin ipmanager (category:base,tabindex:5)
2024-06-08 18:36:43,211 [INFO] PluginManage:310 - Check plugin lpbam
2024-06-08 18:36:43,226 [INFO] PluginManage:359 - Loaded plugin lpbam (category:base,tabindex:0)
2024-06-08 18:36:43,227 [INFO] PluginManage:310 - Check plugin memorymap
2024-06-08 18:36:43,244 [INFO] PluginManage:359 - Loaded plugin memorymap (category:base,tabindex:4)
2024-06-08 18:36:43,245 [INFO] PluginManage:310 - Check plugin pinoutandconfiguration
2024-06-08 18:36:43,259 [INFO] PluginManage:359 - Loaded plugin pinoutandconfiguration (category:base,tabindex:1)
2024-06-08 18:36:43,259 [INFO] PluginManage:310 - Check plugin pinoutconfig
2024-06-08 18:36:43,342 [WARN] SupportedApi:132 - Cannot load RTOS API schema: s4s-elt-must-match.1: The content of 'definitions' must match (annotation?, (simpleType | complexType)?, (unique | key | keyref)*)). A problem was found starting at: attribute.
2024-06-08 18:36:43,446 [INFO] PluginManage:359 - Loaded plugin pinoutconfig (category:base,tabindex:0)
2024-06-08 18:36:43,446 [INFO] PluginManage:310 - Check plugin power
2024-06-08 18:36:43,463 [INFO] PluginManage:359 - Loaded plugin power (category:power,tabindex:4)
2024-06-08 18:36:43,463 [INFO] PluginManage:310 - Check plugin projectmanager
2024-06-08 18:36:43,475 [INFO] PluginManage:359 - Loaded plugin projectmanager (category:projectmanager,tabindex:3)
2024-06-08 18:36:43,475 [INFO] PluginManage:310 - Check plugin thirdparty
2024-06-08 18:36:43,699 [INFO] PluginManage:359 - Loaded plugin thirdparty (category:base,tabindex:-1)
2024-06-08 18:36:43,699 [INFO] PluginManage:310 - Check plugin tools
2024-06-08 18:36:43,699 [WARN] IntegrityCheckThread:84 - waiting for thirdparty lock release [integrity check]
2024-06-08 18:36:43,699 [INFO] IntegrityCheckThread:86 - entering critical section [integrity check]
2024-06-08 18:36:43,699 [INFO] ThirdPartyUpdaterWithRetryManager:70 - Updater plugin not ready yet. [1/15]
2024-06-08 18:36:43,733 [INFO] PluginManage:359 - Loaded plugin tools (category:base,tabindex:7)
2024-06-08 18:36:43,734 [INFO] PluginManage:310 - Check plugin tutovideos
2024-06-08 18:36:43,895 [INFO] PluginManage:359 - Loaded plugin tutovideos (category:base,tabindex:-1)
2024-06-08 18:36:43,896 [INFO] PluginManage:310 - Check plugin updater
2024-06-08 18:36:43,906 [INFO] PluginManage:359 - Loaded plugin updater (category:base,tabindex:12)
2024-06-08 18:36:43,906 [INFO] PluginManage:310 - Check plugin userauth
2024-06-08 18:36:43,911 [INFO] UserAuth:114 - Init User Auth plugin
2024-06-08 18:36:43,911 [INFO] PluginManage:359 - Loaded plugin userauth (category:base,tabindex:14)
2024-06-08 18:36:43,911 [INFO] PluginManage:283 - PluginManage : Loaded plugins [17]
2024-06-08 18:36:44,081 [INFO] PinOutPanel:1561 - setPackage(No Configuration,No Configuration)
2024-06-08 18:36:44,136 [INFO] CADModel:165 - CPN selected for project level
2024-06-08 18:36:44,136 [INFO] CADModel:114 - Register for checkConnection events
2024-06-08 18:36:44,159 [INFO] IPUIPlugin:80 - create IPUIPlugin
2024-06-08 18:36:44,159 [INFO] PluginManager:220 - loadIPPluginJar : add adc
2024-06-08 18:36:44,190 [INFO] IPUIPlugin:80 - create IPUIPlugin
2024-06-08 18:36:44,190 [INFO] PluginManager:220 - loadIPPluginJar : add aes
2024-06-08 18:36:44,226 [INFO] IPUIPlugin:80 - create IPUIPlugin
2024-06-08 18:36:44,226 [INFO] PluginManager:220 - loadIPPluginJar : add can
2024-06-08 18:36:44,244 [INFO] IPUIPlugin:80 - create IPUIPlugin
2024-06-08 18:36:44,245 [INFO] PluginManager:220 - loadIPPluginJar : add comp
2024-06-08 18:36:44,275 [INFO] IPUIPlugin:80 - create IPUIPlugin
2024-06-08 18:36:44,276 [INFO] PluginManager:220 - loadIPPluginJar : add cryp
2024-06-08 18:36:44,300 [INFO] IPUIPlugin:80 - create IPUIPlugin
2024-06-08 18:36:44,301 [INFO] PluginManager:220 - loadIPPluginJar : add dfsdm
2024-06-08 18:36:44,314 [INFO] IPUIPlugin:80 - create IPUIPlugin
2024-06-08 18:36:44,314 [INFO] PluginManager:220 - loadIPPluginJar : add dma
2024-06-08 18:36:44,351 [INFO] IPUIPlugin:80 - create IPUIPlugin
2024-06-08 18:36:44,351 [INFO] PluginManager:220 - loadIPPluginJar : add dma3
2024-06-08 18:36:44,387 [INFO] IPUIPlugin:80 - create IPUIPlugin
2024-06-08 18:36:44,387 [INFO] PluginManager:220 - loadIPPluginJar : add extmemmanager
2024-06-08 18:36:44,411 [INFO] IPUIPlugin:80 - create IPUIPlugin
2024-06-08 18:36:44,411 [INFO] PluginManager:220 - loadIPPluginJar : add fatfs
2024-06-08 18:36:44,448 [INFO] IPUIPlugin:80 - create IPUIPlugin
2024-06-08 18:36:44,448 [INFO] PluginManager:220 - loadIPPluginJar : add fmc
2024-06-08 18:36:44,461 [INFO] IPUIPlugin:80 - create IPUIPlugin
2024-06-08 18:36:44,461 [INFO] PluginManager:220 - loadIPPluginJar : add freertos
2024-06-08 18:36:44,477 [INFO] IPUIPlugin:80 - create IPUIPlugin
2024-06-08 18:36:44,477 [INFO] PluginManager:220 - loadIPPluginJar : add genericplugin
2024-06-08 18:36:44,558 [INFO] IPUIPlugin:80 - create IPUIPlugin
2024-06-08 18:36:44,559 [INFO] PluginManager:220 - loadIPPluginJar : add gfxmmu
2024-06-08 18:36:44,674 [INFO] IPUIPlugin:80 - create IPUIPlugin
2024-06-08 18:36:44,674 [INFO] PluginManager:220 - loadIPPluginJar : add gic
2024-06-08 18:36:44,684 [INFO] IPUIPlugin:80 - create IPUIPlugin
2024-06-08 18:36:44,684 [INFO] PluginManager:220 - loadIPPluginJar : add gpio
2024-06-08 18:36:44,767 [INFO] IPUIPlugin:80 - create IPUIPlugin
2024-06-08 18:36:44,767 [INFO] PluginManager:220 - loadIPPluginJar : add gtzc
2024-06-08 18:36:44,796 [INFO] IPUIPlugin:80 - create IPUIPlugin
2024-06-08 18:36:44,796 [INFO] PluginManager:220 - loadIPPluginJar : add hash
2024-06-08 18:36:44,841 [INFO] IPUIPlugin:80 - create IPUIPlugin
2024-06-08 18:36:44,841 [INFO] PluginManager:220 - loadIPPluginJar : add i2c
2024-06-08 18:36:44,872 [INFO] IPUIPlugin:80 - create IPUIPlugin
2024-06-08 18:36:44,872 [INFO] PluginManager:220 - loadIPPluginJar : add i2s
2024-06-08 18:36:44,907 [INFO] IPUIPlugin:80 - create IPUIPlugin
2024-06-08 18:36:44,907 [INFO] PluginManager:220 - loadIPPluginJar : add i3c
2024-06-08 18:36:44,998 [INFO] IPUIPlugin:80 - create IPUIPlugin
2024-06-08 18:36:44,998 [INFO] PluginManager:220 - loadIPPluginJar : add ipddr
2024-06-08 18:36:45,076 [INFO] IPUIPlugin:80 - create IPUIPlugin
2024-06-08 18:36:45,076 [INFO] PluginManager:220 - loadIPPluginJar : add linkedlist
2024-06-08 18:36:45,107 [INFO] IPUIPlugin:80 - create IPUIPlugin
2024-06-08 18:36:45,108 [INFO] PluginManager:220 - loadIPPluginJar : add lorawan
2024-06-08 18:36:45,141 [INFO] IPUIPlugin:80 - create IPUIPlugin
2024-06-08 18:36:45,141 [INFO] PluginManager:220 - loadIPPluginJar : add ltdc
2024-06-08 18:36:45,154 [INFO] IPUIPlugin:80 - create IPUIPlugin
2024-06-08 18:36:45,155 [INFO] PluginManager:220 - loadIPPluginJar : add mdma
2024-06-08 18:36:45,166 [INFO] IPUIPlugin:80 - create IPUIPlugin
2024-06-08 18:36:45,166 [INFO] PluginManager:220 - loadIPPluginJar : add nvic
2024-06-08 18:36:45,196 [INFO] IPUIPlugin:80 - create IPUIPlugin
2024-06-08 18:36:45,197 [INFO] PluginManager:220 - loadIPPluginJar : add opamp
2024-06-08 18:36:45,248 [INFO] IPUIPlugin:80 - create IPUIPlugin
2024-06-08 18:36:45,248 [INFO] PluginManager:220 - loadIPPluginJar : add openamp
2024-06-08 18:36:45,284 [INFO] IPUIPlugin:80 - create IPUIPlugin
2024-06-08 18:36:45,284 [INFO] PluginManager:220 - loadIPPluginJar : add pdm2pcm
2024-06-08 18:36:45,300 [INFO] IPUIPlugin:80 - create IPUIPlugin
2024-06-08 18:36:45,302 [INFO] PluginManager:220 - loadIPPluginJar : add plateformsettings
2024-06-08 18:36:45,319 [INFO] IPUIPlugin:80 - create IPUIPlugin
2024-06-08 18:36:45,319 [INFO] PluginManager:220 - loadIPPluginJar : add quadspi
2024-06-08 18:36:45,330 [INFO] IPUIPlugin:80 - create IPUIPlugin
2024-06-08 18:36:45,330 [INFO] PluginManager:220 - loadIPPluginJar : add resmgrutility
2024-06-08 18:36:45,378 [INFO] IPUIPlugin:80 - create IPUIPlugin
2024-06-08 18:36:45,378 [INFO] PluginManager:220 - loadIPPluginJar : add sai
2024-06-08 18:36:45,409 [INFO] IPUIPlugin:80 - create IPUIPlugin
2024-06-08 18:36:45,409 [INFO] PluginManager:220 - loadIPPluginJar : add spi
2024-06-08 18:36:45,472 [INFO] IPUIPlugin:80 - create IPUIPlugin
2024-06-08 18:36:45,472 [INFO] PluginManager:220 - loadIPPluginJar : add stm32_wpan
2024-06-08 18:36:45,491 [INFO] IPUIPlugin:80 - create IPUIPlugin
2024-06-08 18:36:45,491 [INFO] PluginManager:220 - loadIPPluginJar : add tim
2024-06-08 18:36:45,544 [INFO] IPUIPlugin:80 - create IPUIPlugin
2024-06-08 18:36:45,544 [INFO] PluginManager:220 - loadIPPluginJar : add touchsensing
2024-06-08 18:36:45,564 [INFO] IPUIPlugin:80 - create IPUIPlugin
2024-06-08 18:36:45,564 [INFO] PluginManager:220 - loadIPPluginJar : add tracer_emb
2024-06-08 18:36:45,584 [INFO] IPUIPlugin:80 - create IPUIPlugin
2024-06-08 18:36:45,584 [INFO] PluginManager:220 - loadIPPluginJar : add ts
2024-06-08 18:36:45,602 [INFO] IPUIPlugin:80 - create IPUIPlugin
2024-06-08 18:36:45,602 [INFO] PluginManager:220 - loadIPPluginJar : add tsc
2024-06-08 18:36:45,620 [INFO] IPUIPlugin:80 - create IPUIPlugin
2024-06-08 18:36:45,620 [INFO] PluginManager:220 - loadIPPluginJar : add ucpd
2024-06-08 18:36:45,656 [INFO] IPUIPlugin:80 - create IPUIPlugin
2024-06-08 18:36:45,656 [INFO] PluginManager:220 - loadIPPluginJar : add usart
2024-06-08 18:36:45,694 [INFO] IPUIPlugin:80 - create IPUIPlugin
2024-06-08 18:36:45,694 [INFO] PluginManager:220 - loadIPPluginJar : add usbx
2024-06-08 18:36:45,811 [INFO] CADModel:165 - CPN selected for project level
2024-06-08 18:36:45,811 [INFO] CADModel:114 - Register for checkConnection events
2024-06-08 18:36:45,811 [FATAL] Updater:308 - Updater called before beeing initialized
2024-06-08 18:36:45,812 [ERROR] CADModel:125 - Updater not yet initialized, retry later 
2024-06-08 18:36:45,926 [INFO] CADModel:165 - CPN selected for project level
2024-06-08 18:36:45,926 [INFO] CADModel:114 - Register for checkConnection events
2024-06-08 18:36:45,926 [FATAL] Updater:308 - Updater called before beeing initialized
2024-06-08 18:36:45,926 [ERROR] CADModel:125 - Updater not yet initialized, retry later 
2024-06-08 18:36:45,929 [FATAL] Updater:308 - Updater called before beeing initialized
2024-06-08 18:36:46,019 [FATAL] Updater:308 - Updater called before beeing initialized
2024-06-08 18:36:46,028 [INFO] DbMcusAds:53 - JSON generation date=Thu May 16 14:52:00 IST 2024 (1715851320852)
2024-06-08 18:36:46,028 [FATAL] Updater:308 - Updater called before beeing initialized
2024-06-08 18:36:46,098 [WARN] DetailPanel:346 - Failed to get advertising image, set to default
2024-06-08 18:36:46,200 [FATAL] Updater:308 - Updater called before beeing initialized
2024-06-08 18:36:46,203 [FATAL] Updater:308 - Updater called before beeing initialized
2024-06-08 18:36:46,203 [FATAL] Updater:308 - Updater called before beeing initialized
2024-06-08 18:36:46,203 [WARN] DetailPanel:346 - Failed to get advertising image, set to default
2024-06-08 18:36:46,204 [FATAL] Updater:308 - Updater called before beeing initialized
2024-06-08 18:36:46,276 [ERROR] Updater:1120 - MainUpdater not yet initialized. External WinMGr cannot be set.
2024-06-08 18:36:46,289 [INFO] Updater:1056 - Updater Version found : 6.11.1
2024-06-08 18:36:46,310 [INFO] ApplicationProperties:184 - Using Application install path: C:\ST\STM32CubeIDE_1.10.1\STM32CubeIDE\plugins\com.st.stm32cube.common.mx_6.11.1.202404110753
2024-06-08 18:36:46,701 [INFO] ThirdPartyUpdaterWithRetryManager:70 - Updater plugin not ready yet. [2/15]
2024-06-08 18:36:47,888 [ERROR] LogOutputStream:75 - [STDERR_REDIRECT] Jun 08, 2024 6:36:47 PM java.util.prefs.WindowsPreferences <init>
2024-06-08 18:36:47,888 [ERROR] LogOutputStream:75 - [STDERR_REDIRECT] WARNING: Could not open/create prefs root node Software\JavaSoft\Prefs at root 0xffffffff80000002. Windows RegCreateKeyEx(...) returned error code 5.
2024-06-08 18:36:47,889 [ERROR] LogOutputStream:75 - [STDERR_REDIRECT] 
2024-06-08 18:36:48,313 [INFO] MainUpdater:2873 - connection check result : 10
2024-06-08 18:36:48,314 [INFO] MainUpdater:290 - Updater Check For Update Now.
2024-06-08 18:36:48,314 [INFO] MicroXplorer:498 - Change Database Version : DB.6.0.111
2024-06-08 18:36:48,331 [INFO] McuFinderGlobals:63 - Set McuFinder mode to 2 (CubeIDE integrated)
2024-06-08 18:36:48,331 [INFO] UserAuth:179 - activating auth plugin
2024-06-08 18:36:48,334 [INFO] UserAuth:415 - Internet connection configuration mode: 1
2024-06-08 18:36:48,367 [INFO] JxBrowserEngine:152 - Initiate JxBrowser Engine with user profile folder
2024-06-08 18:36:48,520 [INFO] CheckServerUpdateThread:120 - End of CheckServer Thread
2024-06-08 18:36:49,874 [WARN] PackLoader:240 - Cannot read IP mode file for STMicroelectronics.FP-SNS-MOTENVWB1.1.4.0
2024-06-08 18:36:49,893 [WARN] PackLoader:240 - Cannot read IP mode file for STMicroelectronics.X-CUBE-SMBUS.2.1.0
2024-06-08 18:36:49,908 [WARN] PackLoader:240 - Cannot read IP mode file for STMicroelectronics.X-CUBE-TOUCHGFX.4.23.1
2024-06-08 18:36:49,918 [WARN] PackLoader:240 - Cannot read IP mode file for STMicroelectronics.X-CUBE-TOUCHGFX.4.23.0
2024-06-08 18:36:49,928 [WARN] PackLoader:240 - Cannot read IP mode file for STMicroelectronics.X-CUBE-TOUCHGFX.4.23.2
2024-06-08 18:36:49,967 [WARN] PackLoader:240 - Cannot read IP mode file for STMicroelectronics.X-CUBE-AZRTOS-F7.1.1.0
2024-06-08 18:36:49,986 [ERROR] RealEvaluatedCondition:428 - Found unsupported composite condition: CLASS='Data Exchange' GROUP='STM32_MetaDataManager'
2024-06-08 18:36:49,986 [ERROR] RealEvaluatedCondition:428 - Found unsupported composite condition: GROUP='STM32_MetaDataManager' CLASS='Data Exchange'
2024-06-08 18:36:49,988 [WARN] PackLoader:240 - Cannot read IP mode file for STMicroelectronics.FP-SNS-MOTENV1.4.3.0
2024-06-08 18:36:50,001 [WARN] PackLoader:240 - Cannot read IP mode file for STMicroelectronics.FP-SNS-MOTENV1.4.3.2
2024-06-08 18:36:50,014 [WARN] PackLoader:240 - Cannot read IP mode file for STMicroelectronics.FP-SNS-FLIGHT1.5.0.0
2024-06-08 18:36:50,028 [ERROR] RealEvaluatedCondition:428 - Found unsupported composite condition: CLASS='Data Exchange' GROUP='STM32_MetaDataManager'
2024-06-08 18:36:50,028 [ERROR] RealEvaluatedCondition:428 - Found unsupported composite condition: CLASS='Data Exchange' GROUP='STM32_MetaDataManager'
2024-06-08 18:36:50,029 [WARN] PackLoader:240 - Cannot read IP mode file for STMicroelectronics.FP-SNS-MOTENV1.4.3.1
2024-06-08 18:36:50,044 [WARN] PackLoader:240 - Cannot read IP mode file for STMicroelectronics.FP-SNS-FLIGHT1.5.0.1
2024-06-08 18:36:50,060 [WARN] PackLoader:240 - Cannot read IP mode file for STMicroelectronics.X-CUBE-BLE1.6.2.3
2024-06-08 18:36:50,074 [WARN] PackLoader:240 - Cannot read IP mode file for STMicroelectronics.X-CUBE-BLE1.6.2.4
2024-06-08 18:36:50,086 [WARN] PackLoader:240 - Cannot read IP mode file for STMicroelectronics.FP-SNS-FLIGHT1.5.0.2
2024-06-08 18:36:50,105 [WARN] PackLoader:240 - Cannot read IP mode file for STMicroelectronics.X-CUBE-TOF1.3.1.0
2024-06-08 18:36:50,125 [WARN] PackLoader:240 - Cannot read IP mode file for STMicroelectronics.X-CUBE-DISPLAY.3.0.0
2024-06-08 18:36:50,140 [WARN] PackLoader:240 - Cannot read IP mode file for STMicroelectronics.X-CUBE-BLE1.7.0.0
2024-06-08 18:36:50,150 [WARN] PackLoader:240 - Cannot read IP mode file for STMicroelectronics.X-CUBE-TOUCHGFX.4.22.0
2024-06-08 18:36:50,208 [WARN] PackLoader:240 - Cannot read IP mode file for STMicroelectronics.X-CUBE-MEMS1.9.3.0
2024-06-08 18:36:50,352 [WARN] PackLoader:240 - Cannot read IP mode file for STMicroelectronics.X-CUBE-AI.7.2.0
2024-06-08 18:36:50,370 [WARN] PackLoader:240 - Cannot read IP mode file for STMicroelectronics.X-CUBE-BLEMGR.3.1.0
2024-06-08 18:36:50,387 [WARN] PackLoader:240 - Cannot read IP mode file for STMicroelectronics.FP-SNS-SMARTAG2.1.2.0
2024-06-08 18:36:50,409 [INFO] LogOutputStream:77 - [STDOUT_REDIRECT] 1 : Invalid condition id : UX_CORESTACK_Condition cause : null
2024-06-08 18:36:50,409 [INFO] LogOutputStream:77 - [STDOUT_REDIRECT] 1 : Invalid condition id : UX_CORESTACK_Condition cause : null
2024-06-08 18:36:50,410 [INFO] LogOutputStream:77 - [STDOUT_REDIRECT] 1 : Invalid condition id : UX_CORESTACK_Condition cause : null
2024-06-08 18:36:50,411 [INFO] LogOutputStream:77 - [STDOUT_REDIRECT] 1 : Invalid condition id : UX_CORESTACK_Condition cause : null
2024-06-08 18:36:50,412 [INFO] LogOutputStream:77 - [STDOUT_REDIRECT] 1 : Invalid condition id : UX_CORESTACK_Condition cause : null
2024-06-08 18:36:50,415 [WARN] PackLoader:240 - Cannot read IP mode file for STMicroelectronics.X-CUBE-AZRTOS-WL.2.0.0
2024-06-08 18:36:50,430 [WARN] PackLoader:240 - Cannot read IP mode file for STMicroelectronics.FP-SNS-MOTENV1.5.0.0
2024-06-08 18:36:50,446 [WARN] PackLoader:240 - Cannot read IP mode file for wolfSSL.I-CUBE-wolfMQTT.1.19.0
2024-06-08 18:36:50,465 [WARN] PackLoader:240 - Cannot read IP mode file for WES.I-CUBE-Cesium.1.3.0
2024-06-08 18:36:50,479 [WARN] PackLoader:240 - Cannot read IP mode file for STMicroelectronics.X-CUBE-BLE2.3.3.0
2024-06-08 18:36:50,497 [WARN] PackLoader:240 - Cannot read IP mode file for STMicroelectronics.X-CUBE-DISPLAY.2.2.0
2024-06-08 18:36:50,523 [WARN] PackLoader:240 - Cannot read IP mode file for STMicroelectronics.X-CUBE-TOF1.3.2.0
2024-06-08 18:36:50,542 [WARN] PackLoader:240 - Cannot read IP mode file for STMicroelectronics.X-CUBE-ISPU.1.0.0
2024-06-08 18:36:50,587 [WARN] PackLoader:240 - Cannot read IP mode file for STMicroelectronics.X-CUBE-AZRTOS-H7.2.1.0
2024-06-08 18:36:50,609 [WARN] PackLoader:240 - Cannot read IP mode file for STMicroelectronics.X-CUBE-TCPP.4.1.0
2024-06-08 18:36:50,642 [WARN] PackLoader:240 - Cannot read IP mode file for STMicroelectronics.X-CUBE-TOUCHGFX.4.21.1
2024-06-08 18:36:50,658 [WARN] PackLoader:240 - Cannot read IP mode file for STMicroelectronics.X-CUBE-TOUCHGFX.4.21.3
2024-06-08 18:36:50,673 [WARN] PackLoader:240 - Cannot read IP mode file for STMicroelectronics.X-CUBE-TOUCHGFX.4.21.4
2024-06-08 18:36:50,709 [WARN] PackLoader:240 - Cannot read IP mode file for STMicroelectronics.X-CUBE-MEMS1.9.4.0
2024-06-08 18:36:50,807 [WARN] PackLoader:240 - Cannot read IP mode file for STMicroelectronics.X-CUBE-AI.7.3.0
2024-06-08 18:36:50,820 [WARN] PackLoader:240 - Cannot read IP mode file for STMicroelectronics.X-CUBE-ALGOBUILD.1.3.0
2024-06-08 18:36:50,844 [WARN] PackLoader:240 - Cannot read IP mode file for STMicroelectronics.X-CUBE-AZRTOS-G0.1.1.0
2024-06-08 18:36:50,858 [WARN] PackLoader:240 - Cannot read IP mode file for STMicroelectronics.X-CUBE-SAFEA1.1.2.2
2024-06-08 18:36:50,870 [WARN] PackLoader:240 - Cannot read IP mode file for STMicroelectronics.X-CUBE-NFC4.3.0.0
2024-06-08 18:36:50,907 [WARN] PackLoader:240 - Cannot read IP mode file for SEGGER.I-CUBE-embOS.1.2.0
2024-06-08 18:36:50,949 [WARN] PackLoader:240 - Cannot read IP mode file for STMicroelectronics.X-CUBE-BLEMGR.3.0.0
2024-06-08 18:36:50,974 [WARN] PackLoader:240 - Cannot read IP mode file for STMicroelectronics.X-CUBE-BLEMGR.1.3.0
2024-06-08 18:36:50,993 [WARN] PackLoader:240 - Cannot read IP mode file for STMicroelectronics.FP-ATR-SIGFOX1.3.2.0
2024-06-08 18:36:51,012 [WARN] PackLoader:240 - Cannot read IP mode file for STMicroelectronics.X-CUBE-EEPRMA1.5.1.0
2024-06-08 18:36:51,028 [WARN] PackLoader:240 - Cannot read IP mode file for emotas.I-CUBE-CANOPEN.1.1.2
2024-06-08 18:36:51,041 [WARN] PackLoader:240 - Cannot read IP mode file for STMicroelectronics.X-CUBE-TOUCHGFX.4.20.0
2024-06-08 18:36:51,090 [WARN] PackLoader:240 - Cannot read IP mode file for STMicroelectronics.X-CUBE-MEMS1.9.5.0
2024-06-08 18:36:51,222 [WARN] PackLoader:240 - Cannot read IP mode file for SEGGER.I-CUBE-embOS.1.3.1
2024-06-08 18:36:51,263 [WARN] PackLoader:240 - Cannot read IP mode file for STMicroelectronics.X-CUBE-ALGOBUILD.1.4.0
2024-06-08 18:36:51,276 [WARN] PackLoader:240 - Cannot read IP mode file for STMicroelectronics.X-CUBE-GNSS1.6.0.0
2024-06-08 18:36:51,305 [WARN] PackLoader:240 - Cannot read IP mode file for STMicroelectronics.X-CUBE-AZRTOS-F4.1.1.0
2024-06-08 18:36:51,318 [WARN] PackLoader:240 - Cannot read IP mode file for STMicroelectronics.X-CUBE-FREERTOS.1.2.0
2024-06-08 18:36:51,332 [WARN] PackLoader:240 - Cannot read IP mode file for STMicroelectronics.X-CUBE-BLEMGR.1.2.0
2024-06-08 18:36:51,360 [WARN] PackLoader:240 - Cannot read IP mode file for STMicroelectronics.X-CUBE-AZRTOS-L5.2.0.0
2024-06-08 18:36:51,406 [WARN] PackLoader:240 - Cannot read IP mode file for STMicroelectronics.X-CUBE-MEMS1.9.6.0
2024-06-08 18:36:51,516 [WARN] PackLoader:240 - Cannot read IP mode file for STMicroelectronics.X-CUBE-EEPRMA1.4.2.0
2024-06-08 18:36:51,529 [WARN] PackLoader:240 - Cannot read IP mode file for STMicroelectronics.X-CUBE-NFC6.3.1.0
2024-06-08 18:36:51,542 [WARN] PackLoader:240 - Cannot read IP mode file for ITTIA_DB.I-CUBE-ITTIADB.8.8.0
2024-06-08 18:36:51,554 [WARN] PackLoader:240 - Cannot read IP mode file for STMicroelectronics.X-CUBE-BLEMGR.2.0.0
2024-06-08 18:36:51,566 [WARN] PackLoader:240 - Cannot read IP mode file for STMicroelectronics.X-CUBE-NFC4.2.0.4
2024-06-08 18:36:51,577 [WARN] PackLoader:240 - Cannot read IP mode file for STMicroelectronics.X-CUBE-AI.9.0.0
2024-06-08 18:36:51,599 [WARN] ConditionMgr:438 - getConditionDescription Invalid condition id : UX DEVICE CLASS RTOS Condition cause : null
2024-06-08 18:36:51,599 [WARN] ConditionMgr:438 - getConditionDescription Invalid condition id : UX DEVICE CLASS RTOS Condition cause : null
2024-06-08 18:36:51,601 [WARN] PackLoader:240 - Cannot read IP mode file for STMicroelectronics.X-CUBE-AZRTOS-H7.3.1.0
2024-06-08 18:36:51,602 [WARN] ConditionMgr:1039 - genDependencies : Invalid condition id : UX DEVICE CLASS RTOS Condition cause : null
2024-06-08 18:36:51,602 [WARN] ConditionMgr:1039 - genDependencies : Invalid condition id : UX DEVICE CLASS RTOS Condition cause : null
2024-06-08 18:36:51,603 [WARN] ConditionMgr:1039 - genDependencies : Invalid condition id : UX DEVICE CLASS RTOS Condition cause : null
2024-06-08 18:36:51,603 [WARN] ConditionMgr:1039 - genDependencies : Invalid condition id : UX DEVICE CLASS RTOS Condition cause : null
2024-06-08 18:36:51,603 [WARN] ConditionMgr:1039 - genDependencies : Invalid condition id : UX DEVICE CLASS RTOS Condition cause : null
2024-06-08 18:36:51,615 [WARN] PackLoader:240 - Cannot read IP mode file for wolfSSL.I-CUBE-wolfSSL.5.5.0
2024-06-08 18:36:51,626 [WARN] PackLoader:240 - Cannot read IP mode file for STMicroelectronics.X-CUBE-NFC7.1.0.1
2024-06-08 18:36:51,637 [WARN] PackLoader:240 - Cannot read IP mode file for STMicroelectronics.X-CUBE-NFC7.1.0.0
2024-06-08 18:36:51,650 [WARN] PackLoader:240 - Cannot read IP mode file for STMicroelectronics.X-CUBE-NFC6.3.0.0
2024-06-08 18:36:51,661 [WARN] PackLoader:240 - Cannot read IP mode file for STMicroelectronics.X-CUBE-EEPRMA1.4.1.0
2024-06-08 18:36:51,672 [WARN] PackLoader:240 - Cannot read IP mode file for STMicroelectronics.X-CUBE-AI.8.1.0
2024-06-08 18:36:51,695 [WARN] ConditionMgr:438 - getConditionDescription Invalid condition id : LAN8742 Phy interface Condition cause : null
2024-06-08 18:36:51,696 [WARN] PackLoader:240 - Cannot read IP mode file for STMicroelectronics.X-CUBE-AZRTOS-L4.2.0.0
2024-06-08 18:36:51,697 [WARN] ConditionMgr:1039 - genDependencies : Invalid condition id : LAN8742 Phy interface Condition cause : null
2024-06-08 18:36:51,697 [WARN] ConditionMgr:1039 - genDependencies : Invalid condition id : LAN8742 Phy interface Condition cause : null
2024-06-08 18:36:51,698 [WARN] ConditionMgr:1039 - genDependencies : Invalid condition id : LAN8742 Phy interface Condition cause : null
2024-06-08 18:36:51,711 [WARN] PackLoader:240 - Cannot read IP mode file for STMicroelectronics.X-CUBE-SFXS2LP1.4.0.0
2024-06-08 18:36:51,734 [WARN] PackLoader:240 - Cannot read IP mode file for STMicroelectronics.X-CUBE-AZRTOS-H7.3.0.0
2024-06-08 18:36:51,747 [WARN] PackLoader:240 - Cannot read IP mode file for STMicroelectronics.X-CUBE-ISPU.1.1.0
2024-06-08 18:36:51,760 [WARN] PackLoader:240 - Cannot read IP mode file for RoweBots.I-CUBE-UNISONRTOS.5.5.0-4
2024-06-08 18:36:51,770 [WARN] PackLoader:240 - Cannot read IP mode file for STMicroelectronics.X-CUBE-AI.8.0.0
2024-06-08 18:36:51,791 [WARN] ConditionMgr:438 - getConditionDescription Invalid condition id : UX DEVICE CLASS RTOS Condition cause : null
2024-06-08 18:36:51,791 [WARN] ConditionMgr:438 - getConditionDescription Invalid condition id : UX DEVICE CLASS RTOS Condition cause : null
2024-06-08 18:36:51,795 [WARN] PackLoader:240 - Cannot read IP mode file for STMicroelectronics.X-CUBE-AZRTOS-WB.2.0.0
2024-06-08 18:36:51,795 [WARN] ConditionMgr:1039 - genDependencies : Invalid condition id : UX DEVICE CLASS RTOS Condition cause : null
2024-06-08 18:36:51,795 [WARN] ConditionMgr:1039 - genDependencies : Invalid condition id : UX DEVICE CLASS RTOS Condition cause : null
2024-06-08 18:36:51,795 [WARN] ConditionMgr:1039 - genDependencies : Invalid condition id : UX DEVICE CLASS RTOS Condition cause : null
2024-06-08 18:36:51,795 [WARN] ConditionMgr:1039 - genDependencies : Invalid condition id : UX DEVICE CLASS RTOS Condition cause : null
2024-06-08 18:36:51,795 [WARN] ConditionMgr:1039 - genDependencies : Invalid condition id : UX DEVICE CLASS RTOS Condition cause : null
2024-06-08 18:36:51,806 [WARN] PackLoader:240 - Cannot read IP mode file for STMicroelectronics.X-CUBE-FREERTOS.1.0.0
2024-06-08 18:36:51,817 [WARN] PackLoader:240 - Cannot read IP mode file for STMicroelectronics.X-CUBE-FREERTOS.1.0.1
2024-06-08 18:36:51,828 [WARN] PackLoader:240 - Cannot read IP mode file for STMicroelectronics.X-CUBE-BLEMGR.1.0.0
2024-06-08 18:36:51,850 [WARN] PackLoader:240 - Cannot read IP mode file for STMicroelectronics.X-CUBE-AZRTOS-L5.1.1.0
2024-06-08 18:36:51,864 [WARN] PackLoader:240 - Cannot read IP mode file for STMicroelectronics.X-CUBE-AI.8.0.1
2024-06-08 18:36:51,879 [WARN] PackLoader:240 - Cannot read IP mode file for STMicroelectronics.X-CUBE-SUBG2.5.0.0
2024-06-08 18:36:51,899 [WARN] PackLoader:240 - Cannot read IP mode file for STMicroelectronics.X-CUBE-TOF1.3.3.1
2024-06-08 18:36:51,921 [WARN] PackLoader:240 - Cannot read IP mode file for STMicroelectronics.X-CUBE-AZRTOS-G4.2.0.0
2024-06-08 18:36:51,934 [WARN] PackLoader:240 - Cannot read IP mode file for STMicroelectronics.X-CUBE-TOF1.3.3.0
2024-06-08 18:36:51,946 [WARN] PackLoader:240 - Cannot read IP mode file for STMicroelectronics.FP-ATR-ASTRA1.1.1.1
2024-06-08 18:36:51,962 [WARN] PackLoader:240 - Cannot read IP mode file for Infineon.AIROC-Wi-Fi-Bluetooth-STM32.1.5.1
2024-06-08 18:36:51,972 [WARN] PackLoader:240 - Cannot read IP mode file for STMicroelectronics.FP-SNS-MOTENVWB1.1.3.1
2024-06-08 18:36:51,991 [WARN] PackLoader:240 - Cannot read IP mode file for STMicroelectronics.X-CUBE-AZRTOS-G4.1.0.0
2024-06-08 18:36:52,011 [WARN] PackLoader:240 - Cannot read IP mode file for STMicroelectronics.X-CUBE-AZRTOS-L4.1.0.0
2024-06-08 18:36:52,021 [WARN] PackLoader:240 - Cannot read IP mode file for STMicroelectronics.X-CUBE-ISPU.2.0.0
2024-06-08 18:36:52,030 [WARN] PackLoader:240 - Cannot read IP mode file for STMicroelectronics.X-CUBE-ALS.1.0.2
2024-06-08 18:36:52,058 [WARN] PackLoader:240 - Cannot read IP mode file for STMicroelectronics.X-CUBE-MEMS1.10.0.0
2024-06-08 18:36:52,119 [WARN] PackLoader:240 - Cannot read IP mode file for STMicroelectronics.X-CUBE-FREERTOS.1.1.0
2024-06-08 18:36:52,134 [WARN] PackLoader:240 - Cannot read IP mode file for STMicroelectronics.X-CUBE-AZRTOS-WL.1.0.0
2024-06-08 18:36:52,144 [WARN] PackLoader:240 - Cannot read IP mode file for portGmbH.I-Cube-SoM-uGOAL.1.1.0
2024-06-08 18:36:52,154 [WARN] PackLoader:240 - Cannot read IP mode file for STMicroelectronics.X-CUBE-ALS.1.0.1
2024-06-08 18:36:52,186 [WARN] PackLoader:240 - Cannot read IP mode file for STMicroelectronics.X-CUBE-AZRTOS-WB.1.1.0
2024-06-08 18:36:52,204 [WARN] PackLoader:240 - Cannot read IP mode file for STMicroelectronics.X-CUBE-AZRTOS-L5.1.0.0
2024-06-08 18:36:52,214 [WARN] PackLoader:240 - Cannot read IP mode file for STMicroelectronics.X-CUBE-EEPRMA1.3.1.1
2024-06-08 18:36:52,344 [WARN] PackLoader:240 - Cannot read IP mode file for STMicroelectronics.X-CUBE-AZRTOS-H7RS.1.0.0
2024-06-08 18:36:52,354 [WARN] PackLoader:240 - Cannot read IP mode file for STMicroelectronics.FP-ATR-ASTRA1.2.0.0
2024-06-08 18:36:52,368 [WARN] PackLoader:240 - Cannot read IP mode file for STMicroelectronics.X-CUBE-TOF1.3.4.0
2024-06-08 18:36:52,558 [WARN] PackLoader:240 - Cannot read IP mode file for STMicroelectronics.X-CUBE-TOF1.3.4.1
2024-06-08 18:36:52,582 [WARN] PackLoader:240 - Cannot read IP mode file for STMicroelectronics.X-CUBE-AZRTOS-H7.3.2.0
2024-06-08 18:36:52,583 [INFO] ThirdParty:978 - Integrity check success = true
2024-06-08 18:36:52,583 [INFO] IntegrityCheckThread:100 - exiting critical section [integrity check]
2024-06-08 18:36:52,583 [INFO] IntegrityCheckThread:103 - End integrity checks thread
2024-06-08 18:36:52,879 [INFO] WebApp:161 - Instantiating new browser for Auth
2024-06-08 18:36:53,371 [INFO] WebApp:779 - Register for checkConnection events
2024-06-08 18:36:53,371 [INFO] WebApp:414 - Apply proxy settings
2024-06-08 18:36:53,371 [INFO] WebApp:499 - Chromium requires no authentication
2024-06-08 18:36:53,379 [INFO] WebApp:442 - Direct internet connection detected
2024-06-08 18:36:53,513 [INFO] WebApp:192 - Starting web application
2024-06-08 18:36:53,514 [INFO] WebApp:544 - Web application path used C:\ST\STM32CubeIDE_1.10.1\STM32CubeIDE\plugins\com.st.stm32cube.common.mx_6.11.1.202404110753\db\plugins\mcufinder\reactClient1\index.html
2024-06-08 18:42:06,394 [ERROR] LogOutputStream:75 - [STDERR_REDIRECT] 
