2025-02-06 12:04:05,313 [INFO] Activator:176 - 


2025-02-06 12:04:05,318 [INFO] Activator:177 - !SESSION log4j initialized
2025-02-06 12:04:11,395 [INFO] LogOutputStream:77 - [STDOUT_REDIRECT] 
2025-02-06 12:04:17,054 [INFO] ApplicationProperties:184 - Using Application install path: C:\ST\STM32CubeIDE_1.10.1\STM32CubeIDE\plugins\com.st.stm32cube.common.mx_6.11.1.202404110753
2025-02-06 12:04:17,066 [INFO] DbMcusXml:78 - Set database path to: C:\ST\STM32CubeIDE_1.10.1\STM32CubeIDE\plugins\com.st.stm32cube.common.mx_6.11.1.202404110753\\db\/mcu/
2025-02-06 12:04:17,066 [INFO] ApiDb:274 - Set plugin database path to: C:\ST\STM32CubeIDE_1.10.1\STM32CubeIDE\plugins\com.st.stm32cube.common.mx_6.11.1.202404110753\\db\/plugins/boardmanager/
2025-02-06 12:04:17,066 [WARN] ApiDb:259 - Overriding images path with different value:  => C:\ST\STM32CubeIDE_1.10.1\STM32CubeIDE\plugins\com.st.stm32cube.common.mx_6.11.1.202404110753\\db\/plugins/mcufinder/images/
2025-02-06 12:04:17,078 [INFO] ApiDb:250 - Set database path to: C:\Users\saksh\.stmcufinder\plugins\mcufinder//mcu/
2025-02-06 12:04:17,078 [INFO] DbMcusAds:125 - Set database path to: C:\Users\saksh\.stmcufinder\plugins\mcufinder//mcu/
2025-02-06 12:04:17,083 [INFO] CrossReferenceDbSqlite:203 - Set database path to: C:\Users\saksh\.stmcufinder\plugins\mcufinder//mcu/cs/
2025-02-06 12:04:17,208 [INFO] RulesReader:64 - Compatibility file has been processed (297 Rules)
2025-02-06 12:04:17,310 [INFO] DbMcusXml:78 - Set database path to: C:\ST\STM32CubeIDE_1.10.1\STM32CubeIDE\plugins\com.st.stm32cube.common.mx_6.11.1.202404110753\\db\/mcu/
2025-02-06 12:04:17,310 [INFO] ApiDb:274 - Set plugin database path to: C:\ST\STM32CubeIDE_1.10.1\STM32CubeIDE\plugins\com.st.stm32cube.common.mx_6.11.1.202404110753\\db\/plugins/boardmanager/
2025-02-06 12:04:17,310 [INFO] ApiDb:261 - Set plugin images path to: C:\ST\STM32CubeIDE_1.10.1\STM32CubeIDE\plugins\com.st.stm32cube.common.mx_6.11.1.202404110753\\db\/plugins/mcufinder/images/
2025-02-06 12:04:17,310 [WARN] DbFile:41 - Overriding database path with different value: C:\Users\saksh\.stmcufinder\plugins\mcufinder/ => C:\Users\saksh\.stmcufinder\plugins\mcufinder
2025-02-06 12:04:17,310 [INFO] ApiDb:250 - Set database path to: C:\Users\saksh\.stmcufinder\plugins\mcufinder//mcu/
2025-02-06 12:04:17,310 [WARN] DbFile:41 - Overriding database path with different value: C:\Users\saksh\.stmcufinder\plugins\mcufinder/ => C:\Users\saksh\.stmcufinder\plugins\mcufinder
2025-02-06 12:04:17,310 [INFO] DbMcusAds:125 - Set database path to: C:\Users\saksh\.stmcufinder\plugins\mcufinder//mcu/
2025-02-06 12:04:17,310 [WARN] DbFile:41 - Overriding database path with different value: C:\Users\saksh\.stmcufinder\plugins\mcufinder/ => C:\Users\saksh\.stmcufinder\plugins\mcufinder
2025-02-06 12:04:17,310 [WARN] DbFile:41 - Overriding database path with different value: C:\Users\saksh\.stmcufinder\plugins\mcufinder/ => C:\Users\saksh\.stmcufinder\plugins\mcufinder
2025-02-06 12:04:17,310 [INFO] CrossReferenceDbSqlite:203 - Set database path to: C:\Users\saksh\.stmcufinder\plugins\mcufinder//mcu/cs/
2025-02-06 12:04:17,388 [INFO] MainPanel:264 - HeapMemory: 268435456
2025-02-06 12:04:17,478 [INFO] DbMcusXml:78 - Set database path to: C:\ST\STM32CubeIDE_1.10.1\STM32CubeIDE\plugins\com.st.stm32cube.common.mx_6.11.1.202404110753\\db\/mcu/
2025-02-06 12:04:17,478 [INFO] ApiDb:274 - Set plugin database path to: C:\ST\STM32CubeIDE_1.10.1\STM32CubeIDE\plugins\com.st.stm32cube.common.mx_6.11.1.202404110753\\db\/plugins/boardmanager/
2025-02-06 12:04:17,478 [INFO] ApiDb:261 - Set plugin images path to: C:\ST\STM32CubeIDE_1.10.1\STM32CubeIDE\plugins\com.st.stm32cube.common.mx_6.11.1.202404110753\\db\/plugins/mcufinder/images/
2025-02-06 12:04:17,478 [WARN] DbFile:41 - Overriding database path with different value: C:\Users\saksh\.stmcufinder\plugins\mcufinder/ => C:\Users\saksh\.stmcufinder\plugins\mcufinder
2025-02-06 12:04:17,478 [INFO] ApiDb:250 - Set database path to: C:\Users\saksh\.stmcufinder\plugins\mcufinder//mcu/
2025-02-06 12:04:17,478 [WARN] DbFile:41 - Overriding database path with different value: C:\Users\saksh\.stmcufinder\plugins\mcufinder/ => C:\Users\saksh\.stmcufinder\plugins\mcufinder
2025-02-06 12:04:17,478 [INFO] DbMcusAds:125 - Set database path to: C:\Users\saksh\.stmcufinder\plugins\mcufinder//mcu/
2025-02-06 12:04:17,478 [WARN] DbFile:41 - Overriding database path with different value: C:\Users\saksh\.stmcufinder\plugins\mcufinder/ => C:\Users\saksh\.stmcufinder\plugins\mcufinder
2025-02-06 12:04:17,478 [WARN] DbFile:41 - Overriding database path with different value: C:\Users\saksh\.stmcufinder\plugins\mcufinder/ => C:\Users\saksh\.stmcufinder\plugins\mcufinder
2025-02-06 12:04:17,478 [INFO] CrossReferenceDbSqlite:203 - Set database path to: C:\Users\saksh\.stmcufinder\plugins\mcufinder//mcu/cs/
2025-02-06 12:04:17,498 [INFO] ApplicationProperties:184 - Using Application install path: C:\ST\STM32CubeIDE_1.10.1\STM32CubeIDE\plugins\com.st.stm32cube.common.mx_6.11.1.202404110753
2025-02-06 12:04:17,498 [INFO] PluginManage:196 - Search for loadable plugins [exclusion list=, ]
2025-02-06 12:04:17,498 [INFO] PluginManage:310 - Check plugin analytics
2025-02-06 12:04:17,655 [INFO] AnalyticsPlugin:253 - Accepted Software Licenses: 
2025-02-06 12:04:17,655 [INFO] AnalyticsPlugin:255 - Accepted CMSIS Pack Licenses: 
2025-02-06 12:04:17,655 [INFO] AnalyticsPlugin:257 - Accepted Firmware Licenses: FW.H7.1.10.0,FW.G4.1.5.0
2025-02-06 12:04:17,655 [INFO] PluginManage:359 - Loaded plugin analytics (category:tool,tabindex:-1)
2025-02-06 12:04:17,655 [INFO] PluginManage:310 - Check plugin cadmodel
2025-02-06 12:04:17,672 [INFO] CADModel:105 - Init CAD model plugin
2025-02-06 12:04:17,672 [INFO] PluginManage:359 - Loaded plugin cadmodel (category:power,tabindex:5)
2025-02-06 12:04:17,672 [INFO] PluginManage:310 - Check plugin clock
2025-02-06 12:04:17,693 [INFO] PluginManage:359 - Loaded plugin clock (category:base,tabindex:2)
2025-02-06 12:04:17,693 [INFO] PluginManage:310 - Check plugin ddr
2025-02-06 12:04:17,693 [INFO] PluginManage:359 - Loaded plugin ddr (category:tool,tabindex:6)
2025-02-06 12:04:17,693 [INFO] PluginManage:310 - Check plugin filemanager
2025-02-06 12:04:17,850 [INFO] PluginManage:359 - Loaded plugin filemanager (category:base,tabindex:10)
2025-02-06 12:04:17,850 [INFO] PluginManage:310 - Check plugin ipmanager
2025-02-06 12:04:17,858 [INFO] PluginManage:359 - Loaded plugin ipmanager (category:base,tabindex:5)
2025-02-06 12:04:17,858 [INFO] PluginManage:310 - Check plugin lpbam
2025-02-06 12:04:17,878 [INFO] PluginManage:359 - Loaded plugin lpbam (category:base,tabindex:0)
2025-02-06 12:04:17,878 [INFO] PluginManage:310 - Check plugin memorymap
2025-02-06 12:04:17,902 [INFO] PluginManage:359 - Loaded plugin memorymap (category:base,tabindex:4)
2025-02-06 12:04:17,902 [INFO] PluginManage:310 - Check plugin pinoutandconfiguration
2025-02-06 12:04:17,918 [INFO] PluginManage:359 - Loaded plugin pinoutandconfiguration (category:base,tabindex:1)
2025-02-06 12:04:17,918 [INFO] PluginManage:310 - Check plugin pinoutconfig
2025-02-06 12:04:17,999 [WARN] SupportedApi:132 - Cannot load RTOS API schema: s4s-elt-must-match.1: The content of 'definitions' must match (annotation?, (simpleType | complexType)?, (unique | key | keyref)*)). A problem was found starting at: attribute.
2025-02-06 12:04:18,136 [INFO] PluginManage:359 - Loaded plugin pinoutconfig (category:base,tabindex:0)
2025-02-06 12:04:18,136 [INFO] PluginManage:310 - Check plugin power
2025-02-06 12:04:18,153 [INFO] PluginManage:359 - Loaded plugin power (category:power,tabindex:4)
2025-02-06 12:04:18,153 [INFO] PluginManage:310 - Check plugin projectmanager
2025-02-06 12:04:18,175 [INFO] PluginManage:359 - Loaded plugin projectmanager (category:projectmanager,tabindex:3)
2025-02-06 12:04:18,175 [INFO] PluginManage:310 - Check plugin thirdparty
2025-02-06 12:04:18,493 [WARN] IntegrityCheckThread:84 - waiting for thirdparty lock release [integrity check]
2025-02-06 12:04:18,497 [INFO] PluginManage:359 - Loaded plugin thirdparty (category:base,tabindex:-1)
2025-02-06 12:04:18,497 [INFO] IntegrityCheckThread:86 - entering critical section [integrity check]
2025-02-06 12:04:18,497 [INFO] PluginManage:310 - Check plugin tools
2025-02-06 12:04:18,497 [INFO] ThirdPartyUpdaterWithRetryManager:70 - Updater plugin not ready yet. [1/15]
2025-02-06 12:04:18,533 [INFO] PluginManage:359 - Loaded plugin tools (category:base,tabindex:7)
2025-02-06 12:04:18,537 [INFO] PluginManage:310 - Check plugin tutovideos
2025-02-06 12:04:18,762 [INFO] PluginManage:359 - Loaded plugin tutovideos (category:base,tabindex:-1)
2025-02-06 12:04:18,762 [INFO] PluginManage:310 - Check plugin updater
2025-02-06 12:04:18,775 [INFO] PluginManage:359 - Loaded plugin updater (category:base,tabindex:12)
2025-02-06 12:04:18,775 [INFO] PluginManage:310 - Check plugin userauth
2025-02-06 12:04:18,783 [INFO] UserAuth:114 - Init User Auth plugin
2025-02-06 12:04:18,783 [INFO] PluginManage:359 - Loaded plugin userauth (category:base,tabindex:14)
2025-02-06 12:04:18,787 [INFO] PluginManage:283 - PluginManage : Loaded plugins [17]
2025-02-06 12:04:19,030 [INFO] PinOutPanel:1561 - setPackage(No Configuration,No Configuration)
2025-02-06 12:04:19,102 [INFO] CADModel:165 - CPN selected for project level
2025-02-06 12:04:19,102 [INFO] CADModel:114 - Register for checkConnection events
2025-02-06 12:04:19,135 [INFO] IPUIPlugin:80 - create IPUIPlugin
2025-02-06 12:04:19,135 [INFO] PluginManager:220 - loadIPPluginJar : add adc
2025-02-06 12:04:19,163 [INFO] IPUIPlugin:80 - create IPUIPlugin
2025-02-06 12:04:19,163 [INFO] PluginManager:220 - loadIPPluginJar : add aes
2025-02-06 12:04:19,197 [INFO] IPUIPlugin:80 - create IPUIPlugin
2025-02-06 12:04:19,197 [INFO] PluginManager:220 - loadIPPluginJar : add can
2025-02-06 12:04:19,213 [INFO] IPUIPlugin:80 - create IPUIPlugin
2025-02-06 12:04:19,213 [INFO] PluginManager:220 - loadIPPluginJar : add comp
2025-02-06 12:04:19,238 [INFO] IPUIPlugin:80 - create IPUIPlugin
2025-02-06 12:04:19,238 [INFO] PluginManager:220 - loadIPPluginJar : add cryp
2025-02-06 12:04:19,258 [INFO] IPUIPlugin:80 - create IPUIPlugin
2025-02-06 12:04:19,258 [INFO] PluginManager:220 - loadIPPluginJar : add dfsdm
2025-02-06 12:04:19,290 [INFO] IPUIPlugin:80 - create IPUIPlugin
2025-02-06 12:04:19,290 [INFO] PluginManager:220 - loadIPPluginJar : add dma
2025-02-06 12:04:19,322 [INFO] IPUIPlugin:80 - create IPUIPlugin
2025-02-06 12:04:19,322 [INFO] PluginManager:220 - loadIPPluginJar : add dma3
2025-02-06 12:04:19,427 [INFO] IPUIPlugin:80 - create IPUIPlugin
2025-02-06 12:04:19,427 [INFO] PluginManager:220 - loadIPPluginJar : add extmemmanager
2025-02-06 12:04:19,475 [INFO] IPUIPlugin:80 - create IPUIPlugin
2025-02-06 12:04:19,475 [INFO] PluginManager:220 - loadIPPluginJar : add fatfs
2025-02-06 12:04:19,586 [INFO] IPUIPlugin:80 - create IPUIPlugin
2025-02-06 12:04:19,586 [INFO] PluginManager:220 - loadIPPluginJar : add fmc
2025-02-06 12:04:19,648 [INFO] IPUIPlugin:80 - create IPUIPlugin
2025-02-06 12:04:19,648 [INFO] PluginManager:220 - loadIPPluginJar : add freertos
2025-02-06 12:04:19,672 [INFO] IPUIPlugin:80 - create IPUIPlugin
2025-02-06 12:04:19,672 [INFO] PluginManager:220 - loadIPPluginJar : add genericplugin
2025-02-06 12:04:19,800 [INFO] IPUIPlugin:80 - create IPUIPlugin
2025-02-06 12:04:19,800 [INFO] PluginManager:220 - loadIPPluginJar : add gfxmmu
2025-02-06 12:04:20,136 [INFO] IPUIPlugin:80 - create IPUIPlugin
2025-02-06 12:04:20,136 [INFO] PluginManager:220 - loadIPPluginJar : add gic
2025-02-06 12:04:20,197 [INFO] IPUIPlugin:80 - create IPUIPlugin
2025-02-06 12:04:20,197 [INFO] PluginManager:220 - loadIPPluginJar : add gpio
2025-02-06 12:04:20,336 [INFO] IPUIPlugin:80 - create IPUIPlugin
2025-02-06 12:04:20,336 [INFO] PluginManager:220 - loadIPPluginJar : add gtzc
2025-02-06 12:04:20,439 [INFO] IPUIPlugin:80 - create IPUIPlugin
2025-02-06 12:04:20,439 [INFO] PluginManager:220 - loadIPPluginJar : add hash
2025-02-06 12:04:20,567 [INFO] IPUIPlugin:80 - create IPUIPlugin
2025-02-06 12:04:20,572 [INFO] PluginManager:220 - loadIPPluginJar : add i2c
2025-02-06 12:04:20,690 [INFO] IPUIPlugin:80 - create IPUIPlugin
2025-02-06 12:04:20,690 [INFO] PluginManager:220 - loadIPPluginJar : add i2s
2025-02-06 12:04:20,788 [INFO] IPUIPlugin:80 - create IPUIPlugin
2025-02-06 12:04:20,788 [INFO] PluginManager:220 - loadIPPluginJar : add i3c
2025-02-06 12:04:20,978 [INFO] IPUIPlugin:80 - create IPUIPlugin
2025-02-06 12:04:20,978 [INFO] PluginManager:220 - loadIPPluginJar : add ipddr
2025-02-06 12:04:21,115 [INFO] IPUIPlugin:80 - create IPUIPlugin
2025-02-06 12:04:21,115 [INFO] PluginManager:220 - loadIPPluginJar : add linkedlist
2025-02-06 12:04:21,144 [INFO] IPUIPlugin:80 - create IPUIPlugin
2025-02-06 12:04:21,144 [INFO] PluginManager:220 - loadIPPluginJar : add lorawan
2025-02-06 12:04:21,230 [INFO] IPUIPlugin:80 - create IPUIPlugin
2025-02-06 12:04:21,234 [INFO] PluginManager:220 - loadIPPluginJar : add ltdc
2025-02-06 12:04:21,262 [INFO] IPUIPlugin:80 - create IPUIPlugin
2025-02-06 12:04:21,262 [INFO] PluginManager:220 - loadIPPluginJar : add mdma
2025-02-06 12:04:21,270 [INFO] IPUIPlugin:80 - create IPUIPlugin
2025-02-06 12:04:21,270 [INFO] PluginManager:220 - loadIPPluginJar : add nvic
2025-02-06 12:04:21,304 [INFO] IPUIPlugin:80 - create IPUIPlugin
2025-02-06 12:04:21,304 [INFO] PluginManager:220 - loadIPPluginJar : add opamp
2025-02-06 12:04:21,431 [INFO] IPUIPlugin:80 - create IPUIPlugin
2025-02-06 12:04:21,431 [INFO] PluginManager:220 - loadIPPluginJar : add openamp
2025-02-06 12:04:21,506 [INFO] ThirdPartyUpdaterWithRetryManager:70 - Updater plugin not ready yet. [2/15]
2025-02-06 12:04:21,565 [INFO] IPUIPlugin:80 - create IPUIPlugin
2025-02-06 12:04:21,565 [INFO] PluginManager:220 - loadIPPluginJar : add pdm2pcm
2025-02-06 12:04:21,583 [INFO] IPUIPlugin:80 - create IPUIPlugin
2025-02-06 12:04:21,587 [INFO] PluginManager:220 - loadIPPluginJar : add plateformsettings
2025-02-06 12:04:21,623 [INFO] IPUIPlugin:80 - create IPUIPlugin
2025-02-06 12:04:21,623 [INFO] PluginManager:220 - loadIPPluginJar : add quadspi
2025-02-06 12:04:21,652 [INFO] IPUIPlugin:80 - create IPUIPlugin
2025-02-06 12:04:21,652 [INFO] PluginManager:220 - loadIPPluginJar : add resmgrutility
2025-02-06 12:04:21,765 [INFO] IPUIPlugin:80 - create IPUIPlugin
2025-02-06 12:04:21,765 [INFO] PluginManager:220 - loadIPPluginJar : add sai
2025-02-06 12:04:21,906 [INFO] IPUIPlugin:80 - create IPUIPlugin
2025-02-06 12:04:21,906 [INFO] PluginManager:220 - loadIPPluginJar : add spi
2025-02-06 12:04:22,035 [INFO] IPUIPlugin:80 - create IPUIPlugin
2025-02-06 12:04:22,035 [INFO] PluginManager:220 - loadIPPluginJar : add stm32_wpan
2025-02-06 12:04:22,056 [INFO] IPUIPlugin:80 - create IPUIPlugin
2025-02-06 12:04:22,056 [INFO] PluginManager:220 - loadIPPluginJar : add tim
2025-02-06 12:04:22,180 [INFO] IPUIPlugin:80 - create IPUIPlugin
2025-02-06 12:04:22,180 [INFO] PluginManager:220 - loadIPPluginJar : add touchsensing
2025-02-06 12:04:22,246 [INFO] IPUIPlugin:80 - create IPUIPlugin
2025-02-06 12:04:22,246 [INFO] PluginManager:220 - loadIPPluginJar : add tracer_emb
2025-02-06 12:04:22,305 [INFO] IPUIPlugin:80 - create IPUIPlugin
2025-02-06 12:04:22,305 [INFO] PluginManager:220 - loadIPPluginJar : add ts
2025-02-06 12:04:22,356 [INFO] IPUIPlugin:80 - create IPUIPlugin
2025-02-06 12:04:22,356 [INFO] PluginManager:220 - loadIPPluginJar : add tsc
2025-02-06 12:04:22,407 [INFO] IPUIPlugin:80 - create IPUIPlugin
2025-02-06 12:04:22,407 [INFO] PluginManager:220 - loadIPPluginJar : add ucpd
2025-02-06 12:04:22,502 [INFO] IPUIPlugin:80 - create IPUIPlugin
2025-02-06 12:04:22,504 [INFO] PluginManager:220 - loadIPPluginJar : add usart
2025-02-06 12:04:22,606 [INFO] IPUIPlugin:80 - create IPUIPlugin
2025-02-06 12:04:22,606 [INFO] PluginManager:220 - loadIPPluginJar : add usbx
2025-02-06 12:04:22,728 [INFO] CADModel:165 - CPN selected for project level
2025-02-06 12:04:22,728 [INFO] CADModel:114 - Register for checkConnection events
2025-02-06 12:04:22,728 [FATAL] Updater:308 - Updater called before beeing initialized
2025-02-06 12:04:22,728 [ERROR] CADModel:125 - Updater not yet initialized, retry later 
2025-02-06 12:04:22,856 [INFO] CADModel:165 - CPN selected for project level
2025-02-06 12:04:22,856 [INFO] CADModel:114 - Register for checkConnection events
2025-02-06 12:04:22,856 [FATAL] Updater:308 - Updater called before beeing initialized
2025-02-06 12:04:22,856 [ERROR] CADModel:125 - Updater not yet initialized, retry later 
2025-02-06 12:04:22,856 [FATAL] Updater:308 - Updater called before beeing initialized
2025-02-06 12:04:22,955 [FATAL] Updater:308 - Updater called before beeing initialized
2025-02-06 12:04:22,964 [INFO] DbMcusAds:53 - JSON generation date=Tue Dec 17 21:31:15 IST 2024 (1734451275111)
2025-02-06 12:04:22,964 [FATAL] Updater:308 - Updater called before beeing initialized
2025-02-06 12:04:23,034 [WARN] DetailPanel:346 - Failed to get advertising image, set to default
2025-02-06 12:04:23,100 [FATAL] Updater:308 - Updater called before beeing initialized
2025-02-06 12:04:23,104 [FATAL] Updater:308 - Updater called before beeing initialized
2025-02-06 12:04:23,104 [FATAL] Updater:308 - Updater called before beeing initialized
2025-02-06 12:04:23,104 [WARN] DetailPanel:346 - Failed to get advertising image, set to default
2025-02-06 12:04:23,104 [FATAL] Updater:308 - Updater called before beeing initialized
2025-02-06 12:04:23,167 [ERROR] Updater:1120 - MainUpdater not yet initialized. External WinMGr cannot be set.
2025-02-06 12:04:23,175 [INFO] Updater:1056 - Updater Version found : 6.11.1
2025-02-06 12:04:23,192 [INFO] ApplicationProperties:184 - Using Application install path: C:\ST\STM32CubeIDE_1.10.1\STM32CubeIDE\plugins\com.st.stm32cube.common.mx_6.11.1.202404110753
2025-02-06 12:04:24,518 [INFO] ThirdPartyUpdaterWithRetryManager:70 - Updater plugin not ready yet. [3/15]
2025-02-06 12:04:24,841 [ERROR] LogOutputStream:75 - [STDERR_REDIRECT] Feb 06, 2025 12:04:24 PM java.util.prefs.WindowsPreferences <init>
2025-02-06 12:04:24,845 [ERROR] LogOutputStream:75 - [STDERR_REDIRECT] WARNING: Could not open/create prefs root node Software\JavaSoft\Prefs at root 0xffffffff80000002. Windows RegCreateKeyEx(...) returned error code 5.
2025-02-06 12:04:24,845 [ERROR] LogOutputStream:75 - [STDERR_REDIRECT] 
2025-02-06 12:04:25,962 [INFO] MainUpdater:2873 - connection check result : 10
2025-02-06 12:04:25,962 [INFO] MainUpdater:290 - Updater Check For Update Now.
2025-02-06 12:04:25,966 [INFO] MicroXplorer:498 - Change Database Version : DB.6.0.111
2025-02-06 12:04:26,011 [INFO] McuFinderGlobals:63 - Set McuFinder mode to 2 (CubeIDE integrated)
2025-02-06 12:04:26,036 [INFO] UserAuth:415 - Internet connection configuration mode: 1
2025-02-06 12:04:26,086 [INFO] JxBrowserEngine:152 - Initiate JxBrowser Engine with user profile folder
2025-02-06 12:04:26,256 [INFO] CheckServerUpdateThread:120 - End of CheckServer Thread
2025-02-06 12:04:27,776 [WARN] PackLoader:240 - Cannot read IP mode file for STMicroelectronics.FP-SNS-MOTENVWB1.1.4.0
2025-02-06 12:04:27,790 [WARN] PackLoader:240 - Cannot read IP mode file for STMicroelectronics.FP-ATR-ASTRA1.2.0.1
2025-02-06 12:04:27,803 [WARN] PackLoader:240 - Cannot read IP mode file for STMicroelectronics.X-CUBE-SMBUS.2.1.0
2025-02-06 12:04:27,819 [WARN] PackLoader:240 - Cannot read IP mode file for STMicroelectronics.X-CUBE-WB05N.1.1.0
2025-02-06 12:04:27,837 [WARN] PackLoader:240 - Cannot read IP mode file for STMicroelectronics.X-CUBE-TOUCHGFX.4.23.1
2025-02-06 12:04:27,850 [WARN] PackLoader:240 - Cannot read IP mode file for STMicroelectronics.X-CUBE-TOUCHGFX.4.23.0
2025-02-06 12:04:27,858 [WARN] PackLoader:240 - Cannot read IP mode file for STMicroelectronics.X-CUBE-TOUCHGFX.4.23.2
2025-02-06 12:04:27,889 [WARN] PackLoader:240 - Cannot read IP mode file for STMicroelectronics.X-CUBE-AZRTOS-F7.1.1.0
2025-02-06 12:04:27,906 [ERROR] RealEvaluatedCondition:428 - Found unsupported composite condition: CLASS='Data Exchange' GROUP='STM32_MetaDataManager'
2025-02-06 12:04:27,906 [ERROR] RealEvaluatedCondition:428 - Found unsupported composite condition: GROUP='STM32_MetaDataManager' CLASS='Data Exchange'
2025-02-06 12:04:27,908 [WARN] PackLoader:240 - Cannot read IP mode file for STMicroelectronics.FP-SNS-MOTENV1.4.3.0
2025-02-06 12:04:27,926 [WARN] PackLoader:240 - Cannot read IP mode file for STMicroelectronics.FP-SNS-MOTENV1.4.3.2
2025-02-06 12:04:27,942 [WARN] PackLoader:240 - Cannot read IP mode file for STMicroelectronics.FP-SNS-FLIGHT1.5.0.0
2025-02-06 12:04:27,954 [ERROR] RealEvaluatedCondition:428 - Found unsupported composite condition: CLASS='Data Exchange' GROUP='STM32_MetaDataManager'
2025-02-06 12:04:27,954 [ERROR] RealEvaluatedCondition:428 - Found unsupported composite condition: GROUP='STM32_MetaDataManager' CLASS='Data Exchange'
2025-02-06 12:04:27,954 [WARN] PackLoader:240 - Cannot read IP mode file for STMicroelectronics.FP-SNS-MOTENV1.4.3.1
2025-02-06 12:04:27,972 [WARN] PackLoader:240 - Cannot read IP mode file for STMicroelectronics.FP-SNS-FLIGHT1.5.0.1
2025-02-06 12:04:27,984 [WARN] PackLoader:240 - Cannot read IP mode file for STMicroelectronics.X-CUBE-BLE1.6.2.3
2025-02-06 12:04:28,035 [WARN] PackLoader:240 - Cannot read IP mode file for STMicroelectronics.X-CUBE-MEMS1.11.0.0
2025-02-06 12:04:28,189 [WARN] PackLoader:240 - Cannot read IP mode file for STMicroelectronics.X-CUBE-BLE1.6.2.4
2025-02-06 12:04:28,211 [WARN] PackLoader:240 - Cannot read IP mode file for STMicroelectronics.FP-SNS-FLIGHT1.5.0.2
2025-02-06 12:04:28,244 [WARN] PackLoader:240 - Cannot read IP mode file for STMicroelectronics.X-CUBE-TOF1.3.1.0
2025-02-06 12:04:28,276 [WARN] PackLoader:240 - Cannot read IP mode file for STMicroelectronics.X-CUBE-DISPLAY.3.0.0
2025-02-06 12:04:28,294 [WARN] PackLoader:240 - Cannot read IP mode file for STMicroelectronics.X-CUBE-BLE1.7.0.0
2025-02-06 12:04:28,319 [WARN] PackLoader:240 - Cannot read IP mode file for STMicroelectronics.X-CUBE-NFC10.1.0.0
2025-02-06 12:04:28,344 [WARN] PackLoader:240 - Cannot read IP mode file for STMicroelectronics.X-CUBE-BLEMGR.4.0.0
2025-02-06 12:04:28,365 [WARN] PackLoader:240 - Cannot read IP mode file for STMicroelectronics.X-CUBE-TOUCHGFX.4.22.0
2025-02-06 12:04:28,432 [WARN] PackLoader:240 - Cannot read IP mode file for STMicroelectronics.X-CUBE-MEMS1.9.3.0
2025-02-06 12:04:28,546 [WARN] PackLoader:240 - Cannot read IP mode file for STMicroelectronics.X-CUBE-AI.7.2.0
2025-02-06 12:04:28,562 [WARN] PackLoader:240 - Cannot read IP mode file for STMicroelectronics.X-CUBE-BLEMGR.3.1.0
2025-02-06 12:04:28,575 [WARN] PackLoader:240 - Cannot read IP mode file for STMicroelectronics.X-CUBE-AI.10.0.0
2025-02-06 12:04:28,632 [WARN] PackLoader:240 - Cannot read IP mode file for STMicroelectronics.FP-SNS-SMARTAG2.1.2.0
2025-02-06 12:04:28,738 [WARN] PackLoader:240 - Cannot read IP mode file for STMicroelectronics.X-CUBE-MEMS1.11.1.0
2025-02-06 12:04:29,029 [INFO] LogOutputStream:77 - [STDOUT_REDIRECT] 1 : Invalid condition id : UX_CORESTACK_Condition cause : null
2025-02-06 12:04:29,033 [INFO] LogOutputStream:77 - [STDOUT_REDIRECT] 1 : Invalid condition id : UX_CORESTACK_Condition cause : null
2025-02-06 12:04:29,041 [INFO] LogOutputStream:77 - [STDOUT_REDIRECT] 1 : Invalid condition id : UX_CORESTACK_Condition cause : null
2025-02-06 12:04:29,049 [INFO] LogOutputStream:77 - [STDOUT_REDIRECT] 1 : Invalid condition id : UX_CORESTACK_Condition cause : null
2025-02-06 12:04:29,049 [INFO] LogOutputStream:77 - [STDOUT_REDIRECT] 1 : Invalid condition id : UX_CORESTACK_Condition cause : null
2025-02-06 12:04:29,053 [WARN] PackLoader:240 - Cannot read IP mode file for STMicroelectronics.X-CUBE-AZRTOS-WL.2.0.0
2025-02-06 12:04:29,082 [WARN] PackLoader:240 - Cannot read IP mode file for STMicroelectronics.FP-SNS-MOTENV1.5.0.0
2025-02-06 12:04:29,102 [WARN] PackLoader:240 - Cannot read IP mode file for wolfSSL.I-CUBE-wolfMQTT.1.19.0
2025-02-06 12:04:29,134 [WARN] PackLoader:240 - Cannot read IP mode file for WES.I-CUBE-Cesium.1.3.0
2025-02-06 12:04:29,158 [WARN] PackLoader:240 - Cannot read IP mode file for STMicroelectronics.X-CUBE-BLE2.3.3.0
2025-02-06 12:04:29,186 [WARN] PackLoader:240 - Cannot read IP mode file for STMicroelectronics.X-CUBE-DISPLAY.2.2.0
2025-02-06 12:04:29,214 [WARN] PackLoader:240 - Cannot read IP mode file for STMicroelectronics.X-CUBE-TOF1.3.2.0
2025-02-06 12:04:29,230 [WARN] PackLoader:240 - Cannot read IP mode file for STMicroelectronics.X-CUBE-ISPU.1.0.0
2025-02-06 12:04:29,246 [WARN] PackLoader:240 - Cannot read IP mode file for STMicroelectronics.X-CUBE-NFC9.1.0.0
2025-02-06 12:04:29,306 [WARN] PackLoader:240 - Cannot read IP mode file for STMicroelectronics.X-CUBE-AZRTOS-H7.2.1.0
2025-02-06 12:04:29,358 [WARN] PackLoader:240 - Cannot read IP mode file for STMicroelectronics.X-CUBE-TCPP.4.1.0
2025-02-06 12:04:29,418 [WARN] PackLoader:240 - Cannot read IP mode file for STMicroelectronics.X-CUBE-TOUCHGFX.4.21.1
2025-02-06 12:04:29,430 [WARN] PackLoader:240 - Cannot read IP mode file for STMicroelectronics.X-CUBE-TOUCHGFX.4.21.3
2025-02-06 12:04:29,458 [WARN] PackLoader:240 - Cannot read IP mode file for STMicroelectronics.X-CUBE-TOUCHGFX.4.21.4
2025-02-06 12:04:29,518 [WARN] PackLoader:240 - Cannot read IP mode file for STMicroelectronics.X-CUBE-MEMS1.9.4.0
2025-02-06 12:04:29,784 [WARN] PackLoader:240 - Cannot read IP mode file for STMicroelectronics.X-CUBE-AI.7.3.0
2025-02-06 12:04:29,812 [WARN] PackLoader:240 - Cannot read IP mode file for STMicroelectronics.X-CUBE-ALGOBUILD.1.3.0
2025-02-06 12:04:29,854 [WARN] PackLoader:240 - Cannot read IP mode file for STMicroelectronics.X-CUBE-AZRTOS-G0.1.1.0
2025-02-06 12:04:29,879 [WARN] PackLoader:240 - Cannot read IP mode file for STMicroelectronics.X-CUBE-SAFEA1.1.2.2
2025-02-06 12:04:29,901 [WARN] PackLoader:240 - Cannot read IP mode file for STMicroelectronics.X-CUBE-NFC4.3.0.0
2025-02-06 12:04:29,980 [WARN] PackLoader:240 - Cannot read IP mode file for SEGGER.I-CUBE-embOS.1.2.0
2025-02-06 12:04:30,114 [WARN] PackLoader:240 - Cannot read IP mode file for EmbeddedOffice.I-CUBE-FS-RTOS.1.0.1
2025-02-06 12:04:30,118 [ERROR] ConditionMgr:805 - Attr not supported : Dmpu
2025-02-06 12:04:30,118 [ERROR] ConditionMgr:805 - Attr not supported : Dmpu
2025-02-06 12:04:30,118 [ERROR] ConditionMgr:805 - Attr not supported : Dmpu
2025-02-06 12:04:30,118 [ERROR] ConditionMgr:805 - Attr not supported : Dmpu
2025-02-06 12:04:30,118 [ERROR] ConditionMgr:805 - Attr not supported : Dmpu
2025-02-06 12:04:30,118 [ERROR] ConditionMgr:805 - Attr not supported : Dmpu
2025-02-06 12:04:30,118 [ERROR] ConditionMgr:805 - Attr not supported : Dmpu
2025-02-06 12:04:30,118 [ERROR] ConditionMgr:805 - Attr not supported : Dmpu
2025-02-06 12:04:30,118 [ERROR] ConditionMgr:805 - Attr not supported : Dmpu
2025-02-06 12:04:30,118 [ERROR] ConditionMgr:805 - Attr not supported : Dmpu
2025-02-06 12:04:30,118 [ERROR] ConditionMgr:805 - Attr not supported : Dmpu
2025-02-06 12:04:30,118 [ERROR] ConditionMgr:805 - Attr not supported : Dmpu
2025-02-06 12:04:30,118 [ERROR] ConditionMgr:805 - Attr not supported : Dmpu
2025-02-06 12:04:30,118 [ERROR] ConditionMgr:805 - Attr not supported : Dmpu
2025-02-06 12:04:30,118 [ERROR] ConditionMgr:805 - Attr not supported : Dmpu
2025-02-06 12:04:30,118 [ERROR] ConditionMgr:805 - Attr not supported : Dmpu
2025-02-06 12:04:30,118 [ERROR] ConditionMgr:805 - Attr not supported : Dmpu
2025-02-06 12:04:30,118 [ERROR] ConditionMgr:805 - Attr not supported : Dmpu
2025-02-06 12:04:30,118 [ERROR] ConditionMgr:805 - Attr not supported : Dmpu
2025-02-06 12:04:30,118 [ERROR] ConditionMgr:805 - Attr not supported : Dmpu
2025-02-06 12:04:30,118 [ERROR] ConditionMgr:805 - Attr not supported : Dmpu
2025-02-06 12:04:30,118 [ERROR] ConditionMgr:805 - Attr not supported : Dmpu
2025-02-06 12:04:30,118 [ERROR] ConditionMgr:805 - Attr not supported : Dmpu
2025-02-06 12:04:30,119 [ERROR] ConditionMgr:805 - Attr not supported : Dmpu
2025-02-06 12:04:30,119 [ERROR] ConditionMgr:805 - Attr not supported : Dmpu
2025-02-06 12:04:30,119 [ERROR] ConditionMgr:805 - Attr not supported : Dmpu
2025-02-06 12:04:30,119 [ERROR] ConditionMgr:805 - Attr not supported : Dmpu
2025-02-06 12:04:30,119 [ERROR] ConditionMgr:805 - Attr not supported : Dmpu
2025-02-06 12:04:30,119 [ERROR] ConditionMgr:805 - Attr not supported : Dmpu
2025-02-06 12:04:30,119 [ERROR] ConditionMgr:805 - Attr not supported : Dmpu
2025-02-06 12:04:30,119 [ERROR] ConditionMgr:805 - Attr not supported : Dmpu
2025-02-06 12:04:30,119 [ERROR] ConditionMgr:805 - Attr not supported : Dmpu
2025-02-06 12:04:30,119 [ERROR] ConditionMgr:805 - Attr not supported : Dmpu
2025-02-06 12:04:30,119 [ERROR] ConditionMgr:805 - Attr not supported : Dmpu
2025-02-06 12:04:30,119 [ERROR] ConditionMgr:805 - Attr not supported : Dmpu
2025-02-06 12:04:30,119 [ERROR] ConditionMgr:805 - Attr not supported : Dmpu
2025-02-06 12:04:30,119 [ERROR] ConditionMgr:805 - Attr not supported : Dmpu
2025-02-06 12:04:30,119 [ERROR] ConditionMgr:805 - Attr not supported : Dmpu
2025-02-06 12:04:30,119 [ERROR] ConditionMgr:805 - Attr not supported : Dmpu
2025-02-06 12:04:30,119 [ERROR] ConditionMgr:805 - Attr not supported : Dmpu
2025-02-06 12:04:30,119 [ERROR] ConditionMgr:805 - Attr not supported : Dmpu
2025-02-06 12:04:30,122 [ERROR] ConditionMgr:805 - Attr not supported : Dmpu
2025-02-06 12:04:30,122 [ERROR] ConditionMgr:805 - Attr not supported : Dmpu
2025-02-06 12:04:30,122 [ERROR] ConditionMgr:805 - Attr not supported : Dmpu
2025-02-06 12:04:30,122 [ERROR] ConditionMgr:805 - Attr not supported : Dmpu
2025-02-06 12:04:30,122 [ERROR] ConditionMgr:805 - Attr not supported : Dmpu
2025-02-06 12:04:30,122 [ERROR] ConditionMgr:805 - Attr not supported : Dmpu
2025-02-06 12:04:30,122 [ERROR] ConditionMgr:805 - Attr not supported : Dmpu
2025-02-06 12:04:30,122 [ERROR] ConditionMgr:805 - Attr not supported : Dmpu
2025-02-06 12:04:30,122 [ERROR] ConditionMgr:805 - Attr not supported : Dmpu
2025-02-06 12:04:30,122 [ERROR] ConditionMgr:805 - Attr not supported : Dmpu
2025-02-06 12:04:30,122 [ERROR] ConditionMgr:805 - Attr not supported : Dmpu
2025-02-06 12:04:30,122 [ERROR] ConditionMgr:805 - Attr not supported : Dmpu
2025-02-06 12:04:30,122 [ERROR] ConditionMgr:805 - Attr not supported : Dmpu
2025-02-06 12:04:30,122 [ERROR] ConditionMgr:805 - Attr not supported : Dmpu
2025-02-06 12:04:30,122 [ERROR] ConditionMgr:805 - Attr not supported : Dmpu
2025-02-06 12:04:30,122 [ERROR] ConditionMgr:805 - Attr not supported : Dmpu
2025-02-06 12:04:30,122 [ERROR] ConditionMgr:805 - Attr not supported : Dmpu
2025-02-06 12:04:30,122 [ERROR] ConditionMgr:805 - Attr not supported : Dmpu
2025-02-06 12:04:30,122 [ERROR] ConditionMgr:805 - Attr not supported : Dmpu
2025-02-06 12:04:30,122 [ERROR] ConditionMgr:805 - Attr not supported : Dmpu
2025-02-06 12:04:30,122 [ERROR] ConditionMgr:805 - Attr not supported : Dmpu
2025-02-06 12:04:30,122 [ERROR] ConditionMgr:805 - Attr not supported : Dmpu
2025-02-06 12:04:30,122 [ERROR] ConditionMgr:805 - Attr not supported : Dmpu
2025-02-06 12:04:30,138 [WARN] PackLoader:240 - Cannot read IP mode file for STMicroelectronics.X-CUBE-BLEMGR.3.0.0
2025-02-06 12:04:30,182 [WARN] PackLoader:240 - Cannot read IP mode file for STMicroelectronics.X-CUBE-BLEMGR.1.3.0
2025-02-06 12:04:30,230 [ERROR] Engine:466 - C:\Users\saksh\.stm32cubemx\thirdparties\pdsc\STMicroelectronics.X-CUBE-TCPP.4.2.0.pdsc: PDSC version is not supported
2025-02-06 12:04:30,258 [WARN] PackLoader:240 - Cannot read IP mode file for RealThread.X-CUBE-RT-Thread_Nano.4.1.1
2025-02-06 12:04:30,278 [WARN] PackLoader:240 - Cannot read IP mode file for STMicroelectronics.FP-ATR-SIGFOX1.3.2.0
2025-02-06 12:04:30,338 [WARN] ConditionMgr:438 - getConditionDescription Invalid condition id : Cortex-A Device cause : null
2025-02-06 12:04:30,413 [WARN] ConditionMgr:1039 - genDependencies : Invalid condition id : Cortex-A Device cause : null
2025-02-06 12:04:30,413 [WARN] ConditionMgr:1039 - genDependencies : Invalid condition id : Cortex-A Device cause : null
2025-02-06 12:04:30,413 [WARN] ConditionMgr:1039 - genDependencies : Invalid condition id : Cortex-A Device cause : null
2025-02-06 12:04:30,459 [WARN] PackLoader:240 - Cannot read IP mode file for STMicroelectronics.X-CUBE-EEPRMA1.5.1.0
2025-02-06 12:04:30,491 [WARN] PackLoader:240 - Cannot read IP mode file for emotas.I-CUBE-CANOPEN.1.1.2
2025-02-06 12:04:30,503 [WARN] PackLoader:240 - Cannot read IP mode file for STMicroelectronics.X-CUBE-TOUCHGFX.4.20.0
2025-02-06 12:04:30,579 [WARN] PackLoader:240 - Cannot read IP mode file for STMicroelectronics.X-CUBE-MEMS1.9.5.0
2025-02-06 12:04:30,978 [WARN] PackLoader:240 - Cannot read IP mode file for SEGGER.I-CUBE-embOS.1.3.1
2025-02-06 12:04:31,060 [WARN] PackLoader:240 - Cannot read IP mode file for STMicroelectronics.X-CUBE-ALGOBUILD.1.4.0
2025-02-06 12:04:31,080 [WARN] PackLoader:240 - Cannot read IP mode file for STMicroelectronics.X-CUBE-AI.9.1.0
2025-02-06 12:04:31,100 [WARN] PackLoader:240 - Cannot read IP mode file for STMicroelectronics.X-CUBE-GNSS1.6.0.0
2025-02-06 12:04:31,137 [WARN] PackLoader:240 - Cannot read IP mode file for STMicroelectronics.X-CUBE-AZRTOS-F4.1.1.0
2025-02-06 12:04:31,149 [WARN] PackLoader:240 - Cannot read IP mode file for STMicroelectronics.X-CUBE-ISPU.2.1.0
2025-02-06 12:04:31,157 [WARN] PackLoader:240 - Cannot read IP mode file for STMicroelectronics.X-CUBE-FREERTOS.1.2.0
2025-02-06 12:04:31,169 [WARN] PackLoader:240 - Cannot read IP mode file for STMicroelectronics.X-CUBE-BLEMGR.1.2.0
2025-02-06 12:04:31,241 [WARN] PackLoader:240 - Cannot read IP mode file for STMicroelectronics.X-CUBE-AZRTOS-L5.2.0.0
2025-02-06 12:04:31,293 [WARN] PackLoader:240 - Cannot read IP mode file for STMicroelectronics.X-CUBE-MEMS1.9.6.0
2025-02-06 12:04:31,706 [WARN] PackLoader:240 - Cannot read IP mode file for STMicroelectronics.X-CUBE-EEPRMA1.4.2.0
2025-02-06 12:04:31,734 [WARN] PackLoader:240 - Cannot read IP mode file for STMicroelectronics.X-CUBE-NFC6.3.1.0
2025-02-06 12:04:31,786 [WARN] PackLoader:240 - Cannot read IP mode file for ITTIA_DB.I-CUBE-ITTIADB.8.8.0
2025-02-06 12:04:31,802 [WARN] PackLoader:240 - Cannot read IP mode file for STMicroelectronics.X-CUBE-BLEMGR.2.0.0
2025-02-06 12:04:31,822 [WARN] PackLoader:240 - Cannot read IP mode file for STMicroelectronics.X-CUBE-DPower.1.2.0
2025-02-06 12:04:31,843 [WARN] PackLoader:240 - Cannot read IP mode file for STMicroelectronics.X-CUBE-NFC4.2.0.4
2025-02-06 12:04:31,875 [WARN] PackLoader:240 - Cannot read IP mode file for STMicroelectronics.X-CUBE-AI.9.0.0
2025-02-06 12:04:32,036 [WARN] ConditionMgr:438 - getConditionDescription Invalid condition id : UX DEVICE CLASS RTOS Condition cause : null
2025-02-06 12:04:32,036 [WARN] ConditionMgr:438 - getConditionDescription Invalid condition id : UX DEVICE CLASS RTOS Condition cause : null
2025-02-06 12:04:32,051 [WARN] PackLoader:240 - Cannot read IP mode file for STMicroelectronics.X-CUBE-AZRTOS-H7.3.1.0
2025-02-06 12:04:32,055 [WARN] ConditionMgr:1039 - genDependencies : Invalid condition id : UX DEVICE CLASS RTOS Condition cause : null
2025-02-06 12:04:32,055 [WARN] ConditionMgr:1039 - genDependencies : Invalid condition id : UX DEVICE CLASS RTOS Condition cause : null
2025-02-06 12:04:32,060 [WARN] ConditionMgr:1039 - genDependencies : Invalid condition id : UX DEVICE CLASS RTOS Condition cause : null
2025-02-06 12:04:32,060 [WARN] ConditionMgr:1039 - genDependencies : Invalid condition id : UX DEVICE CLASS RTOS Condition cause : null
2025-02-06 12:04:32,064 [WARN] ConditionMgr:1039 - genDependencies : Invalid condition id : UX DEVICE CLASS RTOS Condition cause : null
2025-02-06 12:04:32,104 [WARN] PackLoader:240 - Cannot read IP mode file for wolfSSL.I-CUBE-wolfSSL.5.5.0
2025-02-06 12:04:32,132 [WARN] PackLoader:240 - Cannot read IP mode file for STMicroelectronics.X-CUBE-FREERTOS.1.3.0
2025-02-06 12:04:32,168 [WARN] PackLoader:240 - Cannot read IP mode file for STMicroelectronics.X-CUBE-NFC7.1.0.1
2025-02-06 12:04:32,240 [WARN] PackLoader:240 - Cannot read IP mode file for STMicroelectronics.X-CUBE-NFC7.1.0.0
2025-02-06 12:04:32,329 [WARN] PackLoader:240 - Cannot read IP mode file for wolfSSL.I-CUBE-wolfTPM.3.2.0
2025-02-06 12:04:32,357 [WARN] PackLoader:240 - Cannot read IP mode file for STMicroelectronics.X-CUBE-NFC6.3.0.0
2025-02-06 12:04:32,409 [WARN] PackLoader:240 - Cannot read IP mode file for STMicroelectronics.X-CUBE-EEPRMA1.4.1.0
2025-02-06 12:04:32,462 [WARN] PackLoader:240 - Cannot read IP mode file for STMicroelectronics.X-CUBE-AI.8.1.0
2025-02-06 12:04:32,502 [WARN] ConditionMgr:438 - getConditionDescription Invalid condition id : LAN8742 Phy interface Condition cause : null
2025-02-06 12:04:32,502 [WARN] PackLoader:240 - Cannot read IP mode file for STMicroelectronics.X-CUBE-AZRTOS-L4.2.0.0
2025-02-06 12:04:32,502 [WARN] ConditionMgr:1039 - genDependencies : Invalid condition id : LAN8742 Phy interface Condition cause : null
2025-02-06 12:04:32,510 [WARN] ConditionMgr:1039 - genDependencies : Invalid condition id : LAN8742 Phy interface Condition cause : null
2025-02-06 12:04:32,510 [WARN] ConditionMgr:1039 - genDependencies : Invalid condition id : LAN8742 Phy interface Condition cause : null
2025-02-06 12:04:32,598 [WARN] PackLoader:240 - Cannot read IP mode file for STMicroelectronics.X-CUBE-SFXS2LP1.4.0.0
2025-02-06 12:04:32,678 [WARN] PackLoader:240 - Cannot read IP mode file for STMicroelectronics.X-CUBE-AZRTOS-H7.3.0.0
2025-02-06 12:04:32,711 [WARN] PackLoader:240 - Cannot read IP mode file for STMicroelectronics.X-CUBE-ISPU.1.1.0
2025-02-06 12:04:32,742 [WARN] PackLoader:240 - Cannot read IP mode file for STMicroelectronics.X-CUBE-AZRTOS-H7.3.3.0
2025-02-06 12:04:32,783 [WARN] PackLoader:240 - Cannot read IP mode file for RoweBots.I-CUBE-UNISONRTOS.5.5.0-4
2025-02-06 12:04:32,823 [WARN] PackLoader:240 - Cannot read IP mode file for STMicroelectronics.X-CUBE-AI.8.0.0
2025-02-06 12:04:32,919 [WARN] PackLoader:240 - Cannot read IP mode file for STMicroelectronics.X-CUBE-IPS.3.0.0
2025-02-06 12:04:32,975 [WARN] ConditionMgr:438 - getConditionDescription Invalid condition id : UX DEVICE CLASS RTOS Condition cause : null
2025-02-06 12:04:32,975 [WARN] ConditionMgr:438 - getConditionDescription Invalid condition id : UX DEVICE CLASS RTOS Condition cause : null
2025-02-06 12:04:32,979 [WARN] PackLoader:240 - Cannot read IP mode file for STMicroelectronics.X-CUBE-AZRTOS-WB.2.0.0
2025-02-06 12:04:32,979 [WARN] ConditionMgr:1039 - genDependencies : Invalid condition id : UX DEVICE CLASS RTOS Condition cause : null
2025-02-06 12:04:32,979 [WARN] ConditionMgr:1039 - genDependencies : Invalid condition id : UX DEVICE CLASS RTOS Condition cause : null
2025-02-06 12:04:32,979 [WARN] ConditionMgr:1039 - genDependencies : Invalid condition id : UX DEVICE CLASS RTOS Condition cause : null
2025-02-06 12:04:32,979 [WARN] ConditionMgr:1039 - genDependencies : Invalid condition id : UX DEVICE CLASS RTOS Condition cause : null
2025-02-06 12:04:32,979 [WARN] ConditionMgr:1039 - genDependencies : Invalid condition id : UX DEVICE CLASS RTOS Condition cause : null
2025-02-06 12:04:33,003 [WARN] PackLoader:240 - Cannot read IP mode file for STMicroelectronics.X-CUBE-FREERTOS.1.0.0
2025-02-06 12:04:33,027 [WARN] PackLoader:240 - Cannot read IP mode file for STMicroelectronics.X-CUBE-FREERTOS.1.0.1
2025-02-06 12:04:33,063 [WARN] PackLoader:240 - Cannot read IP mode file for STMicroelectronics.X-CUBE-GNSS1.7.0.0
2025-02-06 12:04:33,139 [WARN] PackLoader:240 - Cannot read IP mode file for STMicroelectronics.X-CUBE-GNSS1.7.0.1
2025-02-06 12:04:33,183 [WARN] PackLoader:240 - Cannot read IP mode file for STMicroelectronics.X-CUBE-BLEMGR.1.0.0
2025-02-06 12:04:33,239 [WARN] PackLoader:240 - Cannot read IP mode file for STMicroelectronics.FP-SNS-STBOX1.2.0.0
2025-02-06 12:04:33,303 [WARN] PackLoader:240 - Cannot read IP mode file for STMicroelectronics.X-CUBE-AZRTOS-L5.1.1.0
2025-02-06 12:04:33,315 [WARN] PackLoader:240 - Cannot read IP mode file for STMicroelectronics.X-CUBE-AI.8.0.1
2025-02-06 12:04:33,331 [WARN] PackLoader:240 - Cannot read IP mode file for STMicroelectronics.X-CUBE-SUBG2.5.0.0
2025-02-06 12:04:33,355 [WARN] PackLoader:240 - Cannot read IP mode file for STMicroelectronics.X-CUBE-TOF1.3.3.1
2025-02-06 12:04:33,387 [WARN] PackLoader:240 - Cannot read IP mode file for STMicroelectronics.X-CUBE-AZRTOS-G4.2.0.0
2025-02-06 12:04:33,399 [WARN] PackLoader:240 - Cannot read IP mode file for STMicroelectronics.X-CUBE-TOF1.3.3.0
2025-02-06 12:04:33,451 [WARN] PackLoader:240 - Cannot read IP mode file for STMicroelectronics.FP-ATR-ASTRA1.1.1.1
2025-02-06 12:04:33,499 [WARN] PackLoader:240 - Cannot read IP mode file for Infineon.AIROC-Wi-Fi-Bluetooth-STM32.1.5.1
2025-02-06 12:04:33,527 [WARN] PackLoader:240 - Cannot read IP mode file for STMicroelectronics.FP-SNS-MOTENVWB1.1.3.1
2025-02-06 12:04:33,583 [WARN] PackLoader:240 - Cannot read IP mode file for STMicroelectronics.X-CUBE-AZRTOS-G4.1.0.0
2025-02-06 12:04:33,651 [WARN] PackLoader:240 - Cannot read IP mode file for STMicroelectronics.X-CUBE-AZRTOS-L4.1.0.0
2025-02-06 12:04:33,692 [WARN] PackLoader:240 - Cannot read IP mode file for STMicroelectronics.X-CUBE-ISPU.2.0.0
2025-02-06 12:04:33,760 [ERROR] Engine:466 - C:\Users\saksh\.stm32cubemx\thirdparties\pdsc\STMicroelectronics.X-CUBE-IPS.3.1.0.pdsc: PDSC version is not supported
2025-02-06 12:04:33,799 [WARN] PackLoader:240 - Cannot read IP mode file for STMicroelectronics.X-CUBE-ALS.1.0.2
2025-02-06 12:04:33,903 [WARN] PackLoader:240 - Cannot read IP mode file for STMicroelectronics.X-CUBE-MEMS1.10.0.0
2025-02-06 12:04:34,043 [WARN] PackLoader:240 - Cannot read IP mode file for STMicroelectronics.X-CUBE-FREERTOS.1.1.0
2025-02-06 12:04:34,104 [WARN] PackLoader:240 - Cannot read IP mode file for STMicroelectronics.X-CUBE-TOUCHGFX.4.24.0
2025-02-06 12:04:34,128 [WARN] PackLoader:240 - Cannot read IP mode file for STMicroelectronics.X-CUBE-TOUCHGFX.4.24.2
2025-02-06 12:04:34,172 [WARN] PackLoader:240 - Cannot read IP mode file for STMicroelectronics.X-CUBE-AZRTOS-WL.1.0.0
2025-02-06 12:04:34,244 [WARN] PackLoader:240 - Cannot read IP mode file for STMicroelectronics.X-CUBE-TOUCHGFX.4.24.1
2025-02-06 12:04:34,316 [WARN] PackLoader:240 - Cannot read IP mode file for portGmbH.I-Cube-SoM-uGOAL.1.1.0
2025-02-06 12:04:34,352 [WARN] PackLoader:240 - Cannot read IP mode file for STMicroelectronics.X-CUBE-ALS.1.0.1
2025-02-06 12:04:34,372 [WARN] PackLoader:240 - Cannot read IP mode file for STMicroelectronics.X-CUBE-AZRTOS-WB.1.1.0
2025-02-06 12:04:34,396 [WARN] PackLoader:240 - Cannot read IP mode file for STMicroelectronics.X-CUBE-AZRTOS-L5.1.0.0
2025-02-06 12:04:34,412 [WARN] PackLoader:240 - Cannot read IP mode file for STMicroelectronics.X-CUBE-EEPRMA1.3.1.1
2025-02-06 12:04:34,448 [WARN] PackLoader:240 - Cannot read IP mode file for STMicroelectronics.X-CUBE-AZRTOS-H7RS.1.0.0
2025-02-06 12:04:34,477 [WARN] PackLoader:240 - Cannot read IP mode file for STMicroelectronics.FP-ATR-ASTRA1.2.0.0
2025-02-06 12:04:34,508 [WARN] PackLoader:240 - Cannot read IP mode file for STMicroelectronics.X-CUBE-TOF1.3.4.2
2025-02-06 12:04:34,620 [WARN] PackLoader:240 - Cannot read IP mode file for STMicroelectronics.X-CUBE-TOF1.3.4.0
2025-02-06 12:04:34,640 [WARN] PackLoader:240 - Cannot read IP mode file for STMicroelectronics.X-CUBE-TOF1.3.4.1
2025-02-06 12:04:34,664 [WARN] PackLoader:240 - Cannot read IP mode file for STMicroelectronics.X-CUBE-AZRTOS-H7.3.2.0
2025-02-06 12:04:34,689 [WARN] PackLoader:240 - Cannot read IP mode file for wolfSSL.I-CUBE-wolfSSH.1.4.17
2025-02-06 12:04:34,693 [INFO] ThirdParty:978 - Integrity check success = true
2025-02-06 12:04:34,693 [INFO] IntegrityCheckThread:100 - exiting critical section [integrity check]
2025-02-06 12:04:34,693 [INFO] IntegrityCheckThread:103 - End integrity checks thread
2025-02-06 12:06:30,608 [INFO] McuFinderGlobals:63 - Set McuFinder mode to 2 (CubeIDE integrated)
2025-02-06 12:06:30,628 [INFO] MainUpdater:2873 - connection check result : 10
2025-02-06 12:06:30,633 [INFO] MainUpdater:2873 - connection check result : 10
2025-02-06 12:06:30,764 [INFO] MicroXplorer:468 - Change Database Path : 
2025-02-06 12:06:30,764 [INFO] MicroXplorer:498 - Change Database Version : DB.6.0.111
2025-02-06 12:06:30,770 [WARN] ThirdParty:871 - waiting for thirdparty lock release [close project]
2025-02-06 12:06:30,770 [INFO] ThirdParty:873 - entering critical section [close project]
2025-02-06 12:06:30,771 [INFO] ThirdParty:883 - exiting critical section [close project]
2025-02-06 12:06:30,772 [INFO] PinOutPanel:1561 - setPackage(No Configuration,No Configuration)
2025-02-06 12:06:30,774 [INFO] UtilMem:75 - Begin LoadConfig() Used Memory: 203220104 Bytes (346030080)
2025-02-06 12:06:30,775 [INFO] MicroXplorer:468 - Change Database Path : 
2025-02-06 12:06:30,775 [INFO] MicroXplorer:498 - Change Database Version : DB.6.0.111
2025-02-06 12:06:30,775 [INFO] OpenFileManager:312 - Change cursor
2025-02-06 12:06:30,817 [INFO] Mcu:2021 - Initializing MCU STM32G474R(B-C-E)Tx STM32G474RETx STM32G474RET6
2025-02-06 12:06:34,334 [INFO] Context:663 - Trying to add GPIOservice into a context  which must be forbidden
2025-02-06 12:06:35,935 [INFO] RtosManager:555 - Registered RTOS mode: class=CMSIS, group=RTOS, mode=CMSIS_V1, owner=FREERTOS
2025-02-06 12:06:35,935 [INFO] RtosManager:555 - Registered RTOS mode: class=CMSIS, group=RTOS2, mode=CMSIS_V2, owner=FREERTOS
2025-02-06 12:06:35,935 [INFO] RtosManager:555 - Registered RTOS mode: class=RTOS, group=Core, mode=CMSIS_V1, owner=FREERTOS
2025-02-06 12:06:35,935 [INFO] RtosManager:555 - Registered RTOS mode: class=RTOS, group=Core, mode=CMSIS_V2, owner=FREERTOS
2025-02-06 12:06:35,935 [WARN] ModelIntegratedComponent:184 - Missing modes for component STMicroelectronics:FreeRTOS:0.0.1:STMicroelectronics:RTOS:FreeRTOS:Core:::10.2.0:
2025-02-06 12:06:35,940 [WARN] ModelIntegratedComponent:63 - No mode defined for component null
2025-02-06 12:06:35,940 [WARN] ModelIntegratedComponent:63 - No mode defined for component null
2025-02-06 12:06:35,940 [WARN] ModelIntegratedComponent:63 - No mode defined for component null
2025-02-06 12:06:35,940 [WARN] ModelIntegratedComponent:63 - No mode defined for component null
2025-02-06 12:06:35,940 [WARN] ModelIntegratedComponent:63 - No mode defined for component null
2025-02-06 12:06:35,940 [WARN] ModelIntegratedComponent:63 - No mode defined for component null
2025-02-06 12:06:35,940 [WARN] ModelIntegratedComponent:63 - No mode defined for component null
2025-02-06 12:06:35,940 [WARN] ModelIntegratedComponent:63 - No mode defined for component null
2025-02-06 12:06:35,940 [WARN] ModelIntegratedComponent:63 - No mode defined for component null
2025-02-06 12:06:35,940 [WARN] ModelIntegratedComponent:63 - No mode defined for component null
2025-02-06 12:06:35,940 [WARN] ModelIntegratedComponent:63 - No mode defined for component null
2025-02-06 12:06:35,940 [WARN] ModelIntegratedComponent:63 - No mode defined for component null
2025-02-06 12:06:35,940 [WARN] ModelIntegratedComponent:63 - No mode defined for component null
2025-02-06 12:06:35,940 [WARN] ModelIntegratedComponent:63 - No mode defined for component null
2025-02-06 12:06:35,940 [WARN] ModelIntegratedComponent:63 - No mode defined for component null
2025-02-06 12:06:35,940 [WARN] ModelIntegratedComponent:63 - No mode defined for component null
2025-02-06 12:06:35,940 [WARN] ModelIntegratedComponent:63 - No mode defined for component null
2025-02-06 12:06:35,940 [WARN] ModelIntegratedComponent:63 - No mode defined for component null
2025-02-06 12:06:35,940 [WARN] ModelIntegratedComponent:63 - No mode defined for component null
2025-02-06 12:06:35,940 [WARN] ModelIntegratedComponent:63 - No mode defined for component null
2025-02-06 12:06:35,940 [WARN] ModelIntegratedComponent:63 - No mode defined for component null
2025-02-06 12:06:35,940 [WARN] ModelIntegratedComponent:63 - No mode defined for component null
2025-02-06 12:06:35,940 [WARN] ModelIntegratedComponent:63 - No mode defined for component null
2025-02-06 12:06:35,940 [WARN] ModelIntegratedComponent:63 - No mode defined for component null
2025-02-06 12:06:35,940 [WARN] ModelIntegratedComponent:63 - No mode defined for component null
2025-02-06 12:06:35,940 [WARN] ModelIntegratedComponent:63 - No mode defined for component null
2025-02-06 12:06:35,940 [WARN] ModelIntegratedComponent:63 - No mode defined for component null
2025-02-06 12:06:35,940 [WARN] ModelIntegratedComponent:63 - No mode defined for component null
2025-02-06 12:06:35,940 [WARN] ModelIntegratedComponent:63 - No mode defined for component null
2025-02-06 12:06:35,940 [WARN] ModelIntegratedComponent:63 - No mode defined for component null
2025-02-06 12:06:35,940 [WARN] ModelIntegratedComponent:63 - No mode defined for component null
2025-02-06 12:06:35,940 [WARN] ModelIntegratedComponent:63 - No mode defined for component null
2025-02-06 12:06:35,940 [WARN] ModelIntegratedComponent:63 - No mode defined for component null
2025-02-06 12:06:35,940 [WARN] ModelIntegratedComponent:63 - No mode defined for component null
2025-02-06 12:06:36,232 [INFO] ThirdPartyModel:298 - Start build external matchings
2025-02-06 12:06:38,092 [INFO] ThirdPartyModel:316 - End build external matchings
2025-02-06 12:06:38,140 [INFO] ImportTextPane:194 - (OptionalMessage_ERROR) IP (ADC1) : Parameter (CommonPathInternal) has invalid value (null|null|null|null)
2025-02-06 12:06:38,140 [INFO] ImportTextPane:194 - (OptionalMessage_ERROR) IP (ADC3) : Parameter (CommonPathInternal) has invalid value (null|null|null|null)
2025-02-06 12:06:38,556 [INFO] ApiDb:581 - Connected to CubeFinder SQLite database (C:\Users\saksh\.stmcufinder\plugins\mcufinder\mcu\cube-finder-db.db)
2025-02-06 12:06:38,655 [INFO] ApiDb:668 - CubeFinder database Data Model version=2.1
2025-02-06 12:06:38,655 [INFO] ApiDb:669 - CubeFinder database Configuration version=3.0.39
2025-02-06 12:06:38,655 [INFO] ApiDb:670 - CubeFinder database generation date=2024-12-10 (1733817889)
2025-02-06 12:06:38,655 [INFO] ApiDb:671 - CubeFinder database FW Pack versions=[FP-ATR-ASTRA1_V2.0.0, FP-SNS-FLIGHT1_V5.0.2, FP-SNS-MOTENV1_V5.0.0, FP-SNS-MOTENVWB1_V1.4.0, FP-SNS-SMARTAG2_V1.2.0, FP-SNS-STBOX1_V2.0.0, STM32Cube_FW_C0_V1.3.0, STM32Cube_FW_F4_V1.28.1, STM32Cube_FW_F7_V1.17.2, STM32Cube_FW_G0_V1.6.2, STM32Cube_FW_G4_V1.6.1, STM32Cube_FW_H5_V1.4.0, STM32Cube_FW_H7RS_V1.1.0, STM32Cube_FW_H7_V1.12.0, STM32Cube_FW_L0_V1.12.2, STM32Cube_FW_L4_V1.18.1, STM32Cube_FW_L5_V1.5.1, STM32Cube_FW_N6_V1.0.0, STM32Cube_FW_U0_V1.2.0, STM32Cube_FW_U3_V1.0.0, STM32Cube_FW_U5_V1.7.0, STM32Cube_FW_WB0_V1.1.0, STM32Cube_FW_WBA_V1.5.0, STM32Cube_FW_WB_V1.21.0, STM32Cube_FW_WL3_V1.0.0, STM32Cube_FW_WL_V1.3.0, X-CUBE-ALGOBUILD_V1.4.0, X-CUBE-ALS_V1.0.2, X-CUBE-AZRTOS-F4_V1.1.0, X-CUBE-AZRTOS-F7_V1.1.0, X-CUBE-AZRTOS-G0_V1.1.0, X-CUBE-AZRTOS-G4_V2.0.0, X-CUBE-AZRTOS-H7RS_V1.0.0, X-CUBE-AZRTOS-H7_V3.3.0, X-CUBE-AZRTOS-L4_V2.0.0, X-CUBE-AZRTOS-L5_V2.0.0, X-CUBE-AZRTOS-WB_V2.0.0, X-CUBE-AZRTOS-WL_V2.0.0, X-CUBE-BLE1_V7.0.0, X-CUBE-BLE2_V3.3.0, X-CUBE-BLEMGR_V3.1.0, X-CUBE-EEPRMA1_V5.1.0, X-CUBE-FREERTOS_V1.2.0, X-CUBE-GNSS1_V6.0.0, X-CUBE-MEMS1_V11.0.0, X-CUBE-NFC4_V3.0.0, X-CUBE-NFC7_V1.0.1, X-CUBE-SFXS2LP1_V4.0.0, X-CUBE-SUBG2_V5.0.0, X-CUBE-TOF1_V3.4.2]
2025-02-06 12:06:38,766 [INFO] DbBoardsSqlite:226 - include board P-NUCLEO-WB55-NUCLEO as a kit item of type 'Nucleo-64'
2025-02-06 12:06:38,766 [INFO] DbBoardsSqlite:226 - include board P-NUCLEO-WB55-USBDONGLE as a kit item of type 'Nucleo USB Dongle'
2025-02-06 12:06:38,767 [INFO] DbBoardsSqlite:226 - include board STEVAL-IDP005V1 as a kit item of type 'Evaluation Board'
2025-02-06 12:06:38,767 [INFO] DbBoardsSqlite:226 - include board STEVAL-IDP005V2 as a kit item of type 'Evaluation Board'
2025-02-06 12:06:38,967 [INFO] ApiDb:240 - Found 483 in-development CPN: [B-G473E-ZEST1S, B-WB1M-WPAN1, B-WL5M-SUBG1, NUCLEO-C031C6, NUCLEO-H503RB, NUCLEO-H533RE, NUCLEO-H563ZI, NUCLEO-H7S3L8, NUCLEO-U031R8, NUCLEO-U083RC, NUCLEO-U545RE-Q, NUCLEO-U5A5ZJ-Q, NUCLEO-WBA52CG, NUCLEO-WBA55CG, STEVAL-PROTEUS1, STEVAL-SMARTAG2, STEVAL-STWINBX1, STM320518-EVAL, STM32C0116-DK, STM32C011D6Y3TR, STM32C011D6Y6TR, STM32C011F4P3, STM32C011F4P6, STM32C011F4U3, STM32C011F4U6TR, STM32C011F6P3, STM32C011F6P6, STM32C011F6U3, STM32C011F6U6TR, STM32C011J4M3, STM32C011J4M6, STM32C011J6M3, STM32C011J6M6, STM32C0316-DK, STM32C031C4T3, STM32C031C4T6, STM32C031C4U3, STM32C031C4U6, STM32C031C6T3, STM32C031C6T6, STM32C031C6U3, STM32C031C6U6, STM32C031F4P3, STM32C031F4P6, STM32C031F6P3, STM32C031F6P6, STM32C031G4U3, STM32C031G4U6, STM32C031G6U3, STM32C031G6U6, STM32C031K4T3, STM32C031K4T6, STM32C031K4U3, STM32C031K4U6, STM32C031K6T3, STM32C031K6T6, STM32C031K6U3, STM32C031K6U6, STM32G071K8TXN, STM32G071K8UXN, STM32G081GBU6N, STM32G081KBT6N, STM32G081KBUXN, STM32G0B1CCT6N, STM32G0B1KCT6, STM32G0B1NEY6TR, STM32G0B1RCT6N, STM32G0C1CCT6, STM32G0C1CCT6N, STM32G0C1CCU6N, STM32G0C1CET6N, STM32G0C1CEU6N, STM32G0C1KCT6, STM32G0C1NEY6TR, STM32G0C1RCI6N, STM32G0C1RCT6N, STM32G0C1REI6N, STM32G0C1RET6N, STM32G0C1VCI6, STM32G0C1VEI6, STM32G471CCT6, STM32G471CCU6, STM32G471CET3, STM32G471CET6, STM32G471CEU3, STM32G471CEU6, STM32G471MCT6, STM32G471MET3, STM32G471MET6, STM32G471MEY6TR, STM32G471QCT6, STM32G471QET3, STM32G471RCT6, STM32G471RET3, STM32G471RET6, STM32G471VCH6, STM32G471VCI6, STM32G471VCT6, STM32G471VEH3, STM32G471VEH6, STM32G471VEI3, STM32G471VEI6, STM32G471VET3, STM32G471VET6, STM32G474CCT6, STM32H503CBT6, STM32H503CBU6, STM32H503EBY6TR, STM32H503KBU6, STM32H503RBT6, STM32H523CCT6, STM32H523CCU6, STM32H523CET6, STM32H523CEU6, STM32H523HEY6TR, STM32H523RCT6, STM32H523RET6, STM32H523VCI6, STM32H523VCT6, STM32H523VEI6, STM32H523VET6, STM32H523ZCJ6, STM32H523ZCT6, STM32H523ZEJ6, STM32H523ZET6, STM32H533CET6, STM32H533CEU6, STM32H533HEY6TR, STM32H533RET6, STM32H533VEI6, STM32H533VET6, STM32H533ZEJ6, STM32H533ZET6, STM32H562AGI6, STM32H562AII6, STM32H562IGK6, STM32H562IGT6, STM32H562IIK6, STM32H562IIT6, STM32H562RGT6, STM32H562RGV6, STM32H562RIT6, STM32H562RIV6, STM32H562VGT6, STM32H562VIT6, STM32H562ZGT6, STM32H562ZIT6, STM32H563AGI6, STM32H563AII3Q, STM32H563AII6, STM32H563IGK6, STM32H563IGT6, STM32H563IIK3Q, STM32H563IIK6, STM32H563IIT3Q, STM32H563IIT6, STM32H563MIY3QTR, STM32H563RGT6, STM32H563RGV6, STM32H563RIT6, STM32H563RIV6, STM32H563VGT6, STM32H563VIT3Q, STM32H563VIT6, STM32H563ZGT6, STM32H563ZIT3Q, STM32H563ZIT6, STM32H573AII3Q, STM32H573AII6, STM32H573I-DK, STM32H573IIK3Q, STM32H573IIK6, STM32H573IIT3Q, STM32H573IIT6, STM32H573MIY3QTR, STM32H573RIT6, STM32H573RIV6, STM32H573VIT3Q, STM32H573VIT6, STM32H573ZIT3Q, STM32H573ZIT6, STM32H7R3A8I6, STM32H7R3I8K6, STM32H7R3I8T6, STM32H7R3L8H6, STM32H7R3L8H6H, STM32H7R3R8V6, STM32H7R3V8H6, STM32H7R3V8T6, STM32H7R3V8Y6, STM32H7R3Z8J6, STM32H7R3Z8T6, STM32H7R7A8I6, STM32H7R7I8K6, STM32H7R7I8T6, STM32H7R7L8H6, STM32H7R7L8H6H, STM32H7R7Z8J6, STM32H7S3A8I6, STM32H7S3I8K6, STM32H7S3I8T6, STM32H7S3L8H6, STM32H7S3L8H6H, STM32H7S3R8V6, STM32H7S3V8H6, STM32H7S3V8T6, STM32H7S3V8Y6, STM32H7S3Z8J6, STM32H7S3Z8T6, STM32H7S78-DK, STM32H7S7A8I6, STM32H7S7I8K6, STM32H7S7I8T6, STM32H7S7L8H6, STM32H7S7L8H6H, STM32H7S7Z8J6, STM32L4R5QGI6STR, STM32MP131AAE3, STM32MP131AAF3, STM32MP131AAG3, STM32MP131CAE3, STM32MP131CAF3, STM32MP131CAG3, STM32MP131DAE7, STM32MP131DAF7, STM32MP131DAG7, STM32MP131FAE7, STM32MP131FAF7, STM32MP131FAG7, STM32MP133AAE3, STM32MP133AAF3, STM32MP133AAG3, STM32MP133CAE3, STM32MP133CAF3, STM32MP133CAG3, STM32MP133DAE7, STM32MP133DAF7, STM32MP133DAG7, STM32MP133FAE7, STM32MP133FAF7, STM32MP133FAG7, STM32MP135AAE3, STM32MP135AAF3, STM32MP135AAG3, STM32MP135CAE3, STM32MP135CAF3, STM32MP135CAG3, STM32MP135DAE7, STM32MP135DAF7, STM32MP135DAG7, STM32MP135F-DK, STM32MP135FAE7, STM32MP135FAF7, STM32MP135FAF7T, STM32MP135FAF7U, STM32MP135FAG7, STM32U031C6T6, STM32U031C6U6, STM32U031C8T6, STM32U031C8U6, STM32U031F4P6, STM32U031F6P6, STM32U031F8P6, STM32U031G6Y6TR, STM32U031G8Y6TR, STM32U031K4U6, STM32U031K6U6, STM32U031K8U6, STM32U031R6I6, STM32U031R6T6, STM32U031R8I6, STM32U031R8T6, STM32U073C8T6, STM32U073C8U6, STM32U073CBT6, STM32U073CBU6, STM32U073CCT6, STM32U073CCU6, STM32U073H8Y6TR, STM32U073HBY6TR, STM32U073HCY6TR, STM32U073K8U6, STM32U073KBU6, STM32U073KCU6, STM32U073M8I6, STM32U073M8T6, STM32U073MBI6, STM32U073MBT6, STM32U073MCI6, STM32U073MCT6, STM32U073R8I6, STM32U073R8T6, STM32U073RBI6, STM32U073RBT6, STM32U073RCI6, STM32U073RCT6, STM32U083C-DK, STM32U083CCT6, STM32U083CCU6, STM32U083HCY6TR, STM32U083KCU6, STM32U083MCI6, STM32U083MCT6, STM32U083RCI6, STM32U083RCT6, STM32U535CBT6, STM32U535CBT6Q, STM32U535CBU6, STM32U535CBU6Q, STM32U535CCT6, STM32U535CCT6Q, STM32U535CCU6, STM32U535CCU6Q, STM32U535CET6, STM32U535CET6Q, STM32U535CEU6, STM32U535CEU6Q, STM32U535JEY6QTR, STM32U535NCY6QTR, STM32U535NEY6QTR, STM32U535RBI6, STM32U535RBI6Q, STM32U535RBT6, STM32U535RBT6Q, STM32U535RCI6, STM32U535RCI6Q, STM32U535RCT6, STM32U535RCT6Q, STM32U535REI6, STM32U535REI6Q, STM32U535RET6, STM32U535RET6Q, STM32U535VCI6, STM32U535VCI6Q, STM32U535VCT6, STM32U535VCT6Q, STM32U535VEI6, STM32U535VEI6Q, STM32U535VET6, STM32U535VET6Q, STM32U545CET6, STM32U545CET6Q, STM32U545CEU6, STM32U545CEU6Q, STM32U545JEY6QTR, STM32U545NEY6QTR, STM32U545REI6, STM32U545REI6Q, STM32U545RET6, STM32U545RET6Q, STM32U545VEI6, STM32U545VEI6Q, STM32U545VET6, STM32U545VET6Q, STM32U595AIH6, STM32U595AIH6Q, STM32U595AJH6, STM32U595AJH6Q, STM32U595QII6, STM32U595QII6Q, STM32U595QJI6, STM32U595QJI6Q, STM32U595RIT6, STM32U595RIT6Q, STM32U595RJT6, STM32U595RJT6Q, STM32U595VIT6, STM32U595VIT6Q, STM32U595VJT6, STM32U595VJT6Q, STM32U595ZIT6, STM32U595ZIT6Q, STM32U595ZIY6QTR, STM32U595ZJT6, STM32U595ZJT6Q, STM32U595ZJY6QTR, STM32U599BJY6QTR, STM32U599NIH6Q, STM32U599NJH6Q, STM32U599VIT6Q, STM32U599VJT6, STM32U599VJT6Q, STM32U599ZIT6Q, STM32U599ZIY6QTR, STM32U599ZJT6Q, STM32U599ZJY6QTR, STM32U5A5AJH6, STM32U5A5AJH6Q, STM32U5A5QII3Q , STM32U5A5QJI6, STM32U5A5QJI6Q, STM32U5A5RJT6, STM32U5A5RJT6Q, STM32U5A5VJT6, STM32U5A5VJT6Q, STM32U5A5ZJT6, STM32U5A5ZJT6Q, STM32U5A5ZJY6QTR, STM32U5A9BJY6QTR, STM32U5A9J-DK, STM32U5A9NJH6Q, STM32U5A9VJT6Q, STM32U5A9ZJT6Q, STM32U5A9ZJY6QTR, STM32U5F7VIT6, STM32U5F7VIT6Q, STM32U5F7VJT6, STM32U5F7VJT6Q, STM32U5F9BJY6QTR, STM32U5F9NJH6Q, STM32U5F9VIT6Q, STM32U5F9VJT6Q, STM32U5F9ZIJ6QTR, STM32U5F9ZIT6Q, STM32U5F9ZJJ6QTR, STM32U5F9ZJT6Q, STM32U5G7VJT6, STM32U5G7VJT6Q, STM32U5G9BJY6QTR, STM32U5G9J-DK1, STM32U5G9J-DK2, STM32U5G9NJH6Q, STM32U5G9VJT6Q, STM32U5G9ZJJ6QTR, STM32U5G9ZJT6Q, STM32WB1MMCH6, STM32WBA50KEU6, STM32WBA50KEU6TR, STM32WBA50KGU6, STM32WBA50KGU6TR, STM32WBA52CEU6, STM32WBA52CEU6TR, STM32WBA52CEU7, STM32WBA52CEU7TR, STM32WBA52CGU6, STM32WBA52CGU6TR, STM32WBA52CGU6U, STM32WBA52CGU7, STM32WBA52CGU7TR, STM32WBA52KEU6, STM32WBA52KEU6TR, STM32WBA52KGU6, STM32WBA52KGU6TR, STM32WBA54CEU6, STM32WBA54CEU6TR, STM32WBA54CEU7, STM32WBA54CEU7TR, STM32WBA54CGU6, STM32WBA54CGU6TR, STM32WBA54CGU7, STM32WBA54CGU7TR, STM32WBA54KEU6, STM32WBA54KEU6TR, STM32WBA54KEU7, STM32WBA54KEU7TR, STM32WBA54KGU6, STM32WBA54KGU6TR, STM32WBA54KGU7, STM32WBA54KGU7TR, STM32WBA55CEU6, STM32WBA55CEU6TR, STM32WBA55CEU7, STM32WBA55CEU7TR, STM32WBA55CGU6, STM32WBA55CGU6TR, STM32WBA55CGU6U, STM32WBA55CGU7, STM32WBA55CGU7TR, STM32WBA55G-DK1, STM32WBA55HEF6, STM32WBA55HEF7, STM32WBA55HGF6, STM32WBA55HGF7, STM32WBA55UEI6, STM32WBA55UEI6TR, STM32WBA55UEI7, STM32WBA55UEI7TR, STM32WBA55UGI6, STM32WBA55UGI6TR, STM32WBA55UGI7, STM32WBA55UGI7TR, STM32WL5MOCH6, STM32WL5MOCH6TR]
2025-02-06 12:06:38,969 [INFO] ApiDb:668 - CubeFinder database Data Model version=2.1
2025-02-06 12:06:38,970 [INFO] ApiDb:669 - CubeFinder database Configuration version=3.0.39
2025-02-06 12:06:38,970 [INFO] ApiDb:670 - CubeFinder database generation date=2024-12-10 (1733817889)
2025-02-06 12:06:38,970 [INFO] ApiDb:671 - CubeFinder database FW Pack versions=[FP-ATR-ASTRA1_V2.0.0, FP-SNS-FLIGHT1_V5.0.2, FP-SNS-MOTENV1_V5.0.0, FP-SNS-MOTENVWB1_V1.4.0, FP-SNS-SMARTAG2_V1.2.0, FP-SNS-STBOX1_V2.0.0, STM32Cube_FW_C0_V1.3.0, STM32Cube_FW_F4_V1.28.1, STM32Cube_FW_F7_V1.17.2, STM32Cube_FW_G0_V1.6.2, STM32Cube_FW_G4_V1.6.1, STM32Cube_FW_H5_V1.4.0, STM32Cube_FW_H7RS_V1.1.0, STM32Cube_FW_H7_V1.12.0, STM32Cube_FW_L0_V1.12.2, STM32Cube_FW_L4_V1.18.1, STM32Cube_FW_L5_V1.5.1, STM32Cube_FW_N6_V1.0.0, STM32Cube_FW_U0_V1.2.0, STM32Cube_FW_U3_V1.0.0, STM32Cube_FW_U5_V1.7.0, STM32Cube_FW_WB0_V1.1.0, STM32Cube_FW_WBA_V1.5.0, STM32Cube_FW_WB_V1.21.0, STM32Cube_FW_WL3_V1.0.0, STM32Cube_FW_WL_V1.3.0, X-CUBE-ALGOBUILD_V1.4.0, X-CUBE-ALS_V1.0.2, X-CUBE-AZRTOS-F4_V1.1.0, X-CUBE-AZRTOS-F7_V1.1.0, X-CUBE-AZRTOS-G0_V1.1.0, X-CUBE-AZRTOS-G4_V2.0.0, X-CUBE-AZRTOS-H7RS_V1.0.0, X-CUBE-AZRTOS-H7_V3.3.0, X-CUBE-AZRTOS-L4_V2.0.0, X-CUBE-AZRTOS-L5_V2.0.0, X-CUBE-AZRTOS-WB_V2.0.0, X-CUBE-AZRTOS-WL_V2.0.0, X-CUBE-BLE1_V7.0.0, X-CUBE-BLE2_V3.3.0, X-CUBE-BLEMGR_V3.1.0, X-CUBE-EEPRMA1_V5.1.0, X-CUBE-FREERTOS_V1.2.0, X-CUBE-GNSS1_V6.0.0, X-CUBE-MEMS1_V11.0.0, X-CUBE-NFC4_V3.0.0, X-CUBE-NFC7_V1.0.1, X-CUBE-SFXS2LP1_V4.0.0, X-CUBE-SUBG2_V5.0.0, X-CUBE-TOF1_V3.4.2]
2025-02-06 12:06:40,344 [INFO] ApiDb:240 - Found 483 in-development CPN: [B-G473E-ZEST1S, B-WB1M-WPAN1, B-WL5M-SUBG1, NUCLEO-C031C6, NUCLEO-H503RB, NUCLEO-H533RE, NUCLEO-H563ZI, NUCLEO-H7S3L8, NUCLEO-U031R8, NUCLEO-U083RC, NUCLEO-U545RE-Q, NUCLEO-U5A5ZJ-Q, NUCLEO-WBA52CG, NUCLEO-WBA55CG, STEVAL-PROTEUS1, STEVAL-SMARTAG2, STEVAL-STWINBX1, STM320518-EVAL, STM32C0116-DK, STM32C011D6Y3TR, STM32C011D6Y6TR, STM32C011F4P3, STM32C011F4P6, STM32C011F4U3, STM32C011F4U6TR, STM32C011F6P3, STM32C011F6P6, STM32C011F6U3, STM32C011F6U6TR, STM32C011J4M3, STM32C011J4M6, STM32C011J6M3, STM32C011J6M6, STM32C0316-DK, STM32C031C4T3, STM32C031C4T6, STM32C031C4U3, STM32C031C4U6, STM32C031C6T3, STM32C031C6T6, STM32C031C6U3, STM32C031C6U6, STM32C031F4P3, STM32C031F4P6, STM32C031F6P3, STM32C031F6P6, STM32C031G4U3, STM32C031G4U6, STM32C031G6U3, STM32C031G6U6, STM32C031K4T3, STM32C031K4T6, STM32C031K4U3, STM32C031K4U6, STM32C031K6T3, STM32C031K6T6, STM32C031K6U3, STM32C031K6U6, STM32G071K8TXN, STM32G071K8UXN, STM32G081GBU6N, STM32G081KBT6N, STM32G081KBUXN, STM32G0B1CCT6N, STM32G0B1KCT6, STM32G0B1NEY6TR, STM32G0B1RCT6N, STM32G0C1CCT6, STM32G0C1CCT6N, STM32G0C1CCU6N, STM32G0C1CET6N, STM32G0C1CEU6N, STM32G0C1KCT6, STM32G0C1NEY6TR, STM32G0C1RCI6N, STM32G0C1RCT6N, STM32G0C1REI6N, STM32G0C1RET6N, STM32G0C1VCI6, STM32G0C1VEI6, STM32G471CCT6, STM32G471CCU6, STM32G471CET3, STM32G471CET6, STM32G471CEU3, STM32G471CEU6, STM32G471MCT6, STM32G471MET3, STM32G471MET6, STM32G471MEY6TR, STM32G471QCT6, STM32G471QET3, STM32G471RCT6, STM32G471RET3, STM32G471RET6, STM32G471VCH6, STM32G471VCI6, STM32G471VCT6, STM32G471VEH3, STM32G471VEH6, STM32G471VEI3, STM32G471VEI6, STM32G471VET3, STM32G471VET6, STM32G474CCT6, STM32H503CBT6, STM32H503CBU6, STM32H503EBY6TR, STM32H503KBU6, STM32H503RBT6, STM32H523CCT6, STM32H523CCU6, STM32H523CET6, STM32H523CEU6, STM32H523HEY6TR, STM32H523RCT6, STM32H523RET6, STM32H523VCI6, STM32H523VCT6, STM32H523VEI6, STM32H523VET6, STM32H523ZCJ6, STM32H523ZCT6, STM32H523ZEJ6, STM32H523ZET6, STM32H533CET6, STM32H533CEU6, STM32H533HEY6TR, STM32H533RET6, STM32H533VEI6, STM32H533VET6, STM32H533ZEJ6, STM32H533ZET6, STM32H562AGI6, STM32H562AII6, STM32H562IGK6, STM32H562IGT6, STM32H562IIK6, STM32H562IIT6, STM32H562RGT6, STM32H562RGV6, STM32H562RIT6, STM32H562RIV6, STM32H562VGT6, STM32H562VIT6, STM32H562ZGT6, STM32H562ZIT6, STM32H563AGI6, STM32H563AII3Q, STM32H563AII6, STM32H563IGK6, STM32H563IGT6, STM32H563IIK3Q, STM32H563IIK6, STM32H563IIT3Q, STM32H563IIT6, STM32H563MIY3QTR, STM32H563RGT6, STM32H563RGV6, STM32H563RIT6, STM32H563RIV6, STM32H563VGT6, STM32H563VIT3Q, STM32H563VIT6, STM32H563ZGT6, STM32H563ZIT3Q, STM32H563ZIT6, STM32H573AII3Q, STM32H573AII6, STM32H573I-DK, STM32H573IIK3Q, STM32H573IIK6, STM32H573IIT3Q, STM32H573IIT6, STM32H573MIY3QTR, STM32H573RIT6, STM32H573RIV6, STM32H573VIT3Q, STM32H573VIT6, STM32H573ZIT3Q, STM32H573ZIT6, STM32H7R3A8I6, STM32H7R3I8K6, STM32H7R3I8T6, STM32H7R3L8H6, STM32H7R3L8H6H, STM32H7R3R8V6, STM32H7R3V8H6, STM32H7R3V8T6, STM32H7R3V8Y6, STM32H7R3Z8J6, STM32H7R3Z8T6, STM32H7R7A8I6, STM32H7R7I8K6, STM32H7R7I8T6, STM32H7R7L8H6, STM32H7R7L8H6H, STM32H7R7Z8J6, STM32H7S3A8I6, STM32H7S3I8K6, STM32H7S3I8T6, STM32H7S3L8H6, STM32H7S3L8H6H, STM32H7S3R8V6, STM32H7S3V8H6, STM32H7S3V8T6, STM32H7S3V8Y6, STM32H7S3Z8J6, STM32H7S3Z8T6, STM32H7S78-DK, STM32H7S7A8I6, STM32H7S7I8K6, STM32H7S7I8T6, STM32H7S7L8H6, STM32H7S7L8H6H, STM32H7S7Z8J6, STM32L4R5QGI6STR, STM32MP131AAE3, STM32MP131AAF3, STM32MP131AAG3, STM32MP131CAE3, STM32MP131CAF3, STM32MP131CAG3, STM32MP131DAE7, STM32MP131DAF7, STM32MP131DAG7, STM32MP131FAE7, STM32MP131FAF7, STM32MP131FAG7, STM32MP133AAE3, STM32MP133AAF3, STM32MP133AAG3, STM32MP133CAE3, STM32MP133CAF3, STM32MP133CAG3, STM32MP133DAE7, STM32MP133DAF7, STM32MP133DAG7, STM32MP133FAE7, STM32MP133FAF7, STM32MP133FAG7, STM32MP135AAE3, STM32MP135AAF3, STM32MP135AAG3, STM32MP135CAE3, STM32MP135CAF3, STM32MP135CAG3, STM32MP135DAE7, STM32MP135DAF7, STM32MP135DAG7, STM32MP135F-DK, STM32MP135FAE7, STM32MP135FAF7, STM32MP135FAF7T, STM32MP135FAF7U, STM32MP135FAG7, STM32U031C6T6, STM32U031C6U6, STM32U031C8T6, STM32U031C8U6, STM32U031F4P6, STM32U031F6P6, STM32U031F8P6, STM32U031G6Y6TR, STM32U031G8Y6TR, STM32U031K4U6, STM32U031K6U6, STM32U031K8U6, STM32U031R6I6, STM32U031R6T6, STM32U031R8I6, STM32U031R8T6, STM32U073C8T6, STM32U073C8U6, STM32U073CBT6, STM32U073CBU6, STM32U073CCT6, STM32U073CCU6, STM32U073H8Y6TR, STM32U073HBY6TR, STM32U073HCY6TR, STM32U073K8U6, STM32U073KBU6, STM32U073KCU6, STM32U073M8I6, STM32U073M8T6, STM32U073MBI6, STM32U073MBT6, STM32U073MCI6, STM32U073MCT6, STM32U073R8I6, STM32U073R8T6, STM32U073RBI6, STM32U073RBT6, STM32U073RCI6, STM32U073RCT6, STM32U083C-DK, STM32U083CCT6, STM32U083CCU6, STM32U083HCY6TR, STM32U083KCU6, STM32U083MCI6, STM32U083MCT6, STM32U083RCI6, STM32U083RCT6, STM32U535CBT6, STM32U535CBT6Q, STM32U535CBU6, STM32U535CBU6Q, STM32U535CCT6, STM32U535CCT6Q, STM32U535CCU6, STM32U535CCU6Q, STM32U535CET6, STM32U535CET6Q, STM32U535CEU6, STM32U535CEU6Q, STM32U535JEY6QTR, STM32U535NCY6QTR, STM32U535NEY6QTR, STM32U535RBI6, STM32U535RBI6Q, STM32U535RBT6, STM32U535RBT6Q, STM32U535RCI6, STM32U535RCI6Q, STM32U535RCT6, STM32U535RCT6Q, STM32U535REI6, STM32U535REI6Q, STM32U535RET6, STM32U535RET6Q, STM32U535VCI6, STM32U535VCI6Q, STM32U535VCT6, STM32U535VCT6Q, STM32U535VEI6, STM32U535VEI6Q, STM32U535VET6, STM32U535VET6Q, STM32U545CET6, STM32U545CET6Q, STM32U545CEU6, STM32U545CEU6Q, STM32U545JEY6QTR, STM32U545NEY6QTR, STM32U545REI6, STM32U545REI6Q, STM32U545RET6, STM32U545RET6Q, STM32U545VEI6, STM32U545VEI6Q, STM32U545VET6, STM32U545VET6Q, STM32U595AIH6, STM32U595AIH6Q, STM32U595AJH6, STM32U595AJH6Q, STM32U595QII6, STM32U595QII6Q, STM32U595QJI6, STM32U595QJI6Q, STM32U595RIT6, STM32U595RIT6Q, STM32U595RJT6, STM32U595RJT6Q, STM32U595VIT6, STM32U595VIT6Q, STM32U595VJT6, STM32U595VJT6Q, STM32U595ZIT6, STM32U595ZIT6Q, STM32U595ZIY6QTR, STM32U595ZJT6, STM32U595ZJT6Q, STM32U595ZJY6QTR, STM32U599BJY6QTR, STM32U599NIH6Q, STM32U599NJH6Q, STM32U599VIT6Q, STM32U599VJT6, STM32U599VJT6Q, STM32U599ZIT6Q, STM32U599ZIY6QTR, STM32U599ZJT6Q, STM32U599ZJY6QTR, STM32U5A5AJH6, STM32U5A5AJH6Q, STM32U5A5QII3Q , STM32U5A5QJI6, STM32U5A5QJI6Q, STM32U5A5RJT6, STM32U5A5RJT6Q, STM32U5A5VJT6, STM32U5A5VJT6Q, STM32U5A5ZJT6, STM32U5A5ZJT6Q, STM32U5A5ZJY6QTR, STM32U5A9BJY6QTR, STM32U5A9J-DK, STM32U5A9NJH6Q, STM32U5A9VJT6Q, STM32U5A9ZJT6Q, STM32U5A9ZJY6QTR, STM32U5F7VIT6, STM32U5F7VIT6Q, STM32U5F7VJT6, STM32U5F7VJT6Q, STM32U5F9BJY6QTR, STM32U5F9NJH6Q, STM32U5F9VIT6Q, STM32U5F9VJT6Q, STM32U5F9ZIJ6QTR, STM32U5F9ZIT6Q, STM32U5F9ZJJ6QTR, STM32U5F9ZJT6Q, STM32U5G7VJT6, STM32U5G7VJT6Q, STM32U5G9BJY6QTR, STM32U5G9J-DK1, STM32U5G9J-DK2, STM32U5G9NJH6Q, STM32U5G9VJT6Q, STM32U5G9ZJJ6QTR, STM32U5G9ZJT6Q, STM32WB1MMCH6, STM32WBA50KEU6, STM32WBA50KEU6TR, STM32WBA50KGU6, STM32WBA50KGU6TR, STM32WBA52CEU6, STM32WBA52CEU6TR, STM32WBA52CEU7, STM32WBA52CEU7TR, STM32WBA52CGU6, STM32WBA52CGU6TR, STM32WBA52CGU6U, STM32WBA52CGU7, STM32WBA52CGU7TR, STM32WBA52KEU6, STM32WBA52KEU6TR, STM32WBA52KGU6, STM32WBA52KGU6TR, STM32WBA54CEU6, STM32WBA54CEU6TR, STM32WBA54CEU7, STM32WBA54CEU7TR, STM32WBA54CGU6, STM32WBA54CGU6TR, STM32WBA54CGU7, STM32WBA54CGU7TR, STM32WBA54KEU6, STM32WBA54KEU6TR, STM32WBA54KEU7, STM32WBA54KEU7TR, STM32WBA54KGU6, STM32WBA54KGU6TR, STM32WBA54KGU7, STM32WBA54KGU7TR, STM32WBA55CEU6, STM32WBA55CEU6TR, STM32WBA55CEU7, STM32WBA55CEU7TR, STM32WBA55CGU6, STM32WBA55CGU6TR, STM32WBA55CGU6U, STM32WBA55CGU7, STM32WBA55CGU7TR, STM32WBA55G-DK1, STM32WBA55HEF6, STM32WBA55HEF7, STM32WBA55HGF6, STM32WBA55HGF7, STM32WBA55UEI6, STM32WBA55UEI6TR, STM32WBA55UEI7, STM32WBA55UEI7TR, STM32WBA55UGI6, STM32WBA55UGI6TR, STM32WBA55UGI7, STM32WBA55UGI7TR, STM32WL5MOCH6, STM32WL5MOCH6TR]
2025-02-06 12:06:40,348 [INFO] DbMcus:218 - Found 4404 MCUs, 4404 are supported
2025-02-06 12:06:40,354 [INFO] ApiDb:423 - Load user favorites file C:\Users\saksh/.stm32cubeide/favorites.mcus.txt: 1 item(s)
2025-02-06 12:06:40,354 [INFO] ApiDb:427 - User favorites MCUs=[STM32F103C8T6]
2025-02-06 12:06:40,354 [INFO] DbMcus:224 - Set 1 / 1 favorites MCUs
2025-02-06 12:06:40,718 [INFO] BoardInfo:889 - No configuration file found for board NUCLEO-C071RB
2025-02-06 12:06:40,719 [INFO] DbBoards:161 - Board is not supported: NUCLEO-C071RB
2025-02-06 12:06:40,788 [INFO] BoardInfo:889 - No configuration file found for board NUCLEO-N657X0-Q
2025-02-06 12:06:40,788 [INFO] DbBoards:161 - Board is not supported: NUCLEO-N657X0-Q
2025-02-06 12:06:40,792 [INFO] BoardInfo:889 - No configuration file found for board NUCLEO-WB05KZ
2025-02-06 12:06:40,793 [INFO] DbBoards:161 - Board is not supported: NUCLEO-WB05KZ
2025-02-06 12:06:40,793 [INFO] BoardInfo:889 - No configuration file found for board NUCLEO-WB07CC
2025-02-06 12:06:40,793 [INFO] DbBoards:161 - Board is not supported: NUCLEO-WB07CC
2025-02-06 12:06:40,794 [INFO] BoardInfo:889 - No configuration file found for board NUCLEO-WB09KE
2025-02-06 12:06:40,794 [INFO] DbBoards:161 - Board is not supported: NUCLEO-WB09KE
2025-02-06 12:06:40,800 [INFO] BoardInfo:889 - No configuration file found for board P-NUCLEO-WB55
2025-02-06 12:06:40,800 [INFO] DbBoards:161 - Kit is not supported: P-NUCLEO-WB55
2025-02-06 12:06:40,803 [INFO] BoardInfo:889 - No configuration file found for board STEVAL-BFA001V1B
2025-02-06 12:06:40,804 [INFO] DbBoards:161 - Kit is not supported: STEVAL-BFA001V1B
2025-02-06 12:06:40,804 [INFO] BoardInfo:889 - No configuration file found for board STEVAL-BFA001V2B
2025-02-06 12:06:40,805 [INFO] DbBoards:161 - Kit is not supported: STEVAL-BFA001V2B
2025-02-06 12:06:40,881 [INFO] BoardInfo:889 - No configuration file found for board STM32MP257F-DK
2025-02-06 12:06:40,881 [INFO] DbBoards:161 - Board is not supported: STM32MP257F-DK
2025-02-06 12:06:40,882 [INFO] BoardInfo:889 - No configuration file found for board STM32MP257F-EV1
2025-02-06 12:06:40,882 [INFO] DbBoards:161 - Board is not supported: STM32MP257F-EV1
2025-02-06 12:06:40,883 [INFO] BoardInfo:889 - No configuration file found for board STM32N6570-DK
2025-02-06 12:06:40,883 [INFO] DbBoards:161 - Board is not supported: STM32N6570-DK
2025-02-06 12:06:40,889 [INFO] DbBoards:168 - Found 203 boards, 192 are supported
2025-02-06 12:06:40,889 [INFO] DbBoards:169 - Found 203 boards, 8 of them is supported for  Bsp
2025-02-06 12:06:40,890 [INFO] ApiDb:423 - Load user favorites file C:\Users\saksh/.stm32cubeide/favorites.boards.txt: 0 item(s)
2025-02-06 12:06:40,890 [INFO] ApiDb:427 - User favorites Boards=[]
2025-02-06 12:06:40,890 [INFO] DbBoards:198 - Set 0 / 0 favorites Boards
2025-02-06 12:06:40,969 [INFO] UtilMem:75 - End LoadConfig() Used Memory: 363846464 Bytes (684720128)
2025-02-06 12:06:41,157 [WARN] ThirdParty:833 - waiting for thirdparty lock release [change project]
2025-02-06 12:06:41,157 [INFO] ThirdParty:835 - entering critical section [change project]
2025-02-06 12:06:41,158 [INFO] ThirdParty:1030 - CMSIS Pack Vendor :STMicroelectronics USBPD 4.1
2025-02-06 12:06:41,158 [INFO] ThirdParty:1030 - CMSIS Pack Vendor :STMicroelectronics X-CUBE-GNSS1 6.0.0
2025-02-06 12:06:41,158 [INFO] ThirdParty:1030 - CMSIS Pack Vendor :STMicroelectronics USB_HOST 2.0.0
2025-02-06 12:06:41,158 [INFO] ThirdParty:1030 - CMSIS Pack Vendor :STMicroelectronics FP-SNS-MOTENVWB1 1.4.0
2025-02-06 12:06:41,158 [INFO] ThirdParty:1030 - CMSIS Pack Vendor :STMicroelectronics X-CUBE-AZRTOS-F4 1.1.0
2025-02-06 12:06:41,158 [INFO] ThirdParty:1030 - CMSIS Pack Vendor :STMicroelectronics LIBJPEG 8.0.0
2025-02-06 12:06:41,158 [INFO] ThirdParty:1030 - CMSIS Pack Vendor :STMicroelectronics FP-ATR-ASTRA1 2.0.1
2025-02-06 12:06:41,158 [INFO] ThirdParty:1030 - CMSIS Pack Vendor :STMicroelectronics X-CUBE-SMBUS 2.1.0
2025-02-06 12:06:41,158 [INFO] ThirdParty:1030 - CMSIS Pack Vendor :STMicroelectronics X-CUBE-WB05N 1.1.0
2025-02-06 12:06:41,158 [INFO] ThirdParty:1030 - CMSIS Pack Vendor :STMicroelectronics X-CUBE-ISPU 2.1.0
2025-02-06 12:06:41,158 [INFO] ThirdParty:1030 - CMSIS Pack Vendor :STMicroelectronics X-CUBE-FREERTOS 1.2.0
2025-02-06 12:06:41,158 [INFO] ThirdParty:1030 - CMSIS Pack Vendor :STMicroelectronics X-CUBE-TOUCHGFX 4.23.1
2025-02-06 12:06:41,158 [INFO] ThirdParty:1030 - CMSIS Pack Vendor :STMicroelectronics X-CUBE-TOUCHGFX 4.23.0
2025-02-06 12:06:41,158 [INFO] ThirdParty:1030 - CMSIS Pack Vendor :STMicroelectronics X-CUBE-BLEMGR 1.2.0
2025-02-06 12:06:41,158 [INFO] ThirdParty:1030 - CMSIS Pack Vendor :STMicroelectronics X-CUBE-TOUCHGFX 4.23.2
2025-02-06 12:06:41,158 [INFO] ThirdParty:1030 - CMSIS Pack Vendor :STMicroelectronics X-CUBE-AZRTOS-F7 1.1.0
2025-02-06 12:06:41,158 [INFO] ThirdParty:1030 - CMSIS Pack Vendor :STMicroelectronics X-CUBE-AZRTOS-L5 2.0.0
2025-02-06 12:06:41,158 [INFO] ThirdParty:1030 - CMSIS Pack Vendor :STMicroelectronics USB_DEVICE 2.0.0
2025-02-06 12:06:41,158 [INFO] ThirdParty:1030 - CMSIS Pack Vendor :STMicroelectronics X-CUBE-MEMS1 9.6.0
2025-02-06 12:06:41,158 [INFO] ThirdParty:1030 - CMSIS Pack Vendor :STMicroelectronics X-CUBE-EEPRMA1 4.2.0
2025-02-06 12:06:41,158 [INFO] ThirdParty:1030 - CMSIS Pack Vendor :STMicroelectronics X-CUBE-NFC6 3.1.0
2025-02-06 12:06:41,158 [INFO] ThirdParty:1030 - CMSIS Pack Vendor :ITTIA_DB I-CUBE-ITTIADB 8.8.0
2025-02-06 12:06:41,158 [INFO] ThirdParty:1030 - CMSIS Pack Vendor :STMicroelectronics FP-SNS-MOTENV1 4.3.0
2025-02-06 12:06:41,158 [INFO] ThirdParty:1030 - CMSIS Pack Vendor :STMicroelectronics FP-SNS-MOTENV1 4.3.2
2025-02-06 12:06:41,158 [INFO] ThirdParty:1030 - CMSIS Pack Vendor :STMicroelectronics FP-SNS-FLIGHT1 5.0.0
2025-02-06 12:06:41,158 [INFO] ThirdParty:1030 - CMSIS Pack Vendor :STMicroelectronics FP-SNS-MOTENV1 4.3.1
2025-02-06 12:06:41,158 [INFO] ThirdParty:1030 - CMSIS Pack Vendor :STMicroelectronics FP-SNS-FLIGHT1 5.0.1
2025-02-06 12:06:41,158 [INFO] ThirdParty:1030 - CMSIS Pack Vendor :STMicroelectronics X-CUBE-BLE1 6.2.3
2025-02-06 12:06:41,158 [INFO] ThirdParty:1030 - CMSIS Pack Vendor :STMicroelectronics X-CUBE-MEMS1 11.0.0
2025-02-06 12:06:41,158 [INFO] ThirdParty:1030 - CMSIS Pack Vendor :STMicroelectronics X-CUBE-BLE1 6.2.4
2025-02-06 12:06:41,158 [INFO] ThirdParty:1030 - CMSIS Pack Vendor :STMicroelectronics FreeRTOS 0.0.1
2025-02-06 12:06:41,158 [INFO] ThirdParty:1030 - CMSIS Pack Vendor :STMicroelectronics X-CUBE-BLEMGR 2.0.0
2025-02-06 12:06:41,158 [INFO] ThirdParty:1030 - CMSIS Pack Vendor :STMicroelectronics X-CUBE-DPower 1.2.0
2025-02-06 12:06:41,158 [INFO] ThirdParty:1030 - CMSIS Pack Vendor :STMicroelectronics FP-SNS-FLIGHT1 5.0.2
2025-02-06 12:06:41,158 [INFO] ThirdParty:1030 - CMSIS Pack Vendor :STMicroelectronics X-CUBE-NFC4 2.0.4
2025-02-06 12:06:41,158 [INFO] ThirdParty:1030 - CMSIS Pack Vendor :STMicroelectronics X-CUBE-AI 9.0.0
2025-02-06 12:06:41,158 [INFO] ThirdParty:1030 - CMSIS Pack Vendor :STMicroelectronics X-CUBE-AZRTOS-H7 3.1.0
2025-02-06 12:06:41,158 [INFO] ThirdParty:1030 - CMSIS Pack Vendor :STMicroelectronics PDM2PCM 3.3.0
2025-02-06 12:06:41,158 [INFO] ThirdParty:1030 - CMSIS Pack Vendor :STMicroelectronics X-CUBE-TOF1 3.1.0
2025-02-06 12:06:41,158 [INFO] ThirdParty:1030 - CMSIS Pack Vendor :STMicroelectronics X-CUBE-DISPLAY 3.0.0
2025-02-06 12:06:41,158 [INFO] ThirdParty:1030 - CMSIS Pack Vendor :STMicroelectronics X-CUBE-BLE1 7.0.0
2025-02-06 12:06:41,158 [INFO] ThirdParty:1030 - CMSIS Pack Vendor :STMicroelectronics X-CUBE-NFC10 1.0.0
2025-02-06 12:06:41,158 [INFO] ThirdParty:1030 - CMSIS Pack Vendor :wolfSSL I-CUBE-wolfSSL 5.5.0
2025-02-06 12:06:41,158 [INFO] ThirdParty:1030 - CMSIS Pack Vendor :STMicroelectronics X-CUBE-BLEMGR 4.0.0
2025-02-06 12:06:41,158 [INFO] ThirdParty:1030 - CMSIS Pack Vendor :STMicroelectronics HAL Drivers 0.0.0
2025-02-06 12:06:41,158 [INFO] ThirdParty:1030 - CMSIS Pack Vendor :STMicroelectronics X-CUBE-FREERTOS 1.3.0
2025-02-06 12:06:41,158 [INFO] ThirdParty:1030 - CMSIS Pack Vendor :STMicroelectronics X-CUBE-TOUCHGFX 4.22.0
2025-02-06 12:06:41,158 [INFO] ThirdParty:1030 - CMSIS Pack Vendor :STMicroelectronics X-CUBE-NFC7 1.0.1
2025-02-06 12:06:41,158 [INFO] ThirdParty:1030 - CMSIS Pack Vendor :STMicroelectronics MBEDTLS 2.14.1
2025-02-06 12:06:41,158 [INFO] ThirdParty:1030 - CMSIS Pack Vendor :STMicroelectronics X-CUBE-NFC7 1.0.0
2025-02-06 12:06:41,158 [INFO] ThirdParty:1030 - CMSIS Pack Vendor :wolfSSL I-CUBE-wolfTPM 3.2.0
2025-02-06 12:06:41,158 [INFO] ThirdParty:1030 - CMSIS Pack Vendor :STMicroelectronics X-CUBE-NFC6 3.0.0
2025-02-06 12:06:41,158 [INFO] ThirdParty:1030 - CMSIS Pack Vendor :STMicroelectronics X-CUBE-MEMS1 9.3.0
2025-02-06 12:06:41,158 [INFO] ThirdParty:1030 - CMSIS Pack Vendor :STMicroelectronics X-CUBE-EEPRMA1 4.1.0
2025-02-06 12:06:41,158 [INFO] ThirdParty:1030 - CMSIS Pack Vendor :STMicroelectronics X-CUBE-AI 7.2.0
2025-02-06 12:06:41,158 [INFO] ThirdParty:1030 - CMSIS Pack Vendor :STMicroelectronics X-CUBE-BLEMGR 3.1.0
2025-02-06 12:06:41,158 [INFO] ThirdParty:1030 - CMSIS Pack Vendor :STMicroelectronics X-CUBE-AI 10.0.0
2025-02-06 12:06:41,158 [INFO] ThirdParty:1030 - CMSIS Pack Vendor :STMicroelectronics FP-SNS-SMARTAG2 1.2.0
2025-02-06 12:06:41,158 [INFO] ThirdParty:1030 - CMSIS Pack Vendor :STMicroelectronics X-CUBE-MEMS1 11.1.0
2025-02-06 12:06:41,158 [INFO] ThirdParty:1030 - CMSIS Pack Vendor :STMicroelectronics X-CUBE-AZRTOS-WL 2.0.0
2025-02-06 12:06:41,158 [INFO] ThirdParty:1030 - CMSIS Pack Vendor :STMicroelectronics FP-SNS-MOTENV1 5.0.0
2025-02-06 12:06:41,158 [INFO] ThirdParty:1030 - CMSIS Pack Vendor :STMicroelectronics USB_DEVICE 1.0.0
2025-02-06 12:06:41,158 [INFO] ThirdParty:1030 - CMSIS Pack Vendor :STMicroelectronics X-CUBE-AI 8.1.0
2025-02-06 12:06:41,159 [INFO] ThirdParty:1030 - CMSIS Pack Vendor :wolfSSL I-CUBE-wolfMQTT 1.19.0
2025-02-06 12:06:41,159 [INFO] ThirdParty:1030 - CMSIS Pack Vendor :STMicroelectronics X-CUBE-AZRTOS-L4 2.0.0
2025-02-06 12:06:41,159 [INFO] ThirdParty:1030 - CMSIS Pack Vendor :STMicroelectronics ThreadX 0.0.2
2025-02-06 12:06:41,159 [INFO] ThirdParty:1030 - CMSIS Pack Vendor :WES I-CUBE-Cesium 1.3.0
2025-02-06 12:06:41,159 [INFO] ThirdParty:1030 - CMSIS Pack Vendor :STMicroelectronics lwIP 2.1.2
2025-02-06 12:06:41,159 [INFO] ThirdParty:1030 - CMSIS Pack Vendor :STMicroelectronics X-CUBE-SFXS2LP1 4.0.0
2025-02-06 12:06:41,159 [INFO] ThirdParty:1030 - CMSIS Pack Vendor :STMicroelectronics X-CUBE-BLE2 3.3.0
2025-02-06 12:06:41,159 [INFO] ThirdParty:1030 - CMSIS Pack Vendor :STMicroelectronics X-CUBE-DISPLAY 2.2.0
2025-02-06 12:06:41,159 [INFO] ThirdParty:1030 - CMSIS Pack Vendor :STMicroelectronics X-CUBE-TOF1 3.2.0
2025-02-06 12:06:41,159 [INFO] ThirdParty:1030 - CMSIS Pack Vendor :STMicroelectronics PDM2PCM 3.2.0
2025-02-06 12:06:41,159 [INFO] ThirdParty:1030 - CMSIS Pack Vendor :STMicroelectronics X-CUBE-AZRTOS-H7 3.0.0
2025-02-06 12:06:41,159 [INFO] ThirdParty:1030 - CMSIS Pack Vendor :STMicroelectronics X-CUBE-ISPU 1.0.0
2025-02-06 12:06:41,159 [INFO] ThirdParty:1030 - CMSIS Pack Vendor :STMicroelectronics X-CUBE-ISPU 1.1.0
2025-02-06 12:06:41,159 [INFO] ThirdParty:1030 - CMSIS Pack Vendor :STMicroelectronics X-CUBE-AZRTOS-H7 3.3.0
2025-02-06 12:06:41,159 [INFO] ThirdParty:1030 - CMSIS Pack Vendor :RoweBots I-CUBE-UNISONRTOS 5.5.0-4
2025-02-06 12:06:41,159 [INFO] ThirdParty:1030 - CMSIS Pack Vendor :STMicroelectronics X-CUBE-NFC9 1.0.0
2025-02-06 12:06:41,159 [INFO] ThirdParty:1030 - CMSIS Pack Vendor :STMicroelectronics X-CUBE-AZRTOS-H7 2.1.0
2025-02-06 12:06:41,159 [INFO] ThirdParty:1030 - CMSIS Pack Vendor :STMicroelectronics USB_DEVICE 3.0.0
2025-02-06 12:06:41,159 [INFO] ThirdParty:1030 - CMSIS Pack Vendor :STMicroelectronics X-CUBE-TCPP 4.1.0
2025-02-06 12:06:41,159 [INFO] ThirdParty:1030 - CMSIS Pack Vendor :STMicroelectronics X-CUBE-AI 8.0.0
2025-02-06 12:06:41,159 [INFO] ThirdParty:1030 - CMSIS Pack Vendor :STMicroelectronics X-CUBE-IPS 3.0.0
2025-02-06 12:06:41,159 [INFO] ThirdParty:1030 - CMSIS Pack Vendor :STMicroelectronics X-CUBE-AZRTOS-WB 2.0.0
2025-02-06 12:06:41,159 [INFO] ThirdParty:1030 - CMSIS Pack Vendor :STMicroelectronics X-CUBE-FREERTOS 1.0.0
2025-02-06 12:06:41,159 [INFO] ThirdParty:1030 - CMSIS Pack Vendor :STMicroelectronics X-CUBE-FREERTOS 1.0.1
2025-02-06 12:06:41,159 [INFO] ThirdParty:1030 - CMSIS Pack Vendor :STMicroelectronics X-CUBE-TOUCHGFX 4.21.1
2025-02-06 12:06:41,159 [INFO] ThirdParty:1030 - CMSIS Pack Vendor :STMicroelectronics X-CUBE-GNSS1 7.0.0
2025-02-06 12:06:41,159 [INFO] ThirdParty:1030 - CMSIS Pack Vendor :STMicroelectronics X-CUBE-GNSS1 7.0.1
2025-02-06 12:06:41,159 [INFO] ThirdParty:1030 - CMSIS Pack Vendor :STMicroelectronics X-CUBE-TOUCHGFX 4.21.3
2025-02-06 12:06:41,159 [INFO] ThirdParty:1030 - CMSIS Pack Vendor :STMicroelectronics X-CUBE-BLEMGR 1.0.0
2025-02-06 12:06:41,159 [INFO] ThirdParty:1030 - CMSIS Pack Vendor :STMicroelectronics X-CUBE-TOUCHGFX 4.21.4
2025-02-06 12:06:41,159 [INFO] ThirdParty:1030 - CMSIS Pack Vendor :STMicroelectronics X-CUBE-MEMS1 9.4.0
2025-02-06 12:06:41,159 [INFO] ThirdParty:1030 - CMSIS Pack Vendor :STMicroelectronics X-CUBE-AI 7.3.0
2025-02-06 12:06:41,159 [INFO] ThirdParty:1030 - CMSIS Pack Vendor :STMicroelectronics FP-SNS-STBOX1 2.0.0
2025-02-06 12:06:41,159 [INFO] ThirdParty:1030 - CMSIS Pack Vendor :STMicroelectronics X-CUBE-ALGOBUILD 1.3.0
2025-02-06 12:06:41,159 [INFO] ThirdParty:1030 - CMSIS Pack Vendor :STMicroelectronics X-CUBE-AZRTOS-L5 1.1.0
2025-02-06 12:06:41,159 [INFO] ThirdParty:1030 - CMSIS Pack Vendor :STMicroelectronics X-CUBE-AZRTOS-G0 1.1.0
2025-02-06 12:06:41,159 [INFO] ThirdParty:1030 - CMSIS Pack Vendor :STMicroelectronics X-CUBE-AI 8.0.1
2025-02-06 12:06:41,159 [INFO] ThirdParty:1030 - CMSIS Pack Vendor :STMicroelectronics X-CUBE-SAFEA1 1.2.2
2025-02-06 12:06:41,159 [INFO] ThirdParty:1030 - CMSIS Pack Vendor :STMicroelectronics X-CUBE-NFC4 3.0.0
2025-02-06 12:06:41,159 [INFO] ThirdParty:1030 - CMSIS Pack Vendor :SEGGER I-CUBE-embOS 1.2.0
2025-02-06 12:06:41,159 [INFO] ThirdParty:1030 - CMSIS Pack Vendor :STMicroelectronics X-CUBE-SUBG2 5.0.0
2025-02-06 12:06:41,159 [INFO] ThirdParty:1030 - CMSIS Pack Vendor :STMicroelectronics STM32_WPAN 1.0.0
2025-02-06 12:06:41,159 [INFO] ThirdParty:1030 - CMSIS Pack Vendor :EmbeddedOffice I-CUBE-FS-RTOS 1.0.1
2025-02-06 12:06:41,159 [INFO] ThirdParty:1030 - CMSIS Pack Vendor :STMicroelectronics lwIP 2.0.3
2025-02-06 12:06:41,159 [INFO] ThirdParty:1030 - CMSIS Pack Vendor :STMicroelectronics USB_HOST 1.0.0
2025-02-06 12:06:41,159 [INFO] ThirdParty:1030 - CMSIS Pack Vendor :STMicroelectronics X-CUBE-TOF1 3.3.1
2025-02-06 12:06:41,159 [INFO] ThirdParty:1030 - CMSIS Pack Vendor :STMicroelectronics X-CUBE-AZRTOS-G4 2.0.0
2025-02-06 12:06:41,159 [INFO] ThirdParty:1030 - CMSIS Pack Vendor :STMicroelectronics PDM2PCM 3.1.0
2025-02-06 12:06:41,159 [INFO] ThirdParty:1030 - CMSIS Pack Vendor :STMicroelectronics X-CUBE-TOF1 3.3.0
2025-02-06 12:06:41,159 [INFO] ThirdParty:1030 - CMSIS Pack Vendor :STMicroelectronics FP-ATR-ASTRA1 1.1.1
2025-02-06 12:06:41,159 [INFO] ThirdParty:1030 - CMSIS Pack Vendor :Infineon AIROC-Wi-Fi-Bluetooth-STM32 1.5.1
2025-02-06 12:06:41,159 [INFO] ThirdParty:1030 - CMSIS Pack Vendor :STMicroelectronics X-CUBE-BLEMGR 3.0.0
2025-02-06 12:06:41,159 [INFO] ThirdParty:1030 - CMSIS Pack Vendor :STMicroelectronics X-CUBE-BLEMGR 1.3.0
2025-02-06 12:06:41,159 [INFO] ThirdParty:1030 - CMSIS Pack Vendor :RealThread X-CUBE-RT-Thread_Nano 4.1.1
2025-02-06 12:06:41,159 [INFO] ThirdParty:1030 - CMSIS Pack Vendor :STMicroelectronics FP-SNS-MOTENVWB1 1.3.1
2025-02-06 12:06:41,159 [INFO] ThirdParty:1030 - CMSIS Pack Vendor :STMicroelectronics FP-ATR-SIGFOX1 3.2.0
2025-02-06 12:06:41,159 [INFO] ThirdParty:1030 - CMSIS Pack Vendor :STMicroelectronics X-CUBE-AZRTOS-G4 1.0.0
2025-02-06 12:06:41,159 [INFO] ThirdParty:1030 - CMSIS Pack Vendor :STMicroelectronics X-CUBE-AZRTOS-L4 1.0.0
2025-02-06 12:06:41,159 [INFO] ThirdParty:1030 - CMSIS Pack Vendor :quantropi X-CUBE-qispace-sdk-base 1.9.3
2025-02-06 12:06:41,159 [INFO] ThirdParty:1030 - CMSIS Pack Vendor :STMicroelectronics X-CUBE-ISPU 2.0.0
2025-02-06 12:06:41,159 [INFO] ThirdParty:1030 - CMSIS Pack Vendor :STMicroelectronics X-CUBE-EEPRMA1 5.1.0
2025-02-06 12:06:41,159 [INFO] ThirdParty:1030 - CMSIS Pack Vendor :STMicroelectronics MBEDTLS 2.16.2
2025-02-06 12:06:41,159 [INFO] ThirdParty:1030 - CMSIS Pack Vendor :STMicroelectronics X-CUBE-ALS 1.0.2
2025-02-06 12:06:41,159 [INFO] ThirdParty:1030 - CMSIS Pack Vendor :emotas I-CUBE-CANOPEN 1.1.2
2025-02-06 12:06:41,159 [INFO] ThirdParty:1030 - CMSIS Pack Vendor :STMicroelectronics X-CUBE-TOUCHGFX 4.20.0
2025-02-06 12:06:41,159 [INFO] ThirdParty:1030 - CMSIS Pack Vendor :STMicroelectronics X-CUBE-MEMS1 10.0.0
2025-02-06 12:06:41,159 [INFO] ThirdParty:1030 - CMSIS Pack Vendor :STMicroelectronics X-CUBE-FREERTOS 1.1.0
2025-02-06 12:06:41,159 [INFO] ThirdParty:1030 - CMSIS Pack Vendor :STMicroelectronics X-CUBE-TOUCHGFX 4.24.0
2025-02-06 12:06:41,160 [INFO] ThirdParty:1030 - CMSIS Pack Vendor :STMicroelectronics X-CUBE-TOUCHGFX 4.24.2
2025-02-06 12:06:41,160 [INFO] ThirdParty:1030 - CMSIS Pack Vendor :STMicroelectronics X-CUBE-AZRTOS-WL 1.0.0
2025-02-06 12:06:41,160 [INFO] ThirdParty:1030 - CMSIS Pack Vendor :STMicroelectronics X-CUBE-TOUCHGFX 4.24.1
2025-02-06 12:06:41,160 [INFO] ThirdParty:1030 - CMSIS Pack Vendor :portGmbH I-Cube-SoM-uGOAL 1.1.0
2025-02-06 12:06:41,160 [INFO] ThirdParty:1030 - CMSIS Pack Vendor :STMicroelectronics X-CUBE-ALS 1.0.1
2025-02-06 12:06:41,160 [INFO] ThirdParty:1030 - CMSIS Pack Vendor :STMicroelectronics X-CUBE-MEMS1 9.5.0
2025-02-06 12:06:41,160 [INFO] ThirdParty:1030 - CMSIS Pack Vendor :STMicroelectronics ThreadX 1.0.0
2025-02-06 12:06:41,160 [INFO] ThirdParty:1030 - CMSIS Pack Vendor :STMicroelectronics X-CUBE-AZRTOS-WB 1.1.0
2025-02-06 12:06:41,160 [INFO] ThirdParty:1030 - CMSIS Pack Vendor :SEGGER I-CUBE-embOS 1.3.1
2025-02-06 12:06:41,160 [INFO] ThirdParty:1030 - CMSIS Pack Vendor :STMicroelectronics X-CUBE-ALGOBUILD 1.4.0
2025-02-06 12:06:41,160 [INFO] ThirdParty:1030 - CMSIS Pack Vendor :STMicroelectronics X-CUBE-AZRTOS-L5 1.0.0
2025-02-06 12:06:41,160 [INFO] ThirdParty:1030 - CMSIS Pack Vendor :STMicroelectronics X-CUBE-EEPRMA1 3.1.1
2025-02-06 12:06:41,160 [INFO] ThirdParty:1030 - CMSIS Pack Vendor :STMicroelectronics X-CUBE-AZRTOS-H7RS 1.0.0
2025-02-06 12:06:41,160 [INFO] ThirdParty:1030 - CMSIS Pack Vendor :STMicroelectronics FP-ATR-ASTRA1 2.0.0
2025-02-06 12:06:41,160 [INFO] ThirdParty:1030 - CMSIS Pack Vendor :STMicroelectronics X-CUBE-TOF1 3.4.2
2025-02-06 12:06:41,160 [INFO] ThirdParty:1030 - CMSIS Pack Vendor :STMicroelectronics X-CUBE-AI 9.1.0
2025-02-06 12:06:41,160 [INFO] ThirdParty:1030 - CMSIS Pack Vendor :STMicroelectronics X-CUBE-TOF1 3.4.0
2025-02-06 12:06:41,160 [INFO] ThirdParty:1030 - CMSIS Pack Vendor :STMicroelectronics X-CUBE-TOF1 3.4.1
2025-02-06 12:06:41,160 [INFO] ThirdParty:1030 - CMSIS Pack Vendor :STMicroelectronics X-CUBE-AZRTOS-H7 3.2.0
2025-02-06 12:06:41,160 [INFO] ThirdParty:1030 - CMSIS Pack Vendor :wolfSSL I-CUBE-wolfSSH 1.4.17
2025-02-06 12:06:41,160 [INFO] ThirdParty:841 - exiting critical section [change project]
2025-02-06 12:06:41,610 [INFO] PinOutPanel:1561 - setPackage(No Configuration,No Configuration)
2025-02-06 12:06:41,611 [INFO] PinOutPanel:1561 - setPackage(STM32G474RETx,LQFP64)
2025-02-06 12:06:42,109 [INFO] UtilMem:75 - Before build in PCC Used Memory: 315168112 Bytes (684720128)
2025-02-06 12:06:43,249 [INFO] UtilMem:75 - After build in PCC Used Memory: 436276592 Bytes (684720128)
2025-02-06 12:06:43,282 [INFO] IPUIPlugin:80 - create IPUIPlugin
2025-02-06 12:06:43,282 [INFO] IPUIPlugin:80 - create IPUIPlugin
2025-02-06 12:06:43,282 [INFO] IPUIPlugin:80 - create IPUIPlugin
2025-02-06 12:06:43,283 [INFO] IPUIPlugin:80 - create IPUIPlugin
2025-02-06 12:06:43,283 [INFO] IPUIPlugin:80 - create IPUIPlugin
2025-02-06 12:06:43,283 [INFO] IPUIPlugin:80 - create IPUIPlugin
2025-02-06 12:06:43,283 [INFO] IPUIPlugin:80 - create IPUIPlugin
2025-02-06 12:06:43,283 [INFO] IPUIPlugin:80 - create IPUIPlugin
2025-02-06 12:06:43,283 [INFO] IPUIPlugin:80 - create IPUIPlugin
2025-02-06 12:06:43,283 [INFO] IPUIPlugin:80 - create IPUIPlugin
2025-02-06 12:06:43,283 [INFO] IPUIPlugin:80 - create IPUIPlugin
2025-02-06 12:06:43,283 [INFO] IPUIPlugin:80 - create IPUIPlugin
2025-02-06 12:06:43,283 [INFO] IPUIPlugin:80 - create IPUIPlugin
2025-02-06 12:06:43,283 [INFO] IPUIPlugin:80 - create IPUIPlugin
2025-02-06 12:06:43,283 [INFO] IPUIPlugin:80 - create IPUIPlugin
2025-02-06 12:06:43,283 [INFO] IPUIPlugin:80 - create IPUIPlugin
2025-02-06 12:06:43,283 [INFO] IPUIPlugin:80 - create IPUIPlugin
2025-02-06 12:06:43,283 [INFO] IPUIPlugin:80 - create IPUIPlugin
2025-02-06 12:06:43,283 [INFO] IPUIPlugin:80 - create IPUIPlugin
2025-02-06 12:06:43,283 [INFO] IPUIPlugin:80 - create IPUIPlugin
2025-02-06 12:06:43,283 [INFO] IPUIPlugin:80 - create IPUIPlugin
2025-02-06 12:06:43,283 [INFO] IPUIPlugin:80 - create IPUIPlugin
2025-02-06 12:06:43,283 [INFO] IPUIPlugin:80 - create IPUIPlugin
2025-02-06 12:06:43,283 [INFO] IPUIPlugin:80 - create IPUIPlugin
2025-02-06 12:06:43,283 [INFO] IPUIPlugin:80 - create IPUIPlugin
2025-02-06 12:06:43,283 [INFO] IPUIPlugin:80 - create IPUIPlugin
2025-02-06 12:06:43,284 [INFO] IPUIPlugin:80 - create IPUIPlugin
2025-02-06 12:06:43,284 [INFO] IPUIPlugin:80 - create IPUIPlugin
2025-02-06 12:06:43,284 [INFO] IPUIPlugin:80 - create IPUIPlugin
2025-02-06 12:06:43,284 [INFO] IPUIPlugin:80 - create IPUIPlugin
2025-02-06 12:06:43,284 [INFO] IPUIPlugin:80 - create IPUIPlugin
2025-02-06 12:06:43,284 [INFO] IPUIPlugin:80 - create IPUIPlugin
2025-02-06 12:06:43,284 [INFO] IPUIPlugin:80 - create IPUIPlugin
2025-02-06 12:06:43,284 [INFO] IPUIPlugin:80 - create IPUIPlugin
2025-02-06 12:06:43,284 [INFO] IPUIPlugin:80 - create IPUIPlugin
2025-02-06 12:06:43,284 [INFO] IPUIPlugin:80 - create IPUIPlugin
2025-02-06 12:06:43,284 [INFO] IPUIPlugin:80 - create IPUIPlugin
2025-02-06 12:06:43,284 [INFO] IPUIPlugin:80 - create IPUIPlugin
2025-02-06 12:06:43,284 [INFO] IPUIPlugin:80 - create IPUIPlugin
2025-02-06 12:06:43,284 [INFO] IPUIPlugin:80 - create IPUIPlugin
2025-02-06 12:06:43,284 [INFO] IPUIPlugin:80 - create IPUIPlugin
2025-02-06 12:06:43,284 [INFO] IPUIPlugin:80 - create IPUIPlugin
2025-02-06 12:06:43,285 [INFO] IPUIPlugin:80 - create IPUIPlugin
2025-02-06 12:06:43,285 [INFO] IPUIPlugin:80 - create IPUIPlugin
2025-02-06 12:06:43,285 [INFO] IPUIPlugin:80 - create IPUIPlugin
2025-02-06 12:06:43,285 [INFO] IPUIPlugin:80 - create IPUIPlugin
2025-02-06 12:06:43,285 [INFO] IPUIPlugin:80 - create IPUIPlugin
2025-02-06 12:06:43,285 [INFO] IPUIPlugin:80 - create IPUIPlugin
2025-02-06 12:06:43,286 [INFO] IPUIPlugin:80 - create IPUIPlugin
2025-02-06 12:06:43,286 [INFO] IPUIPlugin:80 - create IPUIPlugin
2025-02-06 12:06:43,286 [INFO] IPUIPlugin:80 - create IPUIPlugin
2025-02-06 12:06:43,286 [INFO] IPUIPlugin:80 - create IPUIPlugin
2025-02-06 12:06:43,286 [INFO] IPUIPlugin:80 - create IPUIPlugin
2025-02-06 12:06:43,286 [INFO] IPUIPlugin:80 - create IPUIPlugin
2025-02-06 12:06:43,288 [INFO] IPUIPlugin:80 - create IPUIPlugin
2025-02-06 12:06:43,288 [INFO] IPUIPlugin:80 - create IPUIPlugin
2025-02-06 12:06:43,288 [INFO] IPUIPlugin:80 - create IPUIPlugin
2025-02-06 12:06:43,288 [INFO] IPUIPlugin:80 - create IPUIPlugin
2025-02-06 12:06:43,288 [INFO] IPUIPlugin:80 - create IPUIPlugin
2025-02-06 12:06:43,288 [INFO] IPUIPlugin:80 - create IPUIPlugin
2025-02-06 12:06:43,288 [INFO] IPUIPlugin:80 - create IPUIPlugin
2025-02-06 12:06:43,288 [INFO] IPUIPlugin:80 - create IPUIPlugin
2025-02-06 12:06:43,289 [INFO] IPUIPlugin:80 - create IPUIPlugin
2025-02-06 12:06:43,289 [INFO] IPUIPlugin:80 - create IPUIPlugin
2025-02-06 12:06:43,289 [INFO] IPUIPlugin:80 - create IPUIPlugin
2025-02-06 12:06:43,289 [INFO] IPUIPlugin:80 - create IPUIPlugin
2025-02-06 12:06:43,289 [INFO] IPUIPlugin:80 - create IPUIPlugin
2025-02-06 12:06:43,289 [INFO] IPUIPlugin:80 - create IPUIPlugin
2025-02-06 12:06:43,290 [INFO] IPUIPlugin:80 - create IPUIPlugin
2025-02-06 12:06:43,290 [INFO] IPUIPlugin:80 - create IPUIPlugin
2025-02-06 12:06:43,290 [INFO] IPUIPlugin:80 - create IPUIPlugin
2025-02-06 12:06:43,290 [INFO] IPUIPlugin:80 - create IPUIPlugin
2025-02-06 12:06:43,290 [INFO] IPUIPlugin:80 - create IPUIPlugin
2025-02-06 12:06:43,290 [INFO] IPUIPlugin:80 - create IPUIPlugin
2025-02-06 12:06:43,291 [INFO] IPUIPlugin:80 - create IPUIPlugin
2025-02-06 12:06:43,291 [INFO] IPUIPlugin:80 - create IPUIPlugin
2025-02-06 12:06:43,291 [INFO] IPUIPlugin:80 - create IPUIPlugin
2025-02-06 12:06:43,578 [INFO] CADModel:165 - CPN selected for project levelSTM32G474RET6
2025-02-06 12:06:43,578 [INFO] CADModel:114 - Register for checkConnection events
2025-02-06 12:06:43,687 [INFO] OpenFileManager:343 - Restore cursor
2025-02-06 12:07:46,592 [INFO] WebApp:161 - Instantiating new browser for Auth
2025-02-06 12:07:47,020 [INFO] WebApp:779 - Register for checkConnection events
2025-02-06 12:07:47,020 [INFO] WebApp:414 - Apply proxy settings
2025-02-06 12:07:47,024 [INFO] WebApp:459 - Chromium authenticates against Manually configured proxy
2025-02-06 12:07:47,031 [INFO] WebApp:467 - Username used for proxy authentication: 
2025-02-06 12:07:47,176 [INFO] WebApp:192 - Starting web application
2025-02-06 12:07:47,176 [INFO] WebApp:544 - Web application path used C:\ST\STM32CubeIDE_1.10.1\STM32CubeIDE\plugins\com.st.stm32cube.common.mx_6.11.1.202404110753\db\plugins\mcufinder\reactClient1\index.html
2025-02-06 12:08:24,164 [ERROR] LogOutputStream:75 - [STDERR_REDIRECT] 
2025-02-06 12:08:24,167 [ERROR] LogOutputStream:75 - [STDERR_REDIRECT] 
