2024-06-24 01:13:24,958 [INFO] Activator:176 - 


2024-06-24 01:13:24,962 [INFO] Activator:177 - !SESSION log4j initialized
2024-06-24 01:13:32,091 [INFO] LogOutputStream:77 - [STDOUT_REDIRECT] 
2024-06-24 01:13:35,684 [INFO] ApplicationProperties:184 - Using Application install path: C:\ST\STM32CubeIDE_1.10.1\STM32CubeIDE\plugins\com.st.stm32cube.common.mx_6.11.1.202404110753
2024-06-24 01:13:35,702 [INFO] DbMcusXml:78 - Set database path to: C:\ST\STM32CubeIDE_1.10.1\STM32CubeIDE\plugins\com.st.stm32cube.common.mx_6.11.1.202404110753\\db\/mcu/
2024-06-24 01:13:35,702 [INFO] ApiDb:274 - Set plugin database path to: C:\ST\STM32CubeIDE_1.10.1\STM32CubeIDE\plugins\com.st.stm32cube.common.mx_6.11.1.202404110753\\db\/plugins/boardmanager/
2024-06-24 01:13:35,702 [WARN] ApiDb:259 - Overriding images path with different value:  => C:\ST\STM32CubeIDE_1.10.1\STM32CubeIDE\plugins\com.st.stm32cube.common.mx_6.11.1.202404110753\\db\/plugins/mcufinder/images/
2024-06-24 01:13:35,710 [INFO] ApiDb:250 - Set database path to: C:\Users\saksh\.stmcufinder\plugins\mcufinder//mcu/
2024-06-24 01:13:35,711 [INFO] DbMcusAds:125 - Set database path to: C:\Users\saksh\.stmcufinder\plugins\mcufinder//mcu/
2024-06-24 01:13:35,713 [INFO] CrossReferenceDbSqlite:203 - Set database path to: C:\Users\saksh\.stmcufinder\plugins\mcufinder//mcu/cs/
2024-06-24 01:13:35,817 [INFO] RulesReader:64 - Compatibility file has been processed (297 Rules)
2024-06-24 01:13:35,895 [INFO] DbMcusXml:78 - Set database path to: C:\ST\STM32CubeIDE_1.10.1\STM32CubeIDE\plugins\com.st.stm32cube.common.mx_6.11.1.202404110753\\db\/mcu/
2024-06-24 01:13:35,896 [INFO] ApiDb:274 - Set plugin database path to: C:\ST\STM32CubeIDE_1.10.1\STM32CubeIDE\plugins\com.st.stm32cube.common.mx_6.11.1.202404110753\\db\/plugins/boardmanager/
2024-06-24 01:13:35,896 [INFO] ApiDb:261 - Set plugin images path to: C:\ST\STM32CubeIDE_1.10.1\STM32CubeIDE\plugins\com.st.stm32cube.common.mx_6.11.1.202404110753\\db\/plugins/mcufinder/images/
2024-06-24 01:13:35,896 [WARN] DbFile:41 - Overriding database path with different value: C:\Users\saksh\.stmcufinder\plugins\mcufinder/ => C:\Users\saksh\.stmcufinder\plugins\mcufinder
2024-06-24 01:13:35,896 [INFO] ApiDb:250 - Set database path to: C:\Users\saksh\.stmcufinder\plugins\mcufinder//mcu/
2024-06-24 01:13:35,897 [WARN] DbFile:41 - Overriding database path with different value: C:\Users\saksh\.stmcufinder\plugins\mcufinder/ => C:\Users\saksh\.stmcufinder\plugins\mcufinder
2024-06-24 01:13:35,897 [INFO] DbMcusAds:125 - Set database path to: C:\Users\saksh\.stmcufinder\plugins\mcufinder//mcu/
2024-06-24 01:13:35,897 [WARN] DbFile:41 - Overriding database path with different value: C:\Users\saksh\.stmcufinder\plugins\mcufinder/ => C:\Users\saksh\.stmcufinder\plugins\mcufinder
2024-06-24 01:13:35,897 [WARN] DbFile:41 - Overriding database path with different value: C:\Users\saksh\.stmcufinder\plugins\mcufinder/ => C:\Users\saksh\.stmcufinder\plugins\mcufinder
2024-06-24 01:13:35,897 [INFO] CrossReferenceDbSqlite:203 - Set database path to: C:\Users\saksh\.stmcufinder\plugins\mcufinder//mcu/cs/
2024-06-24 01:13:35,972 [INFO] MainPanel:264 - HeapMemory: 268435456
2024-06-24 01:13:36,059 [INFO] DbMcusXml:78 - Set database path to: C:\ST\STM32CubeIDE_1.10.1\STM32CubeIDE\plugins\com.st.stm32cube.common.mx_6.11.1.202404110753\\db\/mcu/
2024-06-24 01:13:36,059 [INFO] ApiDb:274 - Set plugin database path to: C:\ST\STM32CubeIDE_1.10.1\STM32CubeIDE\plugins\com.st.stm32cube.common.mx_6.11.1.202404110753\\db\/plugins/boardmanager/
2024-06-24 01:13:36,059 [INFO] ApiDb:261 - Set plugin images path to: C:\ST\STM32CubeIDE_1.10.1\STM32CubeIDE\plugins\com.st.stm32cube.common.mx_6.11.1.202404110753\\db\/plugins/mcufinder/images/
2024-06-24 01:13:36,060 [WARN] DbFile:41 - Overriding database path with different value: C:\Users\saksh\.stmcufinder\plugins\mcufinder/ => C:\Users\saksh\.stmcufinder\plugins\mcufinder
2024-06-24 01:13:36,060 [INFO] ApiDb:250 - Set database path to: C:\Users\saksh\.stmcufinder\plugins\mcufinder//mcu/
2024-06-24 01:13:36,060 [WARN] DbFile:41 - Overriding database path with different value: C:\Users\saksh\.stmcufinder\plugins\mcufinder/ => C:\Users\saksh\.stmcufinder\plugins\mcufinder
2024-06-24 01:13:36,060 [INFO] DbMcusAds:125 - Set database path to: C:\Users\saksh\.stmcufinder\plugins\mcufinder//mcu/
2024-06-24 01:13:36,060 [WARN] DbFile:41 - Overriding database path with different value: C:\Users\saksh\.stmcufinder\plugins\mcufinder/ => C:\Users\saksh\.stmcufinder\plugins\mcufinder
2024-06-24 01:13:36,060 [WARN] DbFile:41 - Overriding database path with different value: C:\Users\saksh\.stmcufinder\plugins\mcufinder/ => C:\Users\saksh\.stmcufinder\plugins\mcufinder
2024-06-24 01:13:36,060 [INFO] CrossReferenceDbSqlite:203 - Set database path to: C:\Users\saksh\.stmcufinder\plugins\mcufinder//mcu/cs/
2024-06-24 01:13:36,076 [INFO] ApplicationProperties:184 - Using Application install path: C:\ST\STM32CubeIDE_1.10.1\STM32CubeIDE\plugins\com.st.stm32cube.common.mx_6.11.1.202404110753
2024-06-24 01:13:36,078 [INFO] PluginManage:196 - Search for loadable plugins [exclusion list=, ]
2024-06-24 01:13:36,079 [INFO] PluginManage:310 - Check plugin analytics
2024-06-24 01:13:36,208 [INFO] AnalyticsPlugin:253 - Accepted Software Licenses: 
2024-06-24 01:13:36,208 [INFO] AnalyticsPlugin:255 - Accepted CMSIS Pack Licenses: 
2024-06-24 01:13:36,209 [INFO] AnalyticsPlugin:257 - Accepted Firmware Licenses: FW.H7.1.10.0,FW.G4.1.5.0
2024-06-24 01:13:36,211 [INFO] PluginManage:359 - Loaded plugin analytics (category:tool,tabindex:-1)
2024-06-24 01:13:36,211 [INFO] PluginManage:310 - Check plugin cadmodel
2024-06-24 01:13:36,226 [INFO] CADModel:105 - Init CAD model plugin
2024-06-24 01:13:36,226 [INFO] PluginManage:359 - Loaded plugin cadmodel (category:power,tabindex:5)
2024-06-24 01:13:36,226 [INFO] PluginManage:310 - Check plugin clock
2024-06-24 01:13:36,246 [INFO] PluginManage:359 - Loaded plugin clock (category:base,tabindex:2)
2024-06-24 01:13:36,247 [INFO] PluginManage:310 - Check plugin ddr
2024-06-24 01:13:36,249 [INFO] PluginManage:359 - Loaded plugin ddr (category:tool,tabindex:6)
2024-06-24 01:13:36,249 [INFO] PluginManage:310 - Check plugin filemanager
2024-06-24 01:13:36,380 [INFO] PluginManage:359 - Loaded plugin filemanager (category:base,tabindex:10)
2024-06-24 01:13:36,381 [INFO] PluginManage:310 - Check plugin ipmanager
2024-06-24 01:13:36,387 [INFO] PluginManage:359 - Loaded plugin ipmanager (category:base,tabindex:5)
2024-06-24 01:13:36,387 [INFO] PluginManage:310 - Check plugin lpbam
2024-06-24 01:13:36,412 [INFO] PluginManage:359 - Loaded plugin lpbam (category:base,tabindex:0)
2024-06-24 01:13:36,412 [INFO] PluginManage:310 - Check plugin memorymap
2024-06-24 01:13:36,435 [INFO] PluginManage:359 - Loaded plugin memorymap (category:base,tabindex:4)
2024-06-24 01:13:36,435 [INFO] PluginManage:310 - Check plugin pinoutandconfiguration
2024-06-24 01:13:36,454 [INFO] PluginManage:359 - Loaded plugin pinoutandconfiguration (category:base,tabindex:1)
2024-06-24 01:13:36,454 [INFO] PluginManage:310 - Check plugin pinoutconfig
2024-06-24 01:13:36,546 [WARN] SupportedApi:132 - Cannot load RTOS API schema: s4s-elt-must-match.1: The content of 'definitions' must match (annotation?, (simpleType | complexType)?, (unique | key | keyref)*)). A problem was found starting at: attribute.
2024-06-24 01:13:36,668 [INFO] PluginManage:359 - Loaded plugin pinoutconfig (category:base,tabindex:0)
2024-06-24 01:13:36,668 [INFO] PluginManage:310 - Check plugin power
2024-06-24 01:13:36,687 [INFO] PluginManage:359 - Loaded plugin power (category:power,tabindex:4)
2024-06-24 01:13:36,687 [INFO] PluginManage:310 - Check plugin projectmanager
2024-06-24 01:13:36,702 [INFO] PluginManage:359 - Loaded plugin projectmanager (category:projectmanager,tabindex:3)
2024-06-24 01:13:36,702 [INFO] PluginManage:310 - Check plugin thirdparty
2024-06-24 01:13:36,960 [INFO] PluginManage:359 - Loaded plugin thirdparty (category:base,tabindex:-1)
2024-06-24 01:13:36,960 [INFO] PluginManage:310 - Check plugin tools
2024-06-24 01:13:36,960 [WARN] IntegrityCheckThread:84 - waiting for thirdparty lock release [integrity check]
2024-06-24 01:13:36,961 [INFO] IntegrityCheckThread:86 - entering critical section [integrity check]
2024-06-24 01:13:36,961 [INFO] ThirdPartyUpdaterWithRetryManager:70 - Updater plugin not ready yet. [1/15]
2024-06-24 01:13:36,997 [INFO] PluginManage:359 - Loaded plugin tools (category:base,tabindex:7)
2024-06-24 01:13:36,997 [INFO] PluginManage:310 - Check plugin tutovideos
2024-06-24 01:13:37,189 [INFO] PluginManage:359 - Loaded plugin tutovideos (category:base,tabindex:-1)
2024-06-24 01:13:37,189 [INFO] PluginManage:310 - Check plugin updater
2024-06-24 01:13:37,201 [INFO] PluginManage:359 - Loaded plugin updater (category:base,tabindex:12)
2024-06-24 01:13:37,201 [INFO] PluginManage:310 - Check plugin userauth
2024-06-24 01:13:37,206 [INFO] UserAuth:114 - Init User Auth plugin
2024-06-24 01:13:37,206 [INFO] PluginManage:359 - Loaded plugin userauth (category:base,tabindex:14)
2024-06-24 01:13:37,207 [INFO] PluginManage:283 - PluginManage : Loaded plugins [17]
2024-06-24 01:13:37,409 [INFO] PinOutPanel:1561 - setPackage(No Configuration,No Configuration)
2024-06-24 01:13:37,490 [INFO] CADModel:165 - CPN selected for project level
2024-06-24 01:13:37,490 [INFO] CADModel:114 - Register for checkConnection events
2024-06-24 01:13:37,519 [INFO] IPUIPlugin:80 - create IPUIPlugin
2024-06-24 01:13:37,519 [INFO] PluginManager:220 - loadIPPluginJar : add adc
2024-06-24 01:13:37,556 [INFO] IPUIPlugin:80 - create IPUIPlugin
2024-06-24 01:13:37,556 [INFO] PluginManager:220 - loadIPPluginJar : add aes
2024-06-24 01:13:37,596 [INFO] IPUIPlugin:80 - create IPUIPlugin
2024-06-24 01:13:37,597 [INFO] PluginManager:220 - loadIPPluginJar : add can
2024-06-24 01:13:37,620 [INFO] IPUIPlugin:80 - create IPUIPlugin
2024-06-24 01:13:37,620 [INFO] PluginManager:220 - loadIPPluginJar : add comp
2024-06-24 01:13:37,653 [INFO] IPUIPlugin:80 - create IPUIPlugin
2024-06-24 01:13:37,653 [INFO] PluginManager:220 - loadIPPluginJar : add cryp
2024-06-24 01:13:37,682 [INFO] IPUIPlugin:80 - create IPUIPlugin
2024-06-24 01:13:37,683 [INFO] PluginManager:220 - loadIPPluginJar : add dfsdm
2024-06-24 01:13:37,700 [INFO] IPUIPlugin:80 - create IPUIPlugin
2024-06-24 01:13:37,701 [INFO] PluginManager:220 - loadIPPluginJar : add dma
2024-06-24 01:13:37,743 [INFO] IPUIPlugin:80 - create IPUIPlugin
2024-06-24 01:13:37,743 [INFO] PluginManager:220 - loadIPPluginJar : add dma3
2024-06-24 01:13:37,788 [INFO] IPUIPlugin:80 - create IPUIPlugin
2024-06-24 01:13:37,789 [INFO] PluginManager:220 - loadIPPluginJar : add extmemmanager
2024-06-24 01:13:37,809 [INFO] IPUIPlugin:80 - create IPUIPlugin
2024-06-24 01:13:37,809 [INFO] PluginManager:220 - loadIPPluginJar : add fatfs
2024-06-24 01:13:37,857 [INFO] IPUIPlugin:80 - create IPUIPlugin
2024-06-24 01:13:37,857 [INFO] PluginManager:220 - loadIPPluginJar : add fmc
2024-06-24 01:13:37,880 [INFO] IPUIPlugin:80 - create IPUIPlugin
2024-06-24 01:13:37,880 [INFO] PluginManager:220 - loadIPPluginJar : add freertos
2024-06-24 01:13:37,901 [INFO] IPUIPlugin:80 - create IPUIPlugin
2024-06-24 01:13:37,901 [INFO] PluginManager:220 - loadIPPluginJar : add genericplugin
2024-06-24 01:13:38,000 [INFO] IPUIPlugin:80 - create IPUIPlugin
2024-06-24 01:13:38,000 [INFO] PluginManager:220 - loadIPPluginJar : add gfxmmu
2024-06-24 01:13:38,174 [INFO] IPUIPlugin:80 - create IPUIPlugin
2024-06-24 01:13:38,174 [INFO] PluginManager:220 - loadIPPluginJar : add gic
2024-06-24 01:13:38,186 [INFO] IPUIPlugin:80 - create IPUIPlugin
2024-06-24 01:13:38,186 [INFO] PluginManager:220 - loadIPPluginJar : add gpio
2024-06-24 01:13:38,279 [INFO] IPUIPlugin:80 - create IPUIPlugin
2024-06-24 01:13:38,279 [INFO] PluginManager:220 - loadIPPluginJar : add gtzc
2024-06-24 01:13:38,310 [INFO] IPUIPlugin:80 - create IPUIPlugin
2024-06-24 01:13:38,310 [INFO] PluginManager:220 - loadIPPluginJar : add hash
2024-06-24 01:13:38,362 [INFO] IPUIPlugin:80 - create IPUIPlugin
2024-06-24 01:13:38,363 [INFO] PluginManager:220 - loadIPPluginJar : add i2c
2024-06-24 01:13:38,401 [INFO] IPUIPlugin:80 - create IPUIPlugin
2024-06-24 01:13:38,402 [INFO] PluginManager:220 - loadIPPluginJar : add i2s
2024-06-24 01:13:38,442 [INFO] IPUIPlugin:80 - create IPUIPlugin
2024-06-24 01:13:38,442 [INFO] PluginManager:220 - loadIPPluginJar : add i3c
2024-06-24 01:13:38,547 [INFO] IPUIPlugin:80 - create IPUIPlugin
2024-06-24 01:13:38,547 [INFO] PluginManager:220 - loadIPPluginJar : add ipddr
2024-06-24 01:13:38,641 [INFO] IPUIPlugin:80 - create IPUIPlugin
2024-06-24 01:13:38,641 [INFO] PluginManager:220 - loadIPPluginJar : add linkedlist
2024-06-24 01:13:38,676 [INFO] IPUIPlugin:80 - create IPUIPlugin
2024-06-24 01:13:38,677 [INFO] PluginManager:220 - loadIPPluginJar : add lorawan
2024-06-24 01:13:38,716 [INFO] IPUIPlugin:80 - create IPUIPlugin
2024-06-24 01:13:38,716 [INFO] PluginManager:220 - loadIPPluginJar : add ltdc
2024-06-24 01:13:38,732 [INFO] IPUIPlugin:80 - create IPUIPlugin
2024-06-24 01:13:38,732 [INFO] PluginManager:220 - loadIPPluginJar : add mdma
2024-06-24 01:13:38,745 [INFO] IPUIPlugin:80 - create IPUIPlugin
2024-06-24 01:13:38,745 [INFO] PluginManager:220 - loadIPPluginJar : add nvic
2024-06-24 01:13:38,780 [INFO] IPUIPlugin:80 - create IPUIPlugin
2024-06-24 01:13:38,781 [INFO] PluginManager:220 - loadIPPluginJar : add opamp
2024-06-24 01:13:38,852 [INFO] IPUIPlugin:80 - create IPUIPlugin
2024-06-24 01:13:38,853 [INFO] PluginManager:220 - loadIPPluginJar : add openamp
2024-06-24 01:13:38,897 [INFO] IPUIPlugin:80 - create IPUIPlugin
2024-06-24 01:13:38,897 [INFO] PluginManager:220 - loadIPPluginJar : add pdm2pcm
2024-06-24 01:13:38,912 [INFO] IPUIPlugin:80 - create IPUIPlugin
2024-06-24 01:13:38,914 [INFO] PluginManager:220 - loadIPPluginJar : add plateformsettings
2024-06-24 01:13:38,941 [INFO] IPUIPlugin:80 - create IPUIPlugin
2024-06-24 01:13:38,941 [INFO] PluginManager:220 - loadIPPluginJar : add quadspi
2024-06-24 01:13:38,961 [INFO] IPUIPlugin:80 - create IPUIPlugin
2024-06-24 01:13:38,961 [INFO] PluginManager:220 - loadIPPluginJar : add resmgrutility
2024-06-24 01:13:39,012 [INFO] IPUIPlugin:80 - create IPUIPlugin
2024-06-24 01:13:39,012 [INFO] PluginManager:220 - loadIPPluginJar : add sai
2024-06-24 01:13:39,048 [INFO] IPUIPlugin:80 - create IPUIPlugin
2024-06-24 01:13:39,049 [INFO] PluginManager:220 - loadIPPluginJar : add spi
2024-06-24 01:13:39,115 [INFO] IPUIPlugin:80 - create IPUIPlugin
2024-06-24 01:13:39,115 [INFO] PluginManager:220 - loadIPPluginJar : add stm32_wpan
2024-06-24 01:13:39,138 [INFO] IPUIPlugin:80 - create IPUIPlugin
2024-06-24 01:13:39,138 [INFO] PluginManager:220 - loadIPPluginJar : add tim
2024-06-24 01:13:39,197 [INFO] IPUIPlugin:80 - create IPUIPlugin
2024-06-24 01:13:39,197 [INFO] PluginManager:220 - loadIPPluginJar : add touchsensing
2024-06-24 01:13:39,220 [INFO] IPUIPlugin:80 - create IPUIPlugin
2024-06-24 01:13:39,220 [INFO] PluginManager:220 - loadIPPluginJar : add tracer_emb
2024-06-24 01:13:39,243 [INFO] IPUIPlugin:80 - create IPUIPlugin
2024-06-24 01:13:39,243 [INFO] PluginManager:220 - loadIPPluginJar : add ts
2024-06-24 01:13:39,264 [INFO] IPUIPlugin:80 - create IPUIPlugin
2024-06-24 01:13:39,264 [INFO] PluginManager:220 - loadIPPluginJar : add tsc
2024-06-24 01:13:39,284 [INFO] IPUIPlugin:80 - create IPUIPlugin
2024-06-24 01:13:39,284 [INFO] PluginManager:220 - loadIPPluginJar : add ucpd
2024-06-24 01:13:39,330 [INFO] IPUIPlugin:80 - create IPUIPlugin
2024-06-24 01:13:39,330 [INFO] PluginManager:220 - loadIPPluginJar : add usart
2024-06-24 01:13:39,382 [INFO] IPUIPlugin:80 - create IPUIPlugin
2024-06-24 01:13:39,382 [INFO] PluginManager:220 - loadIPPluginJar : add usbx
2024-06-24 01:13:39,507 [INFO] CADModel:165 - CPN selected for project level
2024-06-24 01:13:39,508 [INFO] CADModel:114 - Register for checkConnection events
2024-06-24 01:13:39,508 [FATAL] Updater:308 - Updater called before beeing initialized
2024-06-24 01:13:39,508 [ERROR] CADModel:125 - Updater not yet initialized, retry later 
2024-06-24 01:13:39,665 [INFO] CADModel:165 - CPN selected for project level
2024-06-24 01:13:39,666 [INFO] CADModel:114 - Register for checkConnection events
2024-06-24 01:13:39,666 [FATAL] Updater:308 - Updater called before beeing initialized
2024-06-24 01:13:39,666 [ERROR] CADModel:125 - Updater not yet initialized, retry later 
2024-06-24 01:13:39,669 [FATAL] Updater:308 - Updater called before beeing initialized
2024-06-24 01:13:39,761 [FATAL] Updater:308 - Updater called before beeing initialized
2024-06-24 01:13:39,770 [INFO] DbMcusAds:53 - JSON generation date=Thu May 16 14:52:00 IST 2024 (1715851320852)
2024-06-24 01:13:39,770 [FATAL] Updater:308 - Updater called before beeing initialized
2024-06-24 01:13:39,851 [WARN] DetailPanel:346 - Failed to get advertising image, set to default
2024-06-24 01:13:39,961 [FATAL] Updater:308 - Updater called before beeing initialized
2024-06-24 01:13:39,963 [INFO] ThirdPartyUpdaterWithRetryManager:70 - Updater plugin not ready yet. [2/15]
2024-06-24 01:13:39,963 [FATAL] Updater:308 - Updater called before beeing initialized
2024-06-24 01:13:39,963 [FATAL] Updater:308 - Updater called before beeing initialized
2024-06-24 01:13:39,963 [WARN] DetailPanel:346 - Failed to get advertising image, set to default
2024-06-24 01:13:39,964 [FATAL] Updater:308 - Updater called before beeing initialized
2024-06-24 01:13:40,022 [ERROR] Updater:1120 - MainUpdater not yet initialized. External WinMGr cannot be set.
2024-06-24 01:13:40,032 [INFO] Updater:1056 - Updater Version found : 6.11.1
2024-06-24 01:13:40,050 [INFO] ApplicationProperties:184 - Using Application install path: C:\ST\STM32CubeIDE_1.10.1\STM32CubeIDE\plugins\com.st.stm32cube.common.mx_6.11.1.202404110753
2024-06-24 01:13:41,633 [ERROR] LogOutputStream:75 - [STDERR_REDIRECT] Jun 24, 2024 1:13:41 AM java.util.prefs.WindowsPreferences <init>
2024-06-24 01:13:41,635 [ERROR] LogOutputStream:75 - [STDERR_REDIRECT] WARNING: Could not open/create prefs root node Software\JavaSoft\Prefs at root 0xffffffff80000002. Windows RegCreateKeyEx(...) returned error code 5.
2024-06-24 01:13:41,635 [ERROR] LogOutputStream:75 - [STDERR_REDIRECT] 
2024-06-24 01:13:42,965 [FATAL] Updater:308 - Updater called before beeing initialized
2024-06-24 01:13:42,965 [ERROR] IntegrityCheckThread:130 - Cannot retrieve database content from updater: error 21
2024-06-24 01:13:42,966 [INFO] ThirdParty:978 - Integrity check success = false
2024-06-24 01:13:42,966 [INFO] IntegrityCheckThread:100 - exiting critical section [integrity check]
2024-06-24 01:13:42,966 [INFO] IntegrityCheckThread:103 - End integrity checks thread
2024-06-24 01:13:43,349 [INFO] MainUpdater:2873 - connection check result : 10
2024-06-24 01:13:43,351 [INFO] MainUpdater:290 - Updater Check For Update Now.
2024-06-24 01:13:43,351 [INFO] MicroXplorer:498 - Change Database Version : DB.6.0.111
2024-06-24 01:13:43,394 [INFO] McuFinderGlobals:63 - Set McuFinder mode to 2 (CubeIDE integrated)
2024-06-24 01:13:43,395 [INFO] UserAuth:179 - activating auth plugin
2024-06-24 01:13:43,400 [INFO] UserAuth:415 - Internet connection configuration mode: 1
2024-06-24 01:13:43,502 [INFO] JxBrowserEngine:152 - Initiate JxBrowser Engine with user profile folder
2024-06-24 01:13:43,668 [INFO] CheckServerUpdateThread:120 - End of CheckServer Thread
2024-06-24 01:13:47,982 [INFO] WebApp:161 - Instantiating new browser for Auth
2024-06-24 01:13:48,563 [INFO] WebApp:779 - Register for checkConnection events
2024-06-24 01:13:48,563 [INFO] WebApp:414 - Apply proxy settings
2024-06-24 01:13:48,563 [INFO] WebApp:499 - Chromium requires no authentication
2024-06-24 01:13:48,572 [INFO] WebApp:442 - Direct internet connection detected
2024-06-24 01:13:48,766 [INFO] WebApp:192 - Starting web application
2024-06-24 01:13:48,766 [INFO] WebApp:544 - Web application path used C:\ST\STM32CubeIDE_1.10.1\STM32CubeIDE\plugins\com.st.stm32cube.common.mx_6.11.1.202404110753\db\plugins\mcufinder\reactClient1\index.html
