2024-06-20 11:22:56,461 [ERROR] LogOutputStream:75 - [STDERR_REDIRECT] 
2024-06-20 11:28:56,564 [INFO] Activator:176 - 


2024-06-20 11:28:56,564 [INFO] Activator:177 - !SESSION log4j initialized
2024-06-20 11:29:00,792 [INFO] LogOutputStream:77 - [STDOUT_REDIRECT] 
2024-06-20 11:29:02,795 [INFO] ApplicationProperties:184 - Using Application install path: C:\ST\STM32CubeIDE_1.10.1\STM32CubeIDE\plugins\com.st.stm32cube.common.mx_6.11.1.202404110753
2024-06-20 11:29:02,809 [INFO] DbMcusXml:78 - Set database path to: C:\ST\STM32CubeIDE_1.10.1\STM32CubeIDE\plugins\com.st.stm32cube.common.mx_6.11.1.202404110753\\db\/mcu/
2024-06-20 11:29:02,810 [INFO] ApiDb:274 - Set plugin database path to: C:\ST\STM32CubeIDE_1.10.1\STM32CubeIDE\plugins\com.st.stm32cube.common.mx_6.11.1.202404110753\\db\/plugins/boardmanager/
2024-06-20 11:29:02,810 [WARN] ApiDb:259 - Overriding images path with different value:  => C:\ST\STM32CubeIDE_1.10.1\STM32CubeIDE\plugins\com.st.stm32cube.common.mx_6.11.1.202404110753\\db\/plugins/mcufinder/images/
2024-06-20 11:29:02,814 [INFO] ApiDb:250 - Set database path to: C:\Users\saksh\.stmcufinder\plugins\mcufinder//mcu/
2024-06-20 11:29:02,815 [INFO] DbMcusAds:125 - Set database path to: C:\Users\saksh\.stmcufinder\plugins\mcufinder//mcu/
2024-06-20 11:29:02,816 [INFO] CrossReferenceDbSqlite:203 - Set database path to: C:\Users\saksh\.stmcufinder\plugins\mcufinder//mcu/cs/
2024-06-20 11:29:02,898 [INFO] RulesReader:64 - Compatibility file has been processed (297 Rules)
2024-06-20 11:29:02,956 [INFO] DbMcusXml:78 - Set database path to: C:\ST\STM32CubeIDE_1.10.1\STM32CubeIDE\plugins\com.st.stm32cube.common.mx_6.11.1.202404110753\\db\/mcu/
2024-06-20 11:29:02,956 [INFO] ApiDb:274 - Set plugin database path to: C:\ST\STM32CubeIDE_1.10.1\STM32CubeIDE\plugins\com.st.stm32cube.common.mx_6.11.1.202404110753\\db\/plugins/boardmanager/
2024-06-20 11:29:02,956 [INFO] ApiDb:261 - Set plugin images path to: C:\ST\STM32CubeIDE_1.10.1\STM32CubeIDE\plugins\com.st.stm32cube.common.mx_6.11.1.202404110753\\db\/plugins/mcufinder/images/
2024-06-20 11:29:02,957 [WARN] DbFile:41 - Overriding database path with different value: C:\Users\saksh\.stmcufinder\plugins\mcufinder/ => C:\Users\saksh\.stmcufinder\plugins\mcufinder
2024-06-20 11:29:02,957 [INFO] ApiDb:250 - Set database path to: C:\Users\saksh\.stmcufinder\plugins\mcufinder//mcu/
2024-06-20 11:29:02,957 [WARN] DbFile:41 - Overriding database path with different value: C:\Users\saksh\.stmcufinder\plugins\mcufinder/ => C:\Users\saksh\.stmcufinder\plugins\mcufinder
2024-06-20 11:29:02,957 [INFO] DbMcusAds:125 - Set database path to: C:\Users\saksh\.stmcufinder\plugins\mcufinder//mcu/
2024-06-20 11:29:02,957 [WARN] DbFile:41 - Overriding database path with different value: C:\Users\saksh\.stmcufinder\plugins\mcufinder/ => C:\Users\saksh\.stmcufinder\plugins\mcufinder
2024-06-20 11:29:02,957 [WARN] DbFile:41 - Overriding database path with different value: C:\Users\saksh\.stmcufinder\plugins\mcufinder/ => C:\Users\saksh\.stmcufinder\plugins\mcufinder
2024-06-20 11:29:02,957 [INFO] CrossReferenceDbSqlite:203 - Set database path to: C:\Users\saksh\.stmcufinder\plugins\mcufinder//mcu/cs/
2024-06-20 11:29:03,012 [INFO] MainPanel:264 - HeapMemory: 268435456
2024-06-20 11:29:03,076 [INFO] DbMcusXml:78 - Set database path to: C:\ST\STM32CubeIDE_1.10.1\STM32CubeIDE\plugins\com.st.stm32cube.common.mx_6.11.1.202404110753\\db\/mcu/
2024-06-20 11:29:03,076 [INFO] ApiDb:274 - Set plugin database path to: C:\ST\STM32CubeIDE_1.10.1\STM32CubeIDE\plugins\com.st.stm32cube.common.mx_6.11.1.202404110753\\db\/plugins/boardmanager/
2024-06-20 11:29:03,076 [INFO] ApiDb:261 - Set plugin images path to: C:\ST\STM32CubeIDE_1.10.1\STM32CubeIDE\plugins\com.st.stm32cube.common.mx_6.11.1.202404110753\\db\/plugins/mcufinder/images/
2024-06-20 11:29:03,076 [WARN] DbFile:41 - Overriding database path with different value: C:\Users\saksh\.stmcufinder\plugins\mcufinder/ => C:\Users\saksh\.stmcufinder\plugins\mcufinder
2024-06-20 11:29:03,076 [INFO] ApiDb:250 - Set database path to: C:\Users\saksh\.stmcufinder\plugins\mcufinder//mcu/
2024-06-20 11:29:03,076 [WARN] DbFile:41 - Overriding database path with different value: C:\Users\saksh\.stmcufinder\plugins\mcufinder/ => C:\Users\saksh\.stmcufinder\plugins\mcufinder
2024-06-20 11:29:03,076 [INFO] DbMcusAds:125 - Set database path to: C:\Users\saksh\.stmcufinder\plugins\mcufinder//mcu/
2024-06-20 11:29:03,076 [WARN] DbFile:41 - Overriding database path with different value: C:\Users\saksh\.stmcufinder\plugins\mcufinder/ => C:\Users\saksh\.stmcufinder\plugins\mcufinder
2024-06-20 11:29:03,076 [WARN] DbFile:41 - Overriding database path with different value: C:\Users\saksh\.stmcufinder\plugins\mcufinder/ => C:\Users\saksh\.stmcufinder\plugins\mcufinder
2024-06-20 11:29:03,076 [INFO] CrossReferenceDbSqlite:203 - Set database path to: C:\Users\saksh\.stmcufinder\plugins\mcufinder//mcu/cs/
2024-06-20 11:29:03,089 [INFO] ApplicationProperties:184 - Using Application install path: C:\ST\STM32CubeIDE_1.10.1\STM32CubeIDE\plugins\com.st.stm32cube.common.mx_6.11.1.202404110753
2024-06-20 11:29:03,090 [INFO] PluginManage:196 - Search for loadable plugins [exclusion list=, ]
2024-06-20 11:29:03,109 [INFO] PluginManage:310 - Check plugin analytics
2024-06-20 11:29:03,192 [INFO] AnalyticsPlugin:253 - Accepted Software Licenses: 
2024-06-20 11:29:03,192 [INFO] AnalyticsPlugin:255 - Accepted CMSIS Pack Licenses: 
2024-06-20 11:29:03,192 [INFO] AnalyticsPlugin:257 - Accepted Firmware Licenses: FW.H7.1.10.0,FW.G4.1.5.0
2024-06-20 11:29:03,193 [INFO] PluginManage:359 - Loaded plugin analytics (category:tool,tabindex:-1)
2024-06-20 11:29:03,194 [INFO] PluginManage:310 - Check plugin cadmodel
2024-06-20 11:29:03,214 [INFO] CADModel:105 - Init CAD model plugin
2024-06-20 11:29:03,215 [INFO] PluginManage:359 - Loaded plugin cadmodel (category:power,tabindex:5)
2024-06-20 11:29:03,215 [INFO] PluginManage:310 - Check plugin clock
2024-06-20 11:29:03,226 [INFO] PluginManage:359 - Loaded plugin clock (category:base,tabindex:2)
2024-06-20 11:29:03,226 [INFO] PluginManage:310 - Check plugin ddr
2024-06-20 11:29:03,228 [INFO] PluginManage:359 - Loaded plugin ddr (category:tool,tabindex:6)
2024-06-20 11:29:03,228 [INFO] PluginManage:310 - Check plugin filemanager
2024-06-20 11:29:03,319 [INFO] PluginManage:359 - Loaded plugin filemanager (category:base,tabindex:10)
2024-06-20 11:29:03,319 [INFO] PluginManage:310 - Check plugin ipmanager
2024-06-20 11:29:03,323 [INFO] PluginManage:359 - Loaded plugin ipmanager (category:base,tabindex:5)
2024-06-20 11:29:03,323 [INFO] PluginManage:310 - Check plugin lpbam
2024-06-20 11:29:03,335 [INFO] PluginManage:359 - Loaded plugin lpbam (category:base,tabindex:0)
2024-06-20 11:29:03,336 [INFO] PluginManage:310 - Check plugin memorymap
2024-06-20 11:29:03,351 [INFO] PluginManage:359 - Loaded plugin memorymap (category:base,tabindex:4)
2024-06-20 11:29:03,351 [INFO] PluginManage:310 - Check plugin pinoutandconfiguration
2024-06-20 11:29:03,362 [INFO] PluginManage:359 - Loaded plugin pinoutandconfiguration (category:base,tabindex:1)
2024-06-20 11:29:03,362 [INFO] PluginManage:310 - Check plugin pinoutconfig
2024-06-20 11:29:03,425 [WARN] SupportedApi:132 - Cannot load RTOS API schema: s4s-elt-must-match.1: The content of 'definitions' must match (annotation?, (simpleType | complexType)?, (unique | key | keyref)*)). A problem was found starting at: attribute.
2024-06-20 11:29:03,512 [INFO] PluginManage:359 - Loaded plugin pinoutconfig (category:base,tabindex:0)
2024-06-20 11:29:03,512 [INFO] PluginManage:310 - Check plugin power
2024-06-20 11:29:03,525 [INFO] PluginManage:359 - Loaded plugin power (category:power,tabindex:4)
2024-06-20 11:29:03,525 [INFO] PluginManage:310 - Check plugin projectmanager
2024-06-20 11:29:03,535 [INFO] PluginManage:359 - Loaded plugin projectmanager (category:projectmanager,tabindex:3)
2024-06-20 11:29:03,535 [INFO] PluginManage:310 - Check plugin thirdparty
2024-06-20 11:29:03,731 [INFO] PluginManage:359 - Loaded plugin thirdparty (category:base,tabindex:-1)
2024-06-20 11:29:03,731 [WARN] IntegrityCheckThread:84 - waiting for thirdparty lock release [integrity check]
2024-06-20 11:29:03,731 [INFO] PluginManage:310 - Check plugin tools
2024-06-20 11:29:03,731 [INFO] IntegrityCheckThread:86 - entering critical section [integrity check]
2024-06-20 11:29:03,732 [INFO] ThirdPartyUpdaterWithRetryManager:70 - Updater plugin not ready yet. [1/15]
2024-06-20 11:29:03,755 [INFO] PluginManage:359 - Loaded plugin tools (category:base,tabindex:7)
2024-06-20 11:29:03,755 [INFO] PluginManage:310 - Check plugin tutovideos
2024-06-20 11:29:03,886 [INFO] PluginManage:359 - Loaded plugin tutovideos (category:base,tabindex:-1)
2024-06-20 11:29:03,886 [INFO] PluginManage:310 - Check plugin updater
2024-06-20 11:29:03,894 [INFO] PluginManage:359 - Loaded plugin updater (category:base,tabindex:12)
2024-06-20 11:29:03,894 [INFO] PluginManage:310 - Check plugin userauth
2024-06-20 11:29:03,898 [INFO] UserAuth:114 - Init User Auth plugin
2024-06-20 11:29:03,898 [INFO] PluginManage:359 - Loaded plugin userauth (category:base,tabindex:14)
2024-06-20 11:29:03,898 [INFO] PluginManage:283 - PluginManage : Loaded plugins [17]
2024-06-20 11:29:04,037 [INFO] PinOutPanel:1561 - setPackage(No Configuration,No Configuration)
2024-06-20 11:29:04,081 [INFO] CADModel:165 - CPN selected for project level
2024-06-20 11:29:04,081 [INFO] CADModel:114 - Register for checkConnection events
2024-06-20 11:29:04,099 [INFO] IPUIPlugin:80 - create IPUIPlugin
2024-06-20 11:29:04,099 [INFO] PluginManager:220 - loadIPPluginJar : add adc
2024-06-20 11:29:04,123 [INFO] IPUIPlugin:80 - create IPUIPlugin
2024-06-20 11:29:04,123 [INFO] PluginManager:220 - loadIPPluginJar : add aes
2024-06-20 11:29:04,149 [INFO] IPUIPlugin:80 - create IPUIPlugin
2024-06-20 11:29:04,150 [INFO] PluginManager:220 - loadIPPluginJar : add can
2024-06-20 11:29:04,165 [INFO] IPUIPlugin:80 - create IPUIPlugin
2024-06-20 11:29:04,166 [INFO] PluginManager:220 - loadIPPluginJar : add comp
2024-06-20 11:29:04,189 [INFO] IPUIPlugin:80 - create IPUIPlugin
2024-06-20 11:29:04,189 [INFO] PluginManager:220 - loadIPPluginJar : add cryp
2024-06-20 11:29:04,210 [INFO] IPUIPlugin:80 - create IPUIPlugin
2024-06-20 11:29:04,210 [INFO] PluginManager:220 - loadIPPluginJar : add dfsdm
2024-06-20 11:29:04,220 [INFO] IPUIPlugin:80 - create IPUIPlugin
2024-06-20 11:29:04,220 [INFO] PluginManager:220 - loadIPPluginJar : add dma
2024-06-20 11:29:04,249 [INFO] IPUIPlugin:80 - create IPUIPlugin
2024-06-20 11:29:04,249 [INFO] PluginManager:220 - loadIPPluginJar : add dma3
2024-06-20 11:29:04,278 [INFO] IPUIPlugin:80 - create IPUIPlugin
2024-06-20 11:29:04,278 [INFO] PluginManager:220 - loadIPPluginJar : add extmemmanager
2024-06-20 11:29:04,291 [INFO] IPUIPlugin:80 - create IPUIPlugin
2024-06-20 11:29:04,291 [INFO] PluginManager:220 - loadIPPluginJar : add fatfs
2024-06-20 11:29:04,324 [INFO] IPUIPlugin:80 - create IPUIPlugin
2024-06-20 11:29:04,324 [INFO] PluginManager:220 - loadIPPluginJar : add fmc
2024-06-20 11:29:04,333 [INFO] IPUIPlugin:80 - create IPUIPlugin
2024-06-20 11:29:04,334 [INFO] PluginManager:220 - loadIPPluginJar : add freertos
2024-06-20 11:29:04,348 [INFO] IPUIPlugin:80 - create IPUIPlugin
2024-06-20 11:29:04,348 [INFO] PluginManager:220 - loadIPPluginJar : add genericplugin
2024-06-20 11:29:04,411 [INFO] IPUIPlugin:80 - create IPUIPlugin
2024-06-20 11:29:04,411 [INFO] PluginManager:220 - loadIPPluginJar : add gfxmmu
2024-06-20 11:29:04,499 [INFO] IPUIPlugin:80 - create IPUIPlugin
2024-06-20 11:29:04,499 [INFO] PluginManager:220 - loadIPPluginJar : add gic
2024-06-20 11:29:04,507 [INFO] IPUIPlugin:80 - create IPUIPlugin
2024-06-20 11:29:04,507 [INFO] PluginManager:220 - loadIPPluginJar : add gpio
2024-06-20 11:29:04,568 [INFO] IPUIPlugin:80 - create IPUIPlugin
2024-06-20 11:29:04,568 [INFO] PluginManager:220 - loadIPPluginJar : add gtzc
2024-06-20 11:29:04,590 [INFO] IPUIPlugin:80 - create IPUIPlugin
2024-06-20 11:29:04,590 [INFO] PluginManager:220 - loadIPPluginJar : add hash
2024-06-20 11:29:04,627 [INFO] IPUIPlugin:80 - create IPUIPlugin
2024-06-20 11:29:04,627 [INFO] PluginManager:220 - loadIPPluginJar : add i2c
2024-06-20 11:29:04,653 [INFO] IPUIPlugin:80 - create IPUIPlugin
2024-06-20 11:29:04,654 [INFO] PluginManager:220 - loadIPPluginJar : add i2s
2024-06-20 11:29:04,681 [INFO] IPUIPlugin:80 - create IPUIPlugin
2024-06-20 11:29:04,681 [INFO] PluginManager:220 - loadIPPluginJar : add i3c
2024-06-20 11:29:04,749 [INFO] IPUIPlugin:80 - create IPUIPlugin
2024-06-20 11:29:04,750 [INFO] PluginManager:220 - loadIPPluginJar : add ipddr
2024-06-20 11:29:04,811 [INFO] IPUIPlugin:80 - create IPUIPlugin
2024-06-20 11:29:04,812 [INFO] PluginManager:220 - loadIPPluginJar : add linkedlist
2024-06-20 11:29:04,836 [INFO] IPUIPlugin:80 - create IPUIPlugin
2024-06-20 11:29:04,836 [INFO] PluginManager:220 - loadIPPluginJar : add lorawan
2024-06-20 11:29:04,861 [INFO] IPUIPlugin:80 - create IPUIPlugin
2024-06-20 11:29:04,861 [INFO] PluginManager:220 - loadIPPluginJar : add ltdc
2024-06-20 11:29:04,871 [INFO] IPUIPlugin:80 - create IPUIPlugin
2024-06-20 11:29:04,872 [INFO] PluginManager:220 - loadIPPluginJar : add mdma
2024-06-20 11:29:04,879 [INFO] IPUIPlugin:80 - create IPUIPlugin
2024-06-20 11:29:04,879 [INFO] PluginManager:220 - loadIPPluginJar : add nvic
2024-06-20 11:29:04,903 [INFO] IPUIPlugin:80 - create IPUIPlugin
2024-06-20 11:29:04,903 [INFO] PluginManager:220 - loadIPPluginJar : add opamp
2024-06-20 11:29:04,943 [INFO] IPUIPlugin:80 - create IPUIPlugin
2024-06-20 11:29:04,943 [INFO] PluginManager:220 - loadIPPluginJar : add openamp
2024-06-20 11:29:04,971 [INFO] IPUIPlugin:80 - create IPUIPlugin
2024-06-20 11:29:04,971 [INFO] PluginManager:220 - loadIPPluginJar : add pdm2pcm
2024-06-20 11:29:04,982 [INFO] IPUIPlugin:80 - create IPUIPlugin
2024-06-20 11:29:04,984 [INFO] PluginManager:220 - loadIPPluginJar : add plateformsettings
2024-06-20 11:29:04,998 [INFO] IPUIPlugin:80 - create IPUIPlugin
2024-06-20 11:29:04,998 [INFO] PluginManager:220 - loadIPPluginJar : add quadspi
2024-06-20 11:29:05,006 [INFO] IPUIPlugin:80 - create IPUIPlugin
2024-06-20 11:29:05,006 [INFO] PluginManager:220 - loadIPPluginJar : add resmgrutility
2024-06-20 11:29:05,041 [INFO] IPUIPlugin:80 - create IPUIPlugin
2024-06-20 11:29:05,041 [INFO] PluginManager:220 - loadIPPluginJar : add sai
2024-06-20 11:29:05,066 [INFO] IPUIPlugin:80 - create IPUIPlugin
2024-06-20 11:29:05,066 [INFO] PluginManager:220 - loadIPPluginJar : add spi
2024-06-20 11:29:05,111 [INFO] IPUIPlugin:80 - create IPUIPlugin
2024-06-20 11:29:05,111 [INFO] PluginManager:220 - loadIPPluginJar : add stm32_wpan
2024-06-20 11:29:05,127 [INFO] IPUIPlugin:80 - create IPUIPlugin
2024-06-20 11:29:05,127 [INFO] PluginManager:220 - loadIPPluginJar : add tim
2024-06-20 11:29:05,167 [INFO] IPUIPlugin:80 - create IPUIPlugin
2024-06-20 11:29:05,167 [INFO] PluginManager:220 - loadIPPluginJar : add touchsensing
2024-06-20 11:29:05,182 [INFO] IPUIPlugin:80 - create IPUIPlugin
2024-06-20 11:29:05,182 [INFO] PluginManager:220 - loadIPPluginJar : add tracer_emb
2024-06-20 11:29:05,197 [INFO] IPUIPlugin:80 - create IPUIPlugin
2024-06-20 11:29:05,197 [INFO] PluginManager:220 - loadIPPluginJar : add ts
2024-06-20 11:29:05,213 [INFO] IPUIPlugin:80 - create IPUIPlugin
2024-06-20 11:29:05,213 [INFO] PluginManager:220 - loadIPPluginJar : add tsc
2024-06-20 11:29:05,227 [INFO] IPUIPlugin:80 - create IPUIPlugin
2024-06-20 11:29:05,227 [INFO] PluginManager:220 - loadIPPluginJar : add ucpd
2024-06-20 11:29:05,256 [INFO] IPUIPlugin:80 - create IPUIPlugin
2024-06-20 11:29:05,256 [INFO] PluginManager:220 - loadIPPluginJar : add usart
2024-06-20 11:29:05,285 [INFO] IPUIPlugin:80 - create IPUIPlugin
2024-06-20 11:29:05,285 [INFO] PluginManager:220 - loadIPPluginJar : add usbx
2024-06-20 11:29:05,391 [INFO] CADModel:165 - CPN selected for project level
2024-06-20 11:29:05,391 [INFO] CADModel:114 - Register for checkConnection events
2024-06-20 11:29:05,392 [FATAL] Updater:308 - Updater called before beeing initialized
2024-06-20 11:29:05,392 [ERROR] CADModel:125 - Updater not yet initialized, retry later 
2024-06-20 11:29:05,483 [INFO] CADModel:165 - CPN selected for project level
2024-06-20 11:29:05,483 [INFO] CADModel:114 - Register for checkConnection events
2024-06-20 11:29:05,483 [FATAL] Updater:308 - Updater called before beeing initialized
2024-06-20 11:29:05,483 [ERROR] CADModel:125 - Updater not yet initialized, retry later 
2024-06-20 11:29:05,485 [FATAL] Updater:308 - Updater called before beeing initialized
2024-06-20 11:29:05,547 [FATAL] Updater:308 - Updater called before beeing initialized
2024-06-20 11:29:05,556 [INFO] DbMcusAds:53 - JSON generation date=Thu May 16 14:52:00 IST 2024 (1715851320852)
2024-06-20 11:29:05,556 [FATAL] Updater:308 - Updater called before beeing initialized
2024-06-20 11:29:05,614 [WARN] DetailPanel:346 - Failed to get advertising image, set to default
2024-06-20 11:29:05,689 [FATAL] Updater:308 - Updater called before beeing initialized
2024-06-20 11:29:05,697 [FATAL] Updater:308 - Updater called before beeing initialized
2024-06-20 11:29:05,697 [FATAL] Updater:308 - Updater called before beeing initialized
2024-06-20 11:29:05,697 [WARN] DetailPanel:346 - Failed to get advertising image, set to default
2024-06-20 11:29:05,698 [FATAL] Updater:308 - Updater called before beeing initialized
2024-06-20 11:29:05,735 [ERROR] Updater:1120 - MainUpdater not yet initialized. External WinMGr cannot be set.
2024-06-20 11:29:05,742 [INFO] Updater:1056 - Updater Version found : 6.11.1
2024-06-20 11:29:05,754 [INFO] ApplicationProperties:184 - Using Application install path: C:\ST\STM32CubeIDE_1.10.1\STM32CubeIDE\plugins\com.st.stm32cube.common.mx_6.11.1.202404110753
2024-06-20 11:29:06,733 [INFO] ThirdPartyUpdaterWithRetryManager:70 - Updater plugin not ready yet. [2/15]
2024-06-20 11:29:07,325 [ERROR] LogOutputStream:75 - [STDERR_REDIRECT] Jun 20, 2024 11:29:07 AM java.util.prefs.WindowsPreferences <init>
2024-06-20 11:29:07,326 [ERROR] LogOutputStream:75 - [STDERR_REDIRECT] WARNING: Could not open/create prefs root node Software\JavaSoft\Prefs at root 0xffffffff80000002. Windows RegCreateKeyEx(...) returned error code 5.
2024-06-20 11:29:07,326 [ERROR] LogOutputStream:75 - [STDERR_REDIRECT] 
2024-06-20 11:29:07,677 [INFO] MainUpdater:2873 - connection check result : 10
2024-06-20 11:29:07,678 [INFO] MainUpdater:290 - Updater Check For Update Now.
2024-06-20 11:29:07,678 [INFO] MicroXplorer:498 - Change Database Version : DB.6.0.111
2024-06-20 11:29:07,688 [INFO] McuFinderGlobals:63 - Set McuFinder mode to 2 (CubeIDE integrated)
2024-06-20 11:29:07,688 [INFO] UserAuth:179 - activating auth plugin
2024-06-20 11:29:07,691 [INFO] UserAuth:415 - Internet connection configuration mode: 1
2024-06-20 11:29:07,718 [INFO] JxBrowserEngine:152 - Initiate JxBrowser Engine with user profile folder
2024-06-20 11:29:07,844 [INFO] CheckServerUpdateThread:120 - End of CheckServer Thread
2024-06-20 11:29:09,847 [WARN] PackLoader:240 - Cannot read IP mode file for STMicroelectronics.FP-SNS-MOTENVWB1.1.4.0
2024-06-20 11:29:09,859 [WARN] PackLoader:240 - Cannot read IP mode file for STMicroelectronics.X-CUBE-SMBUS.2.1.0
2024-06-20 11:29:09,867 [WARN] PackLoader:240 - Cannot read IP mode file for STMicroelectronics.X-CUBE-TOUCHGFX.4.23.1
2024-06-20 11:29:09,875 [WARN] PackLoader:240 - Cannot read IP mode file for STMicroelectronics.X-CUBE-TOUCHGFX.4.23.0
2024-06-20 11:29:09,883 [WARN] PackLoader:240 - Cannot read IP mode file for STMicroelectronics.X-CUBE-TOUCHGFX.4.23.2
2024-06-20 11:29:09,915 [WARN] PackLoader:240 - Cannot read IP mode file for STMicroelectronics.X-CUBE-AZRTOS-F7.1.1.0
2024-06-20 11:29:09,929 [ERROR] RealEvaluatedCondition:428 - Found unsupported composite condition: CLASS='Data Exchange' GROUP='STM32_MetaDataManager'
2024-06-20 11:29:09,930 [ERROR] RealEvaluatedCondition:428 - Found unsupported composite condition: CLASS='Data Exchange' GROUP='STM32_MetaDataManager'
2024-06-20 11:29:09,930 [WARN] PackLoader:240 - Cannot read IP mode file for STMicroelectronics.FP-SNS-MOTENV1.4.3.0
2024-06-20 11:29:09,943 [WARN] PackLoader:240 - Cannot read IP mode file for STMicroelectronics.FP-SNS-MOTENV1.4.3.2
2024-06-20 11:29:09,956 [WARN] PackLoader:240 - Cannot read IP mode file for STMicroelectronics.FP-SNS-FLIGHT1.5.0.0
2024-06-20 11:29:09,966 [ERROR] RealEvaluatedCondition:428 - Found unsupported composite condition: CLASS='Data Exchange' GROUP='STM32_MetaDataManager'
2024-06-20 11:29:09,967 [ERROR] RealEvaluatedCondition:428 - Found unsupported composite condition: CLASS='Data Exchange' GROUP='STM32_MetaDataManager'
2024-06-20 11:29:09,968 [WARN] PackLoader:240 - Cannot read IP mode file for STMicroelectronics.FP-SNS-MOTENV1.4.3.1
2024-06-20 11:29:09,981 [WARN] PackLoader:240 - Cannot read IP mode file for STMicroelectronics.FP-SNS-FLIGHT1.5.0.1
2024-06-20 11:29:09,994 [WARN] PackLoader:240 - Cannot read IP mode file for STMicroelectronics.X-CUBE-BLE1.6.2.3
2024-06-20 11:29:10,006 [WARN] PackLoader:240 - Cannot read IP mode file for STMicroelectronics.X-CUBE-BLE1.6.2.4
2024-06-20 11:29:10,018 [WARN] PackLoader:240 - Cannot read IP mode file for STMicroelectronics.FP-SNS-FLIGHT1.5.0.2
2024-06-20 11:29:10,035 [WARN] PackLoader:240 - Cannot read IP mode file for STMicroelectronics.X-CUBE-TOF1.3.1.0
2024-06-20 11:29:10,052 [WARN] PackLoader:240 - Cannot read IP mode file for STMicroelectronics.X-CUBE-DISPLAY.3.0.0
2024-06-20 11:29:10,067 [WARN] PackLoader:240 - Cannot read IP mode file for STMicroelectronics.X-CUBE-BLE1.7.0.0
2024-06-20 11:29:10,076 [WARN] PackLoader:240 - Cannot read IP mode file for STMicroelectronics.X-CUBE-TOUCHGFX.4.22.0
2024-06-20 11:29:10,130 [WARN] PackLoader:240 - Cannot read IP mode file for STMicroelectronics.X-CUBE-MEMS1.9.3.0
2024-06-20 11:29:10,233 [WARN] PackLoader:240 - Cannot read IP mode file for STMicroelectronics.X-CUBE-AI.7.2.0
2024-06-20 11:29:10,248 [WARN] PackLoader:240 - Cannot read IP mode file for STMicroelectronics.X-CUBE-BLEMGR.3.1.0
2024-06-20 11:29:10,261 [WARN] PackLoader:240 - Cannot read IP mode file for STMicroelectronics.FP-SNS-SMARTAG2.1.2.0
2024-06-20 11:29:10,278 [INFO] LogOutputStream:77 - [STDOUT_REDIRECT] 1 : Invalid condition id : UX_CORESTACK_Condition cause : null
2024-06-20 11:29:10,278 [INFO] LogOutputStream:77 - [STDOUT_REDIRECT] 1 : Invalid condition id : UX_CORESTACK_Condition cause : null
2024-06-20 11:29:10,279 [INFO] LogOutputStream:77 - [STDOUT_REDIRECT] 1 : Invalid condition id : UX_CORESTACK_Condition cause : null
2024-06-20 11:29:10,280 [INFO] LogOutputStream:77 - [STDOUT_REDIRECT] 1 : Invalid condition id : UX_CORESTACK_Condition cause : null
2024-06-20 11:29:10,280 [INFO] LogOutputStream:77 - [STDOUT_REDIRECT] 1 : Invalid condition id : UX_CORESTACK_Condition cause : null
2024-06-20 11:29:10,282 [WARN] PackLoader:240 - Cannot read IP mode file for STMicroelectronics.X-CUBE-AZRTOS-WL.2.0.0
2024-06-20 11:29:10,293 [WARN] PackLoader:240 - Cannot read IP mode file for STMicroelectronics.FP-SNS-MOTENV1.5.0.0
2024-06-20 11:29:10,302 [WARN] PackLoader:240 - Cannot read IP mode file for wolfSSL.I-CUBE-wolfMQTT.1.19.0
2024-06-20 11:29:10,317 [WARN] PackLoader:240 - Cannot read IP mode file for WES.I-CUBE-Cesium.1.3.0
2024-06-20 11:29:10,329 [WARN] PackLoader:240 - Cannot read IP mode file for STMicroelectronics.X-CUBE-BLE2.3.3.0
2024-06-20 11:29:10,342 [WARN] PackLoader:240 - Cannot read IP mode file for STMicroelectronics.X-CUBE-DISPLAY.2.2.0
2024-06-20 11:29:10,361 [WARN] PackLoader:240 - Cannot read IP mode file for STMicroelectronics.X-CUBE-TOF1.3.2.0
2024-06-20 11:29:10,388 [WARN] PackLoader:240 - Cannot read IP mode file for STMicroelectronics.X-CUBE-ISPU.1.0.0
2024-06-20 11:29:10,436 [WARN] PackLoader:240 - Cannot read IP mode file for STMicroelectronics.X-CUBE-AZRTOS-H7.2.1.0
2024-06-20 11:29:10,454 [WARN] PackLoader:240 - Cannot read IP mode file for STMicroelectronics.X-CUBE-TCPP.4.1.0
2024-06-20 11:29:10,468 [WARN] PackLoader:240 - Cannot read IP mode file for STMicroelectronics.X-CUBE-TOUCHGFX.4.21.1
2024-06-20 11:29:10,480 [WARN] PackLoader:240 - Cannot read IP mode file for STMicroelectronics.X-CUBE-TOUCHGFX.4.21.3
2024-06-20 11:29:10,492 [WARN] PackLoader:240 - Cannot read IP mode file for STMicroelectronics.X-CUBE-TOUCHGFX.4.21.4
2024-06-20 11:29:10,720 [WARN] PackLoader:240 - Cannot read IP mode file for STMicroelectronics.X-CUBE-MEMS1.9.4.0
2024-06-20 11:29:10,819 [WARN] PackLoader:240 - Cannot read IP mode file for STMicroelectronics.X-CUBE-AI.7.3.0
2024-06-20 11:29:10,850 [WARN] PackLoader:240 - Cannot read IP mode file for STMicroelectronics.X-CUBE-ALGOBUILD.1.3.0
2024-06-20 11:29:10,883 [WARN] PackLoader:240 - Cannot read IP mode file for STMicroelectronics.X-CUBE-AZRTOS-G0.1.1.0
2024-06-20 11:29:10,904 [WARN] PackLoader:240 - Cannot read IP mode file for STMicroelectronics.X-CUBE-SAFEA1.1.2.2
2024-06-20 11:29:10,921 [WARN] PackLoader:240 - Cannot read IP mode file for STMicroelectronics.X-CUBE-NFC4.3.0.0
2024-06-20 11:29:10,961 [WARN] PackLoader:240 - Cannot read IP mode file for SEGGER.I-CUBE-embOS.1.2.0
2024-06-20 11:29:11,014 [WARN] PackLoader:240 - Cannot read IP mode file for STMicroelectronics.X-CUBE-BLEMGR.3.0.0
2024-06-20 11:29:11,030 [WARN] PackLoader:240 - Cannot read IP mode file for STMicroelectronics.X-CUBE-BLEMGR.1.3.0
2024-06-20 11:29:11,040 [WARN] PackLoader:240 - Cannot read IP mode file for STMicroelectronics.FP-ATR-SIGFOX1.3.2.0
2024-06-20 11:29:11,052 [WARN] PackLoader:240 - Cannot read IP mode file for STMicroelectronics.X-CUBE-EEPRMA1.5.1.0
2024-06-20 11:29:11,063 [WARN] PackLoader:240 - Cannot read IP mode file for emotas.I-CUBE-CANOPEN.1.1.2
2024-06-20 11:29:11,073 [WARN] PackLoader:240 - Cannot read IP mode file for STMicroelectronics.X-CUBE-TOUCHGFX.4.20.0
2024-06-20 11:29:11,102 [WARN] PackLoader:240 - Cannot read IP mode file for STMicroelectronics.X-CUBE-MEMS1.9.5.0
2024-06-20 11:29:11,135 [INFO] WebApp:161 - Instantiating new browser for Auth
2024-06-20 11:29:11,178 [WARN] PackLoader:240 - Cannot read IP mode file for SEGGER.I-CUBE-embOS.1.3.1
2024-06-20 11:29:11,215 [WARN] PackLoader:240 - Cannot read IP mode file for STMicroelectronics.X-CUBE-ALGOBUILD.1.4.0
2024-06-20 11:29:11,230 [WARN] PackLoader:240 - Cannot read IP mode file for STMicroelectronics.X-CUBE-GNSS1.6.0.0
2024-06-20 11:29:11,259 [WARN] PackLoader:240 - Cannot read IP mode file for STMicroelectronics.X-CUBE-AZRTOS-F4.1.1.0
2024-06-20 11:29:11,273 [WARN] PackLoader:240 - Cannot read IP mode file for STMicroelectronics.X-CUBE-FREERTOS.1.2.0
2024-06-20 11:29:11,283 [WARN] PackLoader:240 - Cannot read IP mode file for STMicroelectronics.X-CUBE-BLEMGR.1.2.0
2024-06-20 11:29:11,306 [WARN] PackLoader:240 - Cannot read IP mode file for STMicroelectronics.X-CUBE-AZRTOS-L5.2.0.0
2024-06-20 11:29:11,343 [WARN] PackLoader:240 - Cannot read IP mode file for STMicroelectronics.X-CUBE-MEMS1.9.6.0
2024-06-20 11:29:11,435 [WARN] PackLoader:240 - Cannot read IP mode file for STMicroelectronics.X-CUBE-EEPRMA1.4.2.0
2024-06-20 11:29:11,445 [WARN] PackLoader:240 - Cannot read IP mode file for STMicroelectronics.X-CUBE-NFC6.3.1.0
2024-06-20 11:29:11,456 [WARN] PackLoader:240 - Cannot read IP mode file for ITTIA_DB.I-CUBE-ITTIADB.8.8.0
2024-06-20 11:29:11,465 [WARN] PackLoader:240 - Cannot read IP mode file for STMicroelectronics.X-CUBE-BLEMGR.2.0.0
2024-06-20 11:29:11,474 [WARN] PackLoader:240 - Cannot read IP mode file for STMicroelectronics.X-CUBE-NFC4.2.0.4
2024-06-20 11:29:11,482 [WARN] PackLoader:240 - Cannot read IP mode file for STMicroelectronics.X-CUBE-AI.9.0.0
2024-06-20 11:29:11,498 [WARN] ConditionMgr:438 - getConditionDescription Invalid condition id : UX DEVICE CLASS RTOS Condition cause : null
2024-06-20 11:29:11,499 [WARN] ConditionMgr:438 - getConditionDescription Invalid condition id : UX DEVICE CLASS RTOS Condition cause : null
2024-06-20 11:29:11,500 [WARN] PackLoader:240 - Cannot read IP mode file for STMicroelectronics.X-CUBE-AZRTOS-H7.3.1.0
2024-06-20 11:29:11,500 [WARN] ConditionMgr:1039 - genDependencies : Invalid condition id : UX DEVICE CLASS RTOS Condition cause : null
2024-06-20 11:29:11,500 [WARN] ConditionMgr:1039 - genDependencies : Invalid condition id : UX DEVICE CLASS RTOS Condition cause : null
2024-06-20 11:29:11,501 [WARN] ConditionMgr:1039 - genDependencies : Invalid condition id : UX DEVICE CLASS RTOS Condition cause : null
2024-06-20 11:29:11,501 [WARN] ConditionMgr:1039 - genDependencies : Invalid condition id : UX DEVICE CLASS RTOS Condition cause : null
2024-06-20 11:29:11,501 [WARN] ConditionMgr:1039 - genDependencies : Invalid condition id : UX DEVICE CLASS RTOS Condition cause : null
2024-06-20 11:29:11,511 [WARN] PackLoader:240 - Cannot read IP mode file for wolfSSL.I-CUBE-wolfSSL.5.5.0
2024-06-20 11:29:11,521 [WARN] PackLoader:240 - Cannot read IP mode file for STMicroelectronics.X-CUBE-NFC7.1.0.1
2024-06-20 11:29:11,531 [WARN] PackLoader:240 - Cannot read IP mode file for STMicroelectronics.X-CUBE-NFC7.1.0.0
2024-06-20 11:29:11,542 [WARN] PackLoader:240 - Cannot read IP mode file for STMicroelectronics.X-CUBE-NFC6.3.0.0
2024-06-20 11:29:11,554 [WARN] PackLoader:240 - Cannot read IP mode file for STMicroelectronics.X-CUBE-EEPRMA1.4.1.0
2024-06-20 11:29:11,566 [WARN] PackLoader:240 - Cannot read IP mode file for STMicroelectronics.X-CUBE-AI.8.1.0
2024-06-20 11:29:11,596 [WARN] ConditionMgr:438 - getConditionDescription Invalid condition id : LAN8742 Phy interface Condition cause : null
2024-06-20 11:29:11,597 [WARN] PackLoader:240 - Cannot read IP mode file for STMicroelectronics.X-CUBE-AZRTOS-L4.2.0.0
2024-06-20 11:29:11,598 [WARN] ConditionMgr:1039 - genDependencies : Invalid condition id : LAN8742 Phy interface Condition cause : null
2024-06-20 11:29:11,598 [WARN] ConditionMgr:1039 - genDependencies : Invalid condition id : LAN8742 Phy interface Condition cause : null
2024-06-20 11:29:11,598 [WARN] ConditionMgr:1039 - genDependencies : Invalid condition id : LAN8742 Phy interface Condition cause : null
2024-06-20 11:29:11,610 [WARN] PackLoader:240 - Cannot read IP mode file for STMicroelectronics.X-CUBE-SFXS2LP1.4.0.0
2024-06-20 11:29:11,629 [WARN] PackLoader:240 - Cannot read IP mode file for STMicroelectronics.X-CUBE-AZRTOS-H7.3.0.0
2024-06-20 11:29:11,637 [WARN] PackLoader:240 - Cannot read IP mode file for STMicroelectronics.X-CUBE-ISPU.1.1.0
2024-06-20 11:29:11,648 [WARN] PackLoader:240 - Cannot read IP mode file for RoweBots.I-CUBE-UNISONRTOS.5.5.0-4
2024-06-20 11:29:11,656 [WARN] PackLoader:240 - Cannot read IP mode file for STMicroelectronics.X-CUBE-AI.8.0.0
2024-06-20 11:29:11,672 [WARN] ConditionMgr:438 - getConditionDescription Invalid condition id : UX DEVICE CLASS RTOS Condition cause : null
2024-06-20 11:29:11,672 [WARN] ConditionMgr:438 - getConditionDescription Invalid condition id : UX DEVICE CLASS RTOS Condition cause : null
2024-06-20 11:29:11,673 [WARN] PackLoader:240 - Cannot read IP mode file for STMicroelectronics.X-CUBE-AZRTOS-WB.2.0.0
2024-06-20 11:29:11,673 [WARN] ConditionMgr:1039 - genDependencies : Invalid condition id : UX DEVICE CLASS RTOS Condition cause : null
2024-06-20 11:29:11,673 [WARN] ConditionMgr:1039 - genDependencies : Invalid condition id : UX DEVICE CLASS RTOS Condition cause : null
2024-06-20 11:29:11,673 [WARN] ConditionMgr:1039 - genDependencies : Invalid condition id : UX DEVICE CLASS RTOS Condition cause : null
2024-06-20 11:29:11,673 [WARN] ConditionMgr:1039 - genDependencies : Invalid condition id : UX DEVICE CLASS RTOS Condition cause : null
2024-06-20 11:29:11,673 [WARN] ConditionMgr:1039 - genDependencies : Invalid condition id : UX DEVICE CLASS RTOS Condition cause : null
2024-06-20 11:29:11,682 [WARN] PackLoader:240 - Cannot read IP mode file for STMicroelectronics.X-CUBE-FREERTOS.1.0.0
2024-06-20 11:29:11,691 [WARN] PackLoader:240 - Cannot read IP mode file for STMicroelectronics.X-CUBE-FREERTOS.1.0.1
2024-06-20 11:29:11,703 [WARN] PackLoader:240 - Cannot read IP mode file for STMicroelectronics.X-CUBE-BLEMGR.1.0.0
2024-06-20 11:29:11,722 [WARN] PackLoader:240 - Cannot read IP mode file for STMicroelectronics.X-CUBE-AZRTOS-L5.1.1.0
2024-06-20 11:29:11,724 [INFO] WebApp:779 - Register for checkConnection events
2024-06-20 11:29:11,724 [INFO] WebApp:414 - Apply proxy settings
2024-06-20 11:29:11,724 [INFO] WebApp:499 - Chromium requires no authentication
2024-06-20 11:29:11,731 [WARN] PackLoader:240 - Cannot read IP mode file for STMicroelectronics.X-CUBE-AI.8.0.1
2024-06-20 11:29:11,731 [INFO] WebApp:442 - Direct internet connection detected
2024-06-20 11:29:11,742 [WARN] PackLoader:240 - Cannot read IP mode file for STMicroelectronics.X-CUBE-SUBG2.5.0.0
2024-06-20 11:29:11,755 [WARN] PackLoader:240 - Cannot read IP mode file for STMicroelectronics.X-CUBE-TOF1.3.3.1
2024-06-20 11:29:11,777 [WARN] PackLoader:240 - Cannot read IP mode file for STMicroelectronics.X-CUBE-AZRTOS-G4.2.0.0
2024-06-20 11:29:11,790 [WARN] PackLoader:240 - Cannot read IP mode file for STMicroelectronics.X-CUBE-TOF1.3.3.0
2024-06-20 11:29:11,802 [WARN] PackLoader:240 - Cannot read IP mode file for STMicroelectronics.FP-ATR-ASTRA1.1.1.1
2024-06-20 11:29:11,815 [WARN] PackLoader:240 - Cannot read IP mode file for Infineon.AIROC-Wi-Fi-Bluetooth-STM32.1.5.1
2024-06-20 11:29:11,824 [WARN] PackLoader:240 - Cannot read IP mode file for STMicroelectronics.FP-SNS-MOTENVWB1.1.3.1
2024-06-20 11:29:11,846 [WARN] PackLoader:240 - Cannot read IP mode file for STMicroelectronics.X-CUBE-AZRTOS-G4.1.0.0
2024-06-20 11:29:11,863 [WARN] PackLoader:240 - Cannot read IP mode file for STMicroelectronics.X-CUBE-AZRTOS-L4.1.0.0
2024-06-20 11:29:11,873 [WARN] PackLoader:240 - Cannot read IP mode file for STMicroelectronics.X-CUBE-ISPU.2.0.0
2024-06-20 11:29:11,882 [WARN] PackLoader:240 - Cannot read IP mode file for STMicroelectronics.X-CUBE-ALS.1.0.2
2024-06-20 11:29:11,900 [INFO] WebApp:192 - Starting web application
2024-06-20 11:29:11,900 [INFO] WebApp:544 - Web application path used C:\ST\STM32CubeIDE_1.10.1\STM32CubeIDE\plugins\com.st.stm32cube.common.mx_6.11.1.202404110753\db\plugins\mcufinder\reactClient1\index.html
2024-06-20 11:29:11,911 [WARN] PackLoader:240 - Cannot read IP mode file for STMicroelectronics.X-CUBE-MEMS1.10.0.0
2024-06-20 11:29:11,965 [WARN] PackLoader:240 - Cannot read IP mode file for STMicroelectronics.X-CUBE-FREERTOS.1.1.0
2024-06-20 11:29:11,978 [WARN] PackLoader:240 - Cannot read IP mode file for STMicroelectronics.X-CUBE-AZRTOS-WL.1.0.0
2024-06-20 11:29:11,987 [WARN] PackLoader:240 - Cannot read IP mode file for portGmbH.I-Cube-SoM-uGOAL.1.1.0
2024-06-20 11:29:11,995 [WARN] PackLoader:240 - Cannot read IP mode file for STMicroelectronics.X-CUBE-ALS.1.0.1
2024-06-20 11:29:12,009 [WARN] PackLoader:240 - Cannot read IP mode file for STMicroelectronics.X-CUBE-AZRTOS-WB.1.1.0
2024-06-20 11:29:12,025 [WARN] PackLoader:240 - Cannot read IP mode file for STMicroelectronics.X-CUBE-AZRTOS-L5.1.0.0
2024-06-20 11:29:12,034 [WARN] PackLoader:240 - Cannot read IP mode file for STMicroelectronics.X-CUBE-EEPRMA1.3.1.1
2024-06-20 11:29:12,050 [WARN] PackLoader:240 - Cannot read IP mode file for STMicroelectronics.X-CUBE-AZRTOS-H7RS.1.0.0
2024-06-20 11:29:12,058 [WARN] PackLoader:240 - Cannot read IP mode file for STMicroelectronics.FP-ATR-ASTRA1.2.0.0
2024-06-20 11:29:12,067 [WARN] PackLoader:240 - Cannot read IP mode file for STMicroelectronics.X-CUBE-TOF1.3.4.0
2024-06-20 11:29:12,081 [WARN] PackLoader:240 - Cannot read IP mode file for STMicroelectronics.X-CUBE-TOF1.3.4.1
2024-06-20 11:29:12,103 [WARN] PackLoader:240 - Cannot read IP mode file for STMicroelectronics.X-CUBE-AZRTOS-H7.3.2.0
2024-06-20 11:29:12,104 [INFO] ThirdParty:978 - Integrity check success = true
2024-06-20 11:29:12,104 [INFO] IntegrityCheckThread:100 - exiting critical section [integrity check]
2024-06-20 11:29:12,104 [INFO] IntegrityCheckThread:103 - End integrity checks thread
2024-06-20 11:39:38,660 [ERROR] LogOutputStream:75 - [STDERR_REDIRECT] 
2024-06-20 21:15:47,988 [INFO] Activator:176 - 


2024-06-20 21:15:47,988 [INFO] Activator:177 - !SESSION log4j initialized
2024-06-20 21:15:51,326 [INFO] LogOutputStream:77 - [STDOUT_REDIRECT] 
2024-06-20 21:15:52,374 [INFO] ApplicationProperties:184 - Using Application install path: C:\ST\STM32CubeIDE_1.10.1\STM32CubeIDE\plugins\com.st.stm32cube.common.mx_6.11.1.202404110753
2024-06-20 21:15:52,391 [INFO] DbMcusXml:78 - Set database path to: C:\ST\STM32CubeIDE_1.10.1\STM32CubeIDE\plugins\com.st.stm32cube.common.mx_6.11.1.202404110753\\db\/mcu/
2024-06-20 21:15:52,391 [INFO] ApiDb:274 - Set plugin database path to: C:\ST\STM32CubeIDE_1.10.1\STM32CubeIDE\plugins\com.st.stm32cube.common.mx_6.11.1.202404110753\\db\/plugins/boardmanager/
2024-06-20 21:15:52,391 [WARN] ApiDb:259 - Overriding images path with different value:  => C:\ST\STM32CubeIDE_1.10.1\STM32CubeIDE\plugins\com.st.stm32cube.common.mx_6.11.1.202404110753\\db\/plugins/mcufinder/images/
2024-06-20 21:15:52,396 [INFO] ApiDb:250 - Set database path to: C:\Users\saksh\.stmcufinder\plugins\mcufinder//mcu/
2024-06-20 21:15:52,397 [INFO] DbMcusAds:125 - Set database path to: C:\Users\saksh\.stmcufinder\plugins\mcufinder//mcu/
2024-06-20 21:15:52,399 [INFO] CrossReferenceDbSqlite:203 - Set database path to: C:\Users\saksh\.stmcufinder\plugins\mcufinder//mcu/cs/
2024-06-20 21:15:52,491 [INFO] RulesReader:64 - Compatibility file has been processed (297 Rules)
2024-06-20 21:15:52,552 [INFO] DbMcusXml:78 - Set database path to: C:\ST\STM32CubeIDE_1.10.1\STM32CubeIDE\plugins\com.st.stm32cube.common.mx_6.11.1.202404110753\\db\/mcu/
2024-06-20 21:15:52,553 [INFO] ApiDb:274 - Set plugin database path to: C:\ST\STM32CubeIDE_1.10.1\STM32CubeIDE\plugins\com.st.stm32cube.common.mx_6.11.1.202404110753\\db\/plugins/boardmanager/
2024-06-20 21:15:52,553 [INFO] ApiDb:261 - Set plugin images path to: C:\ST\STM32CubeIDE_1.10.1\STM32CubeIDE\plugins\com.st.stm32cube.common.mx_6.11.1.202404110753\\db\/plugins/mcufinder/images/
2024-06-20 21:15:52,553 [WARN] DbFile:41 - Overriding database path with different value: C:\Users\saksh\.stmcufinder\plugins\mcufinder/ => C:\Users\saksh\.stmcufinder\plugins\mcufinder
2024-06-20 21:15:52,553 [INFO] ApiDb:250 - Set database path to: C:\Users\saksh\.stmcufinder\plugins\mcufinder//mcu/
2024-06-20 21:15:52,553 [WARN] DbFile:41 - Overriding database path with different value: C:\Users\saksh\.stmcufinder\plugins\mcufinder/ => C:\Users\saksh\.stmcufinder\plugins\mcufinder
2024-06-20 21:15:52,553 [INFO] DbMcusAds:125 - Set database path to: C:\Users\saksh\.stmcufinder\plugins\mcufinder//mcu/
2024-06-20 21:15:52,553 [WARN] DbFile:41 - Overriding database path with different value: C:\Users\saksh\.stmcufinder\plugins\mcufinder/ => C:\Users\saksh\.stmcufinder\plugins\mcufinder
2024-06-20 21:15:52,553 [WARN] DbFile:41 - Overriding database path with different value: C:\Users\saksh\.stmcufinder\plugins\mcufinder/ => C:\Users\saksh\.stmcufinder\plugins\mcufinder
2024-06-20 21:15:52,553 [INFO] CrossReferenceDbSqlite:203 - Set database path to: C:\Users\saksh\.stmcufinder\plugins\mcufinder//mcu/cs/
2024-06-20 21:15:52,605 [INFO] MainPanel:264 - HeapMemory: 268435456
2024-06-20 21:15:52,672 [INFO] DbMcusXml:78 - Set database path to: C:\ST\STM32CubeIDE_1.10.1\STM32CubeIDE\plugins\com.st.stm32cube.common.mx_6.11.1.202404110753\\db\/mcu/
2024-06-20 21:15:52,672 [INFO] ApiDb:274 - Set plugin database path to: C:\ST\STM32CubeIDE_1.10.1\STM32CubeIDE\plugins\com.st.stm32cube.common.mx_6.11.1.202404110753\\db\/plugins/boardmanager/
2024-06-20 21:15:52,672 [INFO] ApiDb:261 - Set plugin images path to: C:\ST\STM32CubeIDE_1.10.1\STM32CubeIDE\plugins\com.st.stm32cube.common.mx_6.11.1.202404110753\\db\/plugins/mcufinder/images/
2024-06-20 21:15:52,673 [WARN] DbFile:41 - Overriding database path with different value: C:\Users\saksh\.stmcufinder\plugins\mcufinder/ => C:\Users\saksh\.stmcufinder\plugins\mcufinder
2024-06-20 21:15:52,673 [INFO] ApiDb:250 - Set database path to: C:\Users\saksh\.stmcufinder\plugins\mcufinder//mcu/
2024-06-20 21:15:52,673 [WARN] DbFile:41 - Overriding database path with different value: C:\Users\saksh\.stmcufinder\plugins\mcufinder/ => C:\Users\saksh\.stmcufinder\plugins\mcufinder
2024-06-20 21:15:52,673 [INFO] DbMcusAds:125 - Set database path to: C:\Users\saksh\.stmcufinder\plugins\mcufinder//mcu/
2024-06-20 21:15:52,673 [WARN] DbFile:41 - Overriding database path with different value: C:\Users\saksh\.stmcufinder\plugins\mcufinder/ => C:\Users\saksh\.stmcufinder\plugins\mcufinder
2024-06-20 21:15:52,673 [WARN] DbFile:41 - Overriding database path with different value: C:\Users\saksh\.stmcufinder\plugins\mcufinder/ => C:\Users\saksh\.stmcufinder\plugins\mcufinder
2024-06-20 21:15:52,673 [INFO] CrossReferenceDbSqlite:203 - Set database path to: C:\Users\saksh\.stmcufinder\plugins\mcufinder//mcu/cs/
2024-06-20 21:15:52,684 [INFO] ApplicationProperties:184 - Using Application install path: C:\ST\STM32CubeIDE_1.10.1\STM32CubeIDE\plugins\com.st.stm32cube.common.mx_6.11.1.202404110753
2024-06-20 21:15:52,686 [INFO] PluginManage:196 - Search for loadable plugins [exclusion list=, ]
2024-06-20 21:15:52,686 [INFO] PluginManage:310 - Check plugin analytics
2024-06-20 21:15:52,784 [INFO] AnalyticsPlugin:253 - Accepted Software Licenses: 
2024-06-20 21:15:52,784 [INFO] AnalyticsPlugin:255 - Accepted CMSIS Pack Licenses: 
2024-06-20 21:15:52,784 [INFO] AnalyticsPlugin:257 - Accepted Firmware Licenses: FW.H7.1.10.0,FW.G4.1.5.0
2024-06-20 21:15:52,786 [INFO] PluginManage:359 - Loaded plugin analytics (category:tool,tabindex:-1)
2024-06-20 21:15:52,786 [INFO] PluginManage:310 - Check plugin cadmodel
2024-06-20 21:15:52,790 [INFO] CADModel:105 - Init CAD model plugin
2024-06-20 21:15:52,791 [INFO] PluginManage:359 - Loaded plugin cadmodel (category:power,tabindex:5)
2024-06-20 21:15:52,791 [INFO] PluginManage:310 - Check plugin clock
2024-06-20 21:15:52,799 [INFO] PluginManage:359 - Loaded plugin clock (category:base,tabindex:2)
2024-06-20 21:15:52,799 [INFO] PluginManage:310 - Check plugin ddr
2024-06-20 21:15:52,801 [INFO] PluginManage:359 - Loaded plugin ddr (category:tool,tabindex:6)
2024-06-20 21:15:52,801 [INFO] PluginManage:310 - Check plugin filemanager
2024-06-20 21:15:52,900 [INFO] PluginManage:359 - Loaded plugin filemanager (category:base,tabindex:10)
2024-06-20 21:15:52,900 [INFO] PluginManage:310 - Check plugin ipmanager
2024-06-20 21:15:52,904 [INFO] PluginManage:359 - Loaded plugin ipmanager (category:base,tabindex:5)
2024-06-20 21:15:52,904 [INFO] PluginManage:310 - Check plugin lpbam
2024-06-20 21:15:52,911 [INFO] PluginManage:359 - Loaded plugin lpbam (category:base,tabindex:0)
2024-06-20 21:15:52,912 [INFO] PluginManage:310 - Check plugin memorymap
2024-06-20 21:15:52,921 [INFO] PluginManage:359 - Loaded plugin memorymap (category:base,tabindex:4)
2024-06-20 21:15:52,921 [INFO] PluginManage:310 - Check plugin pinoutandconfiguration
2024-06-20 21:15:52,929 [INFO] PluginManage:359 - Loaded plugin pinoutandconfiguration (category:base,tabindex:1)
2024-06-20 21:15:52,929 [INFO] PluginManage:310 - Check plugin pinoutconfig
2024-06-20 21:15:52,987 [WARN] SupportedApi:132 - Cannot load RTOS API schema: s4s-elt-must-match.1: The content of 'definitions' must match (annotation?, (simpleType | complexType)?, (unique | key | keyref)*)). A problem was found starting at: attribute.
2024-06-20 21:15:53,071 [INFO] PluginManage:359 - Loaded plugin pinoutconfig (category:base,tabindex:0)
2024-06-20 21:15:53,071 [INFO] PluginManage:310 - Check plugin power
2024-06-20 21:15:53,078 [INFO] PluginManage:359 - Loaded plugin power (category:power,tabindex:4)
2024-06-20 21:15:53,078 [INFO] PluginManage:310 - Check plugin projectmanager
2024-06-20 21:15:53,090 [INFO] PluginManage:359 - Loaded plugin projectmanager (category:projectmanager,tabindex:3)
2024-06-20 21:15:53,090 [INFO] PluginManage:310 - Check plugin thirdparty
2024-06-20 21:15:53,189 [INFO] PluginManage:359 - Loaded plugin thirdparty (category:base,tabindex:-1)
2024-06-20 21:15:53,189 [WARN] IntegrityCheckThread:84 - waiting for thirdparty lock release [integrity check]
2024-06-20 21:15:53,189 [INFO] PluginManage:310 - Check plugin tools
2024-06-20 21:15:53,189 [INFO] IntegrityCheckThread:86 - entering critical section [integrity check]
2024-06-20 21:15:53,189 [INFO] ThirdPartyUpdaterWithRetryManager:70 - Updater plugin not ready yet. [1/15]
2024-06-20 21:15:53,192 [INFO] PluginManage:359 - Loaded plugin tools (category:base,tabindex:7)
2024-06-20 21:15:53,192 [INFO] PluginManage:310 - Check plugin tutovideos
2024-06-20 21:15:53,324 [INFO] PluginManage:359 - Loaded plugin tutovideos (category:base,tabindex:-1)
2024-06-20 21:15:53,324 [INFO] PluginManage:310 - Check plugin updater
2024-06-20 21:15:53,332 [INFO] PluginManage:359 - Loaded plugin updater (category:base,tabindex:12)
2024-06-20 21:15:53,332 [INFO] PluginManage:310 - Check plugin userauth
2024-06-20 21:15:53,336 [INFO] UserAuth:114 - Init User Auth plugin
2024-06-20 21:15:53,336 [INFO] PluginManage:359 - Loaded plugin userauth (category:base,tabindex:14)
2024-06-20 21:15:53,337 [INFO] PluginManage:283 - PluginManage : Loaded plugins [17]
2024-06-20 21:15:53,479 [INFO] PinOutPanel:1561 - setPackage(No Configuration,No Configuration)
2024-06-20 21:15:53,525 [INFO] CADModel:165 - CPN selected for project level
2024-06-20 21:15:53,525 [INFO] CADModel:114 - Register for checkConnection events
2024-06-20 21:15:53,537 [INFO] IPUIPlugin:80 - create IPUIPlugin
2024-06-20 21:15:53,537 [INFO] PluginManager:220 - loadIPPluginJar : add adc
2024-06-20 21:15:53,538 [INFO] IPUIPlugin:80 - create IPUIPlugin
2024-06-20 21:15:53,538 [INFO] PluginManager:220 - loadIPPluginJar : add aes
2024-06-20 21:15:53,540 [INFO] IPUIPlugin:80 - create IPUIPlugin
2024-06-20 21:15:53,540 [INFO] PluginManager:220 - loadIPPluginJar : add can
2024-06-20 21:15:53,541 [INFO] IPUIPlugin:80 - create IPUIPlugin
2024-06-20 21:15:53,541 [INFO] PluginManager:220 - loadIPPluginJar : add comp
2024-06-20 21:15:53,543 [INFO] IPUIPlugin:80 - create IPUIPlugin
2024-06-20 21:15:53,543 [INFO] PluginManager:220 - loadIPPluginJar : add cryp
2024-06-20 21:15:53,544 [INFO] IPUIPlugin:80 - create IPUIPlugin
2024-06-20 21:15:53,544 [INFO] PluginManager:220 - loadIPPluginJar : add dfsdm
2024-06-20 21:15:53,548 [INFO] IPUIPlugin:80 - create IPUIPlugin
2024-06-20 21:15:53,548 [INFO] PluginManager:220 - loadIPPluginJar : add dma
2024-06-20 21:15:53,549 [INFO] IPUIPlugin:80 - create IPUIPlugin
2024-06-20 21:15:53,549 [INFO] PluginManager:220 - loadIPPluginJar : add dma3
2024-06-20 21:15:53,550 [INFO] IPUIPlugin:80 - create IPUIPlugin
2024-06-20 21:15:53,550 [INFO] PluginManager:220 - loadIPPluginJar : add extmemmanager
2024-06-20 21:15:53,551 [INFO] IPUIPlugin:80 - create IPUIPlugin
2024-06-20 21:15:53,551 [INFO] PluginManager:220 - loadIPPluginJar : add fatfs
2024-06-20 21:15:53,554 [INFO] IPUIPlugin:80 - create IPUIPlugin
2024-06-20 21:15:53,554 [INFO] PluginManager:220 - loadIPPluginJar : add fmc
2024-06-20 21:15:53,567 [INFO] IPUIPlugin:80 - create IPUIPlugin
2024-06-20 21:15:53,567 [INFO] PluginManager:220 - loadIPPluginJar : add freertos
2024-06-20 21:15:53,568 [INFO] IPUIPlugin:80 - create IPUIPlugin
2024-06-20 21:15:53,568 [INFO] PluginManager:220 - loadIPPluginJar : add genericplugin
2024-06-20 21:15:53,570 [INFO] IPUIPlugin:80 - create IPUIPlugin
2024-06-20 21:15:53,570 [INFO] PluginManager:220 - loadIPPluginJar : add gfxmmu
2024-06-20 21:15:53,573 [INFO] IPUIPlugin:80 - create IPUIPlugin
2024-06-20 21:15:53,573 [INFO] PluginManager:220 - loadIPPluginJar : add gic
2024-06-20 21:15:53,579 [INFO] IPUIPlugin:80 - create IPUIPlugin
2024-06-20 21:15:53,579 [INFO] PluginManager:220 - loadIPPluginJar : add gpio
2024-06-20 21:15:53,582 [INFO] IPUIPlugin:80 - create IPUIPlugin
2024-06-20 21:15:53,582 [INFO] PluginManager:220 - loadIPPluginJar : add gtzc
2024-06-20 21:15:53,584 [INFO] IPUIPlugin:80 - create IPUIPlugin
2024-06-20 21:15:53,584 [INFO] PluginManager:220 - loadIPPluginJar : add hash
2024-06-20 21:15:53,585 [INFO] IPUIPlugin:80 - create IPUIPlugin
2024-06-20 21:15:53,585 [INFO] PluginManager:220 - loadIPPluginJar : add i2c
2024-06-20 21:15:53,587 [INFO] IPUIPlugin:80 - create IPUIPlugin
2024-06-20 21:15:53,587 [INFO] PluginManager:220 - loadIPPluginJar : add i2s
2024-06-20 21:15:53,589 [INFO] IPUIPlugin:80 - create IPUIPlugin
2024-06-20 21:15:53,589 [INFO] PluginManager:220 - loadIPPluginJar : add i3c
2024-06-20 21:15:53,591 [INFO] IPUIPlugin:80 - create IPUIPlugin
2024-06-20 21:15:53,591 [INFO] PluginManager:220 - loadIPPluginJar : add ipddr
2024-06-20 21:15:53,596 [INFO] IPUIPlugin:80 - create IPUIPlugin
2024-06-20 21:15:53,596 [INFO] PluginManager:220 - loadIPPluginJar : add linkedlist
2024-06-20 21:15:53,598 [INFO] IPUIPlugin:80 - create IPUIPlugin
2024-06-20 21:15:53,598 [INFO] PluginManager:220 - loadIPPluginJar : add lorawan
2024-06-20 21:15:53,599 [INFO] IPUIPlugin:80 - create IPUIPlugin
2024-06-20 21:15:53,599 [INFO] PluginManager:220 - loadIPPluginJar : add ltdc
2024-06-20 21:15:53,604 [INFO] IPUIPlugin:80 - create IPUIPlugin
2024-06-20 21:15:53,604 [INFO] PluginManager:220 - loadIPPluginJar : add mdma
2024-06-20 21:15:53,606 [INFO] IPUIPlugin:80 - create IPUIPlugin
2024-06-20 21:15:53,606 [INFO] PluginManager:220 - loadIPPluginJar : add nvic
2024-06-20 21:15:53,608 [INFO] IPUIPlugin:80 - create IPUIPlugin
2024-06-20 21:15:53,608 [INFO] PluginManager:220 - loadIPPluginJar : add opamp
2024-06-20 21:15:53,610 [INFO] IPUIPlugin:80 - create IPUIPlugin
2024-06-20 21:15:53,610 [INFO] PluginManager:220 - loadIPPluginJar : add openamp
2024-06-20 21:15:53,611 [INFO] IPUIPlugin:80 - create IPUIPlugin
2024-06-20 21:15:53,611 [INFO] PluginManager:220 - loadIPPluginJar : add pdm2pcm
2024-06-20 21:15:53,615 [INFO] IPUIPlugin:80 - create IPUIPlugin
2024-06-20 21:15:53,617 [INFO] PluginManager:220 - loadIPPluginJar : add plateformsettings
2024-06-20 21:15:53,618 [INFO] IPUIPlugin:80 - create IPUIPlugin
2024-06-20 21:15:53,618 [INFO] PluginManager:220 - loadIPPluginJar : add quadspi
2024-06-20 21:15:53,621 [INFO] IPUIPlugin:80 - create IPUIPlugin
2024-06-20 21:15:53,621 [INFO] PluginManager:220 - loadIPPluginJar : add resmgrutility
2024-06-20 21:15:53,623 [INFO] IPUIPlugin:80 - create IPUIPlugin
2024-06-20 21:15:53,623 [INFO] PluginManager:220 - loadIPPluginJar : add sai
2024-06-20 21:15:53,624 [INFO] IPUIPlugin:80 - create IPUIPlugin
2024-06-20 21:15:53,624 [INFO] PluginManager:220 - loadIPPluginJar : add spi
2024-06-20 21:15:53,628 [INFO] IPUIPlugin:80 - create IPUIPlugin
2024-06-20 21:15:53,628 [INFO] PluginManager:220 - loadIPPluginJar : add stm32_wpan
2024-06-20 21:15:53,630 [INFO] IPUIPlugin:80 - create IPUIPlugin
2024-06-20 21:15:53,630 [INFO] PluginManager:220 - loadIPPluginJar : add tim
2024-06-20 21:15:53,631 [INFO] IPUIPlugin:80 - create IPUIPlugin
2024-06-20 21:15:53,631 [INFO] PluginManager:220 - loadIPPluginJar : add touchsensing
2024-06-20 21:15:53,633 [INFO] IPUIPlugin:80 - create IPUIPlugin
2024-06-20 21:15:53,633 [INFO] PluginManager:220 - loadIPPluginJar : add tracer_emb
2024-06-20 21:15:53,634 [INFO] IPUIPlugin:80 - create IPUIPlugin
2024-06-20 21:15:53,634 [INFO] PluginManager:220 - loadIPPluginJar : add ts
2024-06-20 21:15:53,635 [INFO] IPUIPlugin:80 - create IPUIPlugin
2024-06-20 21:15:53,636 [INFO] PluginManager:220 - loadIPPluginJar : add tsc
2024-06-20 21:15:53,637 [INFO] IPUIPlugin:80 - create IPUIPlugin
2024-06-20 21:15:53,637 [INFO] PluginManager:220 - loadIPPluginJar : add ucpd
2024-06-20 21:15:53,639 [INFO] IPUIPlugin:80 - create IPUIPlugin
2024-06-20 21:15:53,639 [INFO] PluginManager:220 - loadIPPluginJar : add usart
2024-06-20 21:15:53,641 [INFO] IPUIPlugin:80 - create IPUIPlugin
2024-06-20 21:15:53,641 [INFO] PluginManager:220 - loadIPPluginJar : add usbx
2024-06-20 21:15:53,746 [INFO] CADModel:165 - CPN selected for project level
2024-06-20 21:15:53,746 [INFO] CADModel:114 - Register for checkConnection events
2024-06-20 21:15:53,746 [FATAL] Updater:308 - Updater called before beeing initialized
2024-06-20 21:15:53,746 [ERROR] CADModel:125 - Updater not yet initialized, retry later 
2024-06-20 21:15:53,855 [INFO] CADModel:165 - CPN selected for project level
2024-06-20 21:15:53,856 [INFO] CADModel:114 - Register for checkConnection events
2024-06-20 21:15:53,856 [FATAL] Updater:308 - Updater called before beeing initialized
2024-06-20 21:15:53,856 [ERROR] CADModel:125 - Updater not yet initialized, retry later 
2024-06-20 21:15:53,857 [FATAL] Updater:308 - Updater called before beeing initialized
2024-06-20 21:15:53,932 [FATAL] Updater:308 - Updater called before beeing initialized
2024-06-20 21:15:53,935 [INFO] DbMcusAds:53 - JSON generation date=Thu May 16 14:52:00 IST 2024 (1715851320852)
2024-06-20 21:15:53,935 [FATAL] Updater:308 - Updater called before beeing initialized
2024-06-20 21:15:53,964 [WARN] DetailPanel:346 - Failed to get advertising image, set to default
2024-06-20 21:15:54,049 [FATAL] Updater:308 - Updater called before beeing initialized
2024-06-20 21:15:54,052 [FATAL] Updater:308 - Updater called before beeing initialized
2024-06-20 21:15:54,052 [FATAL] Updater:308 - Updater called before beeing initialized
2024-06-20 21:15:54,052 [WARN] DetailPanel:346 - Failed to get advertising image, set to default
2024-06-20 21:15:54,053 [FATAL] Updater:308 - Updater called before beeing initialized
2024-06-20 21:15:54,083 [ERROR] Updater:1120 - MainUpdater not yet initialized. External WinMGr cannot be set.
2024-06-20 21:15:54,085 [INFO] Updater:1056 - Updater Version found : 6.11.1
2024-06-20 21:15:54,101 [INFO] ApplicationProperties:184 - Using Application install path: C:\ST\STM32CubeIDE_1.10.1\STM32CubeIDE\plugins\com.st.stm32cube.common.mx_6.11.1.202404110753
2024-06-20 21:15:55,672 [ERROR] LogOutputStream:75 - [STDERR_REDIRECT] Jun 20, 2024 9:15:55 PM java.util.prefs.WindowsPreferences <init>
2024-06-20 21:15:55,673 [ERROR] LogOutputStream:75 - [STDERR_REDIRECT] WARNING: Could not open/create prefs root node Software\JavaSoft\Prefs at root 0xffffffff80000002. Windows RegCreateKeyEx(...) returned error code 5.
2024-06-20 21:15:55,673 [ERROR] LogOutputStream:75 - [STDERR_REDIRECT] 
2024-06-20 21:15:55,844 [INFO] MainUpdater:2873 - connection check result : 22
2024-06-20 21:15:55,844 [INFO] MainUpdater:290 - Updater Check For Update Now.
2024-06-20 21:15:55,844 [INFO] MicroXplorer:498 - Change Database Version : DB.6.0.111
2024-06-20 21:15:55,848 [INFO] McuFinderGlobals:63 - Set McuFinder mode to 2 (CubeIDE integrated)
2024-06-20 21:15:55,848 [INFO] UserAuth:179 - activating auth plugin
2024-06-20 21:15:55,851 [INFO] UserAuth:415 - Internet connection configuration mode: 2
2024-06-20 21:15:55,872 [INFO] UserAuth:415 - Internet connection configuration mode: 2
2024-06-20 21:15:56,012 [INFO] CheckServerUpdateThread:120 - End of CheckServer Thread
2024-06-20 21:15:56,281 [WARN] PackLoader:240 - Cannot read IP mode file for STMicroelectronics.FP-SNS-MOTENVWB1.1.4.0
2024-06-20 21:15:56,286 [WARN] PackLoader:240 - Cannot read IP mode file for STMicroelectronics.X-CUBE-SMBUS.2.1.0
2024-06-20 21:15:56,289 [WARN] PackLoader:240 - Cannot read IP mode file for STMicroelectronics.X-CUBE-TOUCHGFX.4.23.1
2024-06-20 21:15:56,290 [WARN] PackLoader:240 - Cannot read IP mode file for STMicroelectronics.X-CUBE-TOUCHGFX.4.23.0
2024-06-20 21:15:56,292 [WARN] PackLoader:240 - Cannot read IP mode file for STMicroelectronics.X-CUBE-TOUCHGFX.4.23.2
2024-06-20 21:15:56,307 [WARN] PackLoader:240 - Cannot read IP mode file for STMicroelectronics.X-CUBE-AZRTOS-F7.1.1.0
2024-06-20 21:15:56,313 [ERROR] RealEvaluatedCondition:428 - Found unsupported composite condition: CLASS='Data Exchange' GROUP='STM32_MetaDataManager'
2024-06-20 21:15:56,314 [ERROR] RealEvaluatedCondition:428 - Found unsupported composite condition: CLASS='Data Exchange' GROUP='STM32_MetaDataManager'
2024-06-20 21:15:56,315 [WARN] PackLoader:240 - Cannot read IP mode file for STMicroelectronics.FP-SNS-MOTENV1.4.3.0
2024-06-20 21:15:56,321 [WARN] PackLoader:240 - Cannot read IP mode file for STMicroelectronics.FP-SNS-MOTENV1.4.3.2
2024-06-20 21:15:56,327 [WARN] PackLoader:240 - Cannot read IP mode file for STMicroelectronics.FP-SNS-FLIGHT1.5.0.0
2024-06-20 21:15:56,331 [ERROR] RealEvaluatedCondition:428 - Found unsupported composite condition: CLASS='Data Exchange' GROUP='STM32_MetaDataManager'
2024-06-20 21:15:56,331 [ERROR] RealEvaluatedCondition:428 - Found unsupported composite condition: CLASS='Data Exchange' GROUP='STM32_MetaDataManager'
2024-06-20 21:15:56,331 [WARN] PackLoader:240 - Cannot read IP mode file for STMicroelectronics.FP-SNS-MOTENV1.4.3.1
2024-06-20 21:15:56,336 [WARN] PackLoader:240 - Cannot read IP mode file for STMicroelectronics.FP-SNS-FLIGHT1.5.0.1
2024-06-20 21:15:56,342 [WARN] PackLoader:240 - Cannot read IP mode file for STMicroelectronics.X-CUBE-BLE1.6.2.3
2024-06-20 21:15:56,348 [WARN] PackLoader:240 - Cannot read IP mode file for STMicroelectronics.X-CUBE-BLE1.6.2.4
2024-06-20 21:15:56,354 [WARN] PackLoader:240 - Cannot read IP mode file for STMicroelectronics.FP-SNS-FLIGHT1.5.0.2
2024-06-20 21:15:56,366 [WARN] PackLoader:240 - Cannot read IP mode file for STMicroelectronics.X-CUBE-TOF1.3.1.0
2024-06-20 21:15:56,379 [WARN] PackLoader:240 - Cannot read IP mode file for STMicroelectronics.X-CUBE-DISPLAY.3.0.0
2024-06-20 21:15:56,384 [WARN] PackLoader:240 - Cannot read IP mode file for STMicroelectronics.X-CUBE-BLE1.7.0.0
2024-06-20 21:15:56,386 [WARN] PackLoader:240 - Cannot read IP mode file for STMicroelectronics.X-CUBE-TOUCHGFX.4.22.0
2024-06-20 21:15:56,427 [WARN] PackLoader:240 - Cannot read IP mode file for STMicroelectronics.X-CUBE-MEMS1.9.3.0
2024-06-20 21:15:56,530 [WARN] PackLoader:240 - Cannot read IP mode file for STMicroelectronics.X-CUBE-AI.7.2.0
2024-06-20 21:15:56,537 [WARN] PackLoader:240 - Cannot read IP mode file for STMicroelectronics.X-CUBE-BLEMGR.3.1.0
2024-06-20 21:15:56,543 [WARN] PackLoader:240 - Cannot read IP mode file for STMicroelectronics.FP-SNS-SMARTAG2.1.2.0
2024-06-20 21:15:56,549 [INFO] LogOutputStream:77 - [STDOUT_REDIRECT] 1 : Invalid condition id : UX_CORESTACK_Condition cause : null
2024-06-20 21:15:56,551 [INFO] LogOutputStream:77 - [STDOUT_REDIRECT] 1 : Invalid condition id : UX_CORESTACK_Condition cause : null
2024-06-20 21:15:56,552 [INFO] LogOutputStream:77 - [STDOUT_REDIRECT] 1 : Invalid condition id : UX_CORESTACK_Condition cause : null
2024-06-20 21:15:56,553 [INFO] LogOutputStream:77 - [STDOUT_REDIRECT] 1 : Invalid condition id : UX_CORESTACK_Condition cause : null
2024-06-20 21:15:56,553 [INFO] LogOutputStream:77 - [STDOUT_REDIRECT] 1 : Invalid condition id : UX_CORESTACK_Condition cause : null
2024-06-20 21:15:56,555 [WARN] PackLoader:240 - Cannot read IP mode file for STMicroelectronics.X-CUBE-AZRTOS-WL.2.0.0
2024-06-20 21:15:56,559 [WARN] PackLoader:240 - Cannot read IP mode file for STMicroelectronics.FP-SNS-MOTENV1.5.0.0
2024-06-20 21:15:56,564 [WARN] PackLoader:240 - Cannot read IP mode file for wolfSSL.I-CUBE-wolfMQTT.1.19.0
2024-06-20 21:15:56,569 [WARN] PackLoader:240 - Cannot read IP mode file for WES.I-CUBE-Cesium.1.3.0
2024-06-20 21:15:56,573 [WARN] PackLoader:240 - Cannot read IP mode file for STMicroelectronics.X-CUBE-BLE2.3.3.0
2024-06-20 21:15:56,578 [WARN] PackLoader:240 - Cannot read IP mode file for STMicroelectronics.X-CUBE-DISPLAY.2.2.0
2024-06-20 21:15:56,586 [WARN] PackLoader:240 - Cannot read IP mode file for STMicroelectronics.X-CUBE-TOF1.3.2.0
2024-06-20 21:15:56,599 [WARN] PackLoader:240 - Cannot read IP mode file for STMicroelectronics.X-CUBE-ISPU.1.0.0
2024-06-20 21:15:56,621 [WARN] PackLoader:240 - Cannot read IP mode file for STMicroelectronics.X-CUBE-AZRTOS-H7.2.1.0
2024-06-20 21:15:56,629 [WARN] PackLoader:240 - Cannot read IP mode file for STMicroelectronics.X-CUBE-TCPP.4.1.0
2024-06-20 21:15:56,635 [WARN] PackLoader:240 - Cannot read IP mode file for STMicroelectronics.X-CUBE-TOUCHGFX.4.21.1
2024-06-20 21:15:56,638 [WARN] PackLoader:240 - Cannot read IP mode file for STMicroelectronics.X-CUBE-TOUCHGFX.4.21.3
2024-06-20 21:15:56,641 [WARN] PackLoader:240 - Cannot read IP mode file for STMicroelectronics.X-CUBE-TOUCHGFX.4.21.4
2024-06-20 21:15:56,694 [WARN] PackLoader:240 - Cannot read IP mode file for STMicroelectronics.X-CUBE-MEMS1.9.4.0
2024-06-20 21:15:56,789 [WARN] PackLoader:240 - Cannot read IP mode file for STMicroelectronics.X-CUBE-AI.7.3.0
2024-06-20 21:15:56,796 [WARN] PackLoader:240 - Cannot read IP mode file for STMicroelectronics.X-CUBE-ALGOBUILD.1.3.0
2024-06-20 21:15:56,810 [WARN] PackLoader:240 - Cannot read IP mode file for STMicroelectronics.X-CUBE-AZRTOS-G0.1.1.0
2024-06-20 21:15:56,817 [WARN] PackLoader:240 - Cannot read IP mode file for STMicroelectronics.X-CUBE-SAFEA1.1.2.2
2024-06-20 21:15:56,824 [WARN] PackLoader:240 - Cannot read IP mode file for STMicroelectronics.X-CUBE-NFC4.3.0.0
2024-06-20 21:15:56,844 [WARN] PackLoader:240 - Cannot read IP mode file for SEGGER.I-CUBE-embOS.1.2.0
2024-06-20 21:15:56,870 [WARN] PackLoader:240 - Cannot read IP mode file for STMicroelectronics.X-CUBE-BLEMGR.3.0.0
2024-06-20 21:15:56,886 [WARN] PackLoader:240 - Cannot read IP mode file for STMicroelectronics.X-CUBE-BLEMGR.1.3.0
2024-06-20 21:15:56,894 [WARN] PackLoader:240 - Cannot read IP mode file for STMicroelectronics.FP-ATR-SIGFOX1.3.2.0
2024-06-20 21:15:56,902 [WARN] PackLoader:240 - Cannot read IP mode file for STMicroelectronics.X-CUBE-EEPRMA1.5.1.0
2024-06-20 21:15:56,916 [WARN] PackLoader:240 - Cannot read IP mode file for emotas.I-CUBE-CANOPEN.1.1.2
2024-06-20 21:15:56,921 [WARN] PackLoader:240 - Cannot read IP mode file for STMicroelectronics.X-CUBE-TOUCHGFX.4.20.0
2024-06-20 21:15:56,956 [WARN] PackLoader:240 - Cannot read IP mode file for STMicroelectronics.X-CUBE-MEMS1.9.5.0
2024-06-20 21:15:57,066 [WARN] PackLoader:240 - Cannot read IP mode file for SEGGER.I-CUBE-embOS.1.3.1
2024-06-20 21:15:57,086 [WARN] PackLoader:240 - Cannot read IP mode file for STMicroelectronics.X-CUBE-ALGOBUILD.1.4.0
2024-06-20 21:15:57,089 [WARN] PackLoader:240 - Cannot read IP mode file for STMicroelectronics.X-CUBE-GNSS1.6.0.0
2024-06-20 21:15:57,099 [WARN] PackLoader:240 - Cannot read IP mode file for STMicroelectronics.X-CUBE-AZRTOS-F4.1.1.0
2024-06-20 21:15:57,104 [WARN] PackLoader:240 - Cannot read IP mode file for STMicroelectronics.X-CUBE-FREERTOS.1.2.0
2024-06-20 21:15:57,112 [WARN] PackLoader:240 - Cannot read IP mode file for STMicroelectronics.X-CUBE-BLEMGR.1.2.0
2024-06-20 21:15:57,123 [WARN] PackLoader:240 - Cannot read IP mode file for STMicroelectronics.X-CUBE-AZRTOS-L5.2.0.0
2024-06-20 21:15:57,153 [WARN] PackLoader:240 - Cannot read IP mode file for STMicroelectronics.X-CUBE-MEMS1.9.6.0
2024-06-20 21:15:57,233 [WARN] PackLoader:240 - Cannot read IP mode file for STMicroelectronics.X-CUBE-EEPRMA1.4.2.0
2024-06-20 21:15:57,238 [WARN] PackLoader:240 - Cannot read IP mode file for STMicroelectronics.X-CUBE-NFC6.3.1.0
2024-06-20 21:15:57,241 [WARN] PackLoader:240 - Cannot read IP mode file for ITTIA_DB.I-CUBE-ITTIADB.8.8.0
2024-06-20 21:15:57,246 [WARN] PackLoader:240 - Cannot read IP mode file for STMicroelectronics.X-CUBE-BLEMGR.2.0.0
2024-06-20 21:15:57,249 [WARN] PackLoader:240 - Cannot read IP mode file for STMicroelectronics.X-CUBE-NFC4.2.0.4
2024-06-20 21:15:57,252 [WARN] PackLoader:240 - Cannot read IP mode file for STMicroelectronics.X-CUBE-AI.9.0.0
2024-06-20 21:15:57,261 [WARN] ConditionMgr:438 - getConditionDescription Invalid condition id : UX DEVICE CLASS RTOS Condition cause : null
2024-06-20 21:15:57,261 [WARN] ConditionMgr:438 - getConditionDescription Invalid condition id : UX DEVICE CLASS RTOS Condition cause : null
2024-06-20 21:15:57,262 [WARN] PackLoader:240 - Cannot read IP mode file for STMicroelectronics.X-CUBE-AZRTOS-H7.3.1.0
2024-06-20 21:15:57,263 [WARN] ConditionMgr:1039 - genDependencies : Invalid condition id : UX DEVICE CLASS RTOS Condition cause : null
2024-06-20 21:15:57,263 [WARN] ConditionMgr:1039 - genDependencies : Invalid condition id : UX DEVICE CLASS RTOS Condition cause : null
2024-06-20 21:15:57,263 [WARN] ConditionMgr:1039 - genDependencies : Invalid condition id : UX DEVICE CLASS RTOS Condition cause : null
2024-06-20 21:15:57,264 [WARN] ConditionMgr:1039 - genDependencies : Invalid condition id : UX DEVICE CLASS RTOS Condition cause : null
2024-06-20 21:15:57,264 [WARN] ConditionMgr:1039 - genDependencies : Invalid condition id : UX DEVICE CLASS RTOS Condition cause : null
2024-06-20 21:15:57,267 [WARN] PackLoader:240 - Cannot read IP mode file for wolfSSL.I-CUBE-wolfSSL.5.5.0
2024-06-20 21:15:57,270 [WARN] PackLoader:240 - Cannot read IP mode file for STMicroelectronics.X-CUBE-NFC7.1.0.1
2024-06-20 21:15:57,274 [WARN] PackLoader:240 - Cannot read IP mode file for STMicroelectronics.X-CUBE-NFC7.1.0.0
2024-06-20 21:15:57,279 [WARN] PackLoader:240 - Cannot read IP mode file for STMicroelectronics.X-CUBE-NFC6.3.0.0
2024-06-20 21:15:57,285 [WARN] PackLoader:240 - Cannot read IP mode file for STMicroelectronics.X-CUBE-EEPRMA1.4.1.0
2024-06-20 21:15:57,287 [WARN] PackLoader:240 - Cannot read IP mode file for STMicroelectronics.X-CUBE-AI.8.1.0
2024-06-20 21:15:57,296 [WARN] ConditionMgr:438 - getConditionDescription Invalid condition id : LAN8742 Phy interface Condition cause : null
2024-06-20 21:15:57,297 [WARN] PackLoader:240 - Cannot read IP mode file for STMicroelectronics.X-CUBE-AZRTOS-L4.2.0.0
2024-06-20 21:15:57,297 [WARN] ConditionMgr:1039 - genDependencies : Invalid condition id : LAN8742 Phy interface Condition cause : null
2024-06-20 21:15:57,297 [WARN] ConditionMgr:1039 - genDependencies : Invalid condition id : LAN8742 Phy interface Condition cause : null
2024-06-20 21:15:57,297 [WARN] ConditionMgr:1039 - genDependencies : Invalid condition id : LAN8742 Phy interface Condition cause : null
2024-06-20 21:15:57,301 [WARN] PackLoader:240 - Cannot read IP mode file for STMicroelectronics.X-CUBE-SFXS2LP1.4.0.0
2024-06-20 21:15:57,309 [WARN] PackLoader:240 - Cannot read IP mode file for STMicroelectronics.X-CUBE-AZRTOS-H7.3.0.0
2024-06-20 21:15:57,312 [WARN] PackLoader:240 - Cannot read IP mode file for STMicroelectronics.X-CUBE-ISPU.1.1.0
2024-06-20 21:15:57,316 [WARN] PackLoader:240 - Cannot read IP mode file for RoweBots.I-CUBE-UNISONRTOS.5.5.0-4
2024-06-20 21:15:57,321 [WARN] PackLoader:240 - Cannot read IP mode file for STMicroelectronics.X-CUBE-AI.8.0.0
2024-06-20 21:15:57,327 [WARN] ConditionMgr:438 - getConditionDescription Invalid condition id : UX DEVICE CLASS RTOS Condition cause : null
2024-06-20 21:15:57,328 [WARN] ConditionMgr:438 - getConditionDescription Invalid condition id : UX DEVICE CLASS RTOS Condition cause : null
2024-06-20 21:15:57,328 [WARN] PackLoader:240 - Cannot read IP mode file for STMicroelectronics.X-CUBE-AZRTOS-WB.2.0.0
2024-06-20 21:15:57,329 [WARN] ConditionMgr:1039 - genDependencies : Invalid condition id : UX DEVICE CLASS RTOS Condition cause : null
2024-06-20 21:15:57,329 [WARN] ConditionMgr:1039 - genDependencies : Invalid condition id : UX DEVICE CLASS RTOS Condition cause : null
2024-06-20 21:15:57,329 [WARN] ConditionMgr:1039 - genDependencies : Invalid condition id : UX DEVICE CLASS RTOS Condition cause : null
2024-06-20 21:15:57,329 [WARN] ConditionMgr:1039 - genDependencies : Invalid condition id : UX DEVICE CLASS RTOS Condition cause : null
2024-06-20 21:15:57,329 [WARN] ConditionMgr:1039 - genDependencies : Invalid condition id : UX DEVICE CLASS RTOS Condition cause : null
2024-06-20 21:15:57,331 [WARN] PackLoader:240 - Cannot read IP mode file for STMicroelectronics.X-CUBE-FREERTOS.1.0.0
2024-06-20 21:15:57,334 [WARN] PackLoader:240 - Cannot read IP mode file for STMicroelectronics.X-CUBE-FREERTOS.1.0.1
2024-06-20 21:15:57,338 [WARN] PackLoader:240 - Cannot read IP mode file for STMicroelectronics.X-CUBE-BLEMGR.1.0.0
2024-06-20 21:15:57,346 [WARN] PackLoader:240 - Cannot read IP mode file for STMicroelectronics.X-CUBE-AZRTOS-L5.1.1.0
2024-06-20 21:15:57,349 [WARN] PackLoader:240 - Cannot read IP mode file for STMicroelectronics.X-CUBE-AI.8.0.1
2024-06-20 21:15:57,355 [WARN] PackLoader:240 - Cannot read IP mode file for STMicroelectronics.X-CUBE-SUBG2.5.0.0
2024-06-20 21:15:57,361 [WARN] PackLoader:240 - Cannot read IP mode file for STMicroelectronics.X-CUBE-TOF1.3.3.1
2024-06-20 21:15:57,372 [WARN] PackLoader:240 - Cannot read IP mode file for STMicroelectronics.X-CUBE-AZRTOS-G4.2.0.0
2024-06-20 21:15:57,377 [WARN] PackLoader:240 - Cannot read IP mode file for STMicroelectronics.X-CUBE-TOF1.3.3.0
2024-06-20 21:15:57,386 [WARN] PackLoader:240 - Cannot read IP mode file for STMicroelectronics.FP-ATR-ASTRA1.1.1.1
2024-06-20 21:15:57,397 [WARN] PackLoader:240 - Cannot read IP mode file for Infineon.AIROC-Wi-Fi-Bluetooth-STM32.1.5.1
2024-06-20 21:15:57,401 [WARN] PackLoader:240 - Cannot read IP mode file for STMicroelectronics.FP-SNS-MOTENVWB1.1.3.1
2024-06-20 21:15:57,406 [WARN] PackLoader:240 - Cannot read IP mode file for STMicroelectronics.X-CUBE-AZRTOS-G4.1.0.0
2024-06-20 21:15:57,413 [WARN] PackLoader:240 - Cannot read IP mode file for STMicroelectronics.X-CUBE-AZRTOS-L4.1.0.0
2024-06-20 21:15:57,422 [WARN] PackLoader:240 - Cannot read IP mode file for STMicroelectronics.X-CUBE-ISPU.2.0.0
2024-06-20 21:15:57,426 [WARN] PackLoader:240 - Cannot read IP mode file for STMicroelectronics.X-CUBE-ALS.1.0.2
2024-06-20 21:15:57,441 [WARN] PackLoader:240 - Cannot read IP mode file for STMicroelectronics.X-CUBE-MEMS1.10.0.0
2024-06-20 21:15:57,484 [WARN] PackLoader:240 - Cannot read IP mode file for STMicroelectronics.X-CUBE-FREERTOS.1.1.0
2024-06-20 21:15:57,488 [WARN] PackLoader:240 - Cannot read IP mode file for STMicroelectronics.X-CUBE-AZRTOS-WL.1.0.0
2024-06-20 21:15:57,493 [WARN] PackLoader:240 - Cannot read IP mode file for portGmbH.I-Cube-SoM-uGOAL.1.1.0
2024-06-20 21:15:57,495 [WARN] PackLoader:240 - Cannot read IP mode file for STMicroelectronics.X-CUBE-ALS.1.0.1
2024-06-20 21:15:57,500 [WARN] PackLoader:240 - Cannot read IP mode file for STMicroelectronics.X-CUBE-AZRTOS-WB.1.1.0
2024-06-20 21:15:57,506 [WARN] PackLoader:240 - Cannot read IP mode file for STMicroelectronics.X-CUBE-AZRTOS-L5.1.0.0
2024-06-20 21:15:57,509 [WARN] PackLoader:240 - Cannot read IP mode file for STMicroelectronics.X-CUBE-EEPRMA1.3.1.1
2024-06-20 21:15:57,518 [WARN] PackLoader:240 - Cannot read IP mode file for STMicroelectronics.X-CUBE-AZRTOS-H7RS.1.0.0
2024-06-20 21:15:57,521 [WARN] PackLoader:240 - Cannot read IP mode file for STMicroelectronics.FP-ATR-ASTRA1.2.0.0
2024-06-20 21:15:57,525 [WARN] PackLoader:240 - Cannot read IP mode file for STMicroelectronics.X-CUBE-TOF1.3.4.0
2024-06-20 21:15:57,533 [WARN] PackLoader:240 - Cannot read IP mode file for STMicroelectronics.X-CUBE-TOF1.3.4.1
2024-06-20 21:15:57,546 [WARN] PackLoader:240 - Cannot read IP mode file for STMicroelectronics.X-CUBE-AZRTOS-H7.3.2.0
2024-06-20 21:15:57,548 [INFO] ThirdParty:978 - Integrity check success = true
2024-06-20 21:15:57,548 [INFO] IntegrityCheckThread:100 - exiting critical section [integrity check]
2024-06-20 21:15:57,548 [INFO] IntegrityCheckThread:103 - End integrity checks thread
2024-06-20 22:00:06,599 [ERROR] LogOutputStream:75 - [STDERR_REDIRECT] 
