2024-07-17 17:13:52,412 [INFO] Activator:176 - 


2024-07-17 17:13:52,416 [INFO] Activator:177 - !SESSION log4j initialized
2024-07-17 17:13:56,380 [INFO] LogOutputStream:77 - [STDOUT_REDIRECT] 
2024-07-17 17:13:59,227 [INFO] ApplicationProperties:184 - Using Application install path: C:\ST\STM32CubeIDE_1.10.1\STM32CubeIDE\plugins\com.st.stm32cube.common.mx_6.11.1.202404110753
2024-07-17 17:13:59,242 [INFO] DbMcusXml:78 - Set database path to: C:\ST\STM32CubeIDE_1.10.1\STM32CubeIDE\plugins\com.st.stm32cube.common.mx_6.11.1.202404110753\\db\/mcu/
2024-07-17 17:13:59,242 [INFO] ApiDb:274 - Set plugin database path to: C:\ST\STM32CubeIDE_1.10.1\STM32CubeIDE\plugins\com.st.stm32cube.common.mx_6.11.1.202404110753\\db\/plugins/boardmanager/
2024-07-17 17:13:59,242 [WARN] ApiDb:259 - Overriding images path with different value:  => C:\ST\STM32CubeIDE_1.10.1\STM32CubeIDE\plugins\com.st.stm32cube.common.mx_6.11.1.202404110753\\db\/plugins/mcufinder/images/
2024-07-17 17:13:59,250 [INFO] ApiDb:250 - Set database path to: C:\Users\saksh\.stmcufinder\plugins\mcufinder//mcu/
2024-07-17 17:13:59,251 [INFO] DbMcusAds:125 - Set database path to: C:\Users\saksh\.stmcufinder\plugins\mcufinder//mcu/
2024-07-17 17:13:59,252 [INFO] CrossReferenceDbSqlite:203 - Set database path to: C:\Users\saksh\.stmcufinder\plugins\mcufinder//mcu/cs/
2024-07-17 17:13:59,340 [INFO] RulesReader:64 - Compatibility file has been processed (297 Rules)
2024-07-17 17:13:59,400 [INFO] DbMcusXml:78 - Set database path to: C:\ST\STM32CubeIDE_1.10.1\STM32CubeIDE\plugins\com.st.stm32cube.common.mx_6.11.1.202404110753\\db\/mcu/
2024-07-17 17:13:59,400 [INFO] ApiDb:274 - Set plugin database path to: C:\ST\STM32CubeIDE_1.10.1\STM32CubeIDE\plugins\com.st.stm32cube.common.mx_6.11.1.202404110753\\db\/plugins/boardmanager/
2024-07-17 17:13:59,400 [INFO] ApiDb:261 - Set plugin images path to: C:\ST\STM32CubeIDE_1.10.1\STM32CubeIDE\plugins\com.st.stm32cube.common.mx_6.11.1.202404110753\\db\/plugins/mcufinder/images/
2024-07-17 17:13:59,400 [WARN] DbFile:41 - Overriding database path with different value: C:\Users\saksh\.stmcufinder\plugins\mcufinder/ => C:\Users\saksh\.stmcufinder\plugins\mcufinder
2024-07-17 17:13:59,401 [INFO] ApiDb:250 - Set database path to: C:\Users\saksh\.stmcufinder\plugins\mcufinder//mcu/
2024-07-17 17:13:59,401 [WARN] DbFile:41 - Overriding database path with different value: C:\Users\saksh\.stmcufinder\plugins\mcufinder/ => C:\Users\saksh\.stmcufinder\plugins\mcufinder
2024-07-17 17:13:59,401 [INFO] DbMcusAds:125 - Set database path to: C:\Users\saksh\.stmcufinder\plugins\mcufinder//mcu/
2024-07-17 17:13:59,401 [WARN] DbFile:41 - Overriding database path with different value: C:\Users\saksh\.stmcufinder\plugins\mcufinder/ => C:\Users\saksh\.stmcufinder\plugins\mcufinder
2024-07-17 17:13:59,401 [WARN] DbFile:41 - Overriding database path with different value: C:\Users\saksh\.stmcufinder\plugins\mcufinder/ => C:\Users\saksh\.stmcufinder\plugins\mcufinder
2024-07-17 17:13:59,401 [INFO] CrossReferenceDbSqlite:203 - Set database path to: C:\Users\saksh\.stmcufinder\plugins\mcufinder//mcu/cs/
2024-07-17 17:13:59,459 [INFO] MainPanel:264 - HeapMemory: 268435456
2024-07-17 17:13:59,530 [INFO] DbMcusXml:78 - Set database path to: C:\ST\STM32CubeIDE_1.10.1\STM32CubeIDE\plugins\com.st.stm32cube.common.mx_6.11.1.202404110753\\db\/mcu/
2024-07-17 17:13:59,530 [INFO] ApiDb:274 - Set plugin database path to: C:\ST\STM32CubeIDE_1.10.1\STM32CubeIDE\plugins\com.st.stm32cube.common.mx_6.11.1.202404110753\\db\/plugins/boardmanager/
2024-07-17 17:13:59,530 [INFO] ApiDb:261 - Set plugin images path to: C:\ST\STM32CubeIDE_1.10.1\STM32CubeIDE\plugins\com.st.stm32cube.common.mx_6.11.1.202404110753\\db\/plugins/mcufinder/images/
2024-07-17 17:13:59,531 [WARN] DbFile:41 - Overriding database path with different value: C:\Users\saksh\.stmcufinder\plugins\mcufinder/ => C:\Users\saksh\.stmcufinder\plugins\mcufinder
2024-07-17 17:13:59,531 [INFO] ApiDb:250 - Set database path to: C:\Users\saksh\.stmcufinder\plugins\mcufinder//mcu/
2024-07-17 17:13:59,531 [WARN] DbFile:41 - Overriding database path with different value: C:\Users\saksh\.stmcufinder\plugins\mcufinder/ => C:\Users\saksh\.stmcufinder\plugins\mcufinder
2024-07-17 17:13:59,531 [INFO] DbMcusAds:125 - Set database path to: C:\Users\saksh\.stmcufinder\plugins\mcufinder//mcu/
2024-07-17 17:13:59,531 [WARN] DbFile:41 - Overriding database path with different value: C:\Users\saksh\.stmcufinder\plugins\mcufinder/ => C:\Users\saksh\.stmcufinder\plugins\mcufinder
2024-07-17 17:13:59,531 [WARN] DbFile:41 - Overriding database path with different value: C:\Users\saksh\.stmcufinder\plugins\mcufinder/ => C:\Users\saksh\.stmcufinder\plugins\mcufinder
2024-07-17 17:13:59,531 [INFO] CrossReferenceDbSqlite:203 - Set database path to: C:\Users\saksh\.stmcufinder\plugins\mcufinder//mcu/cs/
2024-07-17 17:13:59,543 [INFO] ApplicationProperties:184 - Using Application install path: C:\ST\STM32CubeIDE_1.10.1\STM32CubeIDE\plugins\com.st.stm32cube.common.mx_6.11.1.202404110753
2024-07-17 17:13:59,544 [INFO] PluginManage:196 - Search for loadable plugins [exclusion list=, ]
2024-07-17 17:13:59,546 [INFO] PluginManage:310 - Check plugin analytics
2024-07-17 17:13:59,645 [INFO] AnalyticsPlugin:253 - Accepted Software Licenses: 
2024-07-17 17:13:59,645 [INFO] AnalyticsPlugin:255 - Accepted CMSIS Pack Licenses: 
2024-07-17 17:13:59,645 [INFO] AnalyticsPlugin:257 - Accepted Firmware Licenses: FW.H7.1.10.0,FW.G4.1.5.0
2024-07-17 17:13:59,647 [INFO] PluginManage:359 - Loaded plugin analytics (category:tool,tabindex:-1)
2024-07-17 17:13:59,648 [INFO] PluginManage:310 - Check plugin cadmodel
2024-07-17 17:13:59,660 [INFO] CADModel:105 - Init CAD model plugin
2024-07-17 17:13:59,660 [INFO] PluginManage:359 - Loaded plugin cadmodel (category:power,tabindex:5)
2024-07-17 17:13:59,660 [INFO] PluginManage:310 - Check plugin clock
2024-07-17 17:13:59,677 [INFO] PluginManage:359 - Loaded plugin clock (category:base,tabindex:2)
2024-07-17 17:13:59,677 [INFO] PluginManage:310 - Check plugin ddr
2024-07-17 17:13:59,679 [INFO] PluginManage:359 - Loaded plugin ddr (category:tool,tabindex:6)
2024-07-17 17:13:59,679 [INFO] PluginManage:310 - Check plugin filemanager
2024-07-17 17:13:59,781 [INFO] PluginManage:359 - Loaded plugin filemanager (category:base,tabindex:10)
2024-07-17 17:13:59,781 [INFO] PluginManage:310 - Check plugin ipmanager
2024-07-17 17:13:59,786 [INFO] PluginManage:359 - Loaded plugin ipmanager (category:base,tabindex:5)
2024-07-17 17:13:59,786 [INFO] PluginManage:310 - Check plugin lpbam
2024-07-17 17:13:59,800 [INFO] PluginManage:359 - Loaded plugin lpbam (category:base,tabindex:0)
2024-07-17 17:13:59,801 [INFO] PluginManage:310 - Check plugin memorymap
2024-07-17 17:13:59,818 [INFO] PluginManage:359 - Loaded plugin memorymap (category:base,tabindex:4)
2024-07-17 17:13:59,818 [INFO] PluginManage:310 - Check plugin pinoutandconfiguration
2024-07-17 17:13:59,831 [INFO] PluginManage:359 - Loaded plugin pinoutandconfiguration (category:base,tabindex:1)
2024-07-17 17:13:59,831 [INFO] PluginManage:310 - Check plugin pinoutconfig
2024-07-17 17:13:59,896 [WARN] SupportedApi:132 - Cannot load RTOS API schema: s4s-elt-must-match.1: The content of 'definitions' must match (annotation?, (simpleType | complexType)?, (unique | key | keyref)*)). A problem was found starting at: attribute.
2024-07-17 17:13:59,988 [INFO] PluginManage:359 - Loaded plugin pinoutconfig (category:base,tabindex:0)
2024-07-17 17:13:59,988 [INFO] PluginManage:310 - Check plugin power
2024-07-17 17:14:00,004 [INFO] PluginManage:359 - Loaded plugin power (category:power,tabindex:4)
2024-07-17 17:14:00,004 [INFO] PluginManage:310 - Check plugin projectmanager
2024-07-17 17:14:00,014 [INFO] PluginManage:359 - Loaded plugin projectmanager (category:projectmanager,tabindex:3)
2024-07-17 17:14:00,014 [INFO] PluginManage:310 - Check plugin thirdparty
2024-07-17 17:14:00,209 [INFO] PluginManage:359 - Loaded plugin thirdparty (category:base,tabindex:-1)
2024-07-17 17:14:00,209 [WARN] IntegrityCheckThread:84 - waiting for thirdparty lock release [integrity check]
2024-07-17 17:14:00,209 [INFO] PluginManage:310 - Check plugin tools
2024-07-17 17:14:00,209 [INFO] IntegrityCheckThread:86 - entering critical section [integrity check]
2024-07-17 17:14:00,209 [INFO] ThirdPartyUpdaterWithRetryManager:70 - Updater plugin not ready yet. [1/15]
2024-07-17 17:14:00,236 [INFO] PluginManage:359 - Loaded plugin tools (category:base,tabindex:7)
2024-07-17 17:14:00,236 [INFO] PluginManage:310 - Check plugin tutovideos
2024-07-17 17:14:00,384 [INFO] PluginManage:359 - Loaded plugin tutovideos (category:base,tabindex:-1)
2024-07-17 17:14:00,384 [INFO] PluginManage:310 - Check plugin updater
2024-07-17 17:14:00,403 [INFO] PluginManage:359 - Loaded plugin updater (category:base,tabindex:12)
2024-07-17 17:14:00,403 [INFO] PluginManage:310 - Check plugin userauth
2024-07-17 17:14:00,406 [INFO] UserAuth:114 - Init User Auth plugin
2024-07-17 17:14:00,406 [INFO] PluginManage:359 - Loaded plugin userauth (category:base,tabindex:14)
2024-07-17 17:14:00,407 [INFO] PluginManage:283 - PluginManage : Loaded plugins [17]
2024-07-17 17:14:00,573 [INFO] PinOutPanel:1561 - setPackage(No Configuration,No Configuration)
2024-07-17 17:14:00,626 [INFO] CADModel:165 - CPN selected for project level
2024-07-17 17:14:00,626 [INFO] CADModel:114 - Register for checkConnection events
2024-07-17 17:14:00,645 [INFO] IPUIPlugin:80 - create IPUIPlugin
2024-07-17 17:14:00,645 [INFO] PluginManager:220 - loadIPPluginJar : add adc
2024-07-17 17:14:00,671 [INFO] IPUIPlugin:80 - create IPUIPlugin
2024-07-17 17:14:00,671 [INFO] PluginManager:220 - loadIPPluginJar : add aes
2024-07-17 17:14:00,702 [INFO] IPUIPlugin:80 - create IPUIPlugin
2024-07-17 17:14:00,702 [INFO] PluginManager:220 - loadIPPluginJar : add can
2024-07-17 17:14:00,719 [INFO] IPUIPlugin:80 - create IPUIPlugin
2024-07-17 17:14:00,719 [INFO] PluginManager:220 - loadIPPluginJar : add comp
2024-07-17 17:14:00,744 [INFO] IPUIPlugin:80 - create IPUIPlugin
2024-07-17 17:14:00,745 [INFO] PluginManager:220 - loadIPPluginJar : add cryp
2024-07-17 17:14:00,767 [INFO] IPUIPlugin:80 - create IPUIPlugin
2024-07-17 17:14:00,767 [INFO] PluginManager:220 - loadIPPluginJar : add dfsdm
2024-07-17 17:14:00,778 [INFO] IPUIPlugin:80 - create IPUIPlugin
2024-07-17 17:14:00,778 [INFO] PluginManager:220 - loadIPPluginJar : add dma
2024-07-17 17:14:00,810 [INFO] IPUIPlugin:80 - create IPUIPlugin
2024-07-17 17:14:00,810 [INFO] PluginManager:220 - loadIPPluginJar : add dma3
2024-07-17 17:14:00,845 [INFO] IPUIPlugin:80 - create IPUIPlugin
2024-07-17 17:14:00,845 [INFO] PluginManager:220 - loadIPPluginJar : add extmemmanager
2024-07-17 17:14:00,860 [INFO] IPUIPlugin:80 - create IPUIPlugin
2024-07-17 17:14:00,860 [INFO] PluginManager:220 - loadIPPluginJar : add fatfs
2024-07-17 17:14:00,894 [INFO] IPUIPlugin:80 - create IPUIPlugin
2024-07-17 17:14:00,894 [INFO] PluginManager:220 - loadIPPluginJar : add fmc
2024-07-17 17:14:00,906 [INFO] IPUIPlugin:80 - create IPUIPlugin
2024-07-17 17:14:00,906 [INFO] PluginManager:220 - loadIPPluginJar : add freertos
2024-07-17 17:14:00,921 [INFO] IPUIPlugin:80 - create IPUIPlugin
2024-07-17 17:14:00,921 [INFO] PluginManager:220 - loadIPPluginJar : add genericplugin
2024-07-17 17:14:00,989 [INFO] IPUIPlugin:80 - create IPUIPlugin
2024-07-17 17:14:00,990 [INFO] PluginManager:220 - loadIPPluginJar : add gfxmmu
2024-07-17 17:14:01,088 [INFO] IPUIPlugin:80 - create IPUIPlugin
2024-07-17 17:14:01,089 [INFO] PluginManager:220 - loadIPPluginJar : add gic
2024-07-17 17:14:01,097 [INFO] IPUIPlugin:80 - create IPUIPlugin
2024-07-17 17:14:01,097 [INFO] PluginManager:220 - loadIPPluginJar : add gpio
2024-07-17 17:14:01,165 [INFO] IPUIPlugin:80 - create IPUIPlugin
2024-07-17 17:14:01,165 [INFO] PluginManager:220 - loadIPPluginJar : add gtzc
2024-07-17 17:14:01,189 [INFO] IPUIPlugin:80 - create IPUIPlugin
2024-07-17 17:14:01,189 [INFO] PluginManager:220 - loadIPPluginJar : add hash
2024-07-17 17:14:01,227 [INFO] IPUIPlugin:80 - create IPUIPlugin
2024-07-17 17:14:01,227 [INFO] PluginManager:220 - loadIPPluginJar : add i2c
2024-07-17 17:14:01,255 [INFO] IPUIPlugin:80 - create IPUIPlugin
2024-07-17 17:14:01,255 [INFO] PluginManager:220 - loadIPPluginJar : add i2s
2024-07-17 17:14:01,286 [INFO] IPUIPlugin:80 - create IPUIPlugin
2024-07-17 17:14:01,286 [INFO] PluginManager:220 - loadIPPluginJar : add i3c
2024-07-17 17:14:01,364 [INFO] IPUIPlugin:80 - create IPUIPlugin
2024-07-17 17:14:01,364 [INFO] PluginManager:220 - loadIPPluginJar : add ipddr
2024-07-17 17:14:01,436 [INFO] IPUIPlugin:80 - create IPUIPlugin
2024-07-17 17:14:01,436 [INFO] PluginManager:220 - loadIPPluginJar : add linkedlist
2024-07-17 17:14:01,462 [INFO] IPUIPlugin:80 - create IPUIPlugin
2024-07-17 17:14:01,462 [INFO] PluginManager:220 - loadIPPluginJar : add lorawan
2024-07-17 17:14:01,489 [INFO] IPUIPlugin:80 - create IPUIPlugin
2024-07-17 17:14:01,490 [INFO] PluginManager:220 - loadIPPluginJar : add ltdc
2024-07-17 17:14:01,502 [INFO] IPUIPlugin:80 - create IPUIPlugin
2024-07-17 17:14:01,502 [INFO] PluginManager:220 - loadIPPluginJar : add mdma
2024-07-17 17:14:01,510 [INFO] IPUIPlugin:80 - create IPUIPlugin
2024-07-17 17:14:01,510 [INFO] PluginManager:220 - loadIPPluginJar : add nvic
2024-07-17 17:14:01,537 [INFO] IPUIPlugin:80 - create IPUIPlugin
2024-07-17 17:14:01,537 [INFO] PluginManager:220 - loadIPPluginJar : add opamp
2024-07-17 17:14:01,583 [INFO] IPUIPlugin:80 - create IPUIPlugin
2024-07-17 17:14:01,584 [INFO] PluginManager:220 - loadIPPluginJar : add openamp
2024-07-17 17:14:01,615 [INFO] IPUIPlugin:80 - create IPUIPlugin
2024-07-17 17:14:01,615 [INFO] PluginManager:220 - loadIPPluginJar : add pdm2pcm
2024-07-17 17:14:01,627 [INFO] IPUIPlugin:80 - create IPUIPlugin
2024-07-17 17:14:01,629 [INFO] PluginManager:220 - loadIPPluginJar : add plateformsettings
2024-07-17 17:14:01,644 [INFO] IPUIPlugin:80 - create IPUIPlugin
2024-07-17 17:14:01,644 [INFO] PluginManager:220 - loadIPPluginJar : add quadspi
2024-07-17 17:14:01,653 [INFO] IPUIPlugin:80 - create IPUIPlugin
2024-07-17 17:14:01,654 [INFO] PluginManager:220 - loadIPPluginJar : add resmgrutility
2024-07-17 17:14:01,689 [INFO] IPUIPlugin:80 - create IPUIPlugin
2024-07-17 17:14:01,689 [INFO] PluginManager:220 - loadIPPluginJar : add sai
2024-07-17 17:14:01,717 [INFO] IPUIPlugin:80 - create IPUIPlugin
2024-07-17 17:14:01,717 [INFO] PluginManager:220 - loadIPPluginJar : add spi
2024-07-17 17:14:01,769 [INFO] IPUIPlugin:80 - create IPUIPlugin
2024-07-17 17:14:01,769 [INFO] PluginManager:220 - loadIPPluginJar : add stm32_wpan
2024-07-17 17:14:01,785 [INFO] IPUIPlugin:80 - create IPUIPlugin
2024-07-17 17:14:01,785 [INFO] PluginManager:220 - loadIPPluginJar : add tim
2024-07-17 17:14:01,829 [INFO] IPUIPlugin:80 - create IPUIPlugin
2024-07-17 17:14:01,829 [INFO] PluginManager:220 - loadIPPluginJar : add touchsensing
2024-07-17 17:14:01,846 [INFO] IPUIPlugin:80 - create IPUIPlugin
2024-07-17 17:14:01,846 [INFO] PluginManager:220 - loadIPPluginJar : add tracer_emb
2024-07-17 17:14:01,863 [INFO] IPUIPlugin:80 - create IPUIPlugin
2024-07-17 17:14:01,863 [INFO] PluginManager:220 - loadIPPluginJar : add ts
2024-07-17 17:14:01,879 [INFO] IPUIPlugin:80 - create IPUIPlugin
2024-07-17 17:14:01,879 [INFO] PluginManager:220 - loadIPPluginJar : add tsc
2024-07-17 17:14:01,894 [INFO] IPUIPlugin:80 - create IPUIPlugin
2024-07-17 17:14:01,894 [INFO] PluginManager:220 - loadIPPluginJar : add ucpd
2024-07-17 17:14:01,928 [INFO] IPUIPlugin:80 - create IPUIPlugin
2024-07-17 17:14:01,928 [INFO] PluginManager:220 - loadIPPluginJar : add usart
2024-07-17 17:14:01,960 [INFO] IPUIPlugin:80 - create IPUIPlugin
2024-07-17 17:14:01,960 [INFO] PluginManager:220 - loadIPPluginJar : add usbx
2024-07-17 17:14:02,067 [INFO] CADModel:165 - CPN selected for project level
2024-07-17 17:14:02,067 [INFO] CADModel:114 - Register for checkConnection events
2024-07-17 17:14:02,067 [FATAL] Updater:308 - Updater called before beeing initialized
2024-07-17 17:14:02,067 [ERROR] CADModel:125 - Updater not yet initialized, retry later 
2024-07-17 17:14:02,168 [INFO] CADModel:165 - CPN selected for project level
2024-07-17 17:14:02,168 [INFO] CADModel:114 - Register for checkConnection events
2024-07-17 17:14:02,168 [FATAL] Updater:308 - Updater called before beeing initialized
2024-07-17 17:14:02,168 [ERROR] CADModel:125 - Updater not yet initialized, retry later 
2024-07-17 17:14:02,171 [FATAL] Updater:308 - Updater called before beeing initialized
2024-07-17 17:14:02,234 [FATAL] Updater:308 - Updater called before beeing initialized
2024-07-17 17:14:02,240 [INFO] DbMcusAds:53 - JSON generation date=Thu May 16 14:52:00 IST 2024 (1715851320667)
2024-07-17 17:14:02,240 [FATAL] Updater:308 - Updater called before beeing initialized
2024-07-17 17:14:02,296 [WARN] DetailPanel:346 - Failed to get advertising image, set to default
2024-07-17 17:14:02,374 [FATAL] Updater:308 - Updater called before beeing initialized
2024-07-17 17:14:02,384 [FATAL] Updater:308 - Updater called before beeing initialized
2024-07-17 17:14:02,384 [FATAL] Updater:308 - Updater called before beeing initialized
2024-07-17 17:14:02,384 [WARN] DetailPanel:346 - Failed to get advertising image, set to default
2024-07-17 17:14:02,386 [FATAL] Updater:308 - Updater called before beeing initialized
2024-07-17 17:14:02,425 [ERROR] Updater:1120 - MainUpdater not yet initialized. External WinMGr cannot be set.
2024-07-17 17:14:02,433 [INFO] Updater:1056 - Updater Version found : 6.11.1
2024-07-17 17:14:02,448 [INFO] ApplicationProperties:184 - Using Application install path: C:\ST\STM32CubeIDE_1.10.1\STM32CubeIDE\plugins\com.st.stm32cube.common.mx_6.11.1.202404110753
2024-07-17 17:14:03,211 [INFO] ThirdPartyUpdaterWithRetryManager:70 - Updater plugin not ready yet. [2/15]
2024-07-17 17:14:04,018 [ERROR] LogOutputStream:75 - [STDERR_REDIRECT] Jul 17, 2024 5:14:04 PM java.util.prefs.WindowsPreferences <init>
2024-07-17 17:14:04,019 [ERROR] LogOutputStream:75 - [STDERR_REDIRECT] WARNING: Could not open/create prefs root node Software\JavaSoft\Prefs at root 0xffffffff80000002. Windows RegCreateKeyEx(...) returned error code 5.
2024-07-17 17:14:04,019 [ERROR] LogOutputStream:75 - [STDERR_REDIRECT] 
2024-07-17 17:14:04,330 [INFO] MainUpdater:2873 - connection check result : 22
2024-07-17 17:14:04,331 [INFO] MainUpdater:290 - Updater Check For Update Now.
2024-07-17 17:14:04,331 [INFO] MicroXplorer:498 - Change Database Version : DB.6.0.111
2024-07-17 17:14:04,342 [INFO] McuFinderGlobals:63 - Set McuFinder mode to 2 (CubeIDE integrated)
2024-07-17 17:14:04,342 [INFO] UserAuth:179 - activating auth plugin
2024-07-17 17:14:04,344 [INFO] UserAuth:415 - Internet connection configuration mode: 2
2024-07-17 17:14:04,361 [INFO] UserAuth:415 - Internet connection configuration mode: 2
2024-07-17 17:14:04,513 [INFO] CheckServerUpdateThread:120 - End of CheckServer Thread
2024-07-17 17:14:06,355 [WARN] PackLoader:240 - Cannot read IP mode file for STMicroelectronics.FP-SNS-MOTENVWB1.1.4.0
2024-07-17 17:14:06,370 [WARN] PackLoader:240 - Cannot read IP mode file for STMicroelectronics.X-CUBE-SMBUS.2.1.0
2024-07-17 17:14:06,379 [WARN] PackLoader:240 - Cannot read IP mode file for STMicroelectronics.X-CUBE-TOUCHGFX.4.23.1
2024-07-17 17:14:06,388 [WARN] PackLoader:240 - Cannot read IP mode file for STMicroelectronics.X-CUBE-TOUCHGFX.4.23.0
2024-07-17 17:14:06,396 [WARN] PackLoader:240 - Cannot read IP mode file for STMicroelectronics.X-CUBE-TOUCHGFX.4.23.2
2024-07-17 17:14:06,422 [WARN] PackLoader:240 - Cannot read IP mode file for STMicroelectronics.X-CUBE-AZRTOS-F7.1.1.0
2024-07-17 17:14:06,436 [ERROR] RealEvaluatedCondition:428 - Found unsupported composite condition: GROUP='STM32_MetaDataManager' CLASS='Data Exchange'
2024-07-17 17:14:06,436 [ERROR] RealEvaluatedCondition:428 - Found unsupported composite condition: CLASS='Data Exchange' GROUP='STM32_MetaDataManager'
2024-07-17 17:14:06,438 [WARN] PackLoader:240 - Cannot read IP mode file for STMicroelectronics.FP-SNS-MOTENV1.4.3.0
2024-07-17 17:14:06,449 [WARN] PackLoader:240 - Cannot read IP mode file for STMicroelectronics.FP-SNS-MOTENV1.4.3.2
2024-07-17 17:14:06,458 [WARN] PackLoader:240 - Cannot read IP mode file for STMicroelectronics.FP-SNS-FLIGHT1.5.0.0
2024-07-17 17:14:06,467 [ERROR] RealEvaluatedCondition:428 - Found unsupported composite condition: GROUP='STM32_MetaDataManager' CLASS='Data Exchange'
2024-07-17 17:14:06,467 [ERROR] RealEvaluatedCondition:428 - Found unsupported composite condition: GROUP='STM32_MetaDataManager' CLASS='Data Exchange'
2024-07-17 17:14:06,467 [WARN] PackLoader:240 - Cannot read IP mode file for STMicroelectronics.FP-SNS-MOTENV1.4.3.1
2024-07-17 17:14:06,476 [WARN] PackLoader:240 - Cannot read IP mode file for STMicroelectronics.FP-SNS-FLIGHT1.5.0.1
2024-07-17 17:14:06,487 [WARN] PackLoader:240 - Cannot read IP mode file for STMicroelectronics.X-CUBE-BLE1.6.2.3
2024-07-17 17:14:06,497 [WARN] PackLoader:240 - Cannot read IP mode file for STMicroelectronics.X-CUBE-BLE1.6.2.4
2024-07-17 17:14:06,507 [WARN] PackLoader:240 - Cannot read IP mode file for STMicroelectronics.FP-SNS-FLIGHT1.5.0.2
2024-07-17 17:14:06,518 [WARN] PackLoader:240 - Cannot read IP mode file for STMicroelectronics.X-CUBE-TOF1.3.1.0
2024-07-17 17:14:06,530 [WARN] PackLoader:240 - Cannot read IP mode file for STMicroelectronics.X-CUBE-DISPLAY.3.0.0
2024-07-17 17:14:06,541 [WARN] PackLoader:240 - Cannot read IP mode file for STMicroelectronics.X-CUBE-BLE1.7.0.0
2024-07-17 17:14:06,549 [WARN] PackLoader:240 - Cannot read IP mode file for STMicroelectronics.X-CUBE-TOUCHGFX.4.22.0
2024-07-17 17:14:06,591 [WARN] PackLoader:240 - Cannot read IP mode file for STMicroelectronics.X-CUBE-MEMS1.9.3.0
2024-07-17 17:14:06,667 [WARN] PackLoader:240 - Cannot read IP mode file for STMicroelectronics.X-CUBE-AI.7.2.0
2024-07-17 17:14:06,681 [WARN] PackLoader:240 - Cannot read IP mode file for STMicroelectronics.X-CUBE-BLEMGR.3.1.0
2024-07-17 17:14:06,694 [WARN] PackLoader:240 - Cannot read IP mode file for STMicroelectronics.FP-SNS-SMARTAG2.1.2.0
2024-07-17 17:14:06,712 [INFO] LogOutputStream:77 - [STDOUT_REDIRECT] 1 : Invalid condition id : UX_CORESTACK_Condition cause : null
2024-07-17 17:14:06,713 [INFO] LogOutputStream:77 - [STDOUT_REDIRECT] 1 : Invalid condition id : UX_CORESTACK_Condition cause : null
2024-07-17 17:14:06,714 [INFO] LogOutputStream:77 - [STDOUT_REDIRECT] 1 : Invalid condition id : UX_CORESTACK_Condition cause : null
2024-07-17 17:14:06,715 [INFO] LogOutputStream:77 - [STDOUT_REDIRECT] 1 : Invalid condition id : UX_CORESTACK_Condition cause : null
2024-07-17 17:14:06,716 [INFO] LogOutputStream:77 - [STDOUT_REDIRECT] 1 : Invalid condition id : UX_CORESTACK_Condition cause : null
2024-07-17 17:14:06,718 [WARN] PackLoader:240 - Cannot read IP mode file for STMicroelectronics.X-CUBE-AZRTOS-WL.2.0.0
2024-07-17 17:14:06,734 [WARN] PackLoader:240 - Cannot read IP mode file for STMicroelectronics.FP-SNS-MOTENV1.5.0.0
2024-07-17 17:14:06,752 [WARN] PackLoader:240 - Cannot read IP mode file for wolfSSL.I-CUBE-wolfMQTT.1.19.0
2024-07-17 17:14:06,789 [WARN] PackLoader:240 - Cannot read IP mode file for WES.I-CUBE-Cesium.1.3.0
2024-07-17 17:14:06,807 [WARN] PackLoader:240 - Cannot read IP mode file for STMicroelectronics.X-CUBE-BLE2.3.3.0
2024-07-17 17:14:06,826 [WARN] PackLoader:240 - Cannot read IP mode file for STMicroelectronics.X-CUBE-DISPLAY.2.2.0
2024-07-17 17:14:06,843 [WARN] PackLoader:240 - Cannot read IP mode file for STMicroelectronics.X-CUBE-TOF1.3.2.0
2024-07-17 17:14:06,856 [WARN] PackLoader:240 - Cannot read IP mode file for STMicroelectronics.X-CUBE-ISPU.1.0.0
2024-07-17 17:14:06,881 [WARN] PackLoader:240 - Cannot read IP mode file for STMicroelectronics.X-CUBE-AZRTOS-H7.2.1.0
2024-07-17 17:14:06,896 [WARN] PackLoader:240 - Cannot read IP mode file for STMicroelectronics.X-CUBE-TCPP.4.1.0
2024-07-17 17:14:06,911 [WARN] PackLoader:240 - Cannot read IP mode file for STMicroelectronics.X-CUBE-TOUCHGFX.4.21.1
2024-07-17 17:14:06,921 [WARN] PackLoader:240 - Cannot read IP mode file for STMicroelectronics.X-CUBE-TOUCHGFX.4.21.3
2024-07-17 17:14:06,932 [WARN] PackLoader:240 - Cannot read IP mode file for STMicroelectronics.X-CUBE-TOUCHGFX.4.21.4
2024-07-17 17:14:06,963 [WARN] PackLoader:240 - Cannot read IP mode file for STMicroelectronics.X-CUBE-MEMS1.9.4.0
2024-07-17 17:14:07,031 [WARN] PackLoader:240 - Cannot read IP mode file for STMicroelectronics.X-CUBE-AI.7.3.0
2024-07-17 17:14:07,045 [WARN] PackLoader:240 - Cannot read IP mode file for STMicroelectronics.X-CUBE-ALGOBUILD.1.3.0
2024-07-17 17:14:07,064 [WARN] PackLoader:240 - Cannot read IP mode file for STMicroelectronics.X-CUBE-AZRTOS-G0.1.1.0
2024-07-17 17:14:07,075 [WARN] PackLoader:240 - Cannot read IP mode file for STMicroelectronics.X-CUBE-SAFEA1.1.2.2
2024-07-17 17:14:07,085 [WARN] PackLoader:240 - Cannot read IP mode file for STMicroelectronics.X-CUBE-NFC4.3.0.0
2024-07-17 17:14:07,113 [WARN] PackLoader:240 - Cannot read IP mode file for SEGGER.I-CUBE-embOS.1.2.0
2024-07-17 17:14:07,153 [WARN] PackLoader:240 - Cannot read IP mode file for EmbeddedOffice.I-CUBE-FS-RTOS.1.0.1
2024-07-17 17:14:07,153 [ERROR] ConditionMgr:805 - Attr not supported : Dmpu
2024-07-17 17:14:07,154 [ERROR] ConditionMgr:805 - Attr not supported : Dmpu
2024-07-17 17:14:07,154 [ERROR] ConditionMgr:805 - Attr not supported : Dmpu
2024-07-17 17:14:07,154 [ERROR] ConditionMgr:805 - Attr not supported : Dmpu
2024-07-17 17:14:07,154 [ERROR] ConditionMgr:805 - Attr not supported : Dmpu
2024-07-17 17:14:07,154 [ERROR] ConditionMgr:805 - Attr not supported : Dmpu
2024-07-17 17:14:07,154 [ERROR] ConditionMgr:805 - Attr not supported : Dmpu
2024-07-17 17:14:07,154 [ERROR] ConditionMgr:805 - Attr not supported : Dmpu
2024-07-17 17:14:07,154 [ERROR] ConditionMgr:805 - Attr not supported : Dmpu
2024-07-17 17:14:07,154 [ERROR] ConditionMgr:805 - Attr not supported : Dmpu
2024-07-17 17:14:07,154 [ERROR] ConditionMgr:805 - Attr not supported : Dmpu
2024-07-17 17:14:07,154 [ERROR] ConditionMgr:805 - Attr not supported : Dmpu
2024-07-17 17:14:07,155 [ERROR] ConditionMgr:805 - Attr not supported : Dmpu
2024-07-17 17:14:07,155 [ERROR] ConditionMgr:805 - Attr not supported : Dmpu
2024-07-17 17:14:07,155 [ERROR] ConditionMgr:805 - Attr not supported : Dmpu
2024-07-17 17:14:07,155 [ERROR] ConditionMgr:805 - Attr not supported : Dmpu
2024-07-17 17:14:07,155 [ERROR] ConditionMgr:805 - Attr not supported : Dmpu
2024-07-17 17:14:07,155 [ERROR] ConditionMgr:805 - Attr not supported : Dmpu
2024-07-17 17:14:07,155 [ERROR] ConditionMgr:805 - Attr not supported : Dmpu
2024-07-17 17:14:07,155 [ERROR] ConditionMgr:805 - Attr not supported : Dmpu
2024-07-17 17:14:07,156 [ERROR] ConditionMgr:805 - Attr not supported : Dmpu
2024-07-17 17:14:07,156 [ERROR] ConditionMgr:805 - Attr not supported : Dmpu
2024-07-17 17:14:07,156 [ERROR] ConditionMgr:805 - Attr not supported : Dmpu
2024-07-17 17:14:07,156 [ERROR] ConditionMgr:805 - Attr not supported : Dmpu
2024-07-17 17:14:07,156 [ERROR] ConditionMgr:805 - Attr not supported : Dmpu
2024-07-17 17:14:07,157 [ERROR] ConditionMgr:805 - Attr not supported : Dmpu
2024-07-17 17:14:07,157 [ERROR] ConditionMgr:805 - Attr not supported : Dmpu
2024-07-17 17:14:07,157 [ERROR] ConditionMgr:805 - Attr not supported : Dmpu
2024-07-17 17:14:07,157 [ERROR] ConditionMgr:805 - Attr not supported : Dmpu
2024-07-17 17:14:07,157 [ERROR] ConditionMgr:805 - Attr not supported : Dmpu
2024-07-17 17:14:07,157 [ERROR] ConditionMgr:805 - Attr not supported : Dmpu
2024-07-17 17:14:07,157 [ERROR] ConditionMgr:805 - Attr not supported : Dmpu
2024-07-17 17:14:07,157 [ERROR] ConditionMgr:805 - Attr not supported : Dmpu
2024-07-17 17:14:07,157 [ERROR] ConditionMgr:805 - Attr not supported : Dmpu
2024-07-17 17:14:07,157 [ERROR] ConditionMgr:805 - Attr not supported : Dmpu
2024-07-17 17:14:07,157 [ERROR] ConditionMgr:805 - Attr not supported : Dmpu
2024-07-17 17:14:07,157 [ERROR] ConditionMgr:805 - Attr not supported : Dmpu
2024-07-17 17:14:07,158 [ERROR] ConditionMgr:805 - Attr not supported : Dmpu
2024-07-17 17:14:07,158 [ERROR] ConditionMgr:805 - Attr not supported : Dmpu
2024-07-17 17:14:07,158 [ERROR] ConditionMgr:805 - Attr not supported : Dmpu
2024-07-17 17:14:07,158 [ERROR] ConditionMgr:805 - Attr not supported : Dmpu
2024-07-17 17:14:07,158 [ERROR] ConditionMgr:805 - Attr not supported : Dmpu
2024-07-17 17:14:07,158 [ERROR] ConditionMgr:805 - Attr not supported : Dmpu
2024-07-17 17:14:07,158 [ERROR] ConditionMgr:805 - Attr not supported : Dmpu
2024-07-17 17:14:07,158 [ERROR] ConditionMgr:805 - Attr not supported : Dmpu
2024-07-17 17:14:07,158 [ERROR] ConditionMgr:805 - Attr not supported : Dmpu
2024-07-17 17:14:07,158 [ERROR] ConditionMgr:805 - Attr not supported : Dmpu
2024-07-17 17:14:07,158 [ERROR] ConditionMgr:805 - Attr not supported : Dmpu
2024-07-17 17:14:07,159 [ERROR] ConditionMgr:805 - Attr not supported : Dmpu
2024-07-17 17:14:07,159 [ERROR] ConditionMgr:805 - Attr not supported : Dmpu
2024-07-17 17:14:07,159 [ERROR] ConditionMgr:805 - Attr not supported : Dmpu
2024-07-17 17:14:07,159 [ERROR] ConditionMgr:805 - Attr not supported : Dmpu
2024-07-17 17:14:07,159 [ERROR] ConditionMgr:805 - Attr not supported : Dmpu
2024-07-17 17:14:07,159 [ERROR] ConditionMgr:805 - Attr not supported : Dmpu
2024-07-17 17:14:07,159 [ERROR] ConditionMgr:805 - Attr not supported : Dmpu
2024-07-17 17:14:07,159 [ERROR] ConditionMgr:805 - Attr not supported : Dmpu
2024-07-17 17:14:07,159 [ERROR] ConditionMgr:805 - Attr not supported : Dmpu
2024-07-17 17:14:07,159 [ERROR] ConditionMgr:805 - Attr not supported : Dmpu
2024-07-17 17:14:07,159 [ERROR] ConditionMgr:805 - Attr not supported : Dmpu
2024-07-17 17:14:07,160 [ERROR] ConditionMgr:805 - Attr not supported : Dmpu
2024-07-17 17:14:07,160 [ERROR] ConditionMgr:805 - Attr not supported : Dmpu
2024-07-17 17:14:07,160 [ERROR] ConditionMgr:805 - Attr not supported : Dmpu
2024-07-17 17:14:07,160 [ERROR] ConditionMgr:805 - Attr not supported : Dmpu
2024-07-17 17:14:07,160 [ERROR] ConditionMgr:805 - Attr not supported : Dmpu
2024-07-17 17:14:07,176 [WARN] PackLoader:240 - Cannot read IP mode file for STMicroelectronics.X-CUBE-BLEMGR.3.0.0
2024-07-17 17:14:07,195 [WARN] PackLoader:240 - Cannot read IP mode file for STMicroelectronics.X-CUBE-BLEMGR.1.3.0
2024-07-17 17:14:07,207 [WARN] PackLoader:240 - Cannot read IP mode file for RealThread.X-CUBE-RT-Thread_Nano.4.1.1
2024-07-17 17:14:07,219 [WARN] PackLoader:240 - Cannot read IP mode file for STMicroelectronics.FP-ATR-SIGFOX1.3.2.0
2024-07-17 17:14:07,232 [WARN] PackLoader:240 - Cannot read IP mode file for STMicroelectronics.X-CUBE-EEPRMA1.5.1.0
2024-07-17 17:14:07,246 [WARN] PackLoader:240 - Cannot read IP mode file for emotas.I-CUBE-CANOPEN.1.1.2
2024-07-17 17:14:07,259 [WARN] PackLoader:240 - Cannot read IP mode file for STMicroelectronics.X-CUBE-TOUCHGFX.4.20.0
2024-07-17 17:14:07,297 [WARN] PackLoader:240 - Cannot read IP mode file for STMicroelectronics.X-CUBE-MEMS1.9.5.0
2024-07-17 17:14:07,378 [WARN] PackLoader:240 - Cannot read IP mode file for SEGGER.I-CUBE-embOS.1.3.1
2024-07-17 17:14:07,411 [WARN] PackLoader:240 - Cannot read IP mode file for STMicroelectronics.X-CUBE-ALGOBUILD.1.4.0
2024-07-17 17:14:07,423 [WARN] PackLoader:240 - Cannot read IP mode file for STMicroelectronics.X-CUBE-GNSS1.6.0.0
2024-07-17 17:14:07,453 [WARN] PackLoader:240 - Cannot read IP mode file for STMicroelectronics.X-CUBE-AZRTOS-F4.1.1.0
2024-07-17 17:14:07,464 [WARN] PackLoader:240 - Cannot read IP mode file for STMicroelectronics.X-CUBE-FREERTOS.1.2.0
2024-07-17 17:14:07,475 [WARN] PackLoader:240 - Cannot read IP mode file for STMicroelectronics.X-CUBE-BLEMGR.1.2.0
2024-07-17 17:14:07,502 [WARN] PackLoader:240 - Cannot read IP mode file for STMicroelectronics.X-CUBE-AZRTOS-L5.2.0.0
2024-07-17 17:14:07,540 [WARN] PackLoader:240 - Cannot read IP mode file for STMicroelectronics.X-CUBE-MEMS1.9.6.0
2024-07-17 17:14:07,619 [WARN] PackLoader:240 - Cannot read IP mode file for STMicroelectronics.X-CUBE-EEPRMA1.4.2.0
2024-07-17 17:14:07,634 [WARN] PackLoader:240 - Cannot read IP mode file for STMicroelectronics.X-CUBE-NFC6.3.1.0
2024-07-17 17:14:07,646 [WARN] PackLoader:240 - Cannot read IP mode file for ITTIA_DB.I-CUBE-ITTIADB.8.8.0
2024-07-17 17:14:07,657 [WARN] PackLoader:240 - Cannot read IP mode file for STMicroelectronics.X-CUBE-BLEMGR.2.0.0
2024-07-17 17:14:07,669 [WARN] PackLoader:240 - Cannot read IP mode file for STMicroelectronics.X-CUBE-DPower.1.2.0
2024-07-17 17:14:07,679 [WARN] PackLoader:240 - Cannot read IP mode file for STMicroelectronics.X-CUBE-NFC4.2.0.4
2024-07-17 17:14:07,688 [WARN] PackLoader:240 - Cannot read IP mode file for STMicroelectronics.X-CUBE-AI.9.0.0
2024-07-17 17:14:07,704 [WARN] ConditionMgr:438 - getConditionDescription Invalid condition id : UX DEVICE CLASS RTOS Condition cause : null
2024-07-17 17:14:07,704 [WARN] ConditionMgr:438 - getConditionDescription Invalid condition id : UX DEVICE CLASS RTOS Condition cause : null
2024-07-17 17:14:07,706 [WARN] PackLoader:240 - Cannot read IP mode file for STMicroelectronics.X-CUBE-AZRTOS-H7.3.1.0
2024-07-17 17:14:07,707 [WARN] ConditionMgr:1039 - genDependencies : Invalid condition id : UX DEVICE CLASS RTOS Condition cause : null
2024-07-17 17:14:07,707 [WARN] ConditionMgr:1039 - genDependencies : Invalid condition id : UX DEVICE CLASS RTOS Condition cause : null
2024-07-17 17:14:07,707 [WARN] ConditionMgr:1039 - genDependencies : Invalid condition id : UX DEVICE CLASS RTOS Condition cause : null
2024-07-17 17:14:07,708 [WARN] ConditionMgr:1039 - genDependencies : Invalid condition id : UX DEVICE CLASS RTOS Condition cause : null
2024-07-17 17:14:07,708 [WARN] ConditionMgr:1039 - genDependencies : Invalid condition id : UX DEVICE CLASS RTOS Condition cause : null
2024-07-17 17:14:07,717 [WARN] PackLoader:240 - Cannot read IP mode file for wolfSSL.I-CUBE-wolfSSL.5.5.0
2024-07-17 17:14:07,726 [WARN] PackLoader:240 - Cannot read IP mode file for STMicroelectronics.X-CUBE-NFC7.1.0.1
2024-07-17 17:14:07,735 [WARN] PackLoader:240 - Cannot read IP mode file for STMicroelectronics.X-CUBE-NFC7.1.0.0
2024-07-17 17:14:07,744 [WARN] PackLoader:240 - Cannot read IP mode file for wolfSSL.I-CUBE-wolfTPM.3.2.0
2024-07-17 17:14:07,754 [WARN] PackLoader:240 - Cannot read IP mode file for STMicroelectronics.X-CUBE-NFC6.3.0.0
2024-07-17 17:14:07,763 [WARN] PackLoader:240 - Cannot read IP mode file for STMicroelectronics.X-CUBE-EEPRMA1.4.1.0
2024-07-17 17:14:07,772 [WARN] PackLoader:240 - Cannot read IP mode file for STMicroelectronics.X-CUBE-AI.8.1.0
2024-07-17 17:14:07,796 [WARN] ConditionMgr:438 - getConditionDescription Invalid condition id : LAN8742 Phy interface Condition cause : null
2024-07-17 17:14:07,797 [WARN] PackLoader:240 - Cannot read IP mode file for STMicroelectronics.X-CUBE-AZRTOS-L4.2.0.0
2024-07-17 17:14:07,798 [WARN] ConditionMgr:1039 - genDependencies : Invalid condition id : LAN8742 Phy interface Condition cause : null
2024-07-17 17:14:07,798 [WARN] ConditionMgr:1039 - genDependencies : Invalid condition id : LAN8742 Phy interface Condition cause : null
2024-07-17 17:14:07,798 [WARN] ConditionMgr:1039 - genDependencies : Invalid condition id : LAN8742 Phy interface Condition cause : null
2024-07-17 17:14:07,813 [WARN] PackLoader:240 - Cannot read IP mode file for STMicroelectronics.X-CUBE-SFXS2LP1.4.0.0
2024-07-17 17:14:07,847 [WARN] PackLoader:240 - Cannot read IP mode file for STMicroelectronics.X-CUBE-AZRTOS-H7.3.0.0
2024-07-17 17:14:07,859 [WARN] PackLoader:240 - Cannot read IP mode file for STMicroelectronics.X-CUBE-ISPU.1.1.0
2024-07-17 17:14:07,869 [WARN] PackLoader:240 - Cannot read IP mode file for RoweBots.I-CUBE-UNISONRTOS.5.5.0-4
2024-07-17 17:14:07,877 [WARN] PackLoader:240 - Cannot read IP mode file for STMicroelectronics.X-CUBE-AI.8.0.0
2024-07-17 17:14:07,892 [WARN] ConditionMgr:438 - getConditionDescription Invalid condition id : UX DEVICE CLASS RTOS Condition cause : null
2024-07-17 17:14:07,893 [WARN] ConditionMgr:438 - getConditionDescription Invalid condition id : UX DEVICE CLASS RTOS Condition cause : null
2024-07-17 17:14:07,894 [WARN] PackLoader:240 - Cannot read IP mode file for STMicroelectronics.X-CUBE-AZRTOS-WB.2.0.0
2024-07-17 17:14:07,894 [WARN] ConditionMgr:1039 - genDependencies : Invalid condition id : UX DEVICE CLASS RTOS Condition cause : null
2024-07-17 17:14:07,894 [WARN] ConditionMgr:1039 - genDependencies : Invalid condition id : UX DEVICE CLASS RTOS Condition cause : null
2024-07-17 17:14:07,894 [WARN] ConditionMgr:1039 - genDependencies : Invalid condition id : UX DEVICE CLASS RTOS Condition cause : null
2024-07-17 17:14:07,895 [WARN] ConditionMgr:1039 - genDependencies : Invalid condition id : UX DEVICE CLASS RTOS Condition cause : null
2024-07-17 17:14:07,895 [WARN] ConditionMgr:1039 - genDependencies : Invalid condition id : UX DEVICE CLASS RTOS Condition cause : null
2024-07-17 17:14:07,904 [WARN] PackLoader:240 - Cannot read IP mode file for STMicroelectronics.X-CUBE-FREERTOS.1.0.0
2024-07-17 17:14:07,913 [WARN] PackLoader:240 - Cannot read IP mode file for STMicroelectronics.X-CUBE-FREERTOS.1.0.1
2024-07-17 17:14:07,923 [WARN] PackLoader:240 - Cannot read IP mode file for STMicroelectronics.X-CUBE-BLEMGR.1.0.0
2024-07-17 17:14:07,943 [WARN] PackLoader:240 - Cannot read IP mode file for STMicroelectronics.X-CUBE-AZRTOS-L5.1.1.0
2024-07-17 17:14:07,957 [WARN] PackLoader:240 - Cannot read IP mode file for STMicroelectronics.X-CUBE-AI.8.0.1
2024-07-17 17:14:07,970 [WARN] PackLoader:240 - Cannot read IP mode file for STMicroelectronics.X-CUBE-SUBG2.5.0.0
2024-07-17 17:14:07,985 [WARN] PackLoader:240 - Cannot read IP mode file for STMicroelectronics.X-CUBE-TOF1.3.3.1
2024-07-17 17:14:08,006 [WARN] PackLoader:240 - Cannot read IP mode file for STMicroelectronics.X-CUBE-AZRTOS-G4.2.0.0
2024-07-17 17:14:08,021 [WARN] PackLoader:240 - Cannot read IP mode file for STMicroelectronics.X-CUBE-TOF1.3.3.0
2024-07-17 17:14:08,033 [WARN] PackLoader:240 - Cannot read IP mode file for STMicroelectronics.FP-ATR-ASTRA1.1.1.1
2024-07-17 17:14:08,049 [WARN] PackLoader:240 - Cannot read IP mode file for Infineon.AIROC-Wi-Fi-Bluetooth-STM32.1.5.1
2024-07-17 17:14:08,059 [WARN] PackLoader:240 - Cannot read IP mode file for STMicroelectronics.FP-SNS-MOTENVWB1.1.3.1
2024-07-17 17:14:08,076 [WARN] PackLoader:240 - Cannot read IP mode file for STMicroelectronics.X-CUBE-AZRTOS-G4.1.0.0
2024-07-17 17:14:08,095 [WARN] PackLoader:240 - Cannot read IP mode file for STMicroelectronics.X-CUBE-AZRTOS-L4.1.0.0
2024-07-17 17:14:08,105 [WARN] PackLoader:240 - Cannot read IP mode file for STMicroelectronics.X-CUBE-ISPU.2.0.0
2024-07-17 17:14:08,113 [WARN] PackLoader:240 - Cannot read IP mode file for STMicroelectronics.X-CUBE-ALS.1.0.2
2024-07-17 17:14:08,145 [WARN] PackLoader:240 - Cannot read IP mode file for STMicroelectronics.X-CUBE-MEMS1.10.0.0
2024-07-17 17:14:08,209 [WARN] PackLoader:240 - Cannot read IP mode file for STMicroelectronics.X-CUBE-FREERTOS.1.1.0
2024-07-17 17:14:08,218 [WARN] PackLoader:240 - Cannot read IP mode file for STMicroelectronics.X-CUBE-TOUCHGFX.4.24.0
2024-07-17 17:14:08,233 [WARN] PackLoader:240 - Cannot read IP mode file for STMicroelectronics.X-CUBE-AZRTOS-WL.1.0.0
2024-07-17 17:14:08,243 [WARN] PackLoader:240 - Cannot read IP mode file for portGmbH.I-Cube-SoM-uGOAL.1.1.0
2024-07-17 17:14:08,251 [WARN] PackLoader:240 - Cannot read IP mode file for STMicroelectronics.X-CUBE-ALS.1.0.1
2024-07-17 17:14:08,267 [WARN] PackLoader:240 - Cannot read IP mode file for STMicroelectronics.X-CUBE-AZRTOS-WB.1.1.0
2024-07-17 17:14:08,284 [WARN] PackLoader:240 - Cannot read IP mode file for STMicroelectronics.X-CUBE-AZRTOS-L5.1.0.0
2024-07-17 17:14:08,292 [WARN] PackLoader:240 - Cannot read IP mode file for STMicroelectronics.X-CUBE-EEPRMA1.3.1.1
2024-07-17 17:14:08,311 [WARN] PackLoader:240 - Cannot read IP mode file for STMicroelectronics.X-CUBE-AZRTOS-H7RS.1.0.0
2024-07-17 17:14:08,320 [WARN] PackLoader:240 - Cannot read IP mode file for STMicroelectronics.FP-ATR-ASTRA1.2.0.0
2024-07-17 17:14:08,332 [WARN] PackLoader:240 - Cannot read IP mode file for STMicroelectronics.X-CUBE-TOF1.3.4.0
2024-07-17 17:14:08,349 [WARN] PackLoader:240 - Cannot read IP mode file for STMicroelectronics.X-CUBE-TOF1.3.4.1
2024-07-17 17:14:08,370 [WARN] PackLoader:240 - Cannot read IP mode file for STMicroelectronics.X-CUBE-AZRTOS-H7.3.2.0
2024-07-17 17:14:08,382 [WARN] PackLoader:240 - Cannot read IP mode file for wolfSSL.I-CUBE-wolfSSH.1.4.17
2024-07-17 17:14:08,382 [INFO] ThirdParty:978 - Integrity check success = true
2024-07-17 17:14:08,382 [INFO] IntegrityCheckThread:100 - exiting critical section [integrity check]
2024-07-17 17:14:08,382 [INFO] IntegrityCheckThread:103 - End integrity checks thread
