2025-01-28 02:55:40,655 [INFO] Activator:176 - 


2025-01-28 02:55:40,659 [INFO] Activator:177 - !SESSION log4j initialized
2025-01-28 02:55:48,300 [INFO] LogOutputStream:77 - [STDOUT_REDIRECT] 
2025-01-28 02:55:53,595 [INFO] ApplicationProperties:184 - Using Application install path: C:\ST\STM32CubeIDE_1.10.1\STM32CubeIDE\plugins\com.st.stm32cube.common.mx_6.11.1.202404110753
2025-01-28 02:55:53,608 [INFO] DbMcusXml:78 - Set database path to: C:\ST\STM32CubeIDE_1.10.1\STM32CubeIDE\plugins\com.st.stm32cube.common.mx_6.11.1.202404110753\\db\/mcu/
2025-01-28 02:55:53,608 [INFO] ApiDb:274 - Set plugin database path to: C:\ST\STM32CubeIDE_1.10.1\STM32CubeIDE\plugins\com.st.stm32cube.common.mx_6.11.1.202404110753\\db\/plugins/boardmanager/
2025-01-28 02:55:53,608 [WARN] ApiDb:259 - Overriding images path with different value:  => C:\ST\STM32CubeIDE_1.10.1\STM32CubeIDE\plugins\com.st.stm32cube.common.mx_6.11.1.202404110753\\db\/plugins/mcufinder/images/
2025-01-28 02:55:53,614 [INFO] ApiDb:250 - Set database path to: C:\Users\saksh\.stmcufinder\plugins\mcufinder//mcu/
2025-01-28 02:55:53,615 [INFO] DbMcusAds:125 - Set database path to: C:\Users\saksh\.stmcufinder\plugins\mcufinder//mcu/
2025-01-28 02:55:53,616 [INFO] CrossReferenceDbSqlite:203 - Set database path to: C:\Users\saksh\.stmcufinder\plugins\mcufinder//mcu/cs/
2025-01-28 02:55:53,740 [INFO] RulesReader:64 - Compatibility file has been processed (297 Rules)
2025-01-28 02:55:53,859 [INFO] DbMcusXml:78 - Set database path to: C:\ST\STM32CubeIDE_1.10.1\STM32CubeIDE\plugins\com.st.stm32cube.common.mx_6.11.1.202404110753\\db\/mcu/
2025-01-28 02:55:53,859 [INFO] ApiDb:274 - Set plugin database path to: C:\ST\STM32CubeIDE_1.10.1\STM32CubeIDE\plugins\com.st.stm32cube.common.mx_6.11.1.202404110753\\db\/plugins/boardmanager/
2025-01-28 02:55:53,859 [INFO] ApiDb:261 - Set plugin images path to: C:\ST\STM32CubeIDE_1.10.1\STM32CubeIDE\plugins\com.st.stm32cube.common.mx_6.11.1.202404110753\\db\/plugins/mcufinder/images/
2025-01-28 02:55:53,859 [WARN] DbFile:41 - Overriding database path with different value: C:\Users\saksh\.stmcufinder\plugins\mcufinder/ => C:\Users\saksh\.stmcufinder\plugins\mcufinder
2025-01-28 02:55:53,859 [INFO] ApiDb:250 - Set database path to: C:\Users\saksh\.stmcufinder\plugins\mcufinder//mcu/
2025-01-28 02:55:53,859 [WARN] DbFile:41 - Overriding database path with different value: C:\Users\saksh\.stmcufinder\plugins\mcufinder/ => C:\Users\saksh\.stmcufinder\plugins\mcufinder
2025-01-28 02:55:53,859 [INFO] DbMcusAds:125 - Set database path to: C:\Users\saksh\.stmcufinder\plugins\mcufinder//mcu/
2025-01-28 02:55:53,859 [WARN] DbFile:41 - Overriding database path with different value: C:\Users\saksh\.stmcufinder\plugins\mcufinder/ => C:\Users\saksh\.stmcufinder\plugins\mcufinder
2025-01-28 02:55:53,859 [WARN] DbFile:41 - Overriding database path with different value: C:\Users\saksh\.stmcufinder\plugins\mcufinder/ => C:\Users\saksh\.stmcufinder\plugins\mcufinder
2025-01-28 02:55:53,859 [INFO] CrossReferenceDbSqlite:203 - Set database path to: C:\Users\saksh\.stmcufinder\plugins\mcufinder//mcu/cs/
2025-01-28 02:55:53,961 [INFO] MainPanel:264 - HeapMemory: 268435456
2025-01-28 02:55:54,042 [INFO] DbMcusXml:78 - Set database path to: C:\ST\STM32CubeIDE_1.10.1\STM32CubeIDE\plugins\com.st.stm32cube.common.mx_6.11.1.202404110753\\db\/mcu/
2025-01-28 02:55:54,042 [INFO] ApiDb:274 - Set plugin database path to: C:\ST\STM32CubeIDE_1.10.1\STM32CubeIDE\plugins\com.st.stm32cube.common.mx_6.11.1.202404110753\\db\/plugins/boardmanager/
2025-01-28 02:55:54,042 [INFO] ApiDb:261 - Set plugin images path to: C:\ST\STM32CubeIDE_1.10.1\STM32CubeIDE\plugins\com.st.stm32cube.common.mx_6.11.1.202404110753\\db\/plugins/mcufinder/images/
2025-01-28 02:55:54,043 [WARN] DbFile:41 - Overriding database path with different value: C:\Users\saksh\.stmcufinder\plugins\mcufinder/ => C:\Users\saksh\.stmcufinder\plugins\mcufinder
2025-01-28 02:55:54,043 [INFO] ApiDb:250 - Set database path to: C:\Users\saksh\.stmcufinder\plugins\mcufinder//mcu/
2025-01-28 02:55:54,043 [WARN] DbFile:41 - Overriding database path with different value: C:\Users\saksh\.stmcufinder\plugins\mcufinder/ => C:\Users\saksh\.stmcufinder\plugins\mcufinder
2025-01-28 02:55:54,043 [INFO] DbMcusAds:125 - Set database path to: C:\Users\saksh\.stmcufinder\plugins\mcufinder//mcu/
2025-01-28 02:55:54,043 [WARN] DbFile:41 - Overriding database path with different value: C:\Users\saksh\.stmcufinder\plugins\mcufinder/ => C:\Users\saksh\.stmcufinder\plugins\mcufinder
2025-01-28 02:55:54,043 [WARN] DbFile:41 - Overriding database path with different value: C:\Users\saksh\.stmcufinder\plugins\mcufinder/ => C:\Users\saksh\.stmcufinder\plugins\mcufinder
2025-01-28 02:55:54,043 [INFO] CrossReferenceDbSqlite:203 - Set database path to: C:\Users\saksh\.stmcufinder\plugins\mcufinder//mcu/cs/
2025-01-28 02:55:54,059 [INFO] ApplicationProperties:184 - Using Application install path: C:\ST\STM32CubeIDE_1.10.1\STM32CubeIDE\plugins\com.st.stm32cube.common.mx_6.11.1.202404110753
2025-01-28 02:55:54,061 [INFO] PluginManage:196 - Search for loadable plugins [exclusion list=, ]
2025-01-28 02:55:54,062 [INFO] PluginManage:310 - Check plugin analytics
2025-01-28 02:55:54,245 [INFO] AnalyticsPlugin:253 - Accepted Software Licenses: 
2025-01-28 02:55:54,245 [INFO] AnalyticsPlugin:255 - Accepted CMSIS Pack Licenses: 
2025-01-28 02:55:54,245 [INFO] AnalyticsPlugin:257 - Accepted Firmware Licenses: FW.H7.1.10.0,FW.G4.1.5.0
2025-01-28 02:55:54,250 [INFO] PluginManage:359 - Loaded plugin analytics (category:tool,tabindex:-1)
2025-01-28 02:55:54,251 [INFO] PluginManage:310 - Check plugin cadmodel
2025-01-28 02:55:54,279 [INFO] CADModel:105 - Init CAD model plugin
2025-01-28 02:55:54,279 [INFO] PluginManage:359 - Loaded plugin cadmodel (category:power,tabindex:5)
2025-01-28 02:55:54,279 [INFO] PluginManage:310 - Check plugin clock
2025-01-28 02:55:54,296 [INFO] PluginManage:359 - Loaded plugin clock (category:base,tabindex:2)
2025-01-28 02:55:54,296 [INFO] PluginManage:310 - Check plugin ddr
2025-01-28 02:55:54,297 [INFO] PluginManage:359 - Loaded plugin ddr (category:tool,tabindex:6)
2025-01-28 02:55:54,298 [INFO] PluginManage:310 - Check plugin filemanager
2025-01-28 02:55:54,401 [INFO] PluginManage:359 - Loaded plugin filemanager (category:base,tabindex:10)
2025-01-28 02:55:54,402 [INFO] PluginManage:310 - Check plugin ipmanager
2025-01-28 02:55:54,406 [INFO] PluginManage:359 - Loaded plugin ipmanager (category:base,tabindex:5)
2025-01-28 02:55:54,406 [INFO] PluginManage:310 - Check plugin lpbam
2025-01-28 02:55:54,421 [INFO] PluginManage:359 - Loaded plugin lpbam (category:base,tabindex:0)
2025-01-28 02:55:54,422 [INFO] PluginManage:310 - Check plugin memorymap
2025-01-28 02:55:54,441 [INFO] PluginManage:359 - Loaded plugin memorymap (category:base,tabindex:4)
2025-01-28 02:55:54,441 [INFO] PluginManage:310 - Check plugin pinoutandconfiguration
2025-01-28 02:55:54,456 [INFO] PluginManage:359 - Loaded plugin pinoutandconfiguration (category:base,tabindex:1)
2025-01-28 02:55:54,456 [INFO] PluginManage:310 - Check plugin pinoutconfig
2025-01-28 02:55:54,585 [WARN] SupportedApi:132 - Cannot load RTOS API schema: s4s-elt-must-match.1: The content of 'definitions' must match (annotation?, (simpleType | complexType)?, (unique | key | keyref)*)). A problem was found starting at: attribute.
2025-01-28 02:55:54,766 [INFO] PluginManage:359 - Loaded plugin pinoutconfig (category:base,tabindex:0)
2025-01-28 02:55:54,766 [INFO] PluginManage:310 - Check plugin power
2025-01-28 02:55:54,783 [INFO] PluginManage:359 - Loaded plugin power (category:power,tabindex:4)
2025-01-28 02:55:54,783 [INFO] PluginManage:310 - Check plugin projectmanager
2025-01-28 02:55:54,801 [INFO] PluginManage:359 - Loaded plugin projectmanager (category:projectmanager,tabindex:3)
2025-01-28 02:55:54,801 [INFO] PluginManage:310 - Check plugin thirdparty
2025-01-28 02:55:55,085 [INFO] PluginManage:359 - Loaded plugin thirdparty (category:base,tabindex:-1)
2025-01-28 02:55:55,085 [WARN] IntegrityCheckThread:84 - waiting for thirdparty lock release [integrity check]
2025-01-28 02:55:55,085 [INFO] PluginManage:310 - Check plugin tools
2025-01-28 02:55:55,085 [INFO] IntegrityCheckThread:86 - entering critical section [integrity check]
2025-01-28 02:55:55,085 [INFO] ThirdPartyUpdaterWithRetryManager:70 - Updater plugin not ready yet. [1/15]
2025-01-28 02:55:55,115 [INFO] PluginManage:359 - Loaded plugin tools (category:base,tabindex:7)
2025-01-28 02:55:55,115 [INFO] PluginManage:310 - Check plugin tutovideos
2025-01-28 02:55:55,277 [INFO] PluginManage:359 - Loaded plugin tutovideos (category:base,tabindex:-1)
2025-01-28 02:55:55,277 [INFO] PluginManage:310 - Check plugin updater
2025-01-28 02:55:55,290 [INFO] PluginManage:359 - Loaded plugin updater (category:base,tabindex:12)
2025-01-28 02:55:55,290 [INFO] PluginManage:310 - Check plugin userauth
2025-01-28 02:55:55,295 [INFO] UserAuth:114 - Init User Auth plugin
2025-01-28 02:55:55,295 [INFO] PluginManage:359 - Loaded plugin userauth (category:base,tabindex:14)
2025-01-28 02:55:55,295 [INFO] PluginManage:283 - PluginManage : Loaded plugins [17]
2025-01-28 02:55:55,475 [INFO] PinOutPanel:1561 - setPackage(No Configuration,No Configuration)
2025-01-28 02:55:55,529 [INFO] CADModel:165 - CPN selected for project level
2025-01-28 02:55:55,529 [INFO] CADModel:114 - Register for checkConnection events
2025-01-28 02:55:55,549 [INFO] IPUIPlugin:80 - create IPUIPlugin
2025-01-28 02:55:55,549 [INFO] PluginManager:220 - loadIPPluginJar : add adc
2025-01-28 02:55:55,578 [INFO] IPUIPlugin:80 - create IPUIPlugin
2025-01-28 02:55:55,578 [INFO] PluginManager:220 - loadIPPluginJar : add aes
2025-01-28 02:55:55,608 [INFO] IPUIPlugin:80 - create IPUIPlugin
2025-01-28 02:55:55,608 [INFO] PluginManager:220 - loadIPPluginJar : add can
2025-01-28 02:55:55,628 [INFO] IPUIPlugin:80 - create IPUIPlugin
2025-01-28 02:55:55,628 [INFO] PluginManager:220 - loadIPPluginJar : add comp
2025-01-28 02:55:55,657 [INFO] IPUIPlugin:80 - create IPUIPlugin
2025-01-28 02:55:55,657 [INFO] PluginManager:220 - loadIPPluginJar : add cryp
2025-01-28 02:55:55,681 [INFO] IPUIPlugin:80 - create IPUIPlugin
2025-01-28 02:55:55,681 [INFO] PluginManager:220 - loadIPPluginJar : add dfsdm
2025-01-28 02:55:55,694 [INFO] IPUIPlugin:80 - create IPUIPlugin
2025-01-28 02:55:55,694 [INFO] PluginManager:220 - loadIPPluginJar : add dma
2025-01-28 02:55:55,728 [INFO] IPUIPlugin:80 - create IPUIPlugin
2025-01-28 02:55:55,729 [INFO] PluginManager:220 - loadIPPluginJar : add dma3
2025-01-28 02:55:55,772 [INFO] IPUIPlugin:80 - create IPUIPlugin
2025-01-28 02:55:55,772 [INFO] PluginManager:220 - loadIPPluginJar : add extmemmanager
2025-01-28 02:55:55,789 [INFO] IPUIPlugin:80 - create IPUIPlugin
2025-01-28 02:55:55,789 [INFO] PluginManager:220 - loadIPPluginJar : add fatfs
2025-01-28 02:55:55,824 [INFO] IPUIPlugin:80 - create IPUIPlugin
2025-01-28 02:55:55,824 [INFO] PluginManager:220 - loadIPPluginJar : add fmc
2025-01-28 02:55:55,839 [INFO] IPUIPlugin:80 - create IPUIPlugin
2025-01-28 02:55:55,839 [INFO] PluginManager:220 - loadIPPluginJar : add freertos
2025-01-28 02:55:55,857 [INFO] IPUIPlugin:80 - create IPUIPlugin
2025-01-28 02:55:55,858 [INFO] PluginManager:220 - loadIPPluginJar : add genericplugin
2025-01-28 02:55:55,929 [INFO] IPUIPlugin:80 - create IPUIPlugin
2025-01-28 02:55:55,929 [INFO] PluginManager:220 - loadIPPluginJar : add gfxmmu
2025-01-28 02:55:56,023 [INFO] IPUIPlugin:80 - create IPUIPlugin
2025-01-28 02:55:56,023 [INFO] PluginManager:220 - loadIPPluginJar : add gic
2025-01-28 02:55:56,033 [INFO] IPUIPlugin:80 - create IPUIPlugin
2025-01-28 02:55:56,034 [INFO] PluginManager:220 - loadIPPluginJar : add gpio
2025-01-28 02:55:56,103 [INFO] IPUIPlugin:80 - create IPUIPlugin
2025-01-28 02:55:56,103 [INFO] PluginManager:220 - loadIPPluginJar : add gtzc
2025-01-28 02:55:56,129 [INFO] IPUIPlugin:80 - create IPUIPlugin
2025-01-28 02:55:56,129 [INFO] PluginManager:220 - loadIPPluginJar : add hash
2025-01-28 02:55:56,169 [INFO] IPUIPlugin:80 - create IPUIPlugin
2025-01-28 02:55:56,170 [INFO] PluginManager:220 - loadIPPluginJar : add i2c
2025-01-28 02:55:56,199 [INFO] IPUIPlugin:80 - create IPUIPlugin
2025-01-28 02:55:56,199 [INFO] PluginManager:220 - loadIPPluginJar : add i2s
2025-01-28 02:55:56,228 [INFO] IPUIPlugin:80 - create IPUIPlugin
2025-01-28 02:55:56,229 [INFO] PluginManager:220 - loadIPPluginJar : add i3c
2025-01-28 02:55:56,307 [INFO] IPUIPlugin:80 - create IPUIPlugin
2025-01-28 02:55:56,307 [INFO] PluginManager:220 - loadIPPluginJar : add ipddr
2025-01-28 02:55:56,374 [INFO] IPUIPlugin:80 - create IPUIPlugin
2025-01-28 02:55:56,375 [INFO] PluginManager:220 - loadIPPluginJar : add linkedlist
2025-01-28 02:55:56,403 [INFO] IPUIPlugin:80 - create IPUIPlugin
2025-01-28 02:55:56,403 [INFO] PluginManager:220 - loadIPPluginJar : add lorawan
2025-01-28 02:55:56,433 [INFO] IPUIPlugin:80 - create IPUIPlugin
2025-01-28 02:55:56,433 [INFO] PluginManager:220 - loadIPPluginJar : add ltdc
2025-01-28 02:55:56,446 [INFO] IPUIPlugin:80 - create IPUIPlugin
2025-01-28 02:55:56,446 [INFO] PluginManager:220 - loadIPPluginJar : add mdma
2025-01-28 02:55:56,457 [INFO] IPUIPlugin:80 - create IPUIPlugin
2025-01-28 02:55:56,457 [INFO] PluginManager:220 - loadIPPluginJar : add nvic
2025-01-28 02:55:56,487 [INFO] IPUIPlugin:80 - create IPUIPlugin
2025-01-28 02:55:56,487 [INFO] PluginManager:220 - loadIPPluginJar : add opamp
2025-01-28 02:55:56,536 [INFO] IPUIPlugin:80 - create IPUIPlugin
2025-01-28 02:55:56,537 [INFO] PluginManager:220 - loadIPPluginJar : add openamp
2025-01-28 02:55:56,574 [INFO] IPUIPlugin:80 - create IPUIPlugin
2025-01-28 02:55:56,574 [INFO] PluginManager:220 - loadIPPluginJar : add pdm2pcm
2025-01-28 02:55:56,587 [INFO] IPUIPlugin:80 - create IPUIPlugin
2025-01-28 02:55:56,588 [INFO] PluginManager:220 - loadIPPluginJar : add plateformsettings
2025-01-28 02:55:56,608 [INFO] IPUIPlugin:80 - create IPUIPlugin
2025-01-28 02:55:56,608 [INFO] PluginManager:220 - loadIPPluginJar : add quadspi
2025-01-28 02:55:56,619 [INFO] IPUIPlugin:80 - create IPUIPlugin
2025-01-28 02:55:56,619 [INFO] PluginManager:220 - loadIPPluginJar : add resmgrutility
2025-01-28 02:55:56,655 [INFO] IPUIPlugin:80 - create IPUIPlugin
2025-01-28 02:55:56,655 [INFO] PluginManager:220 - loadIPPluginJar : add sai
2025-01-28 02:55:56,684 [INFO] IPUIPlugin:80 - create IPUIPlugin
2025-01-28 02:55:56,684 [INFO] PluginManager:220 - loadIPPluginJar : add spi
2025-01-28 02:55:56,740 [INFO] IPUIPlugin:80 - create IPUIPlugin
2025-01-28 02:55:56,740 [INFO] PluginManager:220 - loadIPPluginJar : add stm32_wpan
2025-01-28 02:55:56,760 [INFO] IPUIPlugin:80 - create IPUIPlugin
2025-01-28 02:55:56,760 [INFO] PluginManager:220 - loadIPPluginJar : add tim
2025-01-28 02:55:56,806 [INFO] IPUIPlugin:80 - create IPUIPlugin
2025-01-28 02:55:56,806 [INFO] PluginManager:220 - loadIPPluginJar : add touchsensing
2025-01-28 02:55:56,823 [INFO] IPUIPlugin:80 - create IPUIPlugin
2025-01-28 02:55:56,823 [INFO] PluginManager:220 - loadIPPluginJar : add tracer_emb
2025-01-28 02:55:56,843 [INFO] IPUIPlugin:80 - create IPUIPlugin
2025-01-28 02:55:56,843 [INFO] PluginManager:220 - loadIPPluginJar : add ts
2025-01-28 02:55:56,862 [INFO] IPUIPlugin:80 - create IPUIPlugin
2025-01-28 02:55:56,862 [INFO] PluginManager:220 - loadIPPluginJar : add tsc
2025-01-28 02:55:56,880 [INFO] IPUIPlugin:80 - create IPUIPlugin
2025-01-28 02:55:56,880 [INFO] PluginManager:220 - loadIPPluginJar : add ucpd
2025-01-28 02:55:56,914 [INFO] IPUIPlugin:80 - create IPUIPlugin
2025-01-28 02:55:56,914 [INFO] PluginManager:220 - loadIPPluginJar : add usart
2025-01-28 02:55:56,947 [INFO] IPUIPlugin:80 - create IPUIPlugin
2025-01-28 02:55:56,947 [INFO] PluginManager:220 - loadIPPluginJar : add usbx
2025-01-28 02:55:57,067 [INFO] CADModel:165 - CPN selected for project level
2025-01-28 02:55:57,067 [INFO] CADModel:114 - Register for checkConnection events
2025-01-28 02:55:57,067 [FATAL] Updater:308 - Updater called before beeing initialized
2025-01-28 02:55:57,067 [ERROR] CADModel:125 - Updater not yet initialized, retry later 
2025-01-28 02:55:57,195 [INFO] CADModel:165 - CPN selected for project level
2025-01-28 02:55:57,195 [INFO] CADModel:114 - Register for checkConnection events
2025-01-28 02:55:57,195 [FATAL] Updater:308 - Updater called before beeing initialized
2025-01-28 02:55:57,195 [ERROR] CADModel:125 - Updater not yet initialized, retry later 
2025-01-28 02:55:57,197 [FATAL] Updater:308 - Updater called before beeing initialized
2025-01-28 02:55:57,301 [FATAL] Updater:308 - Updater called before beeing initialized
2025-01-28 02:55:57,309 [INFO] DbMcusAds:53 - JSON generation date=Fri Sep 20 18:34:38 IST 2024 (1726837478367)
2025-01-28 02:55:57,309 [FATAL] Updater:308 - Updater called before beeing initialized
2025-01-28 02:55:57,368 [WARN] DetailPanel:346 - Failed to get advertising image, set to default
2025-01-28 02:55:57,427 [FATAL] Updater:308 - Updater called before beeing initialized
2025-01-28 02:55:57,428 [FATAL] Updater:308 - Updater called before beeing initialized
2025-01-28 02:55:57,428 [FATAL] Updater:308 - Updater called before beeing initialized
2025-01-28 02:55:57,428 [WARN] DetailPanel:346 - Failed to get advertising image, set to default
2025-01-28 02:55:57,428 [FATAL] Updater:308 - Updater called before beeing initialized
2025-01-28 02:55:57,486 [ERROR] Updater:1120 - MainUpdater not yet initialized. External WinMGr cannot be set.
2025-01-28 02:55:57,494 [INFO] Updater:1056 - Updater Version found : 6.11.1
2025-01-28 02:55:57,508 [INFO] ApplicationProperties:184 - Using Application install path: C:\ST\STM32CubeIDE_1.10.1\STM32CubeIDE\plugins\com.st.stm32cube.common.mx_6.11.1.202404110753
2025-01-28 02:55:58,087 [INFO] ThirdPartyUpdaterWithRetryManager:70 - Updater plugin not ready yet. [2/15]
2025-01-28 02:55:59,079 [ERROR] LogOutputStream:75 - [STDERR_REDIRECT] Jan 28, 2025 2:55:59 AM java.util.prefs.WindowsPreferences <init>
2025-01-28 02:55:59,080 [ERROR] LogOutputStream:75 - [STDERR_REDIRECT] WARNING: Could not open/create prefs root node Software\JavaSoft\Prefs at root 0xffffffff80000002. Windows RegCreateKeyEx(...) returned error code 5.
2025-01-28 02:55:59,080 [ERROR] LogOutputStream:75 - [STDERR_REDIRECT] 
2025-01-28 02:56:00,083 [INFO] MainUpdater:2873 - connection check result : 10
2025-01-28 02:56:00,083 [INFO] MainUpdater:3567 - Updater definition file requires update
2025-01-28 02:56:00,084 [INFO] MainUpdater:290 - Updater Check For Update Now.
2025-01-28 02:56:00,084 [INFO] MicroXplorer:498 - Change Database Version : DB.6.0.111
2025-01-28 02:56:00,098 [INFO] McuFinderGlobals:63 - Set McuFinder mode to 2 (CubeIDE integrated)
2025-01-28 02:56:00,107 [INFO] UserAuth:415 - Internet connection configuration mode: 1
2025-01-28 02:56:00,129 [INFO] JxBrowserEngine:152 - Initiate JxBrowser Engine with user profile folder
2025-01-28 02:56:01,088 [WARN] MainUpdater:1194 - Updater busy. Cannot search thirdparties
2025-01-28 02:56:01,088 [INFO] ThirdPartyUpdaterWithRetryManager:96 - Updater plugin is busy. [1/15]
2025-01-28 02:56:01,108 [INFO] ServerAccessManage:473 - Download File updaters.zip
2025-01-28 02:56:01,171 [INFO] FileExtend:240 - Unzip File : updaters.zip
2025-01-28 02:56:01,171 [INFO] FileExtend:255 - Standard Zip Deflate
2025-01-28 02:56:02,342 [INFO] ServerAccessManage:473 - Download File PacksControlFlags.xml
2025-01-28 02:56:02,971 [INFO] ServerAccessManage:473 - Download File cubemx.pidx
2025-01-28 02:56:03,514 [INFO] ServerAccessManage:473 - Download File STMicroelectronics.X-CUBE-AI.pdsc
2025-01-28 02:56:04,092 [WARN] MainUpdater:1194 - Updater busy. Cannot search thirdparties
2025-01-28 02:56:04,092 [INFO] ThirdPartyUpdaterWithRetryManager:96 - Updater plugin is busy. [2/15]
2025-01-28 02:56:06,161 [INFO] WebApp:161 - Instantiating new browser for Auth
2025-01-28 02:56:06,667 [INFO] WebApp:779 - Register for checkConnection events
2025-01-28 02:56:06,667 [INFO] WebApp:414 - Apply proxy settings
2025-01-28 02:56:06,671 [INFO] WebApp:459 - Chromium authenticates against Manually configured proxy
2025-01-28 02:56:06,678 [INFO] WebApp:467 - Username used for proxy authentication: 
2025-01-28 02:56:06,833 [INFO] WebApp:192 - Starting web application
2025-01-28 02:56:06,833 [INFO] WebApp:544 - Web application path used C:\ST\STM32CubeIDE_1.10.1\STM32CubeIDE\plugins\com.st.stm32cube.common.mx_6.11.1.202404110753\db\plugins\mcufinder\reactClient1\index.html
2025-01-28 02:56:07,093 [WARN] MainUpdater:1194 - Updater busy. Cannot search thirdparties
2025-01-28 02:56:07,093 [INFO] ThirdPartyUpdaterWithRetryManager:96 - Updater plugin is busy. [3/15]
2025-01-28 02:56:10,094 [WARN] MainUpdater:1194 - Updater busy. Cannot search thirdparties
2025-01-28 02:56:10,094 [INFO] ThirdPartyUpdaterWithRetryManager:96 - Updater plugin is busy. [4/15]
2025-01-28 02:56:12,164 [INFO] ServerAccessManage:473 - Download File STMicroelectronics.X-CUBE-BLEMGR.pdsc
2025-01-28 02:56:13,094 [WARN] MainUpdater:1194 - Updater busy. Cannot search thirdparties
2025-01-28 02:56:13,094 [INFO] ThirdPartyUpdaterWithRetryManager:96 - Updater plugin is busy. [5/15]
2025-01-28 02:56:13,104 [ERROR] ServerAccessManage:1089 - Problem, file not found on Server
2025-01-28 02:56:16,097 [WARN] MainUpdater:1194 - Updater busy. Cannot search thirdparties
2025-01-28 02:56:16,097 [INFO] ThirdPartyUpdaterWithRetryManager:96 - Updater plugin is busy. [6/15]
2025-01-28 02:56:16,973 [INFO] ServerAccessManage:473 - Download File STMicroelectronics.X-CUBE-FREERTOS.pdsc
2025-01-28 02:56:19,097 [WARN] MainUpdater:1194 - Updater busy. Cannot search thirdparties
2025-01-28 02:56:19,097 [INFO] ThirdPartyUpdaterWithRetryManager:96 - Updater plugin is busy. [7/15]
2025-01-28 02:56:19,456 [INFO] ServerAccessManage:473 - Download File STMicroelectronics.X-CUBE-GNSS1.pdsc
2025-01-28 02:56:22,098 [WARN] MainUpdater:1194 - Updater busy. Cannot search thirdparties
2025-01-28 02:56:22,098 [INFO] ThirdPartyUpdaterWithRetryManager:96 - Updater plugin is busy. [8/15]
2025-01-28 02:56:24,585 [ERROR] ServerAccessManage:1089 - Problem, file not found on Server
2025-01-28 02:56:25,059 [ERROR] ServerAccessManage:1089 - Problem, file not found on Server
2025-01-28 02:56:25,099 [WARN] MainUpdater:1194 - Updater busy. Cannot search thirdparties
2025-01-28 02:56:25,099 [INFO] ThirdPartyUpdaterWithRetryManager:96 - Updater plugin is busy. [9/15]
2025-01-28 02:56:25,465 [ERROR] ServerAccessManage:1089 - Problem, file not found on Server
2025-01-28 02:56:25,880 [ERROR] ServerAccessManage:1089 - Problem, file not found on Server
2025-01-28 02:56:26,391 [ERROR] ServerAccessManage:1089 - Problem, file not found on Server
2025-01-28 02:56:26,902 [ERROR] ServerAccessManage:1089 - Problem, file not found on Server
2025-01-28 02:56:27,416 [INFO] ServerAccessManage:473 - Download File STMicroelectronics.X-CUBE-IPS.pdsc
2025-01-28 02:56:28,100 [WARN] MainUpdater:1194 - Updater busy. Cannot search thirdparties
2025-01-28 02:56:28,100 [INFO] ThirdPartyUpdaterWithRetryManager:96 - Updater plugin is busy. [10/15]
2025-01-28 02:56:29,669 [INFO] ServerAccessManage:473 - Download File STMicroelectronics.X-CUBE-MEMS1.pdsc
2025-01-28 02:56:31,101 [WARN] MainUpdater:1194 - Updater busy. Cannot search thirdparties
2025-01-28 02:56:31,101 [INFO] ThirdPartyUpdaterWithRetryManager:96 - Updater plugin is busy. [11/15]
2025-01-28 02:56:34,103 [WARN] MainUpdater:1194 - Updater busy. Cannot search thirdparties
2025-01-28 02:56:34,103 [INFO] ThirdPartyUpdaterWithRetryManager:96 - Updater plugin is busy. [12/15]
2025-01-28 02:56:37,105 [WARN] MainUpdater:1194 - Updater busy. Cannot search thirdparties
2025-01-28 02:56:37,106 [INFO] ThirdPartyUpdaterWithRetryManager:96 - Updater plugin is busy. [13/15]
2025-01-28 02:56:40,108 [WARN] MainUpdater:1194 - Updater busy. Cannot search thirdparties
2025-01-28 02:56:40,108 [INFO] ThirdPartyUpdaterWithRetryManager:96 - Updater plugin is busy. [14/15]
2025-01-28 02:56:41,343 [INFO] ServerAccessManage:473 - Download File STMicroelectronics.X-CUBE-TCPP.pdsc
2025-01-28 02:56:42,626 [INFO] ServerAccessManage:473 - Download File STMicroelectronics.X-CUBE-TOUCHGFX.pdsc
2025-01-28 02:56:43,109 [WARN] MainUpdater:1194 - Updater busy. Cannot search thirdparties
2025-01-28 02:56:43,109 [INFO] ThirdPartyUpdaterWithRetryManager:96 - Updater plugin is busy. [15/15]
2025-01-28 02:56:43,109 [ERROR] IntegrityCheckThread:130 - Cannot retrieve database content from updater: error -1
2025-01-28 02:56:43,109 [INFO] ThirdParty:978 - Integrity check success = false
2025-01-28 02:56:43,109 [INFO] IntegrityCheckThread:100 - exiting critical section [integrity check]
2025-01-28 02:56:43,109 [INFO] IntegrityCheckThread:103 - End integrity checks thread
2025-01-28 02:56:53,935 [WARN] PackLoader:240 - Cannot read IP mode file for STMicroelectronics.X-CUBE-AI.10.0.0
2025-01-28 02:56:53,964 [WARN] PackLoader:240 - Cannot read IP mode file for STMicroelectronics.X-CUBE-BLEMGR.4.0.0
2025-01-28 02:56:53,992 [WARN] PackLoader:240 - Cannot read IP mode file for STMicroelectronics.X-CUBE-FREERTOS.1.3.0
2025-01-28 02:56:54,014 [WARN] PackLoader:240 - Cannot read IP mode file for STMicroelectronics.X-CUBE-GNSS1.7.0.1
2025-01-28 02:56:54,025 [WARN] PopulateThirdPartyThread:106 - Error when creating pack: C:/Users/saksh/.stm32cubemx/thirdparties/pdsc/STMicroelectronics.X-CUBE-IPS.pdsc
2025-01-28 02:56:54,069 [WARN] PackLoader:240 - Cannot read IP mode file for STMicroelectronics.X-CUBE-MEMS1.11.1.0
2025-01-28 02:56:54,099 [INFO] CheckServerUpdateThread:120 - End of CheckServer Thread
2025-01-28 02:56:54,226 [WARN] PopulateThirdPartyThread:106 - Error when creating pack: C:/Users/saksh/.stm32cubemx/thirdparties/pdsc/STMicroelectronics.X-CUBE-TCPP.pdsc
2025-01-28 02:56:54,232 [WARN] PackLoader:240 - Cannot read IP mode file for STMicroelectronics.X-CUBE-TOUCHGFX.4.24.2
2025-01-28 02:56:54,232 [INFO] PopulateThirdPartyThread:66 - Ending populate Thread
2025-01-28 02:56:54,234 [INFO] ThirdParty:1030 - CMSIS Pack Vendor :STMicroelectronics X-CUBE-BLEMGR 4.0.0
2025-01-28 02:56:54,234 [INFO] ThirdParty:1030 - CMSIS Pack Vendor :STMicroelectronics X-CUBE-AI 10.0.0
2025-01-28 02:56:54,234 [INFO] ThirdParty:1030 - CMSIS Pack Vendor :STMicroelectronics X-CUBE-FREERTOS 1.3.0
2025-01-28 02:56:54,234 [INFO] ThirdParty:1030 - CMSIS Pack Vendor :STMicroelectronics X-CUBE-GNSS1 7.0.1
2025-01-28 02:56:54,234 [INFO] ThirdParty:1030 - CMSIS Pack Vendor :STMicroelectronics X-CUBE-MEMS1 11.1.0
2025-01-28 02:56:54,234 [INFO] ThirdParty:1030 - CMSIS Pack Vendor :STMicroelectronics X-CUBE-TOUCHGFX 4.24.2
2025-01-28 02:56:54,235 [INFO] LoadServerUpdatesThread:375 - End of LoadServerUpdate Thread
2025-01-28 13:26:04,227 [ERROR] LogOutputStream:75 - [STDERR_REDIRECT] 
