../Drivers/CMSIS/Include/core_cm3.h:1876:26:ITM_SendChar	16	static,ignoring_inline_asm
../Core/Src/main.c:76:5:_write	32	static
../Core/Src/main.c:90:5:main	8	static
../Core/Src/main.c:153:6:SystemClock_Config	88	static
../Core/Src/main.c:200:13:MX_ADC1_Init	24	static
../Core/Src/main.c:247:13:MX_TIM1_Init	96	static
../Core/Src/main.c:322:13:MX_TIM2_Init	64	static
../Core/Src/main.c:380:13:MX_USART1_UART_Init	8	static
../Core/Src/main.c:413:13:MX_GPIO_Init	16	static
../Core/Src/main.c:430:6:Error_Handler	4	static,ignoring_inline_asm
