18:38:10 **** Incremental Build of configuration Debug for project BLDC ****
make -j20 all 
arm-none-eabi-gcc "../Core/Src/main.c" -mcpu=cortex-m3 -std=gnu11 -g3 -DDEBUG -DUSE_HAL_DRIVER -DSTM32F103xB -c -I../Core/Inc -I../Drivers/STM32F1xx_HAL_Driver/Inc/Legacy -I../Drivers/STM32F1xx_HAL_Driver/Inc -I../Drivers/CMSIS/Device/ST/STM32F1xx/Include -I../Drivers/CMSIS/Include -O0 -ffunction-sections -fdata-sections -Wall -fstack-usage -MMD -MP -MF"Core/Src/main.d" -MT"Core/Src/main.o" --specs=nano.specs -mfloat-abi=soft -mthumb -o "Core/Src/main.o"
arm-none-eabi-gcc -o "BLDC.elf" @"objects.list"   -mcpu=cortex-m3 -T"C:\Users\saksh\STM32CubeIDE\Inverter_Workspace\BLDC\BLDC\STM32F103C8TX_FLASH.ld" --specs=nosys.specs -Wl,-Map="BLDC.map" -Wl,--gc-sections -static --specs=nano.specs -mfloat-abi=soft -mthumb -Wl,--start-group -lc -lm -Wl,--end-group
Finished building target: BLDC.elf
 
arm-none-eabi-size   BLDC.elf 
arm-none-eabi-objdump -h -S  BLDC.elf  > "BLDC.list"
   text	   data	    bss	    dec	    hex	filename
   5512	     20	   2644	   8176	   1ff0	BLDC.elf
Finished building: default.size.stdout
 
Finished building: BLDC.list
 

18:38:10 Build Finished. 0 errors, 0 warnings. (took 481ms)

