../Core/Src/main.c:100:5:indexOf	32	static
../Core/Src/main.c:108:5:lastIndexOf	24	static
../Core/Src/main.c:119:6:startsWith	16	static
../Core/Src/main.c:122:7:substring	32	static
../Core/Src/main.c:130:7:substring1	24	static
../Core/Src/main.c:140:9:extractDataInULL	48	static
../Core/Src/main.c:237:6:extractTemperatures	56	static
../Core/Src/main.c:256:6:extractCells	104	static
../Core/Src/main.c:278:6:parseDataIfValid	16	static
../Core/Src/main.c:290:6:HAL_UART_RxCpltCallback	24	static
../Core/Src/main.c:322:5:main	8	static
../Core/Src/main.c:367:6:SystemClock_Config	72	static
../Core/Src/main.c:407:13:MX_USART1_UART_Init	8	static
../Core/Src/main.c:440:13:MX_GPIO_Init	40	static
../Core/Src/main.c:473:6:Error_Handler	4	static,ignoring_inline_asm
