../Core/Src/main.c:100:5:indexOf	2
../Core/Src/main.c:108:5:lastIndexOf	3
../Core/Src/main.c:119:6:startsWith	1
../Core/Src/main.c:122:7:substring	2
../Core/Src/main.c:130:7:substring1	2
../Core/Src/main.c:140:9:extractDataInULL	11
../Core/Src/main.c:237:6:extractTemperatures	5
../Core/Src/main.c:256:6:extractCells	5
../Core/Src/main.c:278:6:parseDataIfValid	2
../Core/Src/main.c:290:6:HAL_UART_RxCpltCallback	4
../Core/Src/main.c:322:5:main	1
../Core/Src/main.c:367:6:SystemClock_Config	3
../Core/Src/main.c:407:13:MX_USART1_UART_Init	2
../Core/Src/main.c:440:13:MX_GPIO_Init	1
../Core/Src/main.c:473:6:Error_Handler	1
