04:58:35 **** Incremental Build of configuration Debug for project Inverter2024 ****
make -j20 all 
arm-none-eabi-gcc "../Core/Src/main.c" -mcpu=cortex-m3 -std=gnu11 -g3 -DDEBUG -DUSE_HAL_DRIVER -DSTM32F103xB -c -I../Core/Inc -I../Drivers/STM32F1xx_HAL_Driver/Inc/Legacy -I../Drivers/STM32F1xx_HAL_Driver/Inc -I../Drivers/CMSIS/Device/ST/STM32F1xx/Include -I../Drivers/CMSIS/Include -O0 -ffunction-sections -fdata-sections -Wall -fstack-usage -fcyclomatic-complexity -MMD -MP -MF"Core/Src/main.d" -MT"Core/Src/main.o" --specs=nano.specs -mfloat-abi=soft -mthumb -o "Core/Src/main.o"
arm-none-eabi-gcc -o "Inverter2024.elf" @"objects.list"   -mcpu=cortex-m3 -T"D:\Download\DeleteThis\Inverter2024\STM32F103CBTX_FLASH.ld" --specs=nosys.specs -Wl,-Map="Inverter2024.map" -Wl,--gc-sections -static --specs=nano.specs -mfloat-abi=soft -mthumb -Wl,--start-group -lc -lm -Wl,--end-group
Finished building target: Inverter2024.elf
 
arm-none-eabi-size  Inverter2024.elf 
arm-none-eabi-objdump -h -S Inverter2024.elf  > "Inverter2024.list"
   text	   data	    bss	    dec	    hex	filename
  11596	     12	   1692	  13300	   33f4	Inverter2024.elf
Finished building: default.size.stdout
 
Finished building: Inverter2024.list
 

04:58:39 Build Finished. 0 errors, 0 warnings. (took 3s.414ms)

