22:01:55 **** Incremental Build of configuration Debug for project PID_Controller_1 ****
make -j20 all 
arm-none-eabi-gcc "../Core/Src/embeddedcoder.c" -mcpu=cortex-m7 -std=gnu11 -g3 -DDEBUG -DUSE_HAL_DRIVER -DSTM32H7A3xxQ -c -I../Core/Inc -I../Drivers/STM32H7xx_HAL_Driver/Inc -I../Drivers/STM32H7xx_HAL_Driver/Inc/Legacy -I../Drivers/CMSIS/Device/ST/STM32H7xx/Include -I../Drivers/CMSIS/Include -O0 -ffunction-sections -fdata-sections -Wall -fstack-usage -fcyclomatic-complexity -MMD -MP -MF"Core/Src/embeddedcoder.d" -MT"Core/Src/embeddedcoder.o" --specs=nano.specs -mfpu=fpv5-d16 -mfloat-abi=hard -mthumb -o "Core/Src/embeddedcoder.o"
arm-none-eabi-gcc -o "PID_Controller_1.elf" @"objects.list"   -mcpu=cortex-m7 -T"D:\Download\DeleteThis\PID_Controller_1\STM32H7A3ZITXQ_FLASH.ld" --specs=nosys.specs -Wl,-Map="PID_Controller_1.map" -Wl,--gc-sections -static -u _printf_float --specs=nano.specs -mfpu=fpv5-d16 -mfloat-abi=hard -mthumb -Wl,--start-group -lc -lm -Wl,--end-group
C:/ST/STM32CubeIDE_1.10.1/STM32CubeIDE/plugins/com.st.stm32cube.ide.mcu.externaltools.gnu-tools-for-stm32.12.3.rel1.win32_1.0.100.202403111256/tools/bin/../lib/gcc/arm-none-eabi/12.3.1/../../../../arm-none-eabi/bin/ld.exe: warning: PID_Controller_1.elf has a LOAD segment with RWX permissions
Finished building target: PID_Controller_1.elf
 
arm-none-eabi-size  PID_Controller_1.elf 
arm-none-eabi-objdump -h -S PID_Controller_1.elf  > "PID_Controller_1.list"
arm-none-eabi-objcopy  -O ihex PID_Controller_1.elf  "PID_Controller_1.hex"
   text	   data	    bss	    dec	    hex	filename
  62980	    488	   3392	  66860	  1052c	PID_Controller_1.elf
Finished building: default.size.stdout
 
Finished building: PID_Controller_1.hex
 
Finished building: PID_Controller_1.list
 

22:01:55 Build Finished. 0 errors, 1 warnings. (took 588ms)

