17:07:37 **** Incremental Build of configuration Debug for project PID_Controller ****
make -j20 all 
arm-none-eabi-gcc "../Core/Src/main.c" -mcpu=cortex-m7 -std=gnu11 -g3 -DDEBUG -DUSE_HAL_DRIVER -DSTM32H7A3xxQ -c -I../Core/Inc -I../Drivers/STM32H7xx_HAL_Driver/Inc -I../Drivers/STM32H7xx_HAL_Driver/Inc/Legacy -I../Drivers/CMSIS/Device/ST/STM32H7xx/Include -I../Drivers/CMSIS/Include -O0 -ffunction-sections -fdata-sections -Wall -fstack-usage -fcyclomatic-complexity -MMD -MP -MF"Core/Src/main.d" -MT"Core/Src/main.o" --specs=nano.specs -mfpu=fpv5-d16 -mfloat-abi=hard -mthumb -o "Core/Src/main.o"
../Core/Src/main.c: In function 'actuator':
../Core/Src/main.c:111:42: warning: pointer targets in passing argument 2 of 'HAL_UART_Transmit_IT' differ in signedness [-Wpointer-sign]
  111 |         if (HAL_UART_Transmit_IT(&huart4,con_sig, 10) != HAL_OK){
      |                                          ^~~~~~~
      |                                          |
      |                                          char *
In file included from ../Core/Inc/stm32h7xx_hal_conf.h:463,
                 from ../Drivers/STM32H7xx_HAL_Driver/Inc/stm32h7xx_hal.h:29,
                 from ../Core/Inc/main.h:30,
                 from ../Core/Src/main.c:20:
../Drivers/STM32H7xx_HAL_Driver/Inc/stm32h7xx_hal_uart.h:1639:82: note: expected 'const uint8_t *' {aka 'const unsigned char *'} but argument is of type 'char *'
 1639 | HAL_StatusTypeDef HAL_UART_Transmit_IT(UART_HandleTypeDef *huart, const uint8_t *pData, uint16_t Size);
      |                                                                   ~~~~~~~~~~~~~~~^~~~~
arm-none-eabi-gcc -o "PID_Controller.elf" @"objects.list"   -mcpu=cortex-m7 -T"D:\Download\PID_Controller (2)\PID_Controller\STM32H7A3ZITXQ_FLASH.ld" --specs=nosys.specs -Wl,-Map="PID_Controller.map" -Wl,--gc-sections -static -u _printf_float --specs=nano.specs -mfpu=fpv5-d16 -mfloat-abi=hard -mthumb -Wl,--start-group -lc -lm -Wl,--end-group
C:/ST/STM32CubeIDE_1.10.1/STM32CubeIDE/plugins/com.st.stm32cube.ide.mcu.externaltools.gnu-tools-for-stm32.12.3.rel1.win32_1.0.100.202403111256/tools/bin/../lib/gcc/arm-none-eabi/12.3.1/../../../../arm-none-eabi/bin/ld.exe: warning: PID_Controller.elf has a LOAD segment with RWX permissions
Finished building target: PID_Controller.elf
 
arm-none-eabi-size  PID_Controller.elf 
arm-none-eabi-objdump -h -S PID_Controller.elf  > "PID_Controller.list"
arm-none-eabi-objcopy  -O ihex PID_Controller.elf  "PID_Controller.hex"
   text	   data	    bss	    dec	    hex	filename
  62884	    488	   3368	  66740	  104b4	PID_Controller.elf
Finished building: default.size.stdout
 
Finished building: PID_Controller.hex
 
Finished building: PID_Controller.list
 

17:07:38 Build Finished. 0 errors, 2 warnings. (took 842ms)

