23:43:46 **** Incremental Build of configuration Debug for project STMG4Master ****
make -j20 all 
arm-none-eabi-gcc "../Core/Src/main.c" -mcpu=cortex-m4 -std=gnu11 -g3 -DDEBUG -DUSE_HAL_DRIVER -DSTM32G474xx -c -I../Core/Inc -I../Drivers/STM32G4xx_HAL_Driver/Inc -I../Drivers/STM32G4xx_HAL_Driver/Inc/Legacy -I../Drivers/CMSIS/Device/ST/STM32G4xx/Include -I../Drivers/CMSIS/Include -O0 -ffunction-sections -fdata-sections -Wall -fstack-usage -fcyclomatic-complexity -MMD -MP -MF"Core/Src/main.d" -MT"Core/Src/main.o" --specs=nano.specs -mfpu=fpv4-sp-d16 -mfloat-abi=hard -mthumb -o "Core/Src/main.o"
../Core/Src/main.c: In function 'extractTemperatures':
../Core/Src/main.c:234:17: warning: implicit declaration of function 'sprintf' [-Wimplicit-function-declaration]
  234 |                 sprintf(d, "%d\n", temp[i]);
      |                 ^~~~~~~
../Core/Src/main.c:29:1: note: include '<stdio.h>' or provide a declaration of 'sprintf'
   28 | #include<math.h>
  +++ |+#include <stdio.h>
   29 | 
../Core/Src/main.c:234:17: warning: incompatible implicit declaration of built-in function 'sprintf' [-Wbuiltin-declaration-mismatch]
  234 |                 sprintf(d, "%d\n", temp[i]);
      |                 ^~~~~~~
../Core/Src/main.c:234:17: note: include '<stdio.h>' or provide a declaration of 'sprintf'
../Core/Src/main.c:234:30: warning: format '%d' expects argument of type 'int', but argument 3 has type 'double' [-Wformat=]
  234 |                 sprintf(d, "%d\n", temp[i]);
      |                             ~^     ~~~~~~~
      |                              |         |
      |                              int       double
      |                             %f
../Core/Src/main.c: In function 'extractCells':
../Core/Src/main.c:255:17: warning: incompatible implicit declaration of built-in function 'sprintf' [-Wbuiltin-declaration-mismatch]
  255 |                 sprintf(d, "%s%d\t%s%d\n", cellString, cells[i], balanceString,
      |                 ^~~~~~~
../Core/Src/main.c:255:17: note: include '<stdio.h>' or provide a declaration of 'sprintf'
../Core/Src/main.c: In function 'HAL_UART_RxCpltCallback':
../Core/Src/main.c:311:38: warning: pointer targets in passing argument 2 of 'HAL_UART_Receive_IT' differ in signedness [-Wpointer-sign]
  311 |         HAL_UART_Receive_IT(&huart1, dataRx, 1);
      |                                      ^~~~~~
      |                                      |
      |                                      char *
In file included from ../Core/Inc/stm32g4xx_hal_conf.h:348,
                 from ../Drivers/STM32G4xx_HAL_Driver/Inc/stm32g4xx_hal.h:29,
                 from ../Core/Inc/main.h:30,
                 from ../Core/Src/main.c:20:
../Drivers/STM32G4xx_HAL_Driver/Inc/stm32g4xx_hal_uart.h:1637:75: note: expected 'uint8_t *' {aka 'unsigned char *'} but argument is of type 'char *'
 1637 | HAL_StatusTypeDef HAL_UART_Receive_IT(UART_HandleTypeDef *huart, uint8_t *pData, uint16_t Size);
      |                                                                  ~~~~~~~~~^~~~~
arm-none-eabi-gcc -o "STMG4Master.elf" @"objects.list"   -mcpu=cortex-m4 -T"D:\Download\DeleteThis\STMG4Master\STM32G474RETX_FLASH.ld" --specs=nosys.specs -Wl,-Map="STMG4Master.map" -Wl,--gc-sections -static --specs=nano.specs -mfpu=fpv4-sp-d16 -mfloat-abi=hard -mthumb -Wl,--start-group -lc -lm -Wl,--end-group
Finished building target: STMG4Master.elf
 
arm-none-eabi-size  STMG4Master.elf 
arm-none-eabi-objdump -h -S STMG4Master.elf  > "STMG4Master.list"
   text	   data	    bss	    dec	    hex	filename
  24476	     16	   2056	  26548	   67b4	STMG4Master.elf
Finished building: default.size.stdout
 
Finished building: STMG4Master.list
 

23:43:46 Build Finished. 0 errors, 5 warnings. (took 661ms)

